2026/09/01 15:00:07,11785748,01,MON?
2026/09/01 15:00:07,11785792,38.8,,CONSTANT,0
2026/09/01 15:00:17,11795887,01,MON?
2026/09/01 15:00:17,11795889,38.9,,CONSTANT,0
2026/09/01 15:00:28,11806028,01,MON?
2026/09/01 15:00:28,11806030,38.4,,CONSTANT,0
2026/09/01 15:00:32,11810084,01,TEMP,S39.2
2026/09/01 15:00:32,11810090,OK:01,TEMP,S39.2
2026/09/01 15:00:38,11816167,01,MON?
2026/09/01 15:00:38,11816173,39.9,,CONSTANT,0
2026/09/01 15:00:48,11826308,01,MON?
2026/09/01 15:00:48,11826314,39.5,,CONSTANT,0
2026/09/01 15:00:58,11836447,01,MON?
2026/09/01 15:00:58,11836448,38.2,,CONSTANT,0
2026/09/01 15:01:06,11844561,01,TEMP,S39.3
2026/09/01 15:01:06,11844567,OK:01,TEMP,S39.3
2026/09/01 15:01:08,11846588,01,MON?
2026/09/01 15:01:08,11846590,39.4,,CONSTANT,0
2026/09/01 15:01:18,11856728,01,MON?
2026/09/01 15:01:18,11856730,39.4,,CONSTANT,0
2026/09/01 15:01:28,11866868,01,MON?
2026/09/01 15:01:28,11866869,40.3,,CONSTANT,0
2026/09/01 15:01:39,11877009,01,MON?
2026/09/01 15:01:39,11877009,39.4,,CONSTANT,0
2026/09/01 15:01:40,11878022,01,TEMP,S39.4
2026/09/01 15:01:40,11878023,OK:01,TEMP,S39.4
2026/09/01 15:01:49,11887149,01,MON?
2026/09/01 15:01:49,11887155,39.9,,CONSTANT,0
2026/09/01 15:01:59,11897288,01,MON?
2026/09/01 15:01:59,11897290,39.8,,CONSTANT,0
2026/09/01 15:02:09,11907429,01,MON?
2026/09/01 15:02:09,11907431,40.2,,CONSTANT,0
2026/09/01 15:02:14,11912499,01,TEMP,S39.5
2026/09/01 15:02:14,11912500,OK:01,TEMP,S39.5
2026/09/01 15:02:19,11917568,01,MON?
2026/09/01 15:02:19,11917570,39.8,,CONSTANT,0
2026/09/01 15:02:29,11927709,01,MON?
2026/09/01 15:02:29,11927711,39.2,,CONSTANT,0
2026/09/01 15:02:39,11937848,01,MON?
2026/09/01 15:02:39,11937850,40.3,,CONSTANT,0
2026/09/01 15:02:48,11946975,01,TEMP,S39.6
2026/09/01 15:02:48,11946977,OK:01,TEMP,S39.6
2026/09/01 15:02:49,11947990,01,MON?
2026/09/01 15:02:49,11947992,39.2,,CONSTANT,0
2026/09/01 15:03:00,11958128,01,MON?
2026/09/01 15:03:00,11958130,39.3,,CONSTANT,0
2026/09/01 15:03:10,11968269,01,MON?
2026/09/01 15:03:10,11968276,40.1,,CONSTANT,0
2026/09/01 15:03:20,11978409,01,MON?
2026/09/01 15:03:20,11978416,38.8,,CONSTANT,0
2026/09/01 15:03:22,11980437,01,TEMP,S39.7
2026/09/01 15:03:22,11980440,OK:01,TEMP,S39.7
2026/09/01 15:03:30,11988548,01,MON?
2026/09/01 15:03:30,11988555,40.4,,CONSTANT,0
2026/09/01 15:03:40,11998689,01,MON?
2026/09/01 15:03:40,11998691,40.4,,CONSTANT,0
2026/09/01 15:03:50,12008828,01,MON?
2026/09/01 15:03:50,12008830,39.8,,CONSTANT,0
2026/09/01 15:03:56,12014914,01,TEMP,S39.8
2026/09/01 15:03:56,12014916,OK:01,TEMP,S39.8
2026/09/01 15:04:00,12018969,01,MON?
2026/09/01 15:04:00,12018970,39.2,,CONSTANT,0
2026/09/01 15:04:11,12029109,01,MON?
2026/09/01 15:04:11,12029111,39.9,,CONSTANT,0
2026/09/01 15:04:21,12039249,01,MON?
2026/09/01 15:04:21,12039251,39.1,,CONSTANT,0
2026/09/01 15:04:30,12048375,01,TEMP,S39.9
2026/09/01 15:04:30,12048377,OK:01,TEMP,S39.9
2026/09/01 15:04:31,12049389,01,MON?
2026/09/01 15:04:31,12049391,39.6,,CONSTANT,0
2026/09/01 15:04:41,12059529,01,MON?
2026/09/01 15:04:41,12059531,40.2,,CONSTANT,0
2026/09/01 15:04:51,12069670,01,MON?
2026/09/01 15:04:51,12069672,39.0,,CONSTANT,0
2026/09/01 15:05:01,12079809,01,MON?
2026/09/01 15:05:01,12079811,40.9,,CONSTANT,0
2026/09/01 15:05:04,12082852,01,TEMP,S40.0
2026/09/01 15:05:04,12082854,OK:01,TEMP,S40.0
2026/09/01 15:05:11,12089949,01,MON?
2026/09/01 15:05:11,12089951,41.0,,CONSTANT,0
2026/09/01 15:05:22,12100090,01,MON?
2026/09/01 15:05:22,12100091,39.1,,CONSTANT,0
2026/09/01 15:05:32,12110229,01,MON?
2026/09/01 15:05:32,12110233,40.7,,CONSTANT,0
2026/09/01 15:05:38,12116313,01,TEMP,S40.1
2026/09/01 15:05:38,12116320,OK:01,TEMP,S40.1
2026/09/01 15:05:42,12120370,01,MON?
2026/09/01 15:05:42,12120372,39.8,,CONSTANT,0
2026/09/01 15:05:52,12130509,01,MON?
2026/09/01 15:05:52,12130517,40.9,,CONSTANT,0
2026/09/01 15:06:02,12140651,01,MON?
2026/09/01 15:06:02,12140653,41.1,,CONSTANT,0
2026/09/01 15:06:12,12150790,01,MON?
2026/09/01 15:06:12,12150792,40.5,,CONSTANT,0
2026/09/01 15:06:12,12150794,01,TEMP,S40.2
2026/09/01 15:06:12,12150795,OK:01,TEMP,S40.2
2026/09/01 15:06:22,12160930,01,MON?
2026/09/01 15:06:22,12160932,39.7,,CONSTANT,0
2026/09/01 15:06:33,12171070,01,MON?
2026/09/01 15:06:33,12171072,40.5,,CONSTANT,0
2026/09/01 15:06:43,12181210,01,MON?
2026/09/01 15:06:43,12181212,40.6,,CONSTANT,0
2026/09/01 15:06:46,12184252,01,TEMP,S40.3
2026/09/01 15:06:46,12184254,OK:01,TEMP,S40.3
2026/09/01 15:06:53,12191350,01,MON?
2026/09/01 15:06:53,12191358,40.5,,CONSTANT,0
2026/09/01 15:07:03,12201491,01,MON?
2026/09/01 15:07:03,12201493,40.4,,CONSTANT,0
2026/09/01 15:07:13,12211631,01,MON?
2026/09/01 15:07:13,12211633,41.0,,CONSTANT,0
2026/09/01 15:07:20,12218728,01,TEMP,S40.4
2026/09/01 15:07:20,12218730,OK:01,TEMP,S40.4
2026/09/01 15:07:23,12221770,01,MON?
2026/09/01 15:07:23,12221772,40.7,,CONSTANT,0
2026/09/01 15:07:33,12231910,01,MON?
2026/09/01 15:07:33,12231912,41.0,,CONSTANT,0
2026/09/01 15:07:44,12242051,01,MON?
2026/09/01 15:07:44,12242053,41.2,,CONSTANT,0
2026/09/01 15:07:54,12252190,01,MON?
2026/09/01 15:07:54,12252197,39.8,,CONSTANT,0
2026/09/01 15:07:54,12252199,01,TEMP,S40.5
2026/09/01 15:07:54,12252201,OK:01,TEMP,S40.5
2026/09/01 15:08:04,12262331,01,MON?
2026/09/01 15:08:04,12262333,40.9,,CONSTANT,0
2026/09/01 15:08:14,12272470,01,MON?
2026/09/01 15:08:14,12272471,39.7,,CONSTANT,0
2026/09/01 15:08:24,12282611,01,MON?
2026/09/01 15:08:24,12282618,40.8,,CONSTANT,0
2026/09/01 15:08:28,12286666,01,TEMP,S40.6
2026/09/01 15:08:28,12286667,OK:01,TEMP,S40.6
2026/09/01 15:08:34,12292751,01,MON?
2026/09/01 15:08:34,12292753,40.8,,CONSTANT,0
2026/09/01 15:08:44,12302891,01,MON?
2026/09/01 15:08:44,12302893,40.3,,CONSTANT,0
2026/09/01 15:08:55,12313031,01,MON?
2026/09/01 15:08:55,12313033,40.2,,CONSTANT,0
2026/09/01 15:09:03,12321143,01,TEMP,S40.7
2026/09/01 15:09:03,12321145,OK:01,TEMP,S40.7
2026/09/01 15:09:05,12323170,01,MON?
2026/09/01 15:09:05,12323172,39.9,,CONSTANT,0
2026/09/01 15:09:15,12333312,01,MON?
2026/09/01 15:09:15,12333314,39.9,,CONSTANT,0
2026/09/01 15:09:25,12343450,01,MON?
2026/09/01 15:09:25,12343452,41.6,,CONSTANT,0
2026/09/01 15:09:35,12353592,01,MON?
2026/09/01 15:09:35,12353594,41.0,,CONSTANT,0
2026/09/01 15:09:36,12354606,01,TEMP,S40.8
2026/09/01 15:09:36,12354609,OK:01,TEMP,S40.8
2026/09/01 15:09:45,12363731,01,MON?
2026/09/01 15:09:45,12363738,39.9,,CONSTANT,0
2026/09/01 15:09:55,12373871,01,MON?
2026/09/01 15:09:55,12373873,41.0,,CONSTANT,0
2026/09/01 15:10:06,12384012,01,MON?
2026/09/01 15:10:06,12384014,40.7,,CONSTANT,0
2026/09/01 15:10:11,12389081,01,TEMP,S40.9
2026/09/01 15:10:11,12389086,OK:01,TEMP,S40.9
2026/09/01 15:10:16,12394151,01,MON?
2026/09/01 15:10:16,12394153,40.0,,CONSTANT,0
2026/09/01 15:10:26,12404293,01,MON?
2026/09/01 15:10:26,12404300,41.0,,CONSTANT,0
2026/09/01 15:10:36,12414431,01,MON?
2026/09/01 15:10:36,12414433,40.0,,CONSTANT,0
2026/09/01 15:10:44,12422543,01,TEMP,S41.0
2026/09/01 15:10:44,12422545,OK:01,TEMP,S41.0
2026/09/01 15:10:46,12424571,01,MON?
2026/09/01 15:10:46,12424573,41.2,,CONSTANT,0
2026/09/01 15:10:56,12434712,01,MON?
2026/09/01 15:10:56,12434714,41.1,,CONSTANT,0
2026/09/01 15:11:06,12444851,01,MON?
2026/09/01 15:11:06,12444853,41.9,,CONSTANT,0
2026/09/01 15:11:16,12454993,01,MON?
2026/09/01 15:11:16,12454995,40.6,,CONSTANT,0
2026/09/01 15:11:19,12457020,01,TEMP,S41.1
2026/09/01 15:11:19,12457022,OK:01,TEMP,S41.1
2026/09/01 15:11:27,12465132,01,MON?
2026/09/01 15:11:27,12465136,40.8,,CONSTANT,0
2026/09/01 15:11:37,12475273,01,MON?
2026/09/01 15:11:37,12475275,40.4,,CONSTANT,0
2026/09/01 15:11:47,12485412,01,MON?
2026/09/01 15:11:47,12485414,42.0,,CONSTANT,0
2026/09/01 15:11:52,12490482,01,TEMP,S41.2
2026/09/01 15:11:52,12490483,OK:01,TEMP,S41.2
2026/09/01 15:11:57,12495553,01,MON?
2026/09/01 15:11:57,12495555,40.5,,CONSTANT,0
2026/09/01 15:12:07,12505693,01,MON?
2026/09/01 15:12:07,12505695,42.0,,CONSTANT,0
2026/09/01 15:12:17,12515832,01,MON?
2026/09/01 15:12:17,12515834,41.4,,CONSTANT,0
2026/09/01 15:12:26,12524959,01,TEMP,S41.3
2026/09/01 15:12:26,12524961,OK:01,TEMP,S41.3
2026/09/01 15:12:27,12525977,01,MON?
2026/09/01 15:12:27,12525979,42.1,,CONSTANT,0
2026/09/01 15:12:38,12536113,01,MON?
2026/09/01 15:12:38,12536115,41.1,,CONSTANT,0
2026/09/01 15:12:48,12546252,01,MON?
2026/09/01 15:12:48,12546259,41.7,,CONSTANT,0
2026/09/01 15:12:58,12556393,01,MON?
2026/09/01 15:12:58,12556397,41.2,,CONSTANT,0
2026/09/01 15:13:00,12558421,01,TEMP,S41.4
2026/09/01 15:13:00,12558423,OK:01,TEMP,S41.4
2026/09/01 15:13:08,12566532,01,MON?
2026/09/01 15:13:08,12566541,40.7,,CONSTANT,0
2026/09/01 15:13:18,12576673,01,MON?
2026/09/01 15:13:18,12576675,41.5,,CONSTANT,0
2026/09/01 15:13:28,12586812,01,MON?
2026/09/01 15:13:28,12586814,40.6,,CONSTANT,0
2026/09/01 15:13:34,12592897,01,TEMP,S41.5
2026/09/01 15:13:34,12592899,OK:01,TEMP,S41.5
2026/09/01 15:13:38,12596953,01,MON?
2026/09/01 15:13:38,12596955,41.4,,CONSTANT,0
2026/09/01 15:13:49,12607092,01,MON?
2026/09/01 15:13:49,12607094,40.5,,CONSTANT,0
2026/09/01 15:13:59,12617233,01,MON?
2026/09/01 15:13:59,12617235,41.3,,CONSTANT,0
2026/09/01 15:14:08,12626359,01,TEMP,S41.6
2026/09/01 15:14:08,12626361,OK:01,TEMP,S41.6
2026/09/01 15:14:09,12627374,01,MON?
2026/09/01 15:14:09,12627375,40.7,,CONSTANT,0
2026/09/01 15:14:19,12637514,01,MON?
2026/09/01 15:14:19,12637516,42.2,,CONSTANT,0
2026/09/01 15:14:29,12647653,01,MON?
2026/09/01 15:14:29,12647654,41.9,,CONSTANT,0
2026/09/01 15:14:39,12657792,01,MON?
2026/09/01 15:14:39,12657793,41.7,,CONSTANT,0
2026/09/01 15:14:42,12660835,01,TEMP,S41.7
2026/09/01 15:14:42,12660837,OK:01,TEMP,S41.7
2026/09/01 15:14:49,12667933,01,MON?
2026/09/01 15:14:49,12667935,40.7,,CONSTANT,0
2026/09/01 15:15:00,12678074,01,MON?
2026/09/01 15:15:00,12678076,41.0,,CONSTANT,0
2026/09/01 15:15:10,12688213,01,MON?
2026/09/01 15:15:10,12688215,41.4,,CONSTANT,0
2026/09/01 15:15:17,12695313,01,TEMP,S41.8
2026/09/01 15:15:17,12695322,OK:01,TEMP,S41.8
2026/09/01 15:15:20,12698354,01,MON?
2026/09/01 15:15:20,12698356,40.8,,CONSTANT,0
2026/09/01 15:15:30,12708493,01,MON?
2026/09/01 15:15:30,12708501,41.2,,CONSTANT,0
2026/09/01 15:15:40,12718633,01,MON?
2026/09/01 15:15:40,12718635,42.6,,CONSTANT,0
2026/09/01 15:15:50,12728773,01,MON?
2026/09/01 15:15:50,12728776,41.7,,CONSTANT,0
2026/09/01 15:15:50,12728777,01,TEMP,S41.9
2026/09/01 15:15:50,12728779,OK:01,TEMP,S41.9
2026/09/01 15:16:00,12738914,01,MON?
2026/09/01 15:16:00,12738916,41.8,,CONSTANT,0
2026/09/01 15:16:11,12749054,01,MON?
2026/09/01 15:16:11,12749056,41.0,,CONSTANT,0
2026/09/01 15:16:21,12759193,01,MON?
2026/09/01 15:16:21,12759195,42.7,,CONSTANT,0
2026/09/01 15:16:25,12763249,01,TEMP,S42.0
2026/09/01 15:16:25,12763251,OK:01,TEMP,S42.0
2026/09/01 15:16:31,12769334,01,MON?
2026/09/01 15:16:31,12769336,42.1,,CONSTANT,0
2026/09/01 15:16:41,12779474,01,MON?
2026/09/01 15:16:41,12779474,42.5,,CONSTANT,0
2026/09/01 15:16:51,12789615,01,MON?
2026/09/01 15:16:51,12789615,43.0,,CONSTANT,0
2026/09/01 15:16:58,12796712,01,TEMP,S42.1
2026/09/01 15:16:58,12796714,OK:01,TEMP,S42.1
2026/09/01 15:17:01,12799754,01,MON?
2026/09/01 15:17:01,12799754,42.6,,CONSTANT,0
2026/09/01 15:17:11,12809894,01,MON?
2026/09/01 15:17:11,12809895,42.4,,CONSTANT,0
2026/09/01 15:17:22,12820035,01,MON?
2026/09/01 15:17:22,12820036,42.9,,CONSTANT,0
2026/09/01 15:17:32,12830175,01,MON?
2026/09/01 15:17:32,12830183,41.8,,CONSTANT,0
2026/09/01 15:17:33,12831188,01,TEMP,S42.2
2026/09/01 15:17:33,12831189,OK:01,TEMP,S42.2
2026/09/01 15:17:42,12840315,01,MON?
2026/09/01 15:17:42,12840317,41.6,,CONSTANT,0
2026/09/01 15:17:52,12850454,01,MON?
2026/09/01 15:17:52,12850461,42.1,,CONSTANT,0
2026/09/01 15:18:02,12860594,01,MON?
2026/09/01 15:18:02,12860602,42.6,,CONSTANT,0
2026/09/01 15:18:06,12864650,01,TEMP,S42.3
2026/09/01 15:18:06,12864652,OK:01,TEMP,S42.3
2026/09/01 15:18:12,12870735,01,MON?
2026/09/01 15:18:12,12870742,41.3,,CONSTANT,0
2026/09/01 15:18:22,12880875,01,MON?
2026/09/01 15:18:22,12880876,41.4,,CONSTANT,0
2026/09/01 15:18:33,12891015,01,MON?
2026/09/01 15:18:33,12891017,42.1,,CONSTANT,0
2026/09/01 15:18:41,12899126,01,TEMP,S42.4
2026/09/01 15:18:41,12899128,OK:01,TEMP,S42.4
2026/09/01 15:18:43,12901154,01,MON?
2026/09/01 15:18:43,12901156,42.2,,CONSTANT,0
2026/09/01 15:18:53,12911295,01,MON?
2026/09/01 15:18:53,12911297,41.6,,CONSTANT,0
2026/09/01 15:19:03,12921435,01,MON?
2026/09/01 15:19:03,12921437,41.8,,CONSTANT,0
2026/09/01 15:19:13,12931576,01,MON?
2026/09/01 15:19:13,12931578,43.0,,CONSTANT,0
2026/09/01 15:19:14,12932591,01,TEMP,S42.5
2026/09/01 15:19:14,12932593,OK:01,TEMP,S42.5
2026/09/01 15:19:23,12941716,01,MON?
2026/09/01 15:19:23,12941723,42.0,,CONSTANT,0
2026/09/01 15:19:33,12951855,01,MON?
2026/09/01 15:19:33,12951857,42.6,,CONSTANT,0
2026/09/01 15:19:44,12961996,01,MON?
2026/09/01 15:19:44,12961998,41.7,,CONSTANT,0
2026/09/01 15:19:49,12967066,01,TEMP,S42.6
2026/09/01 15:19:49,12967066,OK:01,TEMP,S42.6
2026/09/01 15:19:54,12972136,01,MON?
2026/09/01 15:19:54,12972138,41.8,,CONSTANT,0
2026/09/01 15:20:04,12982275,01,MON?
2026/09/01 15:20:04,12982282,41.8,,CONSTANT,0
2026/09/01 15:20:14,12992416,01,MON?
2026/09/01 15:20:14,12992418,43.1,,CONSTANT,0
2026/09/01 15:20:22,13000527,01,TEMP,S42.7
2026/09/01 15:20:22,13000535,OK:01,TEMP,S42.7
2026/09/01 15:20:24,13002555,01,MON?
2026/09/01 15:20:24,13002557,43.1,,CONSTANT,0
2026/09/01 15:20:34,13012696,01,MON?
2026/09/01 15:20:34,13012696,42.7,,CONSTANT,0
2026/09/01 15:20:44,13022835,01,MON?
2026/09/01 15:20:44,13022837,42.9,,CONSTANT,0
2026/09/01 15:20:54,13032975,01,MON?
2026/09/01 15:20:54,13032977,42.0,,CONSTANT,0
2026/09/01 15:20:57,13035003,01,TEMP,S42.8
2026/09/01 15:20:57,13035005,OK:01,TEMP,S42.8
2026/09/01 15:21:05,13043115,01,MON?
2026/09/01 15:21:05,13043122,42.6,,CONSTANT,0
2026/09/01 15:21:15,13053255,01,MON?
2026/09/01 15:21:15,13053257,43.2,,CONSTANT,0
2026/09/01 15:21:25,13063396,01,MON?
2026/09/01 15:21:25,13063398,43.8,,CONSTANT,0
2026/09/01 15:21:31,13069480,01,TEMP,S42.9
2026/09/01 15:21:31,13069482,OK:01,TEMP,S42.9
2026/09/01 15:21:35,13073535,01,MON?
2026/09/01 15:21:35,13073543,43.8,,CONSTANT,0
2026/09/01 15:21:45,13083677,01,MON?
2026/09/01 15:21:45,13083679,42.4,,CONSTANT,0
2026/09/01 15:21:55,13093816,01,MON?
2026/09/01 15:21:55,13093818,42.3,,CONSTANT,0
2026/09/01 15:22:04,13102942,01,TEMP,S43.0
2026/09/01 15:22:04,13102944,OK:01,TEMP,S43.0
2026/09/01 15:22:05,13103957,01,MON?
2026/09/01 15:22:05,13103959,42.7,,CONSTANT,0
2026/09/01 15:22:16,13114095,01,MON?
2026/09/01 15:22:16,13114097,43.9,,CONSTANT,0
2026/09/01 15:22:26,13124236,01,MON?
2026/09/01 15:22:26,13124240,42.2,,CONSTANT,0
2026/09/01 15:22:36,13134376,01,MON?
2026/09/01 15:22:36,13134384,42.9,,CONSTANT,0
2026/09/01 15:22:39,13137419,01,TEMP,S43.1
2026/09/01 15:22:39,13137421,OK:01,TEMP,S43.1
2026/09/01 15:22:46,13144517,01,MON?
2026/09/01 15:22:46,13144524,43.3,,CONSTANT,0
2026/09/01 15:22:56,13154656,01,MON?
2026/09/01 15:22:56,13154658,43.7,,CONSTANT,0
2026/09/01 15:23:06,13164798,01,MON?
2026/09/01 15:23:06,13164800,42.6,,CONSTANT,0
2026/09/01 15:23:12,13170882,01,TEMP,S43.2
2026/09/01 15:23:12,13170883,OK:01,TEMP,S43.2
2026/09/01 15:23:16,13174936,01,MON?
2026/09/01 15:23:16,13174938,42.2,,CONSTANT,0
2026/09/01 15:23:27,13185077,01,MON?
2026/09/01 15:23:27,13185079,43.8,,CONSTANT,0
2026/09/01 15:23:37,13195216,01,MON?
2026/09/01 15:23:37,13195218,43.6,,CONSTANT,0
2026/09/01 15:23:47,13205357,01,MON?
2026/09/01 15:23:47,13205359,44.0,,CONSTANT,0
2026/09/01 15:23:47,13205361,01,TEMP,S43.3
2026/09/01 15:23:47,13205362,OK:01,TEMP,S43.3
2026/09/01 15:23:57,13215497,01,MON?
2026/09/01 15:23:57,13215498,43.0,,CONSTANT,0
2026/09/01 15:24:07,13225637,01,MON?
2026/09/01 15:24:07,13225639,44.1,,CONSTANT,0
2026/09/01 15:24:17,13235776,01,MON?
2026/09/01 15:24:17,13235778,43.2,,CONSTANT,0
2026/09/01 15:24:20,13238819,01,TEMP,S43.4
2026/09/01 15:24:20,13238821,OK:01,TEMP,S43.4
2026/09/01 15:24:27,13245919,01,MON?
2026/09/01 15:24:27,13245926,44.3,,CONSTANT,0
2026/09/01 15:24:38,13256058,01,MON?
2026/09/01 15:24:38,13256060,42.6,,CONSTANT,0
2026/09/01 15:24:48,13266198,01,MON?
2026/09/01 15:24:48,13266200,43.7,,CONSTANT,0
2026/09/01 15:24:55,13273295,01,TEMP,S43.5
2026/09/01 15:24:55,13273303,OK:01,TEMP,S43.5
2026/09/01 15:24:58,13276338,01,MON?
2026/09/01 15:24:58,13276340,43.7,,CONSTANT,0
2026/09/01 15:25:08,13286477,01,MON?
2026/09/01 15:25:08,13286485,44.0,,CONSTANT,0
2026/09/01 15:25:18,13296618,01,MON?
2026/09/01 15:25:18,13296621,43.1,,CONSTANT,0
2026/09/01 15:25:28,13306759,01,MON?
2026/09/01 15:25:28,13306761,44.0,,CONSTANT,0
2026/09/01 15:25:28,13306762,01,TEMP,S43.6
2026/09/01 15:25:28,13306763,OK:01,TEMP,S43.6
2026/09/01 15:25:38,13316897,01,MON?
2026/09/01 15:25:38,13316899,43.9,,CONSTANT,0
2026/09/01 15:25:49,13327037,01,MON?
2026/09/01 15:25:49,13327038,43.5,,CONSTANT,0
2026/09/01 15:25:59,13337177,01,MON?
2026/09/01 15:25:59,13337179,44.4,,CONSTANT,0
2026/09/01 15:26:03,13341233,01,TEMP,S43.7
2026/09/01 15:26:03,13341235,OK:01,TEMP,S43.7
2026/09/01 15:26:09,13347317,01,MON?
2026/09/01 15:26:09,13347326,43.2,,CONSTANT,0
2026/09/01 15:26:19,13357459,01,MON?
2026/09/01 15:26:19,13357460,44.1,,CONSTANT,0
2026/09/01 15:26:29,13367599,01,MON?
2026/09/01 15:26:29,13367600,44.0,,CONSTANT,0
2026/09/01 15:26:36,13374695,01,TEMP,S43.8
2026/09/01 15:26:36,13374696,OK:01,TEMP,S43.8
2026/09/01 15:26:39,13377738,01,MON?
2026/09/01 15:26:39,13377740,43.0,,CONSTANT,0
2026/09/01 15:26:49,13387877,01,MON?
2026/09/01 15:26:49,13387878,44.3,,CONSTANT,0
2026/09/01 15:27:00,13398018,01,MON?
2026/09/01 15:27:00,13398020,42.9,,CONSTANT,0
2026/09/01 15:27:10,13408157,01,MON?
2026/09/01 15:27:10,13408166,43.9,,CONSTANT,0
2026/09/01 15:27:11,13409172,01,TEMP,S43.9
2026/09/01 15:27:11,13409174,OK:01,TEMP,S43.9
2026/09/01 15:27:20,13418299,01,MON?
2026/09/01 15:27:20,13418307,44.8,,CONSTANT,0
2026/09/01 15:27:30,13428437,01,MON?
2026/09/01 15:27:30,13428444,43.7,,CONSTANT,0
2026/09/01 15:27:40,13438578,01,MON?
2026/09/01 15:27:40,13438587,43.7,,CONSTANT,0
2026/09/01 15:27:45,13443648,01,TEMP,S44.0
2026/09/01 15:27:45,13443656,OK:01,TEMP,S44.0
2026/09/01 15:27:50,13448718,01,MON?
2026/09/01 15:27:50,13448720,44.6,,CONSTANT,0
2026/09/01 15:28:00,13458859,01,MON?
2026/09/01 15:28:00,13458861,44.7,,CONSTANT,0
2026/09/01 15:28:11,13468998,01,MON?
2026/09/01 15:28:11,13469000,44.5,,CONSTANT,0
2026/09/01 15:28:19,13477110,01,TEMP,S44.1
2026/09/01 15:28:19,13477112,OK:01,TEMP,S44.1
2026/09/01 15:28:21,13479139,01,MON?
2026/09/01 15:28:21,13479140,44.8,,CONSTANT,0
2026/09/01 15:28:31,13489278,01,MON?
2026/09/01 15:28:31,13489280,44.1,,CONSTANT,0
2026/09/01 15:28:41,13499419,01,MON?
2026/09/01 15:28:41,13499420,44.4,,CONSTANT,0
2026/09/01 15:28:51,13509558,01,MON?
2026/09/01 15:28:51,13509560,44.6,,CONSTANT,0
2026/09/01 15:28:53,13511587,01,TEMP,S44.2
2026/09/01 15:28:53,13511588,OK:01,TEMP,S44.2
2026/09/01 15:29:01,13519699,01,MON?
2026/09/01 15:29:01,13519701,44.2,,CONSTANT,0
2026/09/01 15:29:11,13529838,01,MON?
2026/09/01 15:29:11,13529840,44.9,,CONSTANT,0
2026/09/01 15:29:21,13539979,01,MON?
2026/09/01 15:29:21,13539981,45.1,,CONSTANT,0
2026/09/01 15:29:27,13545049,01,TEMP,S44.3
2026/09/01 15:29:27,13545051,OK:01,TEMP,S44.3
2026/09/01 15:29:30,13548968,準備完了解除
2026/09/01 15:29:33,13550998,IP:192.168.1.12 SEND(D) OUTP OFF
2026/09/01 15:29:43,13561514,01,TEMP,S25
2026/09/01 15:29:43,13561514,OK:01,TEMP,S25
2026/09/01 15:29:43,13561516,01,MODE,CONSTANT
2026/09/01 15:29:43,13561516,OK:01,MODE,CONSTANT
2026/09/01 15:29:43,13561517,01,SET,REF1
2026/09/01 15:29:43,13561518,OK:01,SET,REF1
2026/09/01 15:29:47,13565659,01,MON?
2026/09/01 15:29:47,13565661,24.5,,CONSTANT,0
2026/09/01 15:29:48,13566672,準備完了受付
2026/09/01 15:29:48,13566680,温度試験設定ファイル読み込み(D:\Source\Popcon\AEPV_20260831\Aepv_002_4th_VS2010_V1020\bin\Debug\SET\デジタル各種_NTES)
2026/09/01 15:29:48,13566683,ノイズ試験設定ファイル読み込み(D:\Source\Popcon\AEPV_20260831\Aepv_002_4th_VS2010_V1020\bin\Debug\SET\デジタル各種_NTES)
2026/09/01 15:29:48,13566685,CompareInformation.Txtファイル読み込み(D:\Source\Popcon\AEPV_20260831\Aepv_002_4th_VS2010_V1020\bin\Debug\SET\デジタル各種_NTES)
2026/09/01 15:29:49,13567708,動力制御信号（DIN_POWER_ON）ONの為、電源装置との通信を開始
2026/09/01 15:29:49,13567709,TCP Close 192.168.1.12:5025
2026/09/01 15:29:49,13567710,TCP Open 192.168.1.12:5025
2026/09/01 15:29:49,13567711,IP:192.168.1.12 SEND(D) OUTP OFF
2026/09/01 15:29:49,13567719,01,POWER,ON
2026/09/01 15:29:49,13567720,OK:01,POWER,ON
2026/09/01 15:29:49,13567721,01,TEMP,S25
2026/09/01 15:29:49,13567722,OK:01,TEMP,S25
2026/09/01 15:29:49,13567723,01,MODE,CONSTANT
2026/09/01 15:29:49,13567724,OK:01,MODE,CONSTANT
2026/09/01 15:29:49,13567726,01,SET,REF1
2026/09/01 15:29:49,13567727,OK:01,SET,REF1
2026/09/01 15:29:50,13568736,冷凍機制御信号（DIN_REF_ON）ONの為、温度安定待ちに移行
2026/09/01 15:29:51,13569339,TCP Close 192.168.1.12:5025
2026/09/01 15:31:46,13684392,温度試験設定ファイル読み込み(D:\Source\Popcon\AEPV_20260831\Aepv_002_4th_VS2010_V1020\bin\Debug\SET\デジタル各種_NTES)
2026/09/01 15:31:46,13684398,ノイズ試験設定ファイル読み込み(D:\Source\Popcon\AEPV_20260831\Aepv_002_4th_VS2010_V1020\bin\Debug\SET\デジタル各種_NTES)
2026/09/01 15:31:46,13684403,バーンインボードファイル読み込み
2026/09/01 15:31:51,13689464,ＩＯ初期化開始
2026/09/01 15:31:51,13689478,ＲＳ２３２Ｃ初期化開始
2026/09/01 15:31:51,13689499,恒温槽ＲＳ２３２Ｃ初期化開始
2026/09/01 15:31:51,13689508,ＲＳ－２３２Ｃ初期化処理
2026/09/01 15:31:51,13689584,ＤＩＯ初期化開始
2026/09/01 15:31:51,13689592,ＤＩＯ初期状態読み込み処理
2026/09/01 15:31:51,13689598,ＴＣＰ通信初期化開始（ユニット）
2026/09/01 15:31:51,13689601,ＴＣＰ通信初期化開始（記録計）
2026/09/01 15:31:51,13689605,動力制御信号（DIN_POWER_ON）ONの為、電源装置との通信を開始
2026/09/01 15:31:51,13689609,ＴＣＰ通信初期化開始（電源）
2026/09/01 15:31:51,13689621,TCP Open 192.168.1.12:5025
2026/09/01 15:31:51,13689624,接続確認開始
2026/09/01 15:31:51,13689627,初期スロット状態表示
2026/09/01 15:31:51,13689631,初期テスト表示
2026/09/01 15:31:51,13689634,ＦＴＰ通信処理実行
2026/09/01 15:31:51,13689655,メインウインドウ起動
2026/09/01 15:31:51,13689730,CompareInformation.Txtファイル読み込み(D:\Source\Popcon\AEPV_20260831\Aepv_002_4th_VS2010_V1020\bin\Debug\SET\デジタル各種_NTES)
2026/09/01 15:31:55,13693708,準備完了受付
2026/09/01 15:31:55,13693719,温度試験設定ファイル読み込み(D:\Source\Popcon\AEPV_20260831\Aepv_002_4th_VS2010_V1020\bin\Debug\SET\デジタル各種_NTES)
2026/09/01 15:31:55,13693727,ノイズ試験設定ファイル読み込み(D:\Source\Popcon\AEPV_20260831\Aepv_002_4th_VS2010_V1020\bin\Debug\SET\デジタル各種_NTES)
2026/09/01 15:31:55,13693732,CompareInformation.Txtファイル読み込み(D:\Source\Popcon\AEPV_20260831\Aepv_002_4th_VS2010_V1020\bin\Debug\SET\デジタル各種_NTES)
2026/09/01 15:31:56,13694778,動力制御信号（DIN_POWER_ON）ONの為、電源装置との通信を開始
2026/09/01 15:31:56,13694785,TCP Close 192.168.1.12:5025
2026/09/01 15:31:56,13694792,TCP Open 192.168.1.12:5025
2026/09/01 15:31:56,13694806,IP:192.168.1.12 SEND(D) OUTP OFF
2026/09/01 15:31:56,13694812,01,POWER,ON
2026/09/01 15:31:56,13694818,OK:01,POWER,ON
2026/09/01 15:31:56,13694821,01,TEMP,S25
2026/09/01 15:31:56,13694824,OK:01,TEMP,S25
2026/09/01 15:31:56,13694827,01,MODE,CONSTANT
2026/09/01 15:31:56,13694830,OK:01,MODE,CONSTANT
2026/09/01 15:31:56,13694833,01,SET,REF1
2026/09/01 15:31:56,13694836,OK:01,SET,REF1
2026/09/01 15:31:57,13695849,冷凍機制御信号（DIN_REF_ON）ONの為、温度安定待ちに移行
2026/09/01 15:32:01,13699906,01,MON?
2026/09/01 15:32:01,13699908,25.4,,CONSTANT,0
2026/09/01 15:32:12,13710067,01,MON?
2026/09/01 15:32:12,13710069,25.1,,CONSTANT,0
2026/09/01 15:32:22,13720213,01,MON?
2026/09/01 15:32:22,13720217,24.7,,CONSTANT,0
2026/09/01 15:32:32,13730368,01,MON?
2026/09/01 15:32:32,13730372,25.3,,CONSTANT,0
2026/09/01 15:32:42,13740523,01,MON?
2026/09/01 15:32:42,13740526,24.2,,CONSTANT,0
2026/09/01 15:32:52,13750663,01,MON?
2026/09/01 15:32:52,13750663,25.9,,CONSTANT,0
2026/09/01 15:33:03,13761853,IP:192.168.1.12 SEND(D) SOUR:VOLT 8.0
2026/09/01 15:33:03,13761855,IP:192.168.1.12 SEND(D) SOUR:CURR 2.0
2026/09/01 15:33:03,13761858,IP:192.168.1.12 SEND(D) OUTP ON
2026/09/01 15:33:04,13762927,01,MON?
2026/09/01 15:33:04,13762934,24.4,,CONSTANT,0
2026/09/01 15:33:15,13773083,01,MON?
2026/09/01 15:33:15,13773085,24.2,,CONSTANT,0
2026/09/01 15:33:25,13783222,01,MON?
2026/09/01 15:33:25,13783224,24.7,,CONSTANT,0
2026/09/01 15:33:35,13793364,01,MON?
2026/09/01 15:33:35,13793366,25.3,,CONSTANT,0
2026/09/01 15:33:45,13803502,01,MON?
2026/09/01 15:33:45,13803504,24.0,,CONSTANT,0
2026/09/01 15:33:55,13813643,01,MON?
2026/09/01 15:33:55,13813644,25.4,,CONSTANT,0
2026/09/01 15:34:00,13818744,IP:192.168.1.12 SEND(D) OUTP OFF
2026/09/01 15:34:03,13821803,IP:192.168.1.12 SEND(D) SOUR:VOLT 8.0
2026/09/01 15:34:03,13821804,IP:192.168.1.12 SEND(D) SOUR:CURR 2.0
2026/09/01 15:34:03,13821811,IP:192.168.1.12 SEND(D) OUTP ON
2026/09/01 15:34:03,13821869,01,SRQ?
2026/09/01 15:34:03,13821876,00000000,0
2026/09/01 15:34:03,13821888,01,TEMP,S25.0
2026/09/01 15:34:03,13821895,OK:01,TEMP,S25.0
2026/09/01 15:34:03,13821902,01,MODE,CONSTANT
2026/09/01 15:34:03,13821909,OK:01,MODE,CONSTANT
2026/09/01 15:34:03,13821917,01,SET,REF1
2026/09/01 15:34:03,13821921,OK:01,SET,REF1
2026/09/01 15:34:03,13821925,01,MON?
2026/09/01 15:34:03,13821930,25.1,,CONSTANT,0
2026/09/01 15:34:05,13823904,01,MON?
2026/09/01 15:34:05,13823906,24.6,,CONSTANT,0
2026/09/01 15:34:05,13823914,01,TEMP,S25.1
2026/09/01 15:34:05,13823920,OK:01,TEMP,S25.1
2026/09/01 15:34:12,13829989,01,TEMP,S25.2
2026/09/01 15:34:12,13829990,OK:01,TEMP,S25.2
2026/09/01 15:34:16,13834045,01,MON?
2026/09/01 15:34:16,13834052,24.6,,CONSTANT,0
2026/09/01 15:34:18,13836073,01,TEMP,S25.3
2026/09/01 15:34:18,13836081,OK:01,TEMP,S25.3
2026/09/01 15:34:24,13842157,01,TEMP,S25.4
2026/09/01 15:34:24,13842164,OK:01,TEMP,S25.4
2026/09/01 15:34:26,13844185,01,MON?
2026/09/01 15:34:26,13844189,26.1,,CONSTANT,0
2026/09/01 15:34:30,13848241,01,TEMP,S25.5
2026/09/01 15:34:30,13848248,OK:01,TEMP,S25.5
2026/09/01 15:34:36,13854325,01,MON?
2026/09/01 15:34:36,13854333,24.6,,CONSTANT,0
2026/09/01 15:34:36,13854339,01,TEMP,S25.6
2026/09/01 15:34:36,13854346,OK:01,TEMP,S25.6
2026/09/01 15:34:42,13860409,01,TEMP,S25.7
2026/09/01 15:34:42,13860416,OK:01,TEMP,S25.7
2026/09/01 15:34:46,13864465,01,MON?
2026/09/01 15:34:46,13864473,25.9,,CONSTANT,0
2026/09/01 15:34:48,13866493,01,TEMP,S25.8
2026/09/01 15:34:48,13866495,OK:01,TEMP,S25.8
2026/09/01 15:34:54,13872576,01,TEMP,S25.9
2026/09/01 15:34:54,13872578,OK:01,TEMP,S25.9
2026/09/01 15:34:56,13874604,01,MON?
2026/09/01 15:34:56,13874606,26.1,,CONSTANT,0
2026/09/01 15:35:00,13878661,01,TEMP,S26.0
2026/09/01 15:35:00,13878663,OK:01,TEMP,S26.0
2026/09/01 15:35:06,13884748,01,MON?
2026/09/01 15:35:06,13884749,25.3,,CONSTANT,0
2026/09/01 15:35:06,13884753,01,TEMP,S26.1
2026/09/01 15:35:06,13884757,OK:01,TEMP,S26.1
2026/09/01 15:35:12,13890828,01,TEMP,S26.2
2026/09/01 15:35:12,13890830,OK:01,TEMP,S26.2
2026/09/01 15:35:16,13894885,01,MON?
2026/09/01 15:35:16,13894887,25.4,,CONSTANT,0
2026/09/01 15:35:18,13896913,01,TEMP,S26.3
2026/09/01 15:35:18,13896915,OK:01,TEMP,S26.3
2026/09/01 15:35:23,13901983,01,TEMP,S26.4
2026/09/01 15:35:24,13901990,OK:01,TEMP,S26.4
2026/09/01 15:35:27,13905025,01,MON?
2026/09/01 15:35:27,13905032,26.2,,CONSTANT,0
2026/09/01 15:35:30,13908067,01,TEMP,S26.5
2026/09/01 15:35:30,13908069,OK:01,TEMP,S26.5
2026/09/01 15:35:36,13914151,01,TEMP,S26.6
2026/09/01 15:35:36,13914158,OK:01,TEMP,S26.6
2026/09/01 15:35:37,13915165,01,MON?
2026/09/01 15:35:37,13915173,26.2,,CONSTANT,0
2026/09/01 15:35:42,13920235,01,TEMP,S26.7
2026/09/01 15:35:42,13920237,OK:01,TEMP,S26.7
2026/09/01 15:35:47,13925306,01,MON?
2026/09/01 15:35:47,13925313,27.6,,CONSTANT,0
2026/09/01 15:35:48,13926320,01,TEMP,S26.8
2026/09/01 15:35:48,13926328,OK:01,TEMP,S26.8
2026/09/01 15:35:54,13932404,01,TEMP,S26.9
2026/09/01 15:35:54,13932411,OK:01,TEMP,S26.9
2026/09/01 15:35:57,13935445,01,MON?
2026/09/01 15:35:57,13935452,27.5,,CONSTANT,0
2026/09/01 15:36:00,13938488,01,TEMP,S27.0
2026/09/01 15:36:00,13938490,OK:01,TEMP,S27.0
2026/09/01 15:36:06,13944571,01,TEMP,S27.1
2026/09/01 15:36:06,13944573,OK:01,TEMP,S27.1
2026/09/01 15:36:07,13945585,01,MON?
2026/09/01 15:36:07,13945594,26.8,,CONSTANT,0
2026/09/01 15:36:12,13950656,01,TEMP,S27.2
2026/09/01 15:36:12,13950658,OK:01,TEMP,S27.2
2026/09/01 15:36:17,13955726,01,MON?
2026/09/01 15:36:17,13955727,26.2,,CONSTANT,0
2026/09/01 15:36:18,13956740,01,TEMP,S27.3
2026/09/01 15:36:18,13956747,OK:01,TEMP,S27.3
2026/09/01 15:36:24,13962823,01,TEMP,S27.4
2026/09/01 15:36:24,13962830,OK:01,TEMP,S27.4
2026/09/01 15:36:27,13965866,01,MON?
2026/09/01 15:36:27,13965868,27.6,,CONSTANT,0
2026/09/01 15:36:30,13968908,01,TEMP,S27.5
2026/09/01 15:36:30,13968910,OK:01,TEMP,S27.5
2026/09/01 15:36:35,13973978,01,TEMP,S27.6
2026/09/01 15:36:36,13973987,OK:01,TEMP,S27.6
2026/09/01 15:36:38,13976006,01,MON?
2026/09/01 15:36:38,13976013,27.1,,CONSTANT,0
2026/09/01 15:36:42,13980061,01,TEMP,S27.7
2026/09/01 15:36:42,13980068,OK:01,TEMP,S27.7
2026/09/01 15:36:48,13986146,01,MON?
2026/09/01 15:36:48,13986149,28.2,,CONSTANT,0
2026/09/01 15:36:48,13986153,01,TEMP,S27.8
2026/09/01 15:36:48,13986156,OK:01,TEMP,S27.8
2026/09/01 15:36:54,13992230,01,TEMP,S27.9
2026/09/01 15:36:54,13992240,OK:01,TEMP,S27.9
2026/09/01 15:36:58,13996286,01,MON?
2026/09/01 15:36:58,13996288,27.5,,CONSTANT,0
2026/09/01 15:37:00,13998313,01,TEMP,S28.0
2026/09/01 15:37:00,13998317,OK:01,TEMP,S28.0
2026/09/01 15:37:06,14004398,01,TEMP,S28.1
2026/09/01 15:37:06,14004406,OK:01,TEMP,S28.1
2026/09/01 15:37:08,14006426,01,MON?
2026/09/01 15:37:08,14006434,28.4,,CONSTANT,0
2026/09/01 15:37:12,14010482,01,TEMP,S28.2
2026/09/01 15:37:12,14010490,OK:01,TEMP,S28.2
2026/09/01 15:37:18,14016565,01,MON?
2026/09/01 15:37:18,14016567,28.3,,CONSTANT,0
2026/09/01 15:37:18,14016574,01,TEMP,S28.3
2026/09/01 15:37:18,14016582,OK:01,TEMP,S28.3
2026/09/01 15:37:24,14022650,01,TEMP,S28.4
2026/09/01 15:37:24,14022652,OK:01,TEMP,S28.4
2026/09/01 15:37:28,14026706,01,MON?
2026/09/01 15:37:28,14026707,28.3,,CONSTANT,0
2026/09/01 15:37:30,14028733,01,TEMP,S28.5
2026/09/01 15:37:30,14028735,OK:01,TEMP,S28.5
2026/09/01 15:37:36,14034818,01,TEMP,S28.6
2026/09/01 15:37:36,14034825,OK:01,TEMP,S28.6
2026/09/01 15:37:38,14036846,01,MON?
2026/09/01 15:37:38,14036848,27.8,,CONSTANT,0
2026/09/01 15:37:42,14040902,01,TEMP,S28.7
2026/09/01 15:37:42,14040904,OK:01,TEMP,S28.7
2026/09/01 15:37:49,14046986,01,MON?
2026/09/01 15:37:49,14046993,29.5,,CONSTANT,0
2026/09/01 15:37:49,14046999,01,TEMP,S28.8
2026/09/01 15:37:49,14047006,OK:01,TEMP,S28.8
2026/09/01 15:37:54,14052056,01,TEMP,S28.9
2026/09/01 15:37:54,14052058,OK:01,TEMP,S28.9
2026/09/01 15:37:59,14057126,01,MON?
2026/09/01 15:37:59,14057134,28.7,,CONSTANT,0
2026/09/01 15:38:00,14058140,01,TEMP,S29.0
2026/09/01 15:38:00,14058146,OK:01,TEMP,S29.0
2026/09/01 15:38:06,14064224,01,TEMP,S29.1
2026/09/01 15:38:06,14064229,OK:01,TEMP,S29.1
2026/09/01 15:38:09,14067266,01,MON?
2026/09/01 15:38:09,14067273,28.8,,CONSTANT,0
2026/09/01 15:38:12,14070308,01,TEMP,S29.2
2026/09/01 15:38:12,14070310,OK:01,TEMP,S29.2
2026/09/01 15:38:18,14076393,01,TEMP,S29.3
2026/09/01 15:38:18,14076400,OK:01,TEMP,S29.3
2026/09/01 15:38:19,14077406,01,MON?
2026/09/01 15:38:19,14077414,29.7,,CONSTANT,0
2026/09/01 15:38:24,14082476,01,TEMP,S29.4
2026/09/01 15:38:24,14082478,OK:01,TEMP,S29.4
2026/09/01 15:38:29,14087546,01,MON?
2026/09/01 15:38:29,14087548,28.9,,CONSTANT,0
2026/09/01 15:38:30,14088561,01,TEMP,S29.5
2026/09/01 15:38:30,14088569,OK:01,TEMP,S29.5
2026/09/01 15:38:36,14094644,01,TEMP,S29.6
2026/09/01 15:38:36,14094651,OK:01,TEMP,S29.6
2026/09/01 15:38:39,14097686,01,MON?
2026/09/01 15:38:39,14097687,28.6,,CONSTANT,0
2026/09/01 15:38:42,14100729,01,TEMP,S29.7
2026/09/01 15:38:42,14100730,OK:01,TEMP,S29.7
2026/09/01 15:38:48,14106813,01,TEMP,S29.8
2026/09/01 15:38:48,14106820,OK:01,TEMP,S29.8
2026/09/01 15:38:49,14107827,01,MON?
2026/09/01 15:38:49,14107835,29.8,,CONSTANT,0
2026/09/01 15:38:54,14112897,01,TEMP,S29.9
2026/09/01 15:38:54,14112899,OK:01,TEMP,S29.9
2026/09/01 15:38:59,14117966,01,MON?
2026/09/01 15:38:59,14117968,29.1,,CONSTANT,0
2026/09/01 15:39:00,14118980,01,TEMP,S30.0
2026/09/01 15:39:01,14118984,OK:01,TEMP,S30.0
2026/09/01 15:39:06,14124051,01,TEMP,S30.1
2026/09/01 15:39:06,14124059,OK:01,TEMP,S30.1
2026/09/01 15:39:10,14128107,01,MON?
2026/09/01 15:39:10,14128108,30.3,,CONSTANT,0
2026/09/01 15:39:12,14130135,01,TEMP,S30.2
2026/09/01 15:39:12,14130142,OK:01,TEMP,S30.2
2026/09/01 15:39:18,14136218,01,TEMP,S30.3
2026/09/01 15:39:18,14136225,OK:01,TEMP,S30.3
2026/09/01 15:39:20,14138246,01,MON?
2026/09/01 15:39:20,14138253,29.9,,CONSTANT,0
2026/09/01 15:39:24,14142303,01,TEMP,S30.4
2026/09/01 15:39:24,14142310,OK:01,TEMP,S30.4
2026/09/01 15:39:30,14148387,01,MON?
2026/09/01 15:39:30,14148394,29.9,,CONSTANT,0
2026/09/01 15:39:30,14148401,01,TEMP,S30.5
2026/09/01 15:39:30,14148408,OK:01,TEMP,S30.5
2026/09/01 15:39:36,14154470,01,TEMP,S30.6
2026/09/01 15:39:36,14154477,OK:01,TEMP,S30.6
2026/09/01 15:39:40,14158527,01,MON?
2026/09/01 15:39:40,14158529,30.4,,CONSTANT,0
2026/09/01 15:39:42,14160555,01,TEMP,S30.7
2026/09/01 15:39:42,14160557,OK:01,TEMP,S30.7
2026/09/01 15:39:48,14166639,01,TEMP,S30.8
2026/09/01 15:39:48,14166646,OK:01,TEMP,S30.8
2026/09/01 15:39:50,14168666,01,MON?
2026/09/01 15:39:50,14168667,30.5,,CONSTANT,0
2026/09/01 15:39:54,14172722,01,TEMP,S30.9
2026/09/01 15:39:54,14172724,OK:01,TEMP,S30.9
2026/09/01 15:40:00,14178807,01,MON?
2026/09/01 15:40:00,14178809,31.2,,CONSTANT,0
2026/09/01 15:40:00,14178813,01,TEMP,S31.0
2026/09/01 15:40:00,14178816,OK:01,TEMP,S31.0
2026/09/01 15:40:06,14184891,01,TEMP,S31.1
2026/09/01 15:40:06,14184893,OK:01,TEMP,S31.1
2026/09/01 15:40:10,14188946,01,MON?
2026/09/01 15:40:10,14188948,31.8,,CONSTANT,0
2026/09/01 15:40:12,14190974,01,TEMP,S31.2
2026/09/01 15:40:12,14190975,OK:01,TEMP,S31.2
2026/09/01 15:40:19,14197059,01,TEMP,S31.3
2026/09/01 15:40:19,14197066,OK:01,TEMP,S31.3
2026/09/01 15:40:21,14199087,01,MON?
2026/09/01 15:40:21,14199089,31.4,,CONSTANT,0
2026/09/01 15:40:24,14202129,01,TEMP,S31.4
2026/09/01 15:40:24,14202131,OK:01,TEMP,S31.4
2026/09/01 15:40:30,14208212,01,TEMP,S31.5
2026/09/01 15:40:30,14208219,OK:01,TEMP,S31.5
2026/09/01 15:40:31,14209227,01,MON?
2026/09/01 15:40:31,14209229,31.4,,CONSTANT,0
2026/09/01 15:40:36,14214297,01,TEMP,S31.6
2026/09/01 15:40:36,14214299,OK:01,TEMP,S31.6
2026/09/01 15:40:41,14219367,01,MON?
2026/09/01 15:40:41,14219374,31.1,,CONSTANT,0
2026/09/01 15:40:42,14220381,01,TEMP,S31.7
2026/09/01 15:40:42,14220388,OK:01,TEMP,S31.7
2026/09/01 15:40:48,14226465,01,TEMP,S31.8
2026/09/01 15:40:48,14226472,OK:01,TEMP,S31.8
2026/09/01 15:40:51,14229507,01,MON?
2026/09/01 15:40:51,14229508,30.8,,CONSTANT,0
2026/09/01 15:40:54,14232549,01,TEMP,S31.9
2026/09/01 15:40:54,14232551,OK:01,TEMP,S31.9
2026/09/01 15:41:00,14238633,01,TEMP,S32.0
2026/09/01 15:41:00,14238635,OK:01,TEMP,S32.0
2026/09/01 15:41:01,14239648,01,MON?
2026/09/01 15:41:01,14239650,31.5,,CONSTANT,0
2026/09/01 15:41:06,14244717,01,TEMP,S32.1
2026/09/01 15:41:06,14244718,OK:01,TEMP,S32.1
2026/09/01 15:41:11,14249788,01,MON?
2026/09/01 15:41:11,14249790,32.5,,CONSTANT,0
2026/09/01 15:41:12,14250802,01,TEMP,S32.2
2026/09/01 15:41:12,14250809,OK:01,TEMP,S32.2
2026/09/01 15:41:18,14256885,01,TEMP,S32.3
2026/09/01 15:41:18,14256892,OK:01,TEMP,S32.3
2026/09/01 15:41:21,14259928,01,MON?
2026/09/01 15:41:21,14259930,33.0,,CONSTANT,0
2026/09/01 15:41:24,14262970,01,TEMP,S32.4
2026/09/01 15:41:24,14262972,OK:01,TEMP,S32.4
2026/09/01 15:41:31,14269054,01,TEMP,S32.5
2026/09/01 15:41:31,14269056,OK:01,TEMP,S32.5
2026/09/01 15:41:32,14270068,01,MON?
2026/09/01 15:41:32,14270075,31.8,,CONSTANT,0
2026/09/01 15:41:36,14274123,01,TEMP,S32.6
2026/09/01 15:41:36,14274130,OK:01,TEMP,S32.6
2026/09/01 15:41:42,14280209,01,MON?
2026/09/01 15:41:42,14280216,33.1,,CONSTANT,0
2026/09/01 15:41:42,14280224,01,TEMP,S32.7
2026/09/01 15:41:42,14280231,OK:01,TEMP,S32.7
2026/09/01 15:41:48,14286292,01,TEMP,S32.8
2026/09/01 15:41:48,14286300,OK:01,TEMP,S32.8
2026/09/01 15:41:52,14290348,01,MON?
2026/09/01 15:41:52,14290355,32.6,,CONSTANT,0
2026/09/01 15:41:54,14292375,01,TEMP,S32.9
2026/09/01 15:41:54,14292382,OK:01,TEMP,S32.9
2026/09/01 15:42:00,14298460,01,TEMP,S33.0
2026/09/01 15:42:00,14298467,OK:01,TEMP,S33.0
2026/09/01 15:42:02,14300488,01,MON?
2026/09/01 15:42:02,14300490,33.6,,CONSTANT,0
2026/09/01 15:42:06,14304544,01,TEMP,S33.1
2026/09/01 15:42:06,14304546,OK:01,TEMP,S33.1
2026/09/01 15:42:12,14310628,01,MON?
2026/09/01 15:42:12,14310630,32.6,,CONSTANT,0
2026/09/01 15:42:12,14310637,01,TEMP,S33.2
2026/09/01 15:42:12,14310644,OK:01,TEMP,S33.2
2026/09/01 15:42:18,14316712,01,TEMP,S33.3
2026/09/01 15:42:18,14316714,OK:01,TEMP,S33.3
2026/09/01 15:42:22,14320768,01,MON?
2026/09/01 15:42:22,14320770,32.7,,CONSTANT,0
2026/09/01 15:42:24,14322796,01,TEMP,S33.4
2026/09/01 15:42:24,14322798,OK:01,TEMP,S33.4
2026/09/01 15:42:30,14328879,01,TEMP,S33.5
2026/09/01 15:42:30,14328886,OK:01,TEMP,S33.5
2026/09/01 15:42:32,14330907,01,MON?
2026/09/01 15:42:32,14330909,33.5,,CONSTANT,0
2026/09/01 15:42:36,14334964,01,TEMP,S33.6
2026/09/01 15:42:36,14334966,OK:01,TEMP,S33.6
2026/09/01 15:42:43,14341048,01,MON?
2026/09/01 15:42:43,14341050,33.3,,CONSTANT,0
2026/09/01 15:42:43,14341057,01,TEMP,S33.7
2026/09/01 15:42:43,14341063,OK:01,TEMP,S33.7
2026/09/01 15:42:49,14347131,01,TEMP,S33.8
2026/09/01 15:42:49,14347133,OK:01,TEMP,S33.8
2026/09/01 15:42:53,14351188,01,MON?
2026/09/01 15:42:53,14351190,33.3,,CONSTANT,0
2026/09/01 15:42:54,14352202,01,TEMP,S33.9
2026/09/01 15:42:54,14352210,OK:01,TEMP,S33.9
2026/09/01 15:43:00,14358286,01,TEMP,S34.0
2026/09/01 15:43:00,14358294,OK:01,TEMP,S34.0
2026/09/01 15:43:03,14361328,01,MON?
2026/09/01 15:43:03,14361332,34.0,,CONSTANT,0
2026/09/01 15:43:06,14364369,01,TEMP,S34.1
2026/09/01 15:43:06,14364369,OK:01,TEMP,S34.1
2026/09/01 15:43:12,14370454,01,TEMP,S34.2
2026/09/01 15:43:12,14370465,OK:01,TEMP,S34.2
2026/09/01 15:43:13,14371468,01,MON?
2026/09/01 15:43:13,14371477,33.9,,CONSTANT,0
2026/09/01 15:43:18,14376538,01,TEMP,S34.3
2026/09/01 15:43:18,14376540,OK:01,TEMP,S34.3
2026/09/01 15:43:23,14381608,01,MON?
2026/09/01 15:43:23,14381610,35.1,,CONSTANT,0
2026/09/01 15:43:24,14382622,01,TEMP,S34.4
2026/09/01 15:43:24,14382632,OK:01,TEMP,S34.4
2026/09/01 15:43:30,14388710,01,TEMP,S34.5
2026/09/01 15:43:30,14388737,OK:01,TEMP,S34.5
2026/09/01 15:43:33,14391748,01,MON?
2026/09/01 15:43:33,14391750,35.5,,CONSTANT,0
2026/09/01 15:43:36,14394791,01,TEMP,S34.6
2026/09/01 15:43:36,14394793,OK:01,TEMP,S34.6
2026/09/01 15:43:42,14400875,01,TEMP,S34.7
2026/09/01 15:43:42,14400876,OK:01,TEMP,S34.7
2026/09/01 15:43:43,14401889,01,MON?
2026/09/01 15:43:43,14401894,35.2,,CONSTANT,0
2026/09/01 15:43:48,14406959,01,TEMP,S34.8
2026/09/01 15:43:48,14406961,OK:01,TEMP,S34.8
2026/09/01 15:43:54,14412029,01,MON?
2026/09/01 15:43:54,14412031,34.2,,CONSTANT,0
2026/09/01 15:43:55,14413043,01,TEMP,S34.9
2026/09/01 15:43:55,14413052,OK:01,TEMP,S34.9
2026/09/01 15:44:01,14419127,01,TEMP,S35.0
2026/09/01 15:44:01,14419134,OK:01,TEMP,S35.0
2026/09/01 15:44:04,14422169,01,MON?
2026/09/01 15:44:04,14422171,35.6,,CONSTANT,0
2026/09/01 15:44:06,14424197,01,TEMP,S35.1
2026/09/01 15:44:06,14424204,OK:01,TEMP,S35.1
2026/09/01 15:44:12,14430280,01,TEMP,S35.2
2026/09/01 15:44:12,14430284,OK:01,TEMP,S35.2
2026/09/01 15:44:14,14432308,01,MON?
2026/09/01 15:44:14,14432315,35.7,,CONSTANT,0
2026/09/01 15:44:18,14436372,01,TEMP,S35.3
2026/09/01 15:44:18,14436411,OK:01,TEMP,S35.3
2026/09/01 15:44:24,14442449,01,MON?
2026/09/01 15:44:24,14442450,34.6,,CONSTANT,0
2026/09/01 15:44:24,14442455,01,TEMP,S35.4
2026/09/01 15:44:24,14442461,OK:01,TEMP,S35.4
2026/09/01 15:44:30,14448533,01,TEMP,S35.5
2026/09/01 15:44:30,14448533,OK:01,TEMP,S35.5
2026/09/01 15:44:34,14452588,01,MON?
2026/09/01 15:44:34,14452589,34.9,,CONSTANT,0
2026/09/01 15:44:36,14454617,01,TEMP,S35.6
2026/09/01 15:44:36,14454621,OK:01,TEMP,S35.6
2026/09/01 15:44:42,14460701,01,TEMP,S35.7
2026/09/01 15:44:42,14460708,OK:01,TEMP,S35.7
2026/09/01 15:44:44,14462729,01,MON?
2026/09/01 15:44:44,14462738,35.6,,CONSTANT,0
2026/09/01 15:44:48,14466785,01,TEMP,S35.8
2026/09/01 15:44:48,14466787,OK:01,TEMP,S35.8
2026/09/01 15:44:54,14472869,01,MON?
2026/09/01 15:44:54,14472871,36.0,,CONSTANT,0
2026/09/01 15:44:54,14472878,01,TEMP,S35.9
2026/09/01 15:44:54,14472885,OK:01,TEMP,S35.9
2026/09/01 15:45:00,14478953,01,TEMP,S36.0
2026/09/01 15:45:00,14478955,OK:01,TEMP,S36.0
2026/09/01 15:45:05,14483008,01,MON?
2026/09/01 15:45:05,14483009,35.8,,CONSTANT,0
2026/09/01 15:45:07,14485036,01,TEMP,S36.1
2026/09/01 15:45:07,14485040,OK:01,TEMP,S36.1
2026/09/01 15:45:13,14491121,01,TEMP,S36.2
2026/09/01 15:45:13,14491123,OK:01,TEMP,S36.2
2026/09/01 15:45:15,14493149,01,MON?
2026/09/01 15:45:15,14493151,35.2,,CONSTANT,0
2026/09/01 15:45:19,14497205,01,TEMP,S36.3
2026/09/01 15:45:19,14497207,OK:01,TEMP,S36.3
2026/09/01 15:45:24,14502274,01,TEMP,S36.4
2026/09/01 15:45:24,14502276,OK:01,TEMP,S36.4
2026/09/01 15:45:25,14503288,01,MON?
2026/09/01 15:45:25,14503296,36.8,,CONSTANT,0
2026/09/01 15:45:30,14508359,01,TEMP,S36.5
2026/09/01 15:45:30,14508361,OK:01,TEMP,S36.5
2026/09/01 15:45:35,14513429,01,MON?
2026/09/01 15:45:35,14513431,35.9,,CONSTANT,0
2026/09/01 15:45:36,14514443,01,TEMP,S36.6
2026/09/01 15:45:36,14514452,OK:01,TEMP,S36.6
2026/09/01 15:45:42,14520526,01,TEMP,S36.7
2026/09/01 15:45:42,14520533,OK:01,TEMP,S36.7
2026/09/01 15:45:45,14523568,01,MON?
2026/09/01 15:45:45,14523570,37.7,,CONSTANT,0
2026/09/01 15:45:48,14526611,01,TEMP,S36.8
2026/09/01 15:45:48,14526613,OK:01,TEMP,S36.8
2026/09/01 15:45:54,14532695,01,TEMP,S36.9
2026/09/01 15:45:54,14532697,OK:01,TEMP,S36.9
2026/09/01 15:45:55,14533710,01,MON?
2026/09/01 15:45:55,14533719,37.1,,CONSTANT,0
2026/09/01 15:46:00,14538779,01,TEMP,S37.0
2026/09/01 15:46:00,14538781,OK:01,TEMP,S37.0
2026/09/01 15:46:05,14543849,01,MON?
2026/09/01 15:46:05,14543851,37.7,,CONSTANT,0
2026/09/01 15:46:06,14544863,01,TEMP,S37.1
2026/09/01 15:46:06,14544872,OK:01,TEMP,S37.1
2026/09/01 15:46:12,14550948,01,TEMP,S37.2
2026/09/01 15:46:12,14550950,OK:01,TEMP,S37.2
2026/09/01 15:46:16,14553989,01,MON?
2026/09/01 15:46:16,14553991,38.1,,CONSTANT,0
2026/09/01 15:46:19,14557031,01,TEMP,S37.3
2026/09/01 15:46:19,14557038,OK:01,TEMP,S37.3
2026/09/01 15:46:25,14563116,01,TEMP,S37.4
2026/09/01 15:46:25,14563118,OK:01,TEMP,S37.4
2026/09/01 15:46:26,14564130,01,MON?
2026/09/01 15:46:26,14564137,38.0,,CONSTANT,0
2026/09/01 15:46:31,14569200,01,TEMP,S37.5
2026/09/01 15:46:31,14569207,OK:01,TEMP,S37.5
2026/09/01 15:46:36,14574269,01,MON?
2026/09/01 15:46:36,14574271,37.5,,CONSTANT,0
2026/09/01 15:46:36,14574278,01,TEMP,S37.6
2026/09/01 15:46:36,14574286,OK:01,TEMP,S37.6
2026/09/01 15:46:42,14580354,01,TEMP,S37.7
2026/09/01 15:46:42,14580356,OK:01,TEMP,S37.7
2026/09/01 15:46:46,14584410,01,MON?
2026/09/01 15:46:46,14584418,38.5,,CONSTANT,0
2026/09/01 15:46:48,14586438,01,TEMP,S37.8
2026/09/01 15:46:48,14586440,OK:01,TEMP,S37.8
2026/09/01 15:46:54,14592521,01,TEMP,S37.9
2026/09/01 15:46:54,14592528,OK:01,TEMP,S37.9
2026/09/01 15:46:56,14594550,01,MON?
2026/09/01 15:46:56,14594552,37.5,,CONSTANT,0
2026/09/01 15:47:00,14598606,01,TEMP,S38.0
2026/09/01 15:47:00,14598608,OK:01,TEMP,S38.0
2026/09/01 15:47:06,14604690,01,MON?
2026/09/01 15:47:06,14604691,38.2,,CONSTANT,0
2026/09/01 15:47:06,14604695,01,TEMP,S38.1
2026/09/01 15:47:06,14604699,OK:01,TEMP,S38.1
2026/09/01 15:47:12,14610773,01,TEMP,S38.2
2026/09/01 15:47:12,14610774,OK:01,TEMP,S38.2
2026/09/01 15:47:16,14614830,01,MON?
2026/09/01 15:47:16,14614832,37.7,,CONSTANT,0
2026/09/01 15:47:18,14616858,01,TEMP,S38.3
2026/09/01 15:47:18,14616860,OK:01,TEMP,S38.3
2026/09/01 15:47:24,14622942,01,TEMP,S38.4
2026/09/01 15:47:24,14622944,OK:01,TEMP,S38.4
2026/09/01 15:47:26,14624970,01,MON?
2026/09/01 15:47:26,14624972,38.6,,CONSTANT,0
2026/09/01 15:47:31,14629026,01,TEMP,S38.5
2026/09/01 15:47:31,14629028,OK:01,TEMP,S38.5
2026/09/01 15:47:37,14635117,01,MON?
2026/09/01 15:47:37,14635118,38.5,,CONSTANT,0
2026/09/01 15:47:37,14635122,01,TEMP,S38.6
2026/09/01 15:47:37,14635126,OK:01,TEMP,S38.6
2026/09/01 15:47:43,14641193,01,TEMP,S38.7
2026/09/01 15:47:43,14641193,OK:01,TEMP,S38.7
2026/09/01 15:47:47,14645249,01,MON?
2026/09/01 15:47:47,14645250,39.1,,CONSTANT,0
2026/09/01 15:47:49,14647278,01,TEMP,S38.8
2026/09/01 15:47:49,14647280,OK:01,TEMP,S38.8
2026/09/01 15:47:54,14652348,01,TEMP,S38.9
2026/09/01 15:47:54,14652355,OK:01,TEMP,S38.9
2026/09/01 15:47:57,14655390,01,MON?
2026/09/01 15:47:57,14655398,37.9,,CONSTANT,0
2026/09/01 15:48:00,14658431,01,TEMP,S39.0
2026/09/01 15:48:00,14658433,OK:01,TEMP,S39.0
2026/09/01 15:48:06,14664516,01,TEMP,S39.1
2026/09/01 15:48:06,14664523,OK:01,TEMP,S39.1
2026/09/01 15:48:07,14665530,01,MON?
2026/09/01 15:48:07,14665532,39.9,,CONSTANT,0
2026/09/01 15:48:12,14670600,01,TEMP,S39.2
2026/09/01 15:48:12,14670600,OK:01,TEMP,S39.2
2026/09/01 15:48:17,14675670,01,MON?
2026/09/01 15:48:17,14675672,39.7,,CONSTANT,0
2026/09/01 15:48:18,14676684,01,TEMP,S39.3
2026/09/01 15:48:18,14676693,OK:01,TEMP,S39.3
2026/09/01 15:48:24,14682768,01,TEMP,S39.4
2026/09/01 15:48:24,14682770,OK:01,TEMP,S39.4
2026/09/01 15:48:27,14685810,01,MON?
2026/09/01 15:48:27,14685812,39.0,,CONSTANT,0
2026/09/01 15:48:30,14688852,01,TEMP,S39.5
2026/09/01 15:48:30,14688854,OK:01,TEMP,S39.5
2026/09/01 15:48:36,14694936,01,TEMP,S39.6
2026/09/01 15:48:36,14694943,OK:01,TEMP,S39.6
2026/09/01 15:48:37,14695950,01,MON?
2026/09/01 15:48:37,14695957,38.7,,CONSTANT,0
2026/09/01 15:48:43,14701021,01,TEMP,S39.7
2026/09/01 15:48:43,14701023,OK:01,TEMP,S39.7
2026/09/01 15:48:48,14706090,01,MON?
2026/09/01 15:48:48,14706097,39.9,,CONSTANT,0
2026/09/01 15:48:49,14707105,01,TEMP,S39.8
2026/09/01 15:48:49,14707113,OK:01,TEMP,S39.8
2026/09/01 15:48:55,14713189,01,TEMP,S39.9
2026/09/01 15:48:55,14713196,OK:01,TEMP,S39.9
2026/09/01 15:48:58,14716231,01,MON?
2026/09/01 15:48:58,14716233,39.8,,CONSTANT,0
2026/09/01 15:49:01,14719272,01,TEMP,S40.0
2026/09/01 15:49:01,14719279,OK:01,TEMP,S40.0
2026/09/01 15:49:06,14724343,01,TEMP,S40.1
2026/09/01 15:49:06,14724344,OK:01,TEMP,S40.1
2026/09/01 15:49:08,14726370,01,MON?
2026/09/01 15:49:08,14726371,40.9,,CONSTANT,0
2026/09/01 15:49:12,14730426,01,TEMP,S40.2
2026/09/01 15:49:12,14730433,OK:01,TEMP,S40.2
2026/09/01 15:49:18,14736511,01,MON?
2026/09/01 15:49:18,14736519,41.1,,CONSTANT,0
2026/09/01 15:49:18,14736525,01,TEMP,S40.3
2026/09/01 15:49:18,14736532,OK:01,TEMP,S40.3
2026/09/01 15:49:24,14742595,01,TEMP,S40.4
2026/09/01 15:49:24,14742596,OK:01,TEMP,S40.4
2026/09/01 15:49:28,14746650,01,MON?
2026/09/01 15:49:28,14746652,40.5,,CONSTANT,0
2026/09/01 15:49:30,14748678,01,TEMP,S40.5
2026/09/01 15:49:30,14748680,OK:01,TEMP,S40.5
2026/09/01 15:49:36,14754763,01,TEMP,S40.6
2026/09/01 15:49:36,14754772,OK:01,TEMP,S40.6
2026/09/01 15:49:38,14756791,01,MON?
2026/09/01 15:49:38,14756793,41.2,,CONSTANT,0
2026/09/01 15:49:42,14760847,01,TEMP,S40.7
2026/09/01 15:49:42,14760849,OK:01,TEMP,S40.7
2026/09/01 15:49:48,14766930,01,MON?
2026/09/01 15:49:48,14766932,40.5,,CONSTANT,0
2026/09/01 15:49:48,14766939,01,TEMP,S40.8
2026/09/01 15:49:48,14766946,OK:01,TEMP,S40.8
2026/09/01 15:49:55,14773015,01,TEMP,S40.9
2026/09/01 15:49:55,14773017,OK:01,TEMP,S40.9
2026/09/01 15:49:59,14777071,01,MON?
2026/09/01 15:49:59,14777072,40.0,,CONSTANT,0
2026/09/01 15:50:01,14779099,01,TEMP,S41.0
2026/09/01 15:50:01,14779101,OK:01,TEMP,S41.0
2026/09/01 15:50:07,14785182,01,TEMP,S41.1
2026/09/01 15:50:07,14785185,OK:01,TEMP,S41.1
2026/09/01 15:50:09,14787211,01,MON?
2026/09/01 15:50:09,14787213,41.8,,CONSTANT,0
2026/09/01 15:50:13,14791267,01,TEMP,S41.2
2026/09/01 15:50:13,14791269,OK:01,TEMP,S41.2
2026/09/01 15:50:19,14797350,01,MON?
2026/09/01 15:50:19,14797352,41.1,,CONSTANT,0
2026/09/01 15:50:19,14797359,01,TEMP,S41.3
2026/09/01 15:50:19,14797366,OK:01,TEMP,S41.3
2026/09/01 15:50:24,14802420,01,TEMP,S41.4
2026/09/01 15:50:24,14802422,OK:01,TEMP,S41.4
2026/09/01 15:50:29,14807491,01,MON?
2026/09/01 15:50:29,14807498,41.8,,CONSTANT,0
2026/09/01 15:50:30,14808505,01,TEMP,S41.5
2026/09/01 15:50:30,14808514,OK:01,TEMP,S41.5
2026/09/01 15:50:36,14814589,01,TEMP,S41.6
2026/09/01 15:50:36,14814596,OK:01,TEMP,S41.6
2026/09/01 15:50:39,14817630,01,MON?
2026/09/01 15:50:39,14817631,41.4,,CONSTANT,0
2026/09/01 15:50:42,14820672,01,TEMP,S41.7
2026/09/01 15:50:42,14820673,OK:01,TEMP,S41.7
2026/09/01 15:50:48,14826757,01,TEMP,S41.8
2026/09/01 15:50:48,14826764,OK:01,TEMP,S41.8
2026/09/01 15:50:49,14827771,01,MON?
2026/09/01 15:50:49,14827782,40.9,,CONSTANT,0
2026/09/01 15:50:54,14832841,01,TEMP,S41.9
2026/09/01 15:50:54,14832843,OK:01,TEMP,S41.9
2026/09/01 15:50:59,14837910,01,MON?
2026/09/01 15:50:59,14837912,42.7,,CONSTANT,0
2026/09/01 15:51:00,14838925,01,TEMP,S42.0
2026/09/01 15:51:00,14838933,OK:01,TEMP,S42.0
2026/09/01 15:51:07,14845009,01,TEMP,S42.1
2026/09/01 15:51:07,14845017,OK:01,TEMP,S42.1
2026/09/01 15:51:10,14848051,01,MON?
2026/09/01 15:51:10,14848053,41.2,,CONSTANT,0
2026/09/01 15:51:13,14851093,01,TEMP,S42.2
2026/09/01 15:51:13,14851100,OK:01,TEMP,S42.2
2026/09/01 15:51:19,14857177,01,TEMP,S42.3
2026/09/01 15:51:19,14857179,OK:01,TEMP,S42.3
2026/09/01 15:51:20,14858192,01,MON?
2026/09/01 15:51:20,14858202,41.9,,CONSTANT,0
2026/09/01 15:51:25,14863262,01,TEMP,S42.4
2026/09/01 15:51:25,14863266,OK:01,TEMP,S42.4
2026/09/01 15:51:30,14868331,01,MON?
2026/09/01 15:51:30,14868333,43.2,,CONSTANT,0
2026/09/01 15:51:31,14869346,01,TEMP,S42.5
2026/09/01 15:51:31,14869349,OK:01,TEMP,S42.5
2026/09/01 15:51:36,14874417,01,TEMP,S42.6
2026/09/01 15:51:36,14874419,OK:01,TEMP,S42.6
2026/09/01 15:51:40,14878471,01,MON?
2026/09/01 15:51:40,14878478,41.9,,CONSTANT,0
2026/09/01 15:51:42,14880500,01,TEMP,S42.7
2026/09/01 15:51:42,14880502,OK:01,TEMP,S42.7
2026/09/01 15:51:48,14886583,01,TEMP,S42.8
2026/09/01 15:51:48,14886591,OK:01,TEMP,S42.8
2026/09/01 15:51:50,14888611,01,MON?
2026/09/01 15:51:50,14888613,42.2,,CONSTANT,0
2026/09/01 15:51:54,14892668,01,TEMP,S42.9
2026/09/01 15:51:54,14892670,OK:01,TEMP,S42.9
2026/09/01 15:52:00,14898752,01,MON?
2026/09/01 15:52:00,14898754,42.0,,CONSTANT,0
2026/09/01 15:52:00,14898761,01,TEMP,S43.0
2026/09/01 15:52:00,14898768,OK:01,TEMP,S43.0
2026/09/01 15:52:06,14904835,01,TEMP,S43.1
2026/09/01 15:52:06,14904837,OK:01,TEMP,S43.1
2026/09/01 15:52:10,14908892,01,MON?
2026/09/01 15:52:10,14908894,42.8,,CONSTANT,0
2026/09/01 15:52:12,14910920,01,TEMP,S43.2
2026/09/01 15:52:12,14910922,OK:01,TEMP,S43.2
2026/09/01 15:52:19,14917004,01,TEMP,S43.3
2026/09/01 15:52:19,14917010,OK:01,TEMP,S43.3
2026/09/01 15:52:21,14919032,01,MON?
2026/09/01 15:52:21,14919033,42.6,,CONSTANT,0
2026/09/01 15:52:25,14923087,01,TEMP,S43.4
2026/09/01 15:52:25,14923089,OK:01,TEMP,S43.4
2026/09/01 15:52:31,14929172,01,MON?
2026/09/01 15:52:31,14929174,43.7,,CONSTANT,0
2026/09/01 15:52:31,14929185,01,TEMP,S43.5
2026/09/01 15:52:31,14929192,OK:01,TEMP,S43.5
2026/09/01 15:52:37,14935256,01,TEMP,S43.6
2026/09/01 15:52:37,14935258,OK:01,TEMP,S43.6
2026/09/01 15:52:41,14939312,01,MON?
2026/09/01 15:52:41,14939314,44.5,,CONSTANT,0
2026/09/01 15:52:43,14941340,01,TEMP,S43.7
2026/09/01 15:52:43,14941342,OK:01,TEMP,S43.7
2026/09/01 15:52:48,14946410,01,TEMP,S43.8
2026/09/01 15:52:48,14946417,OK:01,TEMP,S43.8
2026/09/01 15:52:51,14949452,01,MON?
2026/09/01 15:52:51,14949460,44.4,,CONSTANT,0
2026/09/01 15:52:54,14952494,01,TEMP,S43.9
2026/09/01 15:52:54,14952496,OK:01,TEMP,S43.9
2026/09/01 15:53:00,14958577,01,TEMP,S44.0
2026/09/01 15:53:00,14958587,OK:01,TEMP,S44.0
2026/09/01 15:53:01,14959591,01,MON?
2026/09/01 15:53:01,14959600,44.2,,CONSTANT,0
2026/09/01 15:53:06,14964662,01,TEMP,S44.1
2026/09/01 15:53:06,14964664,OK:01,TEMP,S44.1
2026/09/01 15:53:11,14969732,01,MON?
2026/09/01 15:53:11,14969734,43.5,,CONSTANT,0
2026/09/01 15:53:12,14970746,01,TEMP,S44.2
2026/09/01 15:53:12,14970755,OK:01,TEMP,S44.2
2026/09/01 15:53:18,14976829,01,TEMP,S44.3
2026/09/01 15:53:18,14976836,OK:01,TEMP,S44.3
2026/09/01 15:53:21,14979872,01,MON?
2026/09/01 15:53:21,14979872,45.1,,CONSTANT,0
2026/09/01 15:53:24,14982914,01,TEMP,S44.4
2026/09/01 15:53:24,14982916,OK:01,TEMP,S44.4
2026/09/01 15:53:31,14988998,01,TEMP,S44.5
2026/09/01 15:53:31,14989006,OK:01,TEMP,S44.5
2026/09/01 15:53:32,14990012,01,MON?
2026/09/01 15:53:32,14990021,44.7,,CONSTANT,0
2026/09/01 15:53:37,14995081,01,TEMP,S44.6
2026/09/01 15:53:37,14995085,OK:01,TEMP,S44.6
2026/09/01 15:53:42,15000152,01,MON?
2026/09/01 15:53:42,15000154,43.9,,CONSTANT,0
2026/09/01 15:53:43,15001166,01,TEMP,S44.7
2026/09/01 15:53:43,15001175,OK:01,TEMP,S44.7
2026/09/01 15:53:49,15007250,01,TEMP,S44.8
2026/09/01 15:53:49,15007258,OK:01,TEMP,S44.8
2026/09/01 15:53:52,15010292,01,MON?
2026/09/01 15:53:52,15010294,45.4,,CONSTANT,0
2026/09/01 15:53:55,15013334,01,TEMP,S44.9
2026/09/01 15:53:55,15013341,OK:01,TEMP,S44.9
2026/09/01 15:54:01,15019418,01,TEMP,S45.0
2026/09/01 15:54:01,15019420,OK:01,TEMP,S45.0
2026/09/01 15:54:02,15020433,01,MON?
2026/09/01 15:54:02,15020442,44.4,,CONSTANT,0
2026/09/01 15:54:06,15024488,01,TEMP,S45.1
2026/09/01 15:54:06,15024495,OK:01,TEMP,S45.1
2026/09/01 15:54:12,15030573,01,MON?
2026/09/01 15:54:12,15030575,44.7,,CONSTANT,0
2026/09/01 15:54:12,15030582,01,TEMP,S45.2
2026/09/01 15:54:12,15030588,OK:01,TEMP,S45.2
2026/09/01 15:54:18,15036656,01,TEMP,S45.3
2026/09/01 15:54:18,15036658,OK:01,TEMP,S45.3
2026/09/01 15:54:22,15040713,01,MON?
2026/09/01 15:54:22,15040714,44.8,,CONSTANT,0
2026/09/01 15:54:24,15042740,01,TEMP,S45.4
2026/09/01 15:54:24,15042742,OK:01,TEMP,S45.4
2026/09/01 15:54:30,15048825,01,TEMP,S45.5
2026/09/01 15:54:30,15048825,OK:01,TEMP,S45.5
2026/09/01 15:54:32,15050853,01,MON?
2026/09/01 15:54:32,15050854,44.6,,CONSTANT,0
2026/09/01 15:54:36,15054909,01,TEMP,S45.6
2026/09/01 15:54:36,15054911,OK:01,TEMP,S45.6
2026/09/01 15:54:43,15060992,01,MON?
2026/09/01 15:54:43,15060994,45.5,,CONSTANT,0
2026/09/01 15:54:43,15061001,01,TEMP,S45.7
2026/09/01 15:54:43,15061007,OK:01,TEMP,S45.7
2026/09/01 15:54:49,15067077,01,TEMP,S45.8
2026/09/01 15:54:49,15067077,OK:01,TEMP,S45.8
2026/09/01 15:54:53,15071133,01,MON?
2026/09/01 15:54:53,15071135,45.2,,CONSTANT,0
2026/09/01 15:54:55,15073161,01,TEMP,S45.9
2026/09/01 15:54:55,15073163,OK:01,TEMP,S45.9
2026/09/01 15:55:01,15079245,01,TEMP,S46.0
2026/09/01 15:55:01,15079252,OK:01,TEMP,S46.0
2026/09/01 15:55:03,15081272,01,MON?
2026/09/01 15:55:03,15081274,45.7,,CONSTANT,0
2026/09/01 15:55:07,15085329,01,TEMP,S46.1
2026/09/01 15:55:07,15085331,OK:01,TEMP,S46.1
2026/09/01 15:55:13,15091413,01,MON?
2026/09/01 15:55:13,15091415,45.4,,CONSTANT,0
2026/09/01 15:55:13,15091422,01,TEMP,S46.2
2026/09/01 15:55:13,15091427,OK:01,TEMP,S46.2
2026/09/01 15:55:18,15096483,01,TEMP,S46.3
2026/09/01 15:55:18,15096485,OK:01,TEMP,S46.3
2026/09/01 15:55:23,15101553,01,MON?
2026/09/01 15:55:23,15101555,45.6,,CONSTANT,0
2026/09/01 15:55:24,15102567,01,TEMP,S46.4
2026/09/01 15:55:24,15102575,OK:01,TEMP,S46.4
2026/09/01 15:55:30,15108651,01,TEMP,S46.5
2026/09/01 15:55:30,15108658,OK:01,TEMP,S46.5
2026/09/01 15:55:33,15111692,01,MON?
2026/09/01 15:55:33,15111694,47.1,,CONSTANT,0
2026/09/01 15:55:36,15114734,01,TEMP,S46.6
2026/09/01 15:55:36,15114736,OK:01,TEMP,S46.6
2026/09/01 15:55:42,15120819,01,TEMP,S46.7
2026/09/01 15:55:42,15120826,OK:01,TEMP,S46.7
2026/09/01 15:55:43,15121833,01,MON?
2026/09/01 15:55:43,15121835,46.5,,CONSTANT,0
2026/09/01 15:55:48,15126903,01,TEMP,S46.8
2026/09/01 15:55:48,15126905,OK:01,TEMP,S46.8
2026/09/01 15:55:53,15131972,01,MON?
2026/09/01 15:55:53,15131974,46.0,,CONSTANT,0
2026/09/01 15:55:55,15132986,01,TEMP,S46.9
2026/09/01 15:55:55,15132994,OK:01,TEMP,S46.9
2026/09/01 15:56:01,15139071,01,TEMP,S47.0
2026/09/01 15:56:01,15139078,OK:01,TEMP,S47.0
2026/09/01 15:56:04,15142113,01,MON?
2026/09/01 15:56:04,15142115,47.3,,CONSTANT,0
2026/09/01 15:56:07,15145155,01,TEMP,S47.1
2026/09/01 15:56:07,15145162,OK:01,TEMP,S47.1
2026/09/01 15:56:13,15151238,01,TEMP,S47.2
2026/09/01 15:56:13,15151240,OK:01,TEMP,S47.2
2026/09/01 15:56:14,15152252,01,MON?
2026/09/01 15:56:14,15152259,47.2,,CONSTANT,0
2026/09/01 15:56:19,15157323,01,TEMP,S47.3
2026/09/01 15:56:19,15157325,OK:01,TEMP,S47.3
2026/09/01 15:56:24,15162393,01,MON?
2026/09/01 15:56:24,15162395,46.7,,CONSTANT,0
2026/09/01 15:56:25,15163407,01,TEMP,S47.4
2026/09/01 15:56:25,15163416,OK:01,TEMP,S47.4
2026/09/01 15:56:31,15169491,01,TEMP,S47.5
2026/09/01 15:56:31,15169498,OK:01,TEMP,S47.5
2026/09/01 15:56:34,15172533,01,MON?
2026/09/01 15:56:34,15172535,47.0,,CONSTANT,0
2026/09/01 15:56:36,15174562,01,TEMP,S47.6
2026/09/01 15:56:36,15174569,OK:01,TEMP,S47.6
2026/09/01 15:56:42,15180646,01,TEMP,S47.7
2026/09/01 15:56:42,15180653,OK:01,TEMP,S47.7
2026/09/01 15:56:44,15182674,01,MON?
2026/09/01 15:56:44,15182682,48.5,,CONSTANT,0
2026/09/01 15:56:48,15186729,01,TEMP,S47.8
2026/09/01 15:56:48,15186731,OK:01,TEMP,S47.8
2026/09/01 15:56:54,15192814,01,MON?
2026/09/01 15:56:54,15192816,47.9,,CONSTANT,0
2026/09/01 15:56:54,15192823,01,TEMP,S47.9
2026/09/01 15:56:54,15192829,OK:01,TEMP,S47.9
2026/09/01 15:57:00,15198897,01,TEMP,S48.0
2026/09/01 15:57:00,15198899,OK:01,TEMP,S48.0
2026/09/01 15:57:04,15202953,01,MON?
2026/09/01 15:57:04,15202955,47.7,,CONSTANT,0
2026/09/01 15:57:06,15204981,01,TEMP,S48.1
2026/09/01 15:57:06,15204983,OK:01,TEMP,S48.1
2026/09/01 15:57:13,15211066,01,TEMP,S48.2
2026/09/01 15:57:13,15211069,OK:01,TEMP,S48.2
2026/09/01 15:57:15,15213094,01,MON?
2026/09/01 15:57:15,15213101,48.2,,CONSTANT,0
2026/09/01 15:57:19,15217150,01,TEMP,S48.3
2026/09/01 15:57:19,15217151,OK:01,TEMP,S48.3
2026/09/01 15:57:25,15223234,01,MON?
2026/09/01 15:57:25,15223239,49.0,,CONSTANT,0
2026/09/01 15:57:25,15223247,01,TEMP,S48.4
2026/09/01 15:57:25,15223254,OK:01,TEMP,S48.4
2026/09/01 15:57:31,15229318,01,TEMP,S48.5
2026/09/01 15:57:31,15229319,OK:01,TEMP,S48.5
2026/09/01 15:57:35,15233374,01,MON?
2026/09/01 15:57:35,15233376,47.9,,CONSTANT,0
2026/09/01 15:57:37,15235402,01,TEMP,S48.6
2026/09/01 15:57:37,15235404,OK:01,TEMP,S48.6
2026/09/01 15:57:43,15241486,01,TEMP,S48.7
2026/09/01 15:57:43,15241493,OK:01,TEMP,S48.7
2026/09/01 15:57:45,15243514,01,MON?
2026/09/01 15:57:45,15243515,48.9,,CONSTANT,0
2026/09/01 15:57:48,15246556,01,TEMP,S48.8
2026/09/01 15:57:48,15246558,OK:01,TEMP,S48.8
2026/09/01 15:57:54,15252640,01,TEMP,S48.9
2026/09/01 15:57:54,15252647,OK:01,TEMP,S48.9
2026/09/01 15:57:55,15253654,01,MON?
2026/09/01 15:57:55,15253662,49.5,,CONSTANT,0
2026/09/01 15:58:00,15258724,01,TEMP,S49.0
2026/09/01 15:58:00,15258726,OK:01,TEMP,S49.0
2026/09/01 15:58:05,15263794,01,MON?
2026/09/01 15:58:05,15263796,48.1,,CONSTANT,0
2026/09/01 15:58:06,15264809,01,TEMP,S49.1
2026/09/01 15:58:06,15264825,OK:01,TEMP,S49.1
2026/09/01 15:58:12,15270895,01,TEMP,S49.2
2026/09/01 15:58:12,15270903,OK:01,TEMP,S49.2
2026/09/01 15:58:15,15273933,01,MON?
2026/09/01 15:58:15,15273935,48.5,,CONSTANT,0
2026/09/01 15:58:18,15276976,01,TEMP,S49.3
2026/09/01 15:58:18,15276978,OK:01,TEMP,S49.3
2026/09/01 15:58:25,15283060,01,TEMP,S49.4
2026/09/01 15:58:25,15283062,OK:01,TEMP,S49.4
2026/09/01 15:58:26,15284074,01,MON?
2026/09/01 15:58:26,15284082,48.5,,CONSTANT,0
2026/09/01 15:58:31,15289143,01,TEMP,S49.5
2026/09/01 15:58:31,15289150,OK:01,TEMP,S49.5
2026/09/01 15:58:36,15294214,01,MON?
2026/09/01 15:58:36,15294216,48.5,,CONSTANT,0
2026/09/01 15:58:37,15295228,01,TEMP,S49.6
2026/09/01 15:58:37,15295237,OK:01,TEMP,S49.6
2026/09/01 15:58:43,15301312,01,TEMP,S49.7
2026/09/01 15:58:43,15301314,OK:01,TEMP,S49.7
2026/09/01 15:58:46,15304354,01,MON?
2026/09/01 15:58:46,15304356,49.3,,CONSTANT,0
2026/09/01 15:58:49,15307396,01,TEMP,S49.8
2026/09/01 15:58:49,15307403,OK:01,TEMP,S49.8
2026/09/01 15:58:55,15313480,01,TEMP,S49.9
2026/09/01 15:58:55,15313481,OK:01,TEMP,S49.9
2026/09/01 15:58:56,15314494,01,MON?
2026/09/01 15:58:56,15314503,50.5,,CONSTANT,0
2026/09/01 15:59:01,15319564,01,TEMP,S50.0
2026/09/01 15:59:01,15319566,OK:01,TEMP,S50.0
2026/09/01 15:59:06,15324635,01,MON?
2026/09/01 15:59:06,15324637,50.0,,CONSTANT,0
2026/09/01 15:59:06,15324644,01,TEMP,S50.1
2026/09/01 15:59:06,15324651,OK:01,TEMP,S50.1
2026/09/01 15:59:12,15330718,01,TEMP,S50.2
2026/09/01 15:59:12,15330720,OK:01,TEMP,S50.2
2026/09/01 15:59:16,15334775,01,MON?
2026/09/01 15:59:16,15334777,49.9,,CONSTANT,0
2026/09/01 15:59:18,15336802,01,TEMP,S50.3
2026/09/01 15:59:18,15336804,OK:01,TEMP,S50.3
2026/09/01 15:59:24,15342886,01,TEMP,S50.4
2026/09/01 15:59:24,15342888,OK:01,TEMP,S50.4
2026/09/01 15:59:26,15344914,01,MON?
2026/09/01 15:59:26,15344916,49.7,,CONSTANT,0
2026/09/01 15:59:30,15348971,01,TEMP,S50.5
2026/09/01 15:59:30,15348973,OK:01,TEMP,S50.5
2026/09/01 15:59:37,15355054,01,MON?
2026/09/01 15:59:37,15355056,51.5,,CONSTANT,0
2026/09/01 15:59:37,15355063,01,TEMP,S50.6
2026/09/01 15:59:37,15355070,OK:01,TEMP,S50.6
2026/09/01 15:59:43,15361138,01,TEMP,S50.7
2026/09/01 15:59:43,15361140,OK:01,TEMP,S50.7
2026/09/01 15:59:47,15365195,01,MON?
2026/09/01 15:59:47,15365197,50.3,,CONSTANT,0
2026/09/01 15:59:49,15367223,01,TEMP,S50.8
2026/09/01 15:59:49,15367225,OK:01,TEMP,S50.8
2026/09/01 15:59:55,15373307,01,TEMP,S50.9
2026/09/01 15:59:55,15373309,OK:01,TEMP,S50.9
2026/09/01 15:59:57,15375334,01,MON?
2026/09/01 15:59:57,15375336,51.8,,CONSTANT,0
