2026/09/01 18:00:03,22581706,01,MON?
2026/09/01 18:00:03,22581742,18.6,,CONSTANT,0
2026/09/01 18:00:04,22582720,01,TEMP,S18.9
2026/09/01 18:00:04,22582722,OK:01,TEMP,S18.9
2026/09/01 18:00:10,22588805,01,TEMP,S19.0
2026/09/01 18:00:10,22588810,OK:01,TEMP,S19.0
2026/09/01 18:00:13,22591847,01,MON?
2026/09/01 18:00:13,22591848,18.0,,CONSTANT,0
2026/09/01 18:00:16,22594890,01,TEMP,S19.1
2026/09/01 18:00:16,22594891,OK:01,TEMP,S19.1
2026/09/01 18:00:22,22600973,01,TEMP,S19.2
2026/09/01 18:00:22,22600974,OK:01,TEMP,S19.2
2026/09/01 18:00:24,22601988,01,MON?
2026/09/01 18:00:24,22601989,19.0,,CONSTANT,0
2026/09/01 18:00:29,22607058,01,TEMP,S19.3
2026/09/01 18:00:29,22607060,OK:01,TEMP,S19.3
2026/09/01 18:00:34,22612128,01,MON?
2026/09/01 18:00:34,22612129,20.3,,CONSTANT,0
2026/09/01 18:00:35,22613142,01,TEMP,S19.4
2026/09/01 18:00:35,22613144,OK:01,TEMP,S19.4
2026/09/01 18:00:41,22619226,01,TEMP,S19.5
2026/09/01 18:00:41,22619229,OK:01,TEMP,S19.5
2026/09/01 18:00:44,22622268,01,MON?
2026/09/01 18:00:44,22622269,19.5,,CONSTANT,0
2026/09/01 18:00:47,22625309,01,TEMP,S19.6
2026/09/01 18:00:47,22625314,OK:01,TEMP,S19.6
2026/09/01 18:00:53,22631393,01,TEMP,S19.7
2026/09/01 18:00:53,22631394,OK:01,TEMP,S19.7
2026/09/01 18:00:54,22632422,01,MON?
2026/09/01 18:00:54,22632423,19.7,,CONSTANT,0
2026/09/01 18:00:59,22637478,01,TEMP,S19.8
2026/09/01 18:00:59,22637481,OK:01,TEMP,S19.8
2026/09/01 18:01:04,22642548,01,MON?
2026/09/01 18:01:04,22642549,19.7,,CONSTANT,0
2026/09/01 18:01:04,22642550,01,TEMP,S19.9
2026/09/01 18:01:04,22642550,OK:01,TEMP,S19.9
2026/09/01 18:01:10,22648631,01,TEMP,S20.0
2026/09/01 18:01:10,22648633,OK:01,TEMP,S20.0
2026/09/01 18:01:14,22652688,01,MON?
2026/09/01 18:01:14,22652689,20.0,,CONSTANT,0
2026/09/01 18:01:16,22654717,01,TEMP,S20.1
2026/09/01 18:01:16,22654720,OK:01,TEMP,S20.1
2026/09/01 18:01:22,22660799,01,TEMP,S20.2
2026/09/01 18:01:22,22660802,OK:01,TEMP,S20.2
2026/09/01 18:01:24,22662827,01,MON?
2026/09/01 18:01:24,22662828,20.3,,CONSTANT,0
2026/09/01 18:01:28,22666884,01,TEMP,S20.3
2026/09/01 18:01:28,22666885,OK:01,TEMP,S20.3
2026/09/01 18:01:34,22672968,01,MON?
2026/09/01 18:01:34,22672968,21.1,,CONSTANT,0
2026/09/01 18:01:34,22672969,01,TEMP,S20.4
2026/09/01 18:01:34,22672969,OK:01,TEMP,S20.4
2026/09/01 18:01:41,22679053,01,TEMP,S20.5
2026/09/01 18:01:41,22679055,OK:01,TEMP,S20.5
2026/09/01 18:01:45,22683107,01,MON?
2026/09/01 18:01:45,22683108,21.0,,CONSTANT,0
2026/09/01 18:01:47,22685137,01,TEMP,S20.6
2026/09/01 18:01:47,22685141,OK:01,TEMP,S20.6
2026/09/01 18:01:53,22691220,01,TEMP,S20.7
2026/09/01 18:01:53,22691225,OK:01,TEMP,S20.7
2026/09/01 18:01:55,22693248,01,MON?
2026/09/01 18:01:55,22693249,21.6,,CONSTANT,0
2026/09/01 18:01:59,22697304,01,TEMP,S20.8
2026/09/01 18:01:59,22697305,OK:01,TEMP,S20.8
2026/09/01 18:02:05,22703387,01,MON?
2026/09/01 18:02:05,22703387,21.3,,CONSTANT,0
2026/09/01 18:02:05,22703388,01,TEMP,S20.9
2026/09/01 18:02:05,22703388,OK:01,TEMP,S20.9
2026/09/01 18:02:11,22709472,01,TEMP,S21.0
2026/09/01 18:02:11,22709474,OK:01,TEMP,S21.0
2026/09/01 18:02:15,22713528,01,MON?
2026/09/01 18:02:15,22713529,21.0,,CONSTANT,0
2026/09/01 18:02:16,22714542,01,TEMP,S21.1
2026/09/01 18:02:16,22714543,OK:01,TEMP,S21.1
2026/09/01 18:02:22,22720625,01,TEMP,S21.2
2026/09/01 18:02:22,22720631,OK:01,TEMP,S21.2
2026/09/01 18:02:25,22723668,01,MON?
2026/09/01 18:02:25,22723669,20.4,,CONSTANT,0
2026/09/01 18:02:28,22726715,01,TEMP,S21.3
2026/09/01 18:02:28,22726716,OK:01,TEMP,S21.3
2026/09/01 18:02:34,22732794,01,TEMP,S21.4
2026/09/01 18:02:34,22732795,OK:01,TEMP,S21.4
2026/09/01 18:02:35,22733808,01,MON?
2026/09/01 18:02:35,22733809,20.7,,CONSTANT,0
2026/09/01 18:02:40,22738877,01,TEMP,S21.5
2026/09/01 18:02:40,22738878,OK:01,TEMP,S21.5
2026/09/01 18:02:45,22743948,01,MON?
2026/09/01 18:02:45,22743949,21.3,,CONSTANT,0
2026/09/01 18:02:46,22744963,01,TEMP,S21.6
2026/09/01 18:02:46,22744964,OK:01,TEMP,S21.6
2026/09/01 18:02:53,22751047,01,TEMP,S21.7
2026/09/01 18:02:53,22751048,OK:01,TEMP,S21.7
2026/09/01 18:02:56,22754089,01,MON?
2026/09/01 18:02:56,22754090,22.6,,CONSTANT,0
2026/09/01 18:02:59,22757132,01,TEMP,S21.8
2026/09/01 18:02:59,22757134,OK:01,TEMP,S21.8
2026/09/01 18:03:05,22763215,01,TEMP,S21.9
2026/09/01 18:03:05,22763216,OK:01,TEMP,S21.9
2026/09/01 18:03:06,22764229,01,MON?
2026/09/01 18:03:06,22764230,21.7,,CONSTANT,0
2026/09/01 18:03:11,22769299,01,TEMP,S22.0
2026/09/01 18:03:11,22769304,OK:01,TEMP,S22.0
2026/09/01 18:03:16,22774369,01,MON?
2026/09/01 18:03:16,22774370,22.6,,CONSTANT,0
2026/09/01 18:03:17,22775383,01,TEMP,S22.1
2026/09/01 18:03:17,22775384,OK:01,TEMP,S22.1
2026/09/01 18:03:23,22781466,01,TEMP,S22.2
2026/09/01 18:03:23,22781473,OK:01,TEMP,S22.2
2026/09/01 18:03:26,22784509,01,MON?
2026/09/01 18:03:26,22784510,21.2,,CONSTANT,0
2026/09/01 18:03:29,22787550,01,TEMP,S22.3
2026/09/01 18:03:29,22787551,OK:01,TEMP,S22.3
2026/09/01 18:03:34,22792621,01,TEMP,S22.4
2026/09/01 18:03:34,22792622,OK:01,TEMP,S22.4
2026/09/01 18:03:36,22794650,01,MON?
2026/09/01 18:03:36,22794651,22.9,,CONSTANT,0
2026/09/01 18:03:40,22798704,01,TEMP,S22.5
2026/09/01 18:03:40,22798705,OK:01,TEMP,S22.5
2026/09/01 18:03:46,22804789,01,MON?
2026/09/01 18:03:46,22804790,22.0,,CONSTANT,0
2026/09/01 18:03:46,22804790,01,TEMP,S22.6
2026/09/01 18:03:46,22804791,OK:01,TEMP,S22.6
2026/09/01 18:03:52,22810873,01,TEMP,S22.7
2026/09/01 18:03:52,22810874,OK:01,TEMP,S22.7
2026/09/01 18:03:56,22814930,01,MON?
2026/09/01 18:03:56,22814931,21.7,,CONSTANT,0
2026/09/01 18:03:58,22816958,01,TEMP,S22.8
2026/09/01 18:03:58,22816959,OK:01,TEMP,S22.8
2026/09/01 18:04:05,22823041,01,TEMP,S22.9
2026/09/01 18:04:05,22823045,OK:01,TEMP,S22.9
2026/09/01 18:04:07,22825069,01,MON?
2026/09/01 18:04:07,22825069,22.8,,CONSTANT,0
2026/09/01 18:04:11,22829126,01,TEMP,S23.0
2026/09/01 18:04:11,22829127,OK:01,TEMP,S23.0
2026/09/01 18:04:17,22835210,01,MON?
2026/09/01 18:04:17,22835211,23.5,,CONSTANT,0
2026/09/01 18:04:17,22835212,01,TEMP,S23.1
2026/09/01 18:04:17,22835213,OK:01,TEMP,S23.1
2026/09/01 18:04:23,22841292,01,TEMP,S23.2
2026/09/01 18:04:23,22841293,OK:01,TEMP,S23.2
2026/09/01 18:04:27,22845348,01,MON?
2026/09/01 18:04:27,22845349,23.0,,CONSTANT,0
2026/09/01 18:04:29,22847377,01,TEMP,S23.3
2026/09/01 18:04:29,22847378,OK:01,TEMP,S23.3
2026/09/01 18:04:35,22853462,01,TEMP,S23.4
2026/09/01 18:04:35,22853465,OK:01,TEMP,S23.4
2026/09/01 18:04:37,22855489,01,MON?
2026/09/01 18:04:37,22855490,23.3,,CONSTANT,0
2026/09/01 18:04:41,22859544,01,TEMP,S23.5
2026/09/01 18:04:41,22859545,OK:01,TEMP,S23.5
2026/09/01 18:04:46,22864615,01,TEMP,S23.6
2026/09/01 18:04:46,22864616,OK:01,TEMP,S23.6
2026/09/01 18:04:47,22865629,01,MON?
2026/09/01 18:04:47,22865630,22.8,,CONSTANT,0
2026/09/01 18:04:52,22870699,01,TEMP,S23.7
2026/09/01 18:04:52,22870700,OK:01,TEMP,S23.7
2026/09/01 18:04:57,22875769,01,MON?
2026/09/01 18:04:57,22875770,23.9,,CONSTANT,0
2026/09/01 18:04:58,22876782,01,TEMP,S23.8
2026/09/01 18:04:58,22876784,OK:01,TEMP,S23.8
2026/09/01 18:05:04,22882867,01,TEMP,S23.9
2026/09/01 18:05:04,22882872,OK:01,TEMP,S23.9
2026/09/01 18:05:07,22885909,01,MON?
2026/09/01 18:05:07,22885911,23.5,,CONSTANT,0
2026/09/01 18:05:10,22888951,01,TEMP,S24.0
2026/09/01 18:05:10,22888952,OK:01,TEMP,S24.0
2026/09/01 18:05:17,22895035,01,TEMP,S24.1
2026/09/01 18:05:17,22895035,OK:01,TEMP,S24.1
2026/09/01 18:05:18,22896049,01,MON?
2026/09/01 18:05:18,22896050,23.6,,CONSTANT,0
2026/09/01 18:05:23,22901119,01,TEMP,S24.2
2026/09/01 18:05:23,22901122,OK:01,TEMP,S24.2
2026/09/01 18:05:28,22906189,01,MON?
2026/09/01 18:05:28,22906190,24.2,,CONSTANT,0
2026/09/01 18:05:29,22907204,01,TEMP,S24.3
2026/09/01 18:05:29,22907205,OK:01,TEMP,S24.3
2026/09/01 18:05:35,22913288,01,TEMP,S24.4
2026/09/01 18:05:35,22913295,OK:01,TEMP,S24.4
2026/09/01 18:05:38,22916330,01,MON?
2026/09/01 18:05:38,22916334,24.0,,CONSTANT,0
2026/09/01 18:05:41,22919372,01,TEMP,S24.5
2026/09/01 18:05:41,22919376,OK:01,TEMP,S24.5
2026/09/01 18:05:47,22925456,01,TEMP,S24.6
2026/09/01 18:05:47,22925457,OK:01,TEMP,S24.6
2026/09/01 18:05:48,22926470,01,MON?
2026/09/01 18:05:48,22926472,25.4,,CONSTANT,0
2026/09/01 18:05:53,22931539,01,TEMP,S24.7
2026/09/01 18:05:53,22931543,OK:01,TEMP,S24.7
2026/09/01 18:05:58,22936610,01,MON?
2026/09/01 18:05:58,22936610,24.4,,CONSTANT,0
2026/09/01 18:05:58,22936611,01,TEMP,S24.8
2026/09/01 18:05:58,22936611,OK:01,TEMP,S24.8
2026/09/01 18:06:04,22942694,01,TEMP,S24.9
2026/09/01 18:06:04,22942695,OK:01,TEMP,S24.9
2026/09/01 18:06:08,22946750,01,MON?
2026/09/01 18:06:08,22946753,24.2,,CONSTANT,0
2026/09/01 18:06:10,22948778,01,TEMP,S25.0
2026/09/01 18:06:10,22948779,OK:01,TEMP,S25.0
2026/09/01 18:06:13,22951820,ÇoÇbÇ…ÇÊÇÈÅBÉâÉìÉvâ^ì]èIóπ
2026/09/01 18:06:13,22951823,01,TEMP,S25.0
2026/09/01 18:06:13,22951824,OK:01,TEMP,S25.0
2026/09/01 18:06:14,22952167,01,TEMP,S70.0
2026/09/01 18:06:14,22952169,OK:01,TEMP,S70.0
2026/09/01 18:06:14,22952170,01,MODE,CONSTANT
2026/09/01 18:06:14,22952172,OK:01,MODE,CONSTANT
2026/09/01 18:06:14,22952173,01,SET,REF0
2026/09/01 18:06:14,22952175,OK:01,SET,REF0
2026/09/01 18:06:19,22957239,01,MON?
2026/09/01 18:06:19,22957245,39.1,,CONSTANT,0
2026/09/01 18:06:29,22967379,01,MON?
2026/09/01 18:06:29,22967380,49.9,,CONSTANT,0
2026/09/01 18:06:39,22977519,01,MON?
2026/09/01 18:06:39,22977520,56.8,,CONSTANT,0
2026/09/01 18:06:49,22987658,01,MON?
2026/09/01 18:06:49,22987660,61.5,,CONSTANT,0
2026/09/01 18:06:59,22997797,01,MON?
2026/09/01 18:06:59,22997799,63.4,,CONSTANT,0
2026/09/01 18:07:09,23007939,01,MON?
2026/09/01 18:07:09,23007940,65.2,,CONSTANT,0
2026/09/01 18:07:20,23018078,01,MON?
2026/09/01 18:07:20,23018080,67.5,,CONSTANT,0
2026/09/01 18:07:30,23028218,01,MON?
2026/09/01 18:07:30,23028226,68.4,,CONSTANT,0
2026/09/01 18:07:40,23038358,01,MON?
2026/09/01 18:07:40,23038365,69.3,,CONSTANT,0
2026/09/01 18:07:50,23048499,01,MON?
2026/09/01 18:07:50,23048506,69.7,,CONSTANT,0
2026/09/01 18:08:00,23058640,01,MON?
2026/09/01 18:08:00,23058641,70.3,,CONSTANT,0
2026/09/01 18:08:10,23068778,01,MON?
2026/09/01 18:08:10,23068780,69.6,,CONSTANT,0
2026/09/01 18:08:20,23078918,01,MON?
2026/09/01 18:08:20,23078920,69.8,,CONSTANT,0
2026/09/01 18:08:31,23089058,01,MON?
2026/09/01 18:08:31,23089060,69.0,,CONSTANT,0
2026/09/01 18:08:41,23099198,01,MON?
2026/09/01 18:08:41,23099199,69.1,,CONSTANT,0
2026/09/01 18:08:51,23109339,01,MON?
2026/09/01 18:08:51,23109341,69.2,,CONSTANT,0
2026/09/01 18:09:01,23119475,01,MON?
2026/09/01 18:09:01,23119476,68.8,,CONSTANT,0
2026/09/01 18:09:11,23129620,01,MON?
2026/09/01 18:09:11,23129621,69.4,,CONSTANT,0
2026/09/01 18:09:21,23139759,01,MON?
2026/09/01 18:09:21,23139761,69.3,,CONSTANT,0
2026/09/01 18:09:31,23149899,01,MON?
2026/09/01 18:09:31,23149901,68.9,,CONSTANT,0
2026/09/01 18:09:42,23160039,01,MON?
2026/09/01 18:09:42,23160041,70.2,,CONSTANT,0
2026/09/01 18:09:52,23170179,01,MON?
2026/09/01 18:09:52,23170191,69.5,,CONSTANT,0
2026/09/01 18:10:02,23180335,01,MON?
2026/09/01 18:10:02,23180342,70.4,,CONSTANT,0
2026/09/01 18:10:12,23190471,01,MON?
2026/09/01 18:10:12,23190473,70.9,,CONSTANT,0
2026/09/01 18:10:14,23192500,01,TEMP,S70.0
2026/09/01 18:10:14,23192507,OK:01,TEMP,S70.0
2026/09/01 18:10:14,23192508,01,MODE,CONSTANT
2026/09/01 18:10:14,23192510,OK:01,MODE,CONSTANT
2026/09/01 18:10:14,23192511,01,SET,REF1
2026/09/01 18:10:14,23192512,OK:01,SET,REF1
2026/09/01 18:10:22,23200610,01,MON?
2026/09/01 18:10:22,23200612,69.4,,CONSTANT,0
2026/09/01 18:10:32,23210749,01,MON?
2026/09/01 18:10:32,23210751,70.0,,CONSTANT,0
2026/09/01 18:10:42,23220890,01,MON?
2026/09/01 18:10:42,23220892,69.7,,CONSTANT,0
2026/09/01 18:10:53,23231030,01,MON?
2026/09/01 18:10:53,23231031,70.4,,CONSTANT,0
2026/09/01 18:11:03,23241170,01,MON?
2026/09/01 18:11:03,23241172,70.6,,CONSTANT,0
2026/09/01 18:11:13,23251310,01,MON?
2026/09/01 18:11:13,23251312,69.5,,CONSTANT,0
2026/09/01 18:11:23,23261450,01,MON?
2026/09/01 18:11:23,23261451,70.6,,CONSTANT,0
2026/09/01 18:11:33,23271591,01,MON?
2026/09/01 18:11:33,23271593,69.6,,CONSTANT,0
2026/09/01 18:11:43,23281730,01,MON?
2026/09/01 18:11:43,23281732,70.7,,CONSTANT,0
2026/09/01 18:11:53,23291870,01,MON?
2026/09/01 18:11:53,23291872,69.0,,CONSTANT,0
2026/09/01 18:12:04,23302011,01,MON?
2026/09/01 18:12:04,23302012,69.5,,CONSTANT,0
2026/09/01 18:12:14,23312150,01,MON?
2026/09/01 18:12:14,23312159,70.3,,CONSTANT,0
2026/09/01 18:12:15,23313165,ÇoÇbÇ…ÇÊÇÈÅBÉâÉìÉvâ^ì]èIóπ
2026/09/01 18:12:15,23313167,01,TEMP,S70.0
2026/09/01 18:12:15,23313168,OK:01,TEMP,S70.0
2026/09/01 18:12:24,23322313,01,MON?
2026/09/01 18:12:24,23322319,69.5,,CONSTANT,0
2026/09/01 18:12:34,23332452,01,MON?
2026/09/01 18:12:34,23332458,69.5,,CONSTANT,0
2026/09/01 18:12:44,23342593,01,MON?
2026/09/01 18:12:44,23342599,70.0,,CONSTANT,0
2026/09/01 18:12:54,23352746,01,MON?
2026/09/01 18:12:54,23352748,69.2,,CONSTANT,0
2026/09/01 18:13:04,23362887,01,MON?
2026/09/01 18:13:04,23362889,69.6,,CONSTANT,0
2026/09/01 18:13:14,23372009,01,TEMP,S70.0
2026/09/01 18:13:14,23372010,OK:01,TEMP,S70.0
2026/09/01 18:13:14,23372011,01,MODE,CONSTANT
2026/09/01 18:13:14,23372012,OK:01,MODE,CONSTANT
2026/09/01 18:13:14,23372012,01,SET,REF1
2026/09/01 18:13:14,23372013,OK:01,SET,REF1
2026/09/01 18:13:15,23373037,01,MON?
2026/09/01 18:13:15,23373039,70.6,,CONSTANT,0
2026/09/01 18:13:25,23383175,01,MON?
2026/09/01 18:13:25,23383182,69.1,,CONSTANT,0
2026/09/01 18:13:35,23393309,01,MON?
2026/09/01 18:13:35,23393310,70.4,,CONSTANT,0
2026/09/01 18:13:45,23403456,01,MON?
2026/09/01 18:13:45,23403457,69.8,,CONSTANT,0
2026/09/01 18:13:55,23413597,01,MON?
2026/09/01 18:13:55,23413598,69.8,,CONSTANT,0
2026/09/01 18:14:05,23423738,01,MON?
2026/09/01 18:14:05,23423740,69.3,,CONSTANT,0
2026/09/01 18:14:15,23433863,01,MON?
2026/09/01 18:14:15,23433864,69.0,,CONSTANT,0
2026/09/01 18:14:26,23444004,01,MON?
2026/09/01 18:14:26,23444006,69.1,,CONSTANT,0
2026/09/01 18:14:36,23454142,01,MON?
2026/09/01 18:14:36,23454149,69.5,,CONSTANT,0
2026/09/01 18:14:46,23464283,01,MON?
2026/09/01 18:14:46,23464287,69.3,,CONSTANT,0
2026/09/01 18:14:56,23474422,01,MON?
2026/09/01 18:14:56,23474423,70.9,,CONSTANT,0
2026/09/01 18:15:06,23484563,01,MON?
2026/09/01 18:15:06,23484565,70.9,,CONSTANT,0
2026/09/01 18:15:16,23494703,01,MON?
2026/09/01 18:15:16,23494705,71.0,,CONSTANT,0
2026/09/01 18:15:26,23504843,01,MON?
2026/09/01 18:15:26,23504845,70.0,,CONSTANT,0
2026/09/01 18:15:36,23514983,01,MON?
2026/09/01 18:15:37,23514985,69.2,,CONSTANT,0
2026/09/01 18:15:47,23525123,01,MON?
2026/09/01 18:15:47,23525125,69.3,,CONSTANT,0
2026/09/01 18:15:57,23535263,01,MON?
2026/09/01 18:15:57,23535265,70.7,,CONSTANT,0
2026/09/01 18:16:07,23545405,01,MON?
2026/09/01 18:16:07,23545407,70.8,,CONSTANT,0
2026/09/01 18:16:17,23555543,01,MON?
2026/09/01 18:16:17,23555545,69.8,,CONSTANT,0
2026/09/01 18:16:27,23565684,01,MON?
2026/09/01 18:16:27,23565686,69.8,,CONSTANT,0
2026/09/01 18:16:37,23575823,01,MON?
2026/09/01 18:16:37,23575825,70.0,,CONSTANT,0
2026/09/01 18:16:47,23585963,01,MON?
2026/09/01 18:16:47,23585964,69.1,,CONSTANT,0
2026/09/01 18:16:58,23596103,01,MON?
2026/09/01 18:16:58,23596105,70.4,,CONSTANT,0
2026/09/01 18:17:08,23606243,01,MON?
2026/09/01 18:17:08,23606244,70.1,,CONSTANT,0
2026/09/01 18:17:18,23616384,01,MON?
2026/09/01 18:17:18,23616390,69.2,,CONSTANT,0
2026/09/01 18:17:28,23626523,01,MON?
2026/09/01 18:17:28,23626525,70.1,,CONSTANT,0
2026/09/01 18:17:38,23636664,01,MON?
2026/09/01 18:17:38,23636664,69.9,,CONSTANT,0
2026/09/01 18:17:48,23646803,01,MON?
2026/09/01 18:17:48,23646803,70.5,,CONSTANT,0
2026/09/01 18:17:58,23656944,01,MON?
2026/09/01 18:17:58,23656945,69.6,,CONSTANT,0
2026/09/01 18:18:09,23667083,01,MON?
2026/09/01 18:18:09,23667085,70.6,,CONSTANT,0
2026/09/01 18:18:19,23677224,01,MON?
2026/09/01 18:18:19,23677225,69.5,,CONSTANT,0
2026/09/01 18:18:29,23687364,01,MON?
2026/09/01 18:18:29,23687366,70.4,,CONSTANT,0
2026/09/01 18:18:39,23697505,01,MON?
2026/09/01 18:18:39,23697507,69.7,,CONSTANT,0
2026/09/01 18:18:49,23707644,01,MON?
2026/09/01 18:18:49,23707646,69.3,,CONSTANT,0
2026/09/01 18:18:59,23717784,01,MON?
2026/09/01 18:18:59,23717785,69.3,,CONSTANT,0
2026/09/01 18:19:09,23727925,01,MON?
2026/09/01 18:19:09,23727927,69.4,,CONSTANT,0
2026/09/01 18:19:20,23738065,01,MON?
2026/09/01 18:19:20,23738067,70.0,,CONSTANT,0
2026/09/01 18:19:30,23748205,01,MON?
2026/09/01 18:19:30,23748213,70.4,,CONSTANT,0
2026/09/01 18:19:40,23758346,01,MON?
2026/09/01 18:19:40,23758349,70.3,,CONSTANT,0
2026/09/01 18:19:50,23768485,01,MON?
2026/09/01 18:19:50,23768492,69.7,,CONSTANT,0
2026/09/01 18:20:00,23778625,01,MON?
2026/09/01 18:20:00,23778627,69.1,,CONSTANT,0
2026/09/01 18:20:10,23788764,01,MON?
2026/09/01 18:20:10,23788766,69.9,,CONSTANT,0
2026/09/01 18:20:20,23798905,01,MON?
2026/09/01 18:20:20,23798907,70.5,,CONSTANT,0
2026/09/01 18:20:31,23809045,01,MON?
2026/09/01 18:20:31,23809047,69.6,,CONSTANT,0
2026/09/01 18:20:41,23819185,01,MON?
2026/09/01 18:20:41,23819187,69.1,,CONSTANT,0
2026/09/01 18:20:51,23829325,01,MON?
2026/09/01 18:20:51,23829327,69.3,,CONSTANT,0
2026/09/01 18:21:01,23839465,01,MON?
2026/09/01 18:21:01,23839467,69.3,,CONSTANT,0
2026/09/01 18:21:11,23849605,01,MON?
2026/09/01 18:21:11,23849607,70.0,,CONSTANT,0
2026/09/01 18:21:21,23859746,01,MON?
2026/09/01 18:21:21,23859747,69.5,,CONSTANT,0
2026/09/01 18:21:31,23869885,01,MON?
2026/09/01 18:21:31,23869887,70.4,,CONSTANT,0
2026/09/01 18:21:42,23880027,01,MON?
2026/09/01 18:21:42,23880029,70.4,,CONSTANT,0
2026/09/01 18:21:52,23890165,01,MON?
2026/09/01 18:21:52,23890172,70.8,,CONSTANT,0
2026/09/01 18:22:02,23900307,01,MON?
2026/09/01 18:22:02,23900310,70.0,,CONSTANT,0
2026/09/01 18:22:12,23910445,01,MON?
2026/09/01 18:22:12,23910452,70.0,,CONSTANT,0
2026/09/01 18:22:22,23920586,01,MON?
2026/09/01 18:22:22,23920588,70.8,,CONSTANT,0
2026/09/01 18:22:32,23930726,01,MON?
2026/09/01 18:22:32,23930728,70.1,,CONSTANT,0
2026/09/01 18:22:42,23940865,01,MON?
2026/09/01 18:22:42,23940867,70.3,,CONSTANT,0
2026/09/01 18:22:53,23951006,01,MON?
2026/09/01 18:22:53,23951008,69.2,,CONSTANT,0
2026/09/01 18:23:03,23961145,01,MON?
2026/09/01 18:23:03,23961147,70.0,,CONSTANT,0
2026/09/01 18:23:13,23971286,01,MON?
2026/09/01 18:23:13,23971288,69.6,,CONSTANT,0
2026/09/01 18:23:14,23972300,ÇoÇbÇ…ÇÊÇÈÅBÉâÉìÉvâ^ì]èIóπ
2026/09/01 18:23:14,23972302,01,TEMP,S70.0
2026/09/01 18:23:14,23972303,OK:01,TEMP,S70.0
2026/09/01 18:23:14,23972458,01,TEMP,S25.0
2026/09/01 18:23:14,23972459,OK:01,TEMP,S25.0
2026/09/01 18:23:14,23972460,01,MODE,CONSTANT
2026/09/01 18:23:14,23972461,OK:01,MODE,CONSTANT
2026/09/01 18:23:14,23972462,01,SET,REF3
2026/09/01 18:23:14,23972463,OK:01,SET,REF3
2026/09/01 18:23:23,23981587,01,MON?
2026/09/01 18:23:23,23981595,54.8,,CONSTANT,0
2026/09/01 18:23:33,23991743,01,MON?
2026/09/01 18:23:33,23991744,44.4,,CONSTANT,0
2026/09/01 18:23:43,24001883,01,MON?
2026/09/01 18:23:43,24001885,38.5,,CONSTANT,0
2026/09/01 18:23:54,24012021,01,MON?
2026/09/01 18:23:54,24012023,34.1,,CONSTANT,0
2026/09/01 18:24:04,24022163,01,MON?
2026/09/01 18:24:04,24022171,32.0,,CONSTANT,0
2026/09/01 18:24:14,24032303,01,MON?
2026/09/01 18:24:14,24032310,29.9,,CONSTANT,0
2026/09/01 18:24:24,24042459,01,MON?
2026/09/01 18:24:24,24042466,28.1,,CONSTANT,0
2026/09/01 18:24:34,24052600,01,MON?
2026/09/01 18:24:34,24052607,27.3,,CONSTANT,0
2026/09/01 18:24:44,24062738,01,MON?
2026/09/01 18:24:44,24062740,27.0,,CONSTANT,0
2026/09/01 18:24:54,24072880,01,MON?
2026/09/01 18:24:54,24072881,26.4,,CONSTANT,0
2026/09/01 18:25:05,24083016,01,MON?
2026/09/01 18:25:05,24083017,25.5,,CONSTANT,0
2026/09/01 18:25:15,24093160,01,MON?
2026/09/01 18:25:15,24093161,26.2,,CONSTANT,0
2026/09/01 18:25:25,24103298,01,MON?
2026/09/01 18:25:25,24103300,26.2,,CONSTANT,0
2026/09/01 18:25:35,24113439,01,MON?
2026/09/01 18:25:35,24113441,25.4,,CONSTANT,0
2026/09/01 18:25:45,24123581,01,MON?
2026/09/01 18:25:45,24123582,24.7,,CONSTANT,0
2026/09/01 18:25:55,24133719,01,MON?
2026/09/01 18:25:55,24133721,25.3,,CONSTANT,0
2026/09/01 18:26:05,24143859,01,MON?
2026/09/01 18:26:05,24143861,24.4,,CONSTANT,0
2026/09/01 18:26:13,24151968,01,TEMP,S25.0
2026/09/01 18:26:13,24151969,OK:01,TEMP,S25.0
2026/09/01 18:26:13,24151970,01,MODE,CONSTANT
2026/09/01 18:26:13,24151971,OK:01,MODE,CONSTANT
2026/09/01 18:26:13,24151971,01,SET,REF1
2026/09/01 18:26:13,24151972,OK:01,SET,REF1
2026/09/01 18:26:16,24154008,01,MON?
2026/09/01 18:26:16,24154010,24.2,,CONSTANT,0
2026/09/01 18:26:26,24164146,01,MON?
2026/09/01 18:26:26,24164154,25.6,,CONSTANT,0
2026/09/01 18:26:36,24174289,01,MON?
2026/09/01 18:26:36,24174297,25.2,,CONSTANT,0
2026/09/01 18:26:46,24184439,01,MON?
2026/09/01 18:26:46,24184446,24.5,,CONSTANT,0
2026/09/01 18:26:56,24194556,01,MON?
2026/09/01 18:26:56,24194563,24.1,,CONSTANT,0
2026/09/01 18:27:06,24204694,01,MON?
2026/09/01 18:27:06,24204696,25.2,,CONSTANT,0
2026/09/01 18:27:16,24214836,01,MON?
2026/09/01 18:27:16,24214838,25.1,,CONSTANT,0
2026/09/01 18:27:26,24224974,01,MON?
2026/09/01 18:27:26,24224981,25.9,,CONSTANT,0
2026/09/01 18:27:37,24235115,01,MON?
2026/09/01 18:27:37,24235117,24.5,,CONSTANT,0
2026/09/01 18:27:47,24245255,01,MON?
2026/09/01 18:27:47,24245257,25.8,,CONSTANT,0
2026/09/01 18:27:57,24255395,01,MON?
2026/09/01 18:27:57,24255397,24.2,,CONSTANT,0
2026/09/01 18:28:07,24265535,01,MON?
2026/09/01 18:28:07,24265537,25.7,,CONSTANT,0
2026/09/01 18:28:17,24275675,01,MON?
2026/09/01 18:28:17,24275677,24.5,,CONSTANT,0
2026/09/01 18:28:27,24285816,01,MON?
2026/09/01 18:28:27,24285818,24.8,,CONSTANT,0
2026/09/01 18:28:37,24295955,01,MON?
2026/09/01 18:28:37,24295957,24.4,,CONSTANT,0
2026/09/01 18:28:48,24306096,01,MON?
2026/09/01 18:28:48,24306096,26.0,,CONSTANT,0
2026/09/01 18:28:58,24316237,01,MON?
2026/09/01 18:28:58,24316244,24.9,,CONSTANT,0
2026/09/01 18:29:08,24326375,01,MON?
2026/09/01 18:29:08,24326382,25.6,,CONSTANT,0
2026/09/01 18:29:18,24336517,01,MON?
2026/09/01 18:29:18,24336524,25.4,,CONSTANT,0
2026/09/01 18:29:28,24346655,01,MON?
2026/09/01 18:29:28,24346657,25.6,,CONSTANT,0
2026/09/01 18:29:38,24356797,01,MON?
2026/09/01 18:29:38,24356799,25.3,,CONSTANT,0
2026/09/01 18:29:48,24366936,01,MON?
2026/09/01 18:29:48,24366938,24.3,,CONSTANT,0
2026/09/01 18:29:59,24377076,01,MON?
2026/09/01 18:29:59,24377077,24.8,,CONSTANT,0
2026/09/01 18:30:09,24387216,01,MON?
2026/09/01 18:30:09,24387218,24.2,,CONSTANT,0
2026/09/01 18:30:19,24397355,01,MON?
2026/09/01 18:30:19,24397357,25.9,,CONSTANT,0
2026/09/01 18:30:29,24407496,01,MON?
2026/09/01 18:30:29,24407498,24.3,,CONSTANT,0
2026/09/01 18:30:39,24417635,01,MON?
2026/09/01 18:30:39,24417637,24.8,,CONSTANT,0
2026/09/01 18:30:49,24427776,01,MON?
2026/09/01 18:30:49,24427778,25.2,,CONSTANT,0
2026/09/01 18:30:59,24437917,01,MON?
2026/09/01 18:30:59,24437919,25.1,,CONSTANT,0
2026/09/01 18:31:10,24448057,01,MON?
2026/09/01 18:31:10,24448059,25.3,,CONSTANT,0
2026/09/01 18:31:20,24458196,01,MON?
2026/09/01 18:31:20,24458203,24.7,,CONSTANT,0
2026/09/01 18:31:30,24468337,01,MON?
2026/09/01 18:31:30,24468344,25.8,,CONSTANT,0
2026/09/01 18:31:40,24478476,01,MON?
2026/09/01 18:31:40,24478483,24.1,,CONSTANT,0
2026/09/01 18:31:50,24488617,01,MON?
2026/09/01 18:31:50,24488619,24.3,,CONSTANT,0
2026/09/01 18:32:00,24498757,01,MON?
2026/09/01 18:32:00,24498759,25.3,,CONSTANT,0
2026/09/01 18:32:10,24508898,01,MON?
2026/09/01 18:32:10,24508900,24.2,,CONSTANT,0
2026/09/01 18:32:21,24519036,01,MON?
2026/09/01 18:32:21,24519038,25.6,,CONSTANT,0
2026/09/01 18:32:31,24529177,01,MON?
2026/09/01 18:32:31,24529178,24.8,,CONSTANT,0
2026/09/01 18:32:41,24539316,01,MON?
2026/09/01 18:32:41,24539317,25.2,,CONSTANT,0
2026/09/01 18:32:51,24549457,01,MON?
2026/09/01 18:32:51,24549459,24.1,,CONSTANT,0
2026/09/01 18:33:01,24559597,01,MON?
2026/09/01 18:33:01,24559599,24.9,,CONSTANT,0
2026/09/01 18:33:11,24569737,01,MON?
2026/09/01 18:33:11,24569739,25.0,,CONSTANT,0
2026/09/01 18:33:21,24579877,01,MON?
2026/09/01 18:33:21,24579879,24.9,,CONSTANT,0
2026/09/01 18:33:32,24590017,01,MON?
2026/09/01 18:33:32,24590018,24.2,,CONSTANT,0
2026/09/01 18:33:42,24600157,01,MON?
2026/09/01 18:33:42,24600160,24.0,,CONSTANT,0
2026/09/01 18:33:52,24610297,01,MON?
2026/09/01 18:33:52,24610304,24.4,,CONSTANT,0
2026/09/01 18:34:02,24620437,01,MON?
2026/09/01 18:34:02,24620440,25.6,,CONSTANT,0
2026/09/01 18:34:12,24630579,01,MON?
2026/09/01 18:34:12,24630586,25.2,,CONSTANT,0
2026/09/01 18:34:22,24640718,01,MON?
2026/09/01 18:34:22,24640720,25.4,,CONSTANT,0
2026/09/01 18:34:32,24650858,01,MON?
2026/09/01 18:34:32,24650864,24.6,,CONSTANT,0
2026/09/01 18:34:43,24660998,01,MON?
2026/09/01 18:34:43,24661000,25.4,,CONSTANT,0
2026/09/01 18:34:53,24671139,01,MON?
2026/09/01 18:34:53,24671141,25.5,,CONSTANT,0
2026/09/01 18:35:03,24681277,01,MON?
2026/09/01 18:35:03,24681278,26.0,,CONSTANT,0
2026/09/01 18:35:13,24691418,01,MON?
2026/09/01 18:35:13,24691420,25.2,,CONSTANT,0
2026/09/01 18:35:23,24701558,01,MON?
2026/09/01 18:35:23,24701560,25.3,,CONSTANT,0
2026/09/01 18:35:33,24711698,01,MON?
2026/09/01 18:35:33,24711699,24.5,,CONSTANT,0
2026/09/01 18:35:43,24721838,01,MON?
2026/09/01 18:35:43,24721840,24.1,,CONSTANT,0
2026/09/01 18:35:53,24731977,01,MON?
2026/09/01 18:35:53,24731979,24.7,,CONSTANT,0
2026/09/01 18:36:04,24742118,01,MON?
2026/09/01 18:36:04,24742120,26.0,,CONSTANT,0
2026/09/01 18:36:14,24752259,01,MON?
2026/09/01 18:36:14,24752266,24.9,,CONSTANT,0
2026/09/01 18:36:14,24752267,ÇoÇbÇ…ÇÊÇÈÅBÉâÉìÉvâ^ì]èIóπ
2026/09/01 18:36:14,24752269,01,TEMP,S25.0
2026/09/01 18:36:14,24752270,OK:01,TEMP,S25.0
2026/09/01 18:36:14,24752328,01,TEMP,S25.0
2026/09/01 18:36:14,24752330,OK:01,TEMP,S25.0
2026/09/01 18:36:14,24752331,01,MODE,CONSTANT
2026/09/01 18:36:14,24752332,OK:01,MODE,CONSTANT
2026/09/01 18:36:14,24752334,01,SET,REF1
2026/09/01 18:36:14,24752335,OK:01,SET,REF1
2026/09/01 18:36:16,24754349,01,TEMP,S25.1
2026/09/01 18:36:16,24754356,OK:01,TEMP,S25.1
2026/09/01 18:36:22,24760433,01,TEMP,S25.2
2026/09/01 18:36:22,24760435,OK:01,TEMP,S25.2
2026/09/01 18:36:24,24762461,01,MON?
2026/09/01 18:36:24,24762468,26.1,,CONSTANT,0
2026/09/01 18:36:28,24766517,01,TEMP,S25.3
2026/09/01 18:36:28,24766524,OK:01,TEMP,S25.3
2026/09/01 18:36:34,24772601,01,MON?
2026/09/01 18:36:34,24772603,25.8,,CONSTANT,0
2026/09/01 18:36:34,24772604,01,TEMP,S25.4
2026/09/01 18:36:34,24772605,OK:01,TEMP,S25.4
2026/09/01 18:36:40,24778685,01,TEMP,S25.5
2026/09/01 18:36:40,24778686,OK:01,TEMP,S25.5
2026/09/01 18:36:44,24782740,01,MON?
2026/09/01 18:36:44,24782742,26.4,,CONSTANT,0
2026/09/01 18:36:46,24784768,01,TEMP,S25.6
2026/09/01 18:36:46,24784775,OK:01,TEMP,S25.6
2026/09/01 18:36:52,24790853,01,TEMP,S25.7
2026/09/01 18:36:52,24790860,OK:01,TEMP,S25.7
2026/09/01 18:36:54,24792881,01,MON?
2026/09/01 18:36:54,24792881,26.6,,CONSTANT,0
2026/09/01 18:36:58,24796937,01,TEMP,S25.8
2026/09/01 18:36:58,24796944,OK:01,TEMP,S25.8
2026/09/01 18:37:05,24803020,01,MON?
2026/09/01 18:37:05,24803022,26.3,,CONSTANT,0
2026/09/01 18:37:05,24803023,01,TEMP,S25.9
2026/09/01 18:37:05,24803024,OK:01,TEMP,S25.9
2026/09/01 18:37:11,24809105,01,TEMP,S26.0
2026/09/01 18:37:11,24809107,OK:01,TEMP,S26.0
2026/09/01 18:37:15,24813161,01,MON?
2026/09/01 18:37:15,24813162,26.9,,CONSTANT,0
2026/09/01 18:37:17,24815189,01,TEMP,S26.1
2026/09/01 18:37:17,24815195,OK:01,TEMP,S26.1
2026/09/01 18:37:23,24821272,01,TEMP,S26.2
2026/09/01 18:37:23,24821273,OK:01,TEMP,S26.2
2026/09/01 18:37:25,24823301,01,MON?
2026/09/01 18:37:25,24823303,26.1,,CONSTANT,0
2026/09/01 18:37:29,24827357,01,TEMP,S26.3
2026/09/01 18:37:29,24827364,OK:01,TEMP,S26.3
2026/09/01 18:37:34,24832427,01,TEMP,S26.4
2026/09/01 18:37:34,24832429,OK:01,TEMP,S26.4
2026/09/01 18:37:35,24833441,01,MON?
2026/09/01 18:37:35,24833443,25.9,,CONSTANT,0
2026/09/01 18:37:40,24838510,01,TEMP,S26.5
2026/09/01 18:37:40,24838517,OK:01,TEMP,S26.5
2026/09/01 18:37:45,24843581,01,MON?
2026/09/01 18:37:45,24843583,27.3,,CONSTANT,0
2026/09/01 18:37:46,24844596,01,TEMP,S26.6
2026/09/01 18:37:46,24844598,OK:01,TEMP,S26.6
2026/09/01 18:37:52,24850679,01,TEMP,S26.7
2026/09/01 18:37:52,24850687,OK:01,TEMP,S26.7
2026/09/01 18:37:55,24853721,01,MON?
2026/09/01 18:37:55,24853722,27.1,,CONSTANT,0
2026/09/01 18:37:58,24856765,01,TEMP,S26.8
2026/09/01 18:37:58,24856767,OK:01,TEMP,S26.8
2026/09/01 18:38:04,24862847,01,TEMP,S26.9
2026/09/01 18:38:04,24862849,OK:01,TEMP,S26.9
2026/09/01 18:38:05,24863861,01,MON?
2026/09/01 18:38:05,24863863,27.0,,CONSTANT,0
2026/09/01 18:38:10,24868931,01,TEMP,S27.0
2026/09/01 18:38:10,24868933,OK:01,TEMP,S27.0
2026/09/01 18:38:16,24874003,01,MON?
2026/09/01 18:38:16,24874005,26.7,,CONSTANT,0
2026/09/01 18:38:17,24875016,01,TEMP,S27.1
2026/09/01 18:38:17,24875017,OK:01,TEMP,S27.1
2026/09/01 18:38:23,24881099,01,TEMP,S27.2
2026/09/01 18:38:23,24881106,OK:01,TEMP,S27.2
2026/09/01 18:38:26,24884142,01,MON?
2026/09/01 18:38:26,24884144,27.2,,CONSTANT,0
2026/09/01 18:38:29,24887183,01,TEMP,S27.3
2026/09/01 18:38:29,24887189,OK:01,TEMP,S27.3
2026/09/01 18:38:35,24893268,01,TEMP,S27.4
2026/09/01 18:38:35,24893269,OK:01,TEMP,S27.4
2026/09/01 18:38:36,24894282,01,MON?
2026/09/01 18:38:36,24894284,27.3,,CONSTANT,0
2026/09/01 18:38:41,24899352,01,TEMP,S27.5
2026/09/01 18:38:41,24899359,OK:01,TEMP,S27.5
2026/09/01 18:38:46,24904422,01,MON?
2026/09/01 18:38:46,24904424,27.1,,CONSTANT,0
2026/09/01 18:38:46,24904425,01,TEMP,S27.6
2026/09/01 18:38:46,24904427,OK:01,TEMP,S27.6
2026/09/01 18:38:52,24910507,01,TEMP,S27.7
2026/09/01 18:38:52,24910514,OK:01,TEMP,S27.7
2026/09/01 18:38:56,24914563,01,MON?
2026/09/01 18:38:56,24914568,28.1,,CONSTANT,0
2026/09/01 18:38:58,24916590,01,TEMP,S27.8
2026/09/01 18:38:58,24916592,OK:01,TEMP,S27.8
2026/09/01 18:39:04,24922674,01,TEMP,S27.9
2026/09/01 18:39:04,24922681,OK:01,TEMP,S27.9
2026/09/01 18:39:06,24924701,01,MON?
2026/09/01 18:39:06,24924703,27.9,,CONSTANT,0
2026/09/01 18:39:10,24928758,01,TEMP,S28.0
2026/09/01 18:39:10,24928760,OK:01,TEMP,S28.0
2026/09/01 18:39:16,24934842,01,MON?
2026/09/01 18:39:16,24934844,27.8,,CONSTANT,0
2026/09/01 18:39:16,24934845,01,TEMP,S28.1
2026/09/01 18:39:16,24934846,OK:01,TEMP,S28.1
2026/09/01 18:39:22,24940925,01,TEMP,S28.2
2026/09/01 18:39:22,24940927,OK:01,TEMP,S28.2
2026/09/01 18:39:26,24944982,01,MON?
2026/09/01 18:39:26,24944983,28.1,,CONSTANT,0
2026/09/01 18:39:29,24947010,01,TEMP,S28.3
2026/09/01 18:39:29,24947012,OK:01,TEMP,S28.3
2026/09/01 18:39:35,24953094,01,TEMP,S28.4
2026/09/01 18:39:35,24953105,OK:01,TEMP,S28.4
2026/09/01 18:39:37,24955122,01,MON?
2026/09/01 18:39:37,24955124,28.2,,CONSTANT,0
2026/09/01 18:39:41,24959177,01,TEMP,S28.5
2026/09/01 18:39:41,24959179,OK:01,TEMP,S28.5
2026/09/01 18:39:47,24965262,01,MON?
2026/09/01 18:39:47,24965264,29.5,,CONSTANT,0
2026/09/01 18:39:47,24965265,01,TEMP,S28.6
2026/09/01 18:39:47,24965266,OK:01,TEMP,S28.6
2026/09/01 18:39:53,24971346,01,TEMP,S28.7
2026/09/01 18:39:53,24971347,OK:01,TEMP,S28.7
2026/09/01 18:39:57,24975402,01,MON?
2026/09/01 18:39:57,24975404,29.4,,CONSTANT,0
2026/09/01 18:39:59,24977429,01,TEMP,S28.8
2026/09/01 18:39:59,24977431,OK:01,TEMP,S28.8
2026/09/01 18:40:04,24982500,01,TEMP,S28.9
2026/09/01 18:40:04,24982507,OK:01,TEMP,S28.9
2026/09/01 18:40:07,24985542,01,MON?
2026/09/01 18:40:07,24985544,27.9,,CONSTANT,0
2026/09/01 18:40:10,24988584,01,TEMP,S29.0
2026/09/01 18:40:10,24988586,OK:01,TEMP,S29.0
2026/09/01 18:40:16,24994668,01,TEMP,S29.1
2026/09/01 18:40:16,24994672,OK:01,TEMP,S29.1
2026/09/01 18:40:17,24995681,01,MON?
2026/09/01 18:40:17,24995683,29.7,,CONSTANT,0
2026/09/01 18:40:22,25000753,01,TEMP,S29.2
2026/09/01 18:40:22,25000754,OK:01,TEMP,S29.2
2026/09/01 18:40:27,25005822,01,MON?
2026/09/01 18:40:27,25005824,28.7,,CONSTANT,0
2026/09/01 18:40:28,25006836,01,TEMP,S29.3
2026/09/01 18:40:28,25006838,OK:01,TEMP,S29.3
2026/09/01 18:40:34,25012920,01,TEMP,S29.4
2026/09/01 18:40:34,25012921,OK:01,TEMP,S29.4
2026/09/01 18:40:37,25015963,01,MON?
2026/09/01 18:40:37,25015965,29.7,,CONSTANT,0
2026/09/01 18:40:41,25019005,01,TEMP,S29.5
2026/09/01 18:40:41,25019007,OK:01,TEMP,S29.5
2026/09/01 18:40:47,25025088,01,TEMP,S29.6
2026/09/01 18:40:47,25025090,OK:01,TEMP,S29.6
2026/09/01 18:40:48,25026103,01,MON?
2026/09/01 18:40:48,25026104,28.9,,CONSTANT,0
2026/09/01 18:40:53,25031172,01,TEMP,S29.7
2026/09/01 18:40:53,25031179,OK:01,TEMP,S29.7
2026/09/01 18:40:58,25036243,01,MON?
2026/09/01 18:40:58,25036245,29.9,,CONSTANT,0
2026/09/01 18:40:59,25037256,01,TEMP,S29.8
2026/09/01 18:40:59,25037258,OK:01,TEMP,S29.8
2026/09/01 18:41:05,25043340,01,TEMP,S29.9
2026/09/01 18:41:05,25043347,OK:01,TEMP,S29.9
2026/09/01 18:41:08,25046383,01,MON?
2026/09/01 18:41:08,25046384,29.3,,CONSTANT,0
2026/09/01 18:41:11,25049425,01,TEMP,S30.0
2026/09/01 18:41:11,25049432,OK:01,TEMP,S30.0
2026/09/01 18:41:16,25054494,01,TEMP,S30.1
2026/09/01 18:41:16,25054496,OK:01,TEMP,S30.1
2026/09/01 18:41:18,25056523,01,MON?
2026/09/01 18:41:18,25056530,30.0,,CONSTANT,0
2026/09/01 18:41:22,25060579,01,TEMP,S30.2
2026/09/01 18:41:22,25060586,OK:01,TEMP,S30.2
2026/09/01 18:41:28,25066663,01,MON?
2026/09/01 18:41:28,25066664,31.1,,CONSTANT,0
2026/09/01 18:41:28,25066665,01,TEMP,S30.3
2026/09/01 18:41:28,25066666,OK:01,TEMP,S30.3
2026/09/01 18:41:34,25072748,01,TEMP,S30.4
2026/09/01 18:41:34,25072749,OK:01,TEMP,S30.4
2026/09/01 18:41:38,25076802,01,MON?
2026/09/01 18:41:38,25076803,30.6,,CONSTANT,0
2026/09/01 18:41:40,25078830,01,TEMP,S30.5
2026/09/01 18:41:40,25078832,OK:01,TEMP,S30.5
2026/09/01 18:41:46,25084916,01,TEMP,S30.6
2026/09/01 18:41:46,25084923,OK:01,TEMP,S30.6
2026/09/01 18:41:48,25086943,01,MON?
2026/09/01 18:41:48,25086945,29.7,,CONSTANT,0
2026/09/01 18:41:53,25090999,01,TEMP,S30.7
2026/09/01 18:41:53,25091006,OK:01,TEMP,S30.7
2026/09/01 18:41:59,25097082,01,MON?
2026/09/01 18:41:59,25097084,30.3,,CONSTANT,0
2026/09/01 18:41:59,25097085,01,TEMP,S30.8
2026/09/01 18:41:59,25097087,OK:01,TEMP,S30.8
2026/09/01 18:42:05,25103167,01,TEMP,S30.9
2026/09/01 18:42:05,25103169,OK:01,TEMP,S30.9
2026/09/01 18:42:09,25107223,01,MON?
2026/09/01 18:42:09,25107224,31.0,,CONSTANT,0
2026/09/01 18:42:11,25109251,01,TEMP,S31.0
2026/09/01 18:42:11,25109258,OK:01,TEMP,S31.0
2026/09/01 18:42:17,25115334,01,TEMP,S31.1
2026/09/01 18:42:17,25115341,OK:01,TEMP,S31.1
2026/09/01 18:42:19,25117362,01,MON?
2026/09/01 18:42:19,25117368,30.8,,CONSTANT,0
2026/09/01 18:42:23,25121419,01,TEMP,S31.2
2026/09/01 18:42:23,25121430,OK:01,TEMP,S31.2
2026/09/01 18:42:28,25126489,01,TEMP,S31.3
2026/09/01 18:42:28,25126491,OK:01,TEMP,S31.3
2026/09/01 18:42:29,25127503,01,MON?
2026/09/01 18:42:29,25127505,32.0,,CONSTANT,0
2026/09/01 18:42:34,25132573,01,TEMP,S31.4
2026/09/01 18:42:34,25132574,OK:01,TEMP,S31.4
2026/09/01 18:42:39,25137643,01,MON?
2026/09/01 18:42:39,25137650,30.9,,CONSTANT,0
2026/09/01 18:42:40,25138657,01,TEMP,S31.5
2026/09/01 18:42:40,25138659,OK:01,TEMP,S31.5
2026/09/01 18:42:46,25144741,01,TEMP,S31.6
2026/09/01 18:42:46,25144748,OK:01,TEMP,S31.6
2026/09/01 18:42:49,25147783,01,MON?
2026/09/01 18:42:49,25147784,31.0,,CONSTANT,0
2026/09/01 18:42:52,25150825,01,TEMP,S31.7
2026/09/01 18:42:52,25150827,OK:01,TEMP,S31.7
2026/09/01 18:42:58,25156910,01,TEMP,S31.8
2026/09/01 18:42:58,25156912,OK:01,TEMP,S31.8
2026/09/01 18:42:59,25157924,01,MON?
2026/09/01 18:42:59,25157926,31.2,,CONSTANT,0
2026/09/01 18:43:05,25162993,01,TEMP,S31.9
2026/09/01 18:43:05,25162995,OK:01,TEMP,S31.9
2026/09/01 18:43:10,25168064,01,MON?
2026/09/01 18:43:10,25168071,32.3,,CONSTANT,0
2026/09/01 18:43:11,25169077,01,TEMP,S32.0
2026/09/01 18:43:11,25169080,OK:01,TEMP,S32.0
2026/09/01 18:43:17,25175161,01,TEMP,S32.1
2026/09/01 18:43:17,25175166,OK:01,TEMP,S32.1
2026/09/01 18:43:20,25178204,01,MON?
2026/09/01 18:43:20,25178206,32.2,,CONSTANT,0
2026/09/01 18:43:23,25181245,01,TEMP,S32.2
2026/09/01 18:43:23,25181252,OK:01,TEMP,S32.2
2026/09/01 18:43:29,25187330,01,TEMP,S32.3
2026/09/01 18:43:29,25187332,OK:01,TEMP,S32.3
2026/09/01 18:43:30,25188343,01,MON?
2026/09/01 18:43:30,25188344,33.0,,CONSTANT,0
2026/09/01 18:43:35,25193414,01,TEMP,S32.4
2026/09/01 18:43:35,25193421,OK:01,TEMP,S32.4
2026/09/01 18:43:40,25198484,01,MON?
2026/09/01 18:43:40,25198491,32.6,,CONSTANT,0
2026/09/01 18:43:41,25199497,01,TEMP,S32.5
2026/09/01 18:43:41,25199499,OK:01,TEMP,S32.5
2026/09/01 18:43:46,25204567,01,TEMP,S32.6
2026/09/01 18:43:46,25204569,OK:01,TEMP,S32.6
2026/09/01 18:43:50,25208625,01,MON?
2026/09/01 18:43:50,25208627,32.0,,CONSTANT,0
2026/09/01 18:43:52,25210652,01,TEMP,S32.7
2026/09/01 18:43:52,25210653,OK:01,TEMP,S32.7
2026/09/01 18:43:58,25216736,01,TEMP,S32.8
2026/09/01 18:43:58,25216737,OK:01,TEMP,S32.8
2026/09/01 18:44:00,25218764,01,MON?
2026/09/01 18:44:00,25218766,32.7,,CONSTANT,0
2026/09/01 18:44:04,25222820,01,TEMP,S32.9
2026/09/01 18:44:04,25222827,OK:01,TEMP,S32.9
2026/09/01 18:44:10,25228904,01,MON?
2026/09/01 18:44:10,25228906,32.4,,CONSTANT,0
2026/09/01 18:44:10,25228907,01,TEMP,S33.0
2026/09/01 18:44:10,25228908,OK:01,TEMP,S33.0
2026/09/01 18:44:17,25234987,01,TEMP,S33.1
2026/09/01 18:44:17,25234988,OK:01,TEMP,S33.1
2026/09/01 18:44:21,25239043,01,MON?
2026/09/01 18:44:21,25239045,33.5,,CONSTANT,0
2026/09/01 18:44:23,25241072,01,TEMP,S33.2
2026/09/01 18:44:23,25241074,OK:01,TEMP,S33.2
2026/09/01 18:44:29,25247156,01,TEMP,S33.3
2026/09/01 18:44:29,25247163,OK:01,TEMP,S33.3
2026/09/01 18:44:31,25249184,01,MON?
2026/09/01 18:44:31,25249190,33.6,,CONSTANT,0
2026/09/01 18:44:35,25253239,01,TEMP,S33.4
2026/09/01 18:44:35,25253246,OK:01,TEMP,S33.4
2026/09/01 18:44:41,25259324,01,MON?
2026/09/01 18:44:41,25259325,34.3,,CONSTANT,0
2026/09/01 18:44:41,25259327,01,TEMP,S33.5
2026/09/01 18:44:41,25259328,OK:01,TEMP,S33.5
2026/09/01 18:44:47,25265408,01,TEMP,S33.6
2026/09/01 18:44:47,25265409,OK:01,TEMP,S33.6
2026/09/01 18:44:51,25269464,01,MON?
2026/09/01 18:44:51,25269466,32.8,,CONSTANT,0
2026/09/01 18:44:53,25271491,01,TEMP,S33.7
2026/09/01 18:44:53,25271493,OK:01,TEMP,S33.7
2026/09/01 18:44:58,25276562,01,TEMP,S33.8
2026/09/01 18:44:58,25276564,OK:01,TEMP,S33.8
2026/09/01 18:45:01,25279604,01,MON?
2026/09/01 18:45:01,25279611,34.1,,CONSTANT,0
2026/09/01 18:45:04,25282646,01,TEMP,S33.9
2026/09/01 18:45:04,25282648,OK:01,TEMP,S33.9
2026/09/01 18:45:10,25288730,01,TEMP,S34.0
2026/09/01 18:45:10,25288732,OK:01,TEMP,S34.0
2026/09/01 18:45:11,25289744,01,MON?
2026/09/01 18:45:11,25289746,34.5,,CONSTANT,0
2026/09/01 18:45:16,25294814,01,TEMP,S34.1
2026/09/01 18:45:16,25294815,OK:01,TEMP,S34.1
2026/09/01 18:45:21,25299884,01,MON?
2026/09/01 18:45:21,25299885,34.7,,CONSTANT,0
2026/09/01 18:45:22,25300898,01,TEMP,S34.2
2026/09/01 18:45:22,25300899,OK:01,TEMP,S34.2
2026/09/01 18:45:28,25306982,01,TEMP,S34.3
2026/09/01 18:45:29,25306984,OK:01,TEMP,S34.3
2026/09/01 18:45:32,25310024,01,MON?
2026/09/01 18:45:32,25310026,34.8,,CONSTANT,0
2026/09/01 18:45:35,25313067,01,TEMP,S34.4
2026/09/01 18:45:35,25313074,OK:01,TEMP,S34.4
2026/09/01 18:45:41,25319150,01,TEMP,S34.5
2026/09/01 18:45:41,25319152,OK:01,TEMP,S34.5
2026/09/01 18:45:42,25320164,01,MON?
2026/09/01 18:45:42,25320166,34.2,,CONSTANT,0
2026/09/01 18:45:47,25325235,01,TEMP,S34.6
2026/09/01 18:45:47,25325242,OK:01,TEMP,S34.6
2026/09/01 18:45:52,25330304,01,MON?
2026/09/01 18:45:52,25330306,35.6,,CONSTANT,0
2026/09/01 18:45:53,25331319,01,TEMP,S34.7
2026/09/01 18:45:53,25331321,OK:01,TEMP,S34.7
2026/09/01 18:45:59,25337402,01,TEMP,S34.8
2026/09/01 18:45:59,25337404,OK:01,TEMP,S34.8
2026/09/01 18:46:02,25340445,01,MON?
2026/09/01 18:46:02,25340446,35.7,,CONSTANT,0
2026/09/01 18:46:05,25343486,01,TEMP,S34.9
2026/09/01 18:46:05,25343488,OK:01,TEMP,S34.9
2026/09/01 18:46:11,25349572,01,TEMP,S35.0
2026/09/01 18:46:11,25349574,OK:01,TEMP,S35.0
2026/09/01 18:46:12,25350584,01,MON?
2026/09/01 18:46:12,25350587,34.8,,CONSTANT,0
2026/09/01 18:46:16,25354640,01,TEMP,S35.1
2026/09/01 18:46:16,25354647,OK:01,TEMP,S35.1
2026/09/01 18:46:22,25360725,01,MON?
2026/09/01 18:46:22,25360727,36.0,,CONSTANT,0
2026/09/01 18:46:22,25360728,01,TEMP,S35.2
2026/09/01 18:46:22,25360729,OK:01,TEMP,S35.2
2026/09/01 18:46:28,25366809,01,TEMP,S35.3
2026/09/01 18:46:28,25366811,OK:01,TEMP,S35.3
2026/09/01 18:46:32,25370865,01,MON?
2026/09/01 18:46:32,25370867,36.1,,CONSTANT,0
2026/09/01 18:46:34,25372893,01,TEMP,S35.4
2026/09/01 18:46:34,25372900,OK:01,TEMP,S35.4
2026/09/01 18:46:40,25378977,01,TEMP,S35.5
2026/09/01 18:46:40,25378979,OK:01,TEMP,S35.5
2026/09/01 18:46:43,25381006,01,MON?
2026/09/01 18:46:43,25381008,35.6,,CONSTANT,0
2026/09/01 18:46:47,25385062,01,TEMP,S35.6
2026/09/01 18:46:47,25385069,OK:01,TEMP,S35.6
2026/09/01 18:46:53,25391145,01,MON?
2026/09/01 18:46:53,25391147,35.2,,CONSTANT,0
2026/09/01 18:46:53,25391148,01,TEMP,S35.7
2026/09/01 18:46:53,25391149,OK:01,TEMP,S35.7
2026/09/01 18:46:59,25397229,01,TEMP,S35.8
2026/09/01 18:46:59,25397230,OK:01,TEMP,S35.8
2026/09/01 18:47:03,25401286,01,MON?
2026/09/01 18:47:03,25401288,35.4,,CONSTANT,0
2026/09/01 18:47:05,25403313,01,TEMP,S35.9
2026/09/01 18:47:05,25403315,OK:01,TEMP,S35.9
2026/09/01 18:47:11,25409396,01,TEMP,S36.0
2026/09/01 18:47:11,25409403,OK:01,TEMP,S36.0
2026/09/01 18:47:13,25411424,01,MON?
2026/09/01 18:47:13,25411426,35.1,,CONSTANT,0
2026/09/01 18:47:17,25415480,01,TEMP,S36.1
2026/09/01 18:47:17,25415485,OK:01,TEMP,S36.1
2026/09/01 18:47:23,25421565,01,MON?
2026/09/01 18:47:23,25421567,35.3,,CONSTANT,0
2026/09/01 18:47:23,25421568,01,TEMP,S36.2
2026/09/01 18:47:23,25421570,OK:01,TEMP,S36.2
2026/09/01 18:47:28,25426635,01,TEMP,S36.3
2026/09/01 18:47:28,25426637,OK:01,TEMP,S36.3
2026/09/01 18:47:33,25431704,01,MON?
2026/09/01 18:47:33,25431711,35.4,,CONSTANT,0
2026/09/01 18:47:34,25432718,01,TEMP,S36.4
2026/09/01 18:47:34,25432719,OK:01,TEMP,S36.4
2026/09/01 18:47:40,25438803,01,TEMP,S36.5
2026/09/01 18:47:40,25438804,OK:01,TEMP,S36.5
2026/09/01 18:47:43,25441845,01,MON?
2026/09/01 18:47:43,25441852,35.8,,CONSTANT,0
2026/09/01 18:47:46,25444887,01,TEMP,S36.6
2026/09/01 18:47:46,25444889,OK:01,TEMP,S36.6
2026/09/01 18:47:52,25450971,01,TEMP,S36.7
2026/09/01 18:47:52,25450973,OK:01,TEMP,S36.7
2026/09/01 18:47:54,25451985,01,MON?
2026/09/01 18:47:54,25451986,37.5,,CONSTANT,0
2026/09/01 18:47:59,25457055,01,TEMP,S36.8
2026/09/01 18:47:59,25457057,OK:01,TEMP,S36.8
2026/09/01 18:48:04,25462125,01,MON?
2026/09/01 18:48:04,25462127,37.4,,CONSTANT,0
2026/09/01 18:48:05,25463139,01,TEMP,S36.9
2026/09/01 18:48:05,25463141,OK:01,TEMP,S36.9
2026/09/01 18:48:11,25469224,01,TEMP,S37.0
2026/09/01 18:48:11,25469226,OK:01,TEMP,S37.0
2026/09/01 18:48:14,25472265,01,MON?
2026/09/01 18:48:14,25472272,36.3,,CONSTANT,0
2026/09/01 18:48:17,25475307,01,TEMP,S37.1
2026/09/01 18:48:17,25475309,OK:01,TEMP,S37.1
2026/09/01 18:48:23,25481391,01,TEMP,S37.2
2026/09/01 18:48:23,25481393,OK:01,TEMP,S37.2
2026/09/01 18:48:24,25482405,01,MON?
2026/09/01 18:48:24,25482408,36.3,,CONSTANT,0
2026/09/01 18:48:29,25487476,01,TEMP,S37.3
2026/09/01 18:48:29,25487483,OK:01,TEMP,S37.3
2026/09/01 18:48:34,25492545,01,MON?
2026/09/01 18:48:34,25492546,36.6,,CONSTANT,0
2026/09/01 18:48:35,25493559,01,TEMP,S37.4
2026/09/01 18:48:35,25493561,OK:01,TEMP,S37.4
2026/09/01 18:48:41,25499643,01,TEMP,S37.5
2026/09/01 18:48:41,25499645,OK:01,TEMP,S37.5
2026/09/01 18:48:44,25502685,01,MON?
2026/09/01 18:48:44,25502687,36.8,,CONSTANT,0
2026/09/01 18:48:46,25504714,01,TEMP,S37.6
2026/09/01 18:48:46,25504721,OK:01,TEMP,S37.6
2026/09/01 18:48:52,25510798,01,TEMP,S37.7
2026/09/01 18:48:52,25510800,OK:01,TEMP,S37.7
2026/09/01 18:48:54,25512826,01,MON?
2026/09/01 18:48:54,25512828,37.4,,CONSTANT,0
2026/09/01 18:48:58,25516882,01,TEMP,S37.8
2026/09/01 18:48:58,25516889,OK:01,TEMP,S37.8
2026/09/01 18:49:04,25522966,01,MON?
2026/09/01 18:49:04,25522968,38.0,,CONSTANT,0
2026/09/01 18:49:04,25522969,01,TEMP,S37.9
2026/09/01 18:49:04,25522970,OK:01,TEMP,S37.9
2026/09/01 18:49:11,25529050,01,TEMP,S38.0
2026/09/01 18:49:11,25529052,OK:01,TEMP,S38.0
2026/09/01 18:49:15,25533106,01,MON?
2026/09/01 18:49:15,25533113,38.6,,CONSTANT,0
2026/09/01 18:49:17,25535133,01,TEMP,S38.1
2026/09/01 18:49:17,25535140,OK:01,TEMP,S38.1
2026/09/01 18:49:23,25541219,01,TEMP,S38.2
2026/09/01 18:49:23,25541221,OK:01,TEMP,S38.2
2026/09/01 18:49:25,25543247,01,MON?
2026/09/01 18:49:25,25543249,38.1,,CONSTANT,0
2026/09/01 18:49:29,25547301,01,TEMP,S38.3
2026/09/01 18:49:29,25547312,OK:01,TEMP,S38.3
2026/09/01 18:49:35,25553385,01,MON?
2026/09/01 18:49:35,25553387,39.0,,CONSTANT,0
2026/09/01 18:49:35,25553388,01,TEMP,S38.4
2026/09/01 18:49:35,25553389,OK:01,TEMP,S38.4
2026/09/01 18:49:41,25559470,01,TEMP,S38.5
2026/09/01 18:49:41,25559471,OK:01,TEMP,S38.5
2026/09/01 18:49:45,25563526,01,MON?
2026/09/01 18:49:45,25563533,38.0,,CONSTANT,0
2026/09/01 18:49:47,25565554,01,TEMP,S38.6
2026/09/01 18:49:47,25565556,OK:01,TEMP,S38.6
2026/09/01 18:49:53,25571637,01,TEMP,S38.7
2026/09/01 18:49:53,25571639,OK:01,TEMP,S38.7
2026/09/01 18:49:55,25573666,01,MON?
2026/09/01 18:49:55,25573667,38.2,,CONSTANT,0
2026/09/01 18:49:58,25576708,01,TEMP,S38.8
2026/09/01 18:49:58,25576710,OK:01,TEMP,S38.8
2026/09/01 18:50:04,25582792,01,TEMP,S38.9
2026/09/01 18:50:04,25582793,OK:01,TEMP,S38.9
2026/09/01 18:50:05,25583806,01,MON?
2026/09/01 18:50:05,25583808,38.1,,CONSTANT,0
2026/09/01 18:50:10,25588875,01,TEMP,S39.0
2026/09/01 18:50:10,25588877,OK:01,TEMP,S39.0
2026/09/01 18:50:15,25593946,01,MON?
2026/09/01 18:50:15,25593948,38.8,,CONSTANT,0
2026/09/01 18:50:16,25594960,01,TEMP,S39.1
2026/09/01 18:50:16,25594962,OK:01,TEMP,S39.1
2026/09/01 18:50:23,25601044,01,TEMP,S39.2
2026/09/01 18:50:23,25601048,OK:01,TEMP,S39.2
2026/09/01 18:50:26,25604086,01,MON?
2026/09/01 18:50:26,25604088,38.7,,CONSTANT,0
2026/09/01 18:50:29,25607127,01,TEMP,S39.3
2026/09/01 18:50:29,25607134,OK:01,TEMP,S39.3
2026/09/01 18:50:35,25613212,01,TEMP,S39.4
2026/09/01 18:50:35,25613214,OK:01,TEMP,S39.4
2026/09/01 18:50:36,25614226,01,MON?
2026/09/01 18:50:36,25614228,40.2,,CONSTANT,0
2026/09/01 18:50:41,25619296,01,TEMP,S39.5
2026/09/01 18:50:41,25619303,OK:01,TEMP,S39.5
2026/09/01 18:50:46,25624366,01,MON?
2026/09/01 18:50:46,25624373,40.0,,CONSTANT,0
2026/09/01 18:50:47,25625380,01,TEMP,S39.6
2026/09/01 18:50:47,25625382,OK:01,TEMP,S39.6
2026/09/01 18:50:53,25631464,01,TEMP,S39.7
2026/09/01 18:50:53,25631472,OK:01,TEMP,S39.7
2026/09/01 18:50:56,25634506,01,MON?
2026/09/01 18:50:56,25634507,40.3,,CONSTANT,0
2026/09/01 18:50:59,25637549,01,TEMP,S39.8
2026/09/01 18:50:59,25637551,OK:01,TEMP,S39.8
2026/09/01 18:51:05,25643633,01,TEMP,S39.9
2026/09/01 18:51:05,25643635,OK:01,TEMP,S39.9
2026/09/01 18:51:06,25644647,01,MON?
2026/09/01 18:51:06,25644649,40.2,,CONSTANT,0
2026/09/01 18:51:10,25648702,01,TEMP,S40.0
2026/09/01 18:51:10,25648704,OK:01,TEMP,S40.0
2026/09/01 18:51:16,25654787,01,MON?
2026/09/01 18:51:16,25654789,39.1,,CONSTANT,0
2026/09/01 18:51:16,25654790,01,TEMP,S40.1
2026/09/01 18:51:16,25654791,OK:01,TEMP,S40.1
2026/09/01 18:51:22,25660872,01,TEMP,S40.2
2026/09/01 18:51:22,25660874,OK:01,TEMP,S40.2
2026/09/01 18:51:26,25664926,01,MON?
2026/09/01 18:51:26,25664928,39.2,,CONSTANT,0
2026/09/01 18:51:28,25666955,01,TEMP,S40.3
2026/09/01 18:51:28,25666957,OK:01,TEMP,S40.3
2026/09/01 18:51:35,25673038,01,TEMP,S40.4
2026/09/01 18:51:35,25673045,OK:01,TEMP,S40.4
2026/09/01 18:51:37,25675067,01,MON?
2026/09/01 18:51:37,25675069,40.2,,CONSTANT,0
2026/09/01 18:51:41,25679123,01,TEMP,S40.5
2026/09/01 18:51:41,25679125,OK:01,TEMP,S40.5
2026/09/01 18:51:47,25685206,01,MON?
2026/09/01 18:51:47,25685208,40.3,,CONSTANT,0
2026/09/01 18:51:47,25685209,01,TEMP,S40.6
2026/09/01 18:51:47,25685210,OK:01,TEMP,S40.6
2026/09/01 18:51:53,25691290,01,TEMP,S40.7
2026/09/01 18:51:53,25691292,OK:01,TEMP,S40.7
2026/09/01 18:51:57,25695347,01,MON?
2026/09/01 18:51:57,25695349,41.3,,CONSTANT,0
2026/09/01 18:51:59,25697375,01,TEMP,S40.8
2026/09/01 18:51:59,25697377,OK:01,TEMP,S40.8
2026/09/01 18:52:05,25703459,01,TEMP,S40.9
2026/09/01 18:52:05,25703467,OK:01,TEMP,S40.9
2026/09/01 18:52:07,25705487,01,MON?
2026/09/01 18:52:07,25705489,41.8,,CONSTANT,0
2026/09/01 18:52:11,25709542,01,TEMP,S41.0
2026/09/01 18:52:11,25709544,OK:01,TEMP,S41.0
2026/09/01 18:52:17,25715627,01,MON?
2026/09/01 18:52:17,25715628,40.7,,CONSTANT,0
2026/09/01 18:52:17,25715630,01,TEMP,S41.1
2026/09/01 18:52:17,25715631,OK:01,TEMP,S41.1
2026/09/01 18:52:23,25721711,01,TEMP,S41.2
2026/09/01 18:52:23,25721713,OK:01,TEMP,S41.2
2026/09/01 18:52:27,25725766,01,MON?
2026/09/01 18:52:27,25725766,41.6,,CONSTANT,0
2026/09/01 18:52:28,25726780,01,TEMP,S41.3
2026/09/01 18:52:28,25726780,OK:01,TEMP,S41.3
2026/09/01 18:52:34,25732865,01,TEMP,S41.4
2026/09/01 18:52:34,25732867,OK:01,TEMP,S41.4
2026/09/01 18:52:37,25735907,01,MON?
2026/09/01 18:52:37,25735907,42.3,,CONSTANT,0
2026/09/01 18:52:40,25738949,01,TEMP,S41.5
2026/09/01 18:52:40,25738950,OK:01,TEMP,S41.5
2026/09/01 18:52:47,25745032,01,TEMP,S41.6
2026/09/01 18:52:47,25745033,OK:01,TEMP,S41.6
2026/09/01 18:52:48,25746046,01,MON?
2026/09/01 18:52:48,25746047,41.0,,CONSTANT,0
2026/09/01 18:52:53,25751117,01,TEMP,S41.7
2026/09/01 18:52:53,25751123,OK:01,TEMP,S41.7
2026/09/01 18:52:58,25756187,01,MON?
2026/09/01 18:52:58,25756189,41.3,,CONSTANT,0
2026/09/01 18:52:59,25757201,01,TEMP,S41.8
2026/09/01 18:52:59,25757203,OK:01,TEMP,S41.8
2026/09/01 18:53:05,25763285,01,TEMP,S41.9
2026/09/01 18:53:05,25763290,OK:01,TEMP,S41.9
2026/09/01 18:53:08,25766327,01,MON?
2026/09/01 18:53:08,25766329,42.3,,CONSTANT,0
2026/09/01 18:53:11,25769369,01,TEMP,S42.0
2026/09/01 18:53:11,25769376,OK:01,TEMP,S42.0
2026/09/01 18:53:17,25775453,01,TEMP,S42.1
2026/09/01 18:53:17,25775455,OK:01,TEMP,S42.1
2026/09/01 18:53:18,25776467,01,MON?
2026/09/01 18:53:18,25776469,41.6,,CONSTANT,0
2026/09/01 18:53:23,25781537,01,TEMP,S42.2
2026/09/01 18:53:23,25781545,OK:01,TEMP,S42.2
2026/09/01 18:53:28,25786607,01,MON?
2026/09/01 18:53:28,25786609,42.0,,CONSTANT,0
2026/09/01 18:53:29,25787621,01,TEMP,S42.3
2026/09/01 18:53:29,25787623,OK:01,TEMP,S42.3
2026/09/01 18:53:35,25793705,01,TEMP,S42.4
2026/09/01 18:53:35,25793707,OK:01,TEMP,S42.4
2026/09/01 18:53:38,25796747,01,MON?
2026/09/01 18:53:38,25796748,42.7,,CONSTANT,0
2026/09/01 18:53:40,25798776,01,TEMP,S42.5
2026/09/01 18:53:40,25798778,OK:01,TEMP,S42.5
2026/09/01 18:53:46,25804859,01,TEMP,S42.6
2026/09/01 18:53:46,25804866,OK:01,TEMP,S42.6
2026/09/01 18:53:48,25806887,01,MON?
2026/09/01 18:53:48,25806889,41.8,,CONSTANT,0
2026/09/01 18:53:52,25810944,01,TEMP,S42.7
2026/09/01 18:53:52,25810945,OK:01,TEMP,S42.7
2026/09/01 18:53:59,25817028,01,MON?
2026/09/01 18:53:59,25817029,42.2,,CONSTANT,0
2026/09/01 18:53:59,25817031,01,TEMP,S42.8
2026/09/01 18:53:59,25817032,OK:01,TEMP,S42.8
2026/09/01 18:54:05,25823112,01,TEMP,S42.9
2026/09/01 18:54:05,25823114,OK:01,TEMP,S42.9
2026/09/01 18:54:09,25827167,01,MON?
2026/09/01 18:54:09,25827169,43.2,,CONSTANT,0
2026/09/01 18:54:11,25829195,01,TEMP,S43.0
2026/09/01 18:54:11,25829197,OK:01,TEMP,S43.0
2026/09/01 18:54:17,25835279,01,TEMP,S43.1
2026/09/01 18:54:17,25835279,OK:01,TEMP,S43.1
2026/09/01 18:54:19,25837309,01,MON?
2026/09/01 18:54:19,25837310,43.8,,CONSTANT,0
2026/09/01 18:54:23,25841364,01,TEMP,S43.2
2026/09/01 18:54:23,25841366,OK:01,TEMP,S43.2
2026/09/01 18:54:29,25847447,01,MON?
2026/09/01 18:54:29,25847449,43.4,,CONSTANT,0
2026/09/01 18:54:29,25847450,01,TEMP,S43.3
2026/09/01 18:54:29,25847452,OK:01,TEMP,S43.3
2026/09/01 18:54:35,25853532,01,TEMP,S43.4
2026/09/01 18:54:35,25853534,OK:01,TEMP,S43.4
2026/09/01 18:54:39,25857589,01,MON?
2026/09/01 18:54:39,25857591,42.5,,CONSTANT,0
2026/09/01 18:54:41,25859617,01,TEMP,S43.5
2026/09/01 18:54:41,25859619,OK:01,TEMP,S43.5
2026/09/01 18:54:47,25865699,01,TEMP,S43.6
2026/09/01 18:54:47,25865700,OK:01,TEMP,S43.6
2026/09/01 18:54:49,25867728,01,MON?
2026/09/01 18:54:49,25867729,43.8,,CONSTANT,0
2026/09/01 18:54:53,25871784,01,TEMP,S43.7
2026/09/01 18:54:53,25871785,OK:01,TEMP,S43.7
2026/09/01 18:54:58,25876854,01,TEMP,S43.8
2026/09/01 18:54:58,25876855,OK:01,TEMP,S43.8
2026/09/01 18:54:59,25877868,01,MON?
2026/09/01 18:54:59,25877870,44.3,,CONSTANT,0
2026/09/01 18:55:04,25882937,01,TEMP,S43.9
2026/09/01 18:55:04,25882938,OK:01,TEMP,S43.9
2026/09/01 18:55:10,25888008,01,MON?
2026/09/01 18:55:10,25888010,43.9,,CONSTANT,0
2026/09/01 18:55:11,25889022,01,TEMP,S44.0
2026/09/01 18:55:11,25889024,OK:01,TEMP,S44.0
2026/09/01 18:55:17,25895106,01,TEMP,S44.1
2026/09/01 18:55:17,25895113,OK:01,TEMP,S44.1
2026/09/01 18:55:20,25898148,01,MON?
2026/09/01 18:55:20,25898150,44.1,,CONSTANT,0
2026/09/01 18:55:23,25901189,01,TEMP,S44.2
2026/09/01 18:55:23,25901196,OK:01,TEMP,S44.2
2026/09/01 18:55:29,25907274,01,TEMP,S44.3
2026/09/01 18:55:29,25907275,OK:01,TEMP,S44.3
2026/09/01 18:55:30,25908288,01,MON?
2026/09/01 18:55:30,25908290,43.8,,CONSTANT,0
2026/09/01 18:55:35,25913358,01,TEMP,S44.4
2026/09/01 18:55:35,25913365,OK:01,TEMP,S44.4
2026/09/01 18:55:40,25918428,01,MON?
2026/09/01 18:55:40,25918430,43.7,,CONSTANT,0
2026/09/01 18:55:41,25919442,01,TEMP,S44.5
2026/09/01 18:55:41,25919443,OK:01,TEMP,S44.5
2026/09/01 18:55:47,25925526,01,TEMP,S44.6
2026/09/01 18:55:47,25925533,OK:01,TEMP,S44.6
2026/09/01 18:55:50,25928568,01,MON?
2026/09/01 18:55:50,25928570,45.1,,CONSTANT,0
2026/09/01 18:55:53,25931610,01,TEMP,S44.7
2026/09/01 18:55:53,25931611,OK:01,TEMP,S44.7
2026/09/01 18:55:59,25937695,01,TEMP,S44.8
2026/09/01 18:55:59,25937697,OK:01,TEMP,S44.8
2026/09/01 18:56:00,25938708,01,MON?
2026/09/01 18:56:00,25938709,44.8,,CONSTANT,0
2026/09/01 18:56:05,25943778,01,TEMP,S44.9
2026/09/01 18:56:05,25943785,OK:01,TEMP,S44.9
2026/09/01 18:56:10,25948849,01,MON?
2026/09/01 18:56:10,25948851,45.6,,CONSTANT,0
2026/09/01 18:56:10,25948852,01,TEMP,S45.0
2026/09/01 18:56:10,25948853,OK:01,TEMP,S45.0
2026/09/01 18:56:16,25954933,01,TEMP,S45.1
2026/09/01 18:56:16,25954934,OK:01,TEMP,S45.1
2026/09/01 18:56:21,25958989,01,MON?
2026/09/01 18:56:21,25958990,44.4,,CONSTANT,0
2026/09/01 18:56:23,25961016,01,TEMP,S45.2
2026/09/01 18:56:23,25961018,OK:01,TEMP,S45.2
2026/09/01 18:56:29,25967100,01,TEMP,S45.3
2026/09/01 18:56:29,25967107,OK:01,TEMP,S45.3
2026/09/01 18:56:31,25969128,01,MON?
2026/09/01 18:56:31,25969129,45.2,,CONSTANT,0
2026/09/01 18:56:35,25973185,01,TEMP,S45.4
2026/09/01 18:56:35,25973189,OK:01,TEMP,S45.4
2026/09/01 18:56:41,25979270,01,MON?
2026/09/01 18:56:41,25979272,45.6,,CONSTANT,0
2026/09/01 18:56:41,25979273,01,TEMP,S45.5
2026/09/01 18:56:41,25979274,OK:01,TEMP,S45.5
2026/09/01 18:56:47,25985352,01,TEMP,S45.6
2026/09/01 18:56:47,25985354,OK:01,TEMP,S45.6
2026/09/01 18:56:51,25989408,01,MON?
2026/09/01 18:56:51,25989415,44.9,,CONSTANT,0
2026/09/01 18:56:53,25991436,01,TEMP,S45.7
2026/09/01 18:56:53,25991437,OK:01,TEMP,S45.7
2026/09/01 18:56:59,25997522,01,TEMP,S45.8
2026/09/01 18:56:59,25997529,OK:01,TEMP,S45.8
2026/09/01 18:57:01,25999550,01,MON?
2026/09/01 18:57:01,25999552,45.4,,CONSTANT,0
2026/09/01 18:57:05,26003604,01,TEMP,S45.9
2026/09/01 18:57:05,26003606,OK:01,TEMP,S45.9
2026/09/01 18:57:11,26009688,01,MON?
2026/09/01 18:57:11,26009690,46.6,,CONSTANT,0
2026/09/01 18:57:11,26009691,01,TEMP,S46.0
2026/09/01 18:57:11,26009692,OK:01,TEMP,S46.0
2026/09/01 18:57:17,26015774,01,TEMP,S46.1
2026/09/01 18:57:17,26015775,OK:01,TEMP,S46.1
2026/09/01 18:57:21,26019828,01,MON?
2026/09/01 18:57:21,26019830,46.4,,CONSTANT,0
2026/09/01 18:57:23,26021857,01,TEMP,S46.2
2026/09/01 18:57:23,26021859,OK:01,TEMP,S46.2
2026/09/01 18:57:28,26026926,01,TEMP,S46.3
2026/09/01 18:57:28,26026928,OK:01,TEMP,S46.3
2026/09/01 18:57:31,26029969,01,MON?
2026/09/01 18:57:31,26029970,46.1,,CONSTANT,0
2026/09/01 18:57:35,26033011,01,TEMP,S46.4
2026/09/01 18:57:35,26033013,OK:01,TEMP,S46.4
2026/09/01 18:57:41,26039094,01,TEMP,S46.5
2026/09/01 18:57:41,26039095,OK:01,TEMP,S46.5
2026/09/01 18:57:42,26040108,01,MON?
2026/09/01 18:57:42,26040110,47.1,,CONSTANT,0
2026/09/01 18:57:47,26045178,01,TEMP,S46.6
2026/09/01 18:57:47,26045185,OK:01,TEMP,S46.6
2026/09/01 18:57:52,26050249,01,MON?
2026/09/01 18:57:52,26050256,46.1,,CONSTANT,0
2026/09/01 18:57:53,26051263,01,TEMP,S46.7
2026/09/01 18:57:53,26051264,OK:01,TEMP,S46.7
2026/09/01 18:57:59,26057347,01,TEMP,S46.8
2026/09/01 18:57:59,26057354,OK:01,TEMP,S46.8
2026/09/01 18:58:02,26060388,01,MON?
2026/09/01 18:58:02,26060389,46.9,,CONSTANT,0
2026/09/01 18:58:05,26063431,01,TEMP,S46.9
2026/09/01 18:58:05,26063438,OK:01,TEMP,S46.9
2026/09/01 18:58:11,26069515,01,TEMP,S47.0
2026/09/01 18:58:11,26069515,OK:01,TEMP,S47.0
2026/09/01 18:58:12,26070529,01,MON?
2026/09/01 18:58:12,26070530,47.1,,CONSTANT,0
2026/09/01 18:58:17,26075599,01,TEMP,S47.1
2026/09/01 18:58:17,26075606,OK:01,TEMP,S47.1
2026/09/01 18:58:22,26080669,01,MON?
2026/09/01 18:58:22,26080671,46.5,,CONSTANT,0
2026/09/01 18:58:23,26081683,01,TEMP,S47.2
2026/09/01 18:58:23,26081684,OK:01,TEMP,S47.2
2026/09/01 18:58:29,26087767,01,TEMP,S47.3
2026/09/01 18:58:29,26087769,OK:01,TEMP,S47.3
2026/09/01 18:58:32,26090810,01,MON?
2026/09/01 18:58:32,26090811,47.5,,CONSTANT,0
2026/09/01 18:58:35,26093851,01,TEMP,S47.4
2026/09/01 18:58:35,26093853,OK:01,TEMP,S47.4
2026/09/01 18:58:40,26098922,01,TEMP,S47.5
2026/09/01 18:58:40,26098924,OK:01,TEMP,S47.5
2026/09/01 18:58:42,26100950,01,MON?
2026/09/01 18:58:42,26100951,47.3,,CONSTANT,0
2026/09/01 18:58:47,26105005,01,TEMP,S47.6
2026/09/01 18:58:47,26105012,OK:01,TEMP,S47.6
2026/09/01 18:58:53,26111090,01,MON?
2026/09/01 18:58:53,26111091,47.0,,CONSTANT,0
2026/09/01 18:58:53,26111093,01,TEMP,S47.7
2026/09/01 18:58:53,26111094,OK:01,TEMP,S47.7
2026/09/01 18:58:59,26117175,01,TEMP,S47.8
2026/09/01 18:58:59,26117177,OK:01,TEMP,S47.8
2026/09/01 18:59:03,26121230,01,MON?
2026/09/01 18:59:03,26121232,48.0,,CONSTANT,0
2026/09/01 18:59:05,26123258,01,TEMP,S47.9
2026/09/01 18:59:05,26123260,OK:01,TEMP,S47.9
2026/09/01 18:59:11,26129341,01,TEMP,S48.0
2026/09/01 18:59:11,26129356,OK:01,TEMP,S48.0
2026/09/01 18:59:13,26131370,01,MON?
2026/09/01 18:59:13,26131372,47.9,,CONSTANT,0
2026/09/01 18:59:17,26135427,01,TEMP,S48.1
2026/09/01 18:59:17,26135429,OK:01,TEMP,S48.1
2026/09/01 18:59:23,26141510,01,MON?
2026/09/01 18:59:23,26141512,48.2,,CONSTANT,0
2026/09/01 18:59:23,26141513,01,TEMP,S48.2
2026/09/01 18:59:23,26141514,OK:01,TEMP,S48.2
2026/09/01 18:59:29,26147594,01,TEMP,S48.3
2026/09/01 18:59:29,26147596,OK:01,TEMP,S48.3
2026/09/01 18:59:33,26151651,01,MON?
2026/09/01 18:59:33,26151653,48.7,,CONSTANT,0
2026/09/01 18:59:35,26153678,01,TEMP,S48.4
2026/09/01 18:59:35,26153680,OK:01,TEMP,S48.4
2026/09/01 18:59:41,26159762,01,TEMP,S48.5
2026/09/01 18:59:41,26159764,OK:01,TEMP,S48.5
2026/09/01 18:59:43,26161789,01,MON?
2026/09/01 18:59:43,26161791,49.2,,CONSTANT,0
2026/09/01 18:59:47,26165846,01,TEMP,S48.6
2026/09/01 18:59:47,26165848,OK:01,TEMP,S48.6
2026/09/01 18:59:53,26171930,01,MON?
2026/09/01 18:59:53,26171932,48.6,,CONSTANT,0
2026/09/01 18:59:53,26171933,01,TEMP,S48.7
2026/09/01 18:59:53,26171934,OK:01,TEMP,S48.7
2026/09/01 18:59:59,26177000,01,TEMP,S48.8
2026/09/01 18:59:59,26177002,OK:01,TEMP,S48.8
