2026/09/01 16:00:01,15379390,01,TEMP,S51.0
2026/09/01 16:00:01,15379428,OK:01,TEMP,S51.0
2026/09/01 16:00:07,15385475,01,MON?
2026/09/01 16:00:07,15385477,50.2,,CONSTANT,0
2026/09/01 16:00:07,15385478,01,TEMP,S51.1
2026/09/01 16:00:07,15385480,OK:01,TEMP,S51.1
2026/09/01 16:00:13,15391559,01,TEMP,S51.2
2026/09/01 16:00:13,15391561,OK:01,TEMP,S51.2
2026/09/01 16:00:17,15395614,01,MON?
2026/09/01 16:00:17,15395616,51.2,,CONSTANT,0
2026/09/01 16:00:18,15396628,01,TEMP,S51.3
2026/09/01 16:00:18,15396631,OK:01,TEMP,S51.3
2026/09/01 16:00:24,15402713,01,TEMP,S51.4
2026/09/01 16:00:24,15402715,OK:01,TEMP,S51.4
2026/09/01 16:00:27,15405755,01,MON?
2026/09/01 16:00:27,15405757,50.6,,CONSTANT,0
2026/09/01 16:00:30,15408797,01,TEMP,S51.5
2026/09/01 16:00:30,15408799,OK:01,TEMP,S51.5
2026/09/01 16:00:36,15414880,01,TEMP,S51.6
2026/09/01 16:00:36,15414886,OK:01,TEMP,S51.6
2026/09/01 16:00:37,15415895,01,MON?
2026/09/01 16:00:37,15415897,51.1,,CONSTANT,0
2026/09/01 16:00:42,15420965,01,TEMP,S51.7
2026/09/01 16:00:42,15420967,OK:01,TEMP,S51.7
2026/09/01 16:00:48,15426034,01,MON?
2026/09/01 16:00:48,15426036,52.5,,CONSTANT,0
2026/09/01 16:00:49,15427048,01,TEMP,S51.8
2026/09/01 16:00:49,15427050,OK:01,TEMP,S51.8
2026/09/01 16:00:55,15433133,01,TEMP,S51.9
2026/09/01 16:00:55,15433139,OK:01,TEMP,S51.9
2026/09/01 16:00:58,15436175,01,MON?
2026/09/01 16:00:58,15436177,52.5,,CONSTANT,0
2026/09/01 16:01:01,15439217,01,TEMP,S52.0
2026/09/01 16:01:01,15439223,OK:01,TEMP,S52.0
2026/09/01 16:01:07,15445301,01,TEMP,S52.1
2026/09/01 16:01:07,15445307,OK:01,TEMP,S52.1
2026/09/01 16:01:08,15446314,01,MON?
2026/09/01 16:01:08,15446316,52.3,,CONSTANT,0
2026/09/01 16:01:13,15451385,01,TEMP,S52.2
2026/09/01 16:01:13,15451391,OK:01,TEMP,S52.2
2026/09/01 16:01:18,15456455,01,MON?
2026/09/01 16:01:18,15456457,53.0,,CONSTANT,0
2026/09/01 16:01:19,15457469,01,TEMP,S52.3
2026/09/01 16:01:19,15457471,OK:01,TEMP,S52.3
2026/09/01 16:01:25,15463553,01,TEMP,S52.4
2026/09/01 16:01:25,15463553,OK:01,TEMP,S52.4
2026/09/01 16:01:28,15466594,01,MON?
2026/09/01 16:01:28,15466596,51.6,,CONSTANT,0
2026/09/01 16:01:31,15469637,01,TEMP,S52.5
2026/09/01 16:01:31,15469639,OK:01,TEMP,S52.5
2026/09/01 16:01:36,15474707,01,TEMP,S52.6
2026/09/01 16:01:36,15474709,OK:01,TEMP,S52.6
2026/09/01 16:01:38,15476735,01,MON?
2026/09/01 16:01:38,15476737,52.0,,CONSTANT,0
2026/09/01 16:01:42,15480791,01,TEMP,S52.7
2026/09/01 16:01:42,15480793,OK:01,TEMP,S52.7
2026/09/01 16:01:48,15486876,01,MON?
2026/09/01 16:01:48,15486878,52.6,,CONSTANT,0
2026/09/01 16:01:48,15486879,01,TEMP,S52.8
2026/09/01 16:01:48,15486881,OK:01,TEMP,S52.8
2026/09/01 16:01:54,15492959,01,TEMP,S52.9
2026/09/01 16:01:54,15492961,OK:01,TEMP,S52.9
2026/09/01 16:01:59,15497015,01,MON?
2026/09/01 16:01:59,15497017,52.8,,CONSTANT,0
2026/09/01 16:02:01,15499044,01,TEMP,S53.0
2026/09/01 16:02:01,15499046,OK:01,TEMP,S53.0
2026/09/01 16:02:07,15505127,01,TEMP,S53.1
2026/09/01 16:02:07,15505134,OK:01,TEMP,S53.1
2026/09/01 16:02:09,15507155,01,MON?
2026/09/01 16:02:09,15507156,53.2,,CONSTANT,0
2026/09/01 16:02:13,15511212,01,TEMP,S53.2
2026/09/01 16:02:13,15511214,OK:01,TEMP,S53.2
2026/09/01 16:02:19,15517295,01,MON?
2026/09/01 16:02:19,15517297,53.2,,CONSTANT,0
2026/09/01 16:02:19,15517299,01,TEMP,S53.3
2026/09/01 16:02:19,15517300,OK:01,TEMP,S53.3
2026/09/01 16:02:25,15523380,01,TEMP,S53.4
2026/09/01 16:02:25,15523382,OK:01,TEMP,S53.4
2026/09/01 16:02:29,15527436,01,MON?
2026/09/01 16:02:29,15527438,53.1,,CONSTANT,0
2026/09/01 16:02:31,15529464,01,TEMP,S53.5
2026/09/01 16:02:31,15529466,OK:01,TEMP,S53.5
2026/09/01 16:02:37,15535547,01,TEMP,S53.6
2026/09/01 16:02:37,15535554,OK:01,TEMP,S53.6
2026/09/01 16:02:39,15537575,01,MON?
2026/09/01 16:02:39,15537576,54.3,,CONSTANT,0
2026/09/01 16:02:43,15541632,01,TEMP,S53.7
2026/09/01 16:02:43,15541634,OK:01,TEMP,S53.7
2026/09/01 16:02:48,15546702,01,TEMP,S53.8
2026/09/01 16:02:48,15546704,OK:01,TEMP,S53.8
2026/09/01 16:02:50,15548810,01,MON?
2026/09/01 16:02:50,15548814,54.4,,CONSTANT,0
2026/09/01 16:02:55,15553646,01,TEMP,S53.9
2026/09/01 16:02:55,15553646,OK:01,TEMP,S53.9
2026/09/01 16:03:00,15558714,01,TEMP,S54.0
2026/09/01 16:03:00,15558716,OK:01,TEMP,S54.0
2026/09/01 16:03:01,15559729,01,MON?
2026/09/01 16:03:01,15559731,54.1,,CONSTANT,0
2026/09/01 16:03:06,15564797,01,TEMP,S54.1
2026/09/01 16:03:06,15564799,OK:01,TEMP,S54.1
2026/09/01 16:03:11,15569868,01,MON?
2026/09/01 16:03:11,15569870,54.4,,CONSTANT,0
2026/09/01 16:03:12,15570881,01,TEMP,S54.2
2026/09/01 16:03:12,15570883,OK:01,TEMP,S54.2
2026/09/01 16:03:18,15576966,01,TEMP,S54.3
2026/09/01 16:03:18,15576973,OK:01,TEMP,S54.3
2026/09/01 16:03:22,15580008,01,MON?
2026/09/01 16:03:22,15580010,54.8,,CONSTANT,0
2026/09/01 16:03:25,15583050,01,TEMP,S54.4
2026/09/01 16:03:25,15583052,OK:01,TEMP,S54.4
2026/09/01 16:03:31,15589133,01,TEMP,S54.5
2026/09/01 16:03:31,15589135,OK:01,TEMP,S54.5
2026/09/01 16:03:32,15590148,01,MON?
2026/09/01 16:03:32,15590150,55.0,,CONSTANT,0
2026/09/01 16:03:37,15595218,01,TEMP,S54.6
2026/09/01 16:03:37,15595220,OK:01,TEMP,S54.6
2026/09/01 16:03:42,15600288,01,MON?
2026/09/01 16:03:42,15600291,55.6,,CONSTANT,0
2026/09/01 16:03:43,15601302,01,TEMP,S54.7
2026/09/01 16:03:43,15601304,OK:01,TEMP,S54.7
2026/09/01 16:03:49,15607385,01,TEMP,S54.8
2026/09/01 16:03:49,15607387,OK:01,TEMP,S54.8
2026/09/01 16:03:52,15610428,01,MON?
2026/09/01 16:03:52,15610430,54.1,,CONSTANT,0
2026/09/01 16:03:55,15613470,01,TEMP,S54.9
2026/09/01 16:03:55,15613472,OK:01,TEMP,S54.9
2026/09/01 16:04:01,15619554,01,TEMP,S55.0
2026/09/01 16:04:01,15619563,OK:01,TEMP,S55.0
2026/09/01 16:04:02,15620568,01,MON?
2026/09/01 16:04:02,15620570,54.9,,CONSTANT,0
2026/09/01 16:04:04,15622596,ÇoÇbÇ…ÇÊÇÈÅBÉâÉìÉvâ^ì]èIóπ
2026/09/01 16:04:04,15622603,01,TEMP,S55.0
2026/09/01 16:04:04,15622605,OK:01,TEMP,S55.0
2026/09/01 16:04:13,15631416,01,MON?
2026/09/01 16:04:13,15631418,55.7,,CONSTANT,0
2026/09/01 16:04:14,15632428,01,TEMP,S55.0
2026/09/01 16:04:14,15632430,OK:01,TEMP,S55.0
2026/09/01 16:04:14,15632431,01,MODE,CONSTANT
2026/09/01 16:04:14,15632433,OK:01,MODE,CONSTANT
2026/09/01 16:04:14,15632434,01,SET,REF1
2026/09/01 16:04:14,15632436,OK:01,SET,REF1
2026/09/01 16:04:23,15641550,01,MON?
2026/09/01 16:04:23,15641558,55.9,,CONSTANT,0
2026/09/01 16:04:33,15651691,01,MON?
2026/09/01 16:04:33,15651693,54.9,,CONSTANT,0
2026/09/01 16:04:43,15661831,01,MON?
2026/09/01 16:04:43,15661833,54.7,,CONSTANT,0
2026/09/01 16:04:53,15671970,01,MON?
2026/09/01 16:04:53,15671972,55.9,,CONSTANT,0
2026/09/01 16:05:04,15682111,01,MON?
2026/09/01 16:05:04,15682113,54.2,,CONSTANT,0
2026/09/01 16:05:14,15692250,01,MON?
2026/09/01 16:05:14,15692252,54.3,,CONSTANT,0
2026/09/01 16:05:24,15702391,01,MON?
2026/09/01 16:05:24,15702393,54.9,,CONSTANT,0
2026/09/01 16:05:34,15712531,01,MON?
2026/09/01 16:05:34,15712533,55.6,,CONSTANT,0
2026/09/01 16:05:44,15722671,01,MON?
2026/09/01 16:05:44,15722673,55.1,,CONSTANT,0
2026/09/01 16:05:54,15732811,01,MON?
2026/09/01 16:05:54,15732813,55.9,,CONSTANT,0
2026/09/01 16:06:04,15742950,01,MON?
2026/09/01 16:06:04,15742952,54.1,,CONSTANT,0
2026/09/01 16:06:15,15753091,01,MON?
2026/09/01 16:06:15,15753098,55.1,,CONSTANT,0
2026/09/01 16:06:25,15763230,01,MON?
2026/09/01 16:06:25,15763232,55.3,,CONSTANT,0
2026/09/01 16:06:35,15773371,01,MON?
2026/09/01 16:06:35,15773373,55.9,,CONSTANT,0
2026/09/01 16:06:45,15783511,01,MON?
2026/09/01 16:06:45,15783513,54.1,,CONSTANT,0
2026/09/01 16:06:55,15793652,01,MON?
2026/09/01 16:06:55,15793654,54.4,,CONSTANT,0
2026/09/01 16:07:05,15803791,01,MON?
2026/09/01 16:07:05,15803793,54.5,,CONSTANT,0
2026/09/01 16:07:15,15813931,01,MON?
2026/09/01 16:07:15,15813933,54.1,,CONSTANT,0
2026/09/01 16:07:26,15824072,01,MON?
2026/09/01 16:07:26,15824074,55.2,,CONSTANT,0
2026/09/01 16:07:36,15834211,01,MON?
2026/09/01 16:07:36,15834219,54.8,,CONSTANT,0
2026/09/01 16:07:46,15844352,01,MON?
2026/09/01 16:07:46,15844359,55.7,,CONSTANT,0
2026/09/01 16:07:56,15854492,01,MON?
2026/09/01 16:07:56,15854499,55.5,,CONSTANT,0
2026/09/01 16:08:06,15864632,01,MON?
2026/09/01 16:08:06,15864634,54.5,,CONSTANT,0
2026/09/01 16:08:16,15874772,01,MON?
2026/09/01 16:08:16,15874774,54.8,,CONSTANT,0
2026/09/01 16:08:26,15884911,01,MON?
2026/09/01 16:08:26,15884913,55.7,,CONSTANT,0
2026/09/01 16:08:37,15895052,01,MON?
2026/09/01 16:08:37,15895054,54.1,,CONSTANT,0
2026/09/01 16:08:47,15905192,01,MON?
2026/09/01 16:08:47,15905194,54.5,,CONSTANT,0
2026/09/01 16:08:57,15915332,01,MON?
2026/09/01 16:08:57,15915334,54.2,,CONSTANT,0
2026/09/01 16:09:07,15925472,01,MON?
2026/09/01 16:09:07,15925474,55.1,,CONSTANT,0
2026/09/01 16:09:17,15935612,01,MON?
2026/09/01 16:09:17,15935614,55.2,,CONSTANT,0
2026/09/01 16:09:27,15945752,01,MON?
2026/09/01 16:09:27,15945754,54.1,,CONSTANT,0
2026/09/01 16:09:37,15955893,01,MON?
2026/09/01 16:09:37,15955893,55.5,,CONSTANT,0
2026/09/01 16:09:48,15966032,01,MON?
2026/09/01 16:09:48,15966033,54.7,,CONSTANT,0
2026/09/01 16:09:58,15976173,01,MON?
2026/09/01 16:09:58,15976176,54.5,,CONSTANT,0
2026/09/01 16:10:08,15986312,01,MON?
2026/09/01 16:10:08,15986315,54.7,,CONSTANT,0
2026/09/01 16:10:18,15996453,01,MON?
2026/09/01 16:10:18,15996460,55.8,,CONSTANT,0
2026/09/01 16:10:28,16006592,01,MON?
2026/09/01 16:10:28,16006594,55.5,,CONSTANT,0
2026/09/01 16:10:38,16016733,01,MON?
2026/09/01 16:10:38,16016735,55.1,,CONSTANT,0
2026/09/01 16:10:48,16026872,01,MON?
2026/09/01 16:10:48,16026874,55.4,,CONSTANT,0
2026/09/01 16:10:59,16037013,01,MON?
2026/09/01 16:10:59,16037015,55.4,,CONSTANT,0
2026/09/01 16:11:09,16047153,01,MON?
2026/09/01 16:11:09,16047155,54.8,,CONSTANT,0
2026/09/01 16:11:19,16057292,01,MON?
2026/09/01 16:11:19,16057293,55.3,,CONSTANT,0
2026/09/01 16:11:29,16067433,01,MON?
2026/09/01 16:11:29,16067435,54.5,,CONSTANT,0
2026/09/01 16:11:39,16077572,01,MON?
2026/09/01 16:11:39,16077573,56.0,,CONSTANT,0
2026/09/01 16:11:49,16087713,01,MON?
2026/09/01 16:11:49,16087715,54.1,,CONSTANT,0
2026/09/01 16:11:59,16097853,01,MON?
2026/09/01 16:11:59,16097855,54.2,,CONSTANT,0
2026/09/01 16:12:10,16107994,01,MON?
2026/09/01 16:12:10,16108002,54.9,,CONSTANT,0
2026/09/01 16:12:20,16118134,01,MON?
2026/09/01 16:12:20,16118136,54.7,,CONSTANT,0
2026/09/01 16:12:30,16128273,01,MON?
2026/09/01 16:12:30,16128281,54.2,,CONSTANT,0
2026/09/01 16:12:40,16138414,01,MON?
2026/09/01 16:12:40,16138423,55.6,,CONSTANT,0
2026/09/01 16:12:50,16148553,01,MON?
2026/09/01 16:12:50,16148560,55.7,,CONSTANT,0
2026/09/01 16:13:00,16158573,01,MON?
2026/09/01 16:13:00,16158574,55.5,,CONSTANT,0
2026/09/01 16:13:11,16169208,01,MON?
2026/09/01 16:13:11,16169210,54.2,,CONSTANT,0
2026/09/01 16:13:21,16179348,01,MON?
2026/09/01 16:13:21,16179350,54.3,,CONSTANT,0
2026/09/01 16:13:31,16189488,01,MON?
2026/09/01 16:13:31,16189490,55.9,,CONSTANT,0
2026/09/01 16:13:41,16199629,01,MON?
2026/09/01 16:13:41,16199631,55.1,,CONSTANT,0
2026/09/01 16:13:51,16209768,01,MON?
2026/09/01 16:13:51,16209770,55.9,,CONSTANT,0
2026/09/01 16:14:01,16219911,01,MON?
2026/09/01 16:14:01,16219912,54.1,,CONSTANT,0
2026/09/01 16:14:12,16230049,01,MON?
2026/09/01 16:14:12,16230051,55.4,,CONSTANT,0
2026/09/01 16:14:15,16233091,ÇoÇbÇ…ÇÊÇÈÅBÉâÉìÉvâ^ì]èIóπ
2026/09/01 16:14:15,16233093,01,TEMP,S55.0
2026/09/01 16:14:15,16233094,OK:01,TEMP,S55.0
2026/09/01 16:14:22,16240224,01,MON?
2026/09/01 16:14:22,16240231,54.5,,CONSTANT,0
2026/09/01 16:14:32,16250379,01,MON?
2026/09/01 16:14:32,16250380,55.3,,CONSTANT,0
2026/09/01 16:14:42,16260534,01,MON?
2026/09/01 16:14:42,16260543,54.7,,CONSTANT,0
2026/09/01 16:14:52,16270689,01,MON?
2026/09/01 16:14:52,16270691,55.1,,CONSTANT,0
2026/09/01 16:15:02,16280830,01,MON?
2026/09/01 16:15:02,16280832,55.6,,CONSTANT,0
2026/09/01 16:15:12,16290970,01,MON?
2026/09/01 16:15:12,16290972,54.2,,CONSTANT,0
2026/09/01 16:15:14,16291994,01,TEMP,S55.0
2026/09/01 16:15:14,16291996,OK:01,TEMP,S55.0
2026/09/01 16:15:14,16291997,01,MODE,CONSTANT
2026/09/01 16:15:14,16291998,OK:01,MODE,CONSTANT
2026/09/01 16:15:14,16292005,01,SET,REF3
2026/09/01 16:15:14,16292006,OK:01,SET,REF3
2026/09/01 16:15:16,16294009,01,TEMP,S54.9
2026/09/01 16:15:16,16294013,OK:01,TEMP,S54.9
2026/09/01 16:15:22,16300093,01,TEMP,S54.8
2026/09/01 16:15:22,16300100,OK:01,TEMP,S54.8
2026/09/01 16:15:23,16301106,01,MON?
2026/09/01 16:15:23,16301108,54.2,,CONSTANT,0
2026/09/01 16:15:28,16306176,01,TEMP,S54.7
2026/09/01 16:15:28,16306178,OK:01,TEMP,S54.7
2026/09/01 16:15:33,16311247,01,MON?
2026/09/01 16:15:33,16311254,54.5,,CONSTANT,0
2026/09/01 16:15:34,16312261,01,TEMP,S54.6
2026/09/01 16:15:34,16312263,OK:01,TEMP,S54.6
2026/09/01 16:15:40,16318345,01,TEMP,S54.5
2026/09/01 16:15:40,16318348,OK:01,TEMP,S54.5
2026/09/01 16:15:43,16321386,01,MON?
2026/09/01 16:15:43,16321393,54.6,,CONSTANT,0
2026/09/01 16:15:46,16324429,01,TEMP,S54.4
2026/09/01 16:15:46,16324431,OK:01,TEMP,S54.4
2026/09/01 16:15:52,16330513,01,TEMP,S54.3
2026/09/01 16:15:52,16330519,OK:01,TEMP,S54.3
2026/09/01 16:15:53,16331527,01,MON?
2026/09/01 16:15:53,16331528,54.5,,CONSTANT,0
2026/09/01 16:15:58,16336597,01,TEMP,S54.2
2026/09/01 16:15:58,16336599,OK:01,TEMP,S54.2
2026/09/01 16:16:03,16341666,01,MON?
2026/09/01 16:16:03,16341668,53.6,,CONSTANT,0
2026/09/01 16:16:04,16342681,01,TEMP,S54.1
2026/09/01 16:16:04,16342683,OK:01,TEMP,S54.1
2026/09/01 16:16:10,16348765,01,TEMP,S54.0
2026/09/01 16:16:10,16348769,OK:01,TEMP,S54.0
2026/09/01 16:16:13,16351807,01,MON?
2026/09/01 16:16:13,16351809,53.3,,CONSTANT,0
2026/09/01 16:16:16,16354849,01,TEMP,S53.9
2026/09/01 16:16:16,16354851,OK:01,TEMP,S53.9
2026/09/01 16:16:22,16360933,01,TEMP,S53.8
2026/09/01 16:16:22,16360935,OK:01,TEMP,S53.8
2026/09/01 16:16:23,16361950,01,MON?
2026/09/01 16:16:23,16361952,53.1,,CONSTANT,0
2026/09/01 16:16:29,16367017,01,TEMP,S53.7
2026/09/01 16:16:29,16367019,OK:01,TEMP,S53.7
2026/09/01 16:16:34,16372087,01,MON?
2026/09/01 16:16:34,16372089,53.5,,CONSTANT,0
2026/09/01 16:16:34,16372090,01,TEMP,S53.6
2026/09/01 16:16:34,16372092,OK:01,TEMP,S53.6
2026/09/01 16:16:40,16378172,01,TEMP,S53.5
2026/09/01 16:16:40,16378180,OK:01,TEMP,S53.5
2026/09/01 16:16:44,16382227,01,MON?
2026/09/01 16:16:44,16382229,54.1,,CONSTANT,0
2026/09/01 16:16:46,16384255,01,TEMP,S53.4
2026/09/01 16:16:46,16384262,OK:01,TEMP,S53.4
2026/09/01 16:16:52,16390339,01,TEMP,S53.3
2026/09/01 16:16:52,16390346,OK:01,TEMP,S53.3
2026/09/01 16:16:54,16392368,01,MON?
2026/09/01 16:16:54,16392376,54.0,,CONSTANT,0
2026/09/01 16:16:58,16396425,01,TEMP,S53.2
2026/09/01 16:16:58,16396432,OK:01,TEMP,S53.2
2026/09/01 16:17:04,16402507,01,MON?
2026/09/01 16:17:04,16402509,52.8,,CONSTANT,0
2026/09/01 16:17:04,16402510,01,TEMP,S53.1
2026/09/01 16:17:04,16402510,OK:01,TEMP,S53.1
2026/09/01 16:17:10,16408591,01,TEMP,S53.0
2026/09/01 16:17:10,16408592,OK:01,TEMP,S53.0
2026/09/01 16:17:14,16412649,01,MON?
2026/09/01 16:17:14,16412651,52.1,,CONSTANT,0
2026/09/01 16:17:16,16414676,01,TEMP,S52.9
2026/09/01 16:17:16,16414678,OK:01,TEMP,S52.9
2026/09/01 16:17:22,16420760,01,TEMP,S52.8
2026/09/01 16:17:22,16420764,OK:01,TEMP,S52.8
2026/09/01 16:17:24,16422787,01,MON?
2026/09/01 16:17:24,16422789,53.1,,CONSTANT,0
2026/09/01 16:17:28,16426843,01,TEMP,S52.7
2026/09/01 16:17:28,16426851,OK:01,TEMP,S52.7
2026/09/01 16:17:34,16432929,01,MON?
2026/09/01 16:17:34,16432930,52.0,,CONSTANT,0
2026/09/01 16:17:34,16432931,01,TEMP,S52.6
2026/09/01 16:17:34,16432931,OK:01,TEMP,S52.6
2026/09/01 16:17:41,16439012,01,TEMP,S52.5
2026/09/01 16:17:41,16439014,OK:01,TEMP,S52.5
2026/09/01 16:17:45,16443068,01,MON?
2026/09/01 16:17:45,16443070,51.7,,CONSTANT,0
2026/09/01 16:17:46,16444081,01,TEMP,S52.4
2026/09/01 16:17:46,16444083,OK:01,TEMP,S52.4
2026/09/01 16:17:52,16450166,01,TEMP,S52.3
2026/09/01 16:17:52,16450173,OK:01,TEMP,S52.3
2026/09/01 16:17:55,16453208,01,MON?
2026/09/01 16:17:55,16453215,53.0,,CONSTANT,0
2026/09/01 16:17:58,16456250,01,TEMP,S52.2
2026/09/01 16:17:58,16456252,OK:01,TEMP,S52.2
2026/09/01 16:18:04,16462333,01,TEMP,S52.1
2026/09/01 16:18:04,16462340,OK:01,TEMP,S52.1
2026/09/01 16:18:05,16463347,01,MON?
2026/09/01 16:18:05,16463349,51.6,,CONSTANT,0
2026/09/01 16:18:10,16468418,01,TEMP,S52.0
2026/09/01 16:18:10,16468425,OK:01,TEMP,S52.0
2026/09/01 16:18:15,16473488,01,MON?
2026/09/01 16:18:15,16473495,51.1,,CONSTANT,0
2026/09/01 16:18:16,16474502,01,TEMP,S51.9
2026/09/01 16:18:16,16474504,OK:01,TEMP,S51.9
2026/09/01 16:18:22,16480585,01,TEMP,S51.8
2026/09/01 16:18:22,16480592,OK:01,TEMP,S51.8
2026/09/01 16:18:25,16483628,01,MON?
2026/09/01 16:18:25,16483629,52.0,,CONSTANT,0
2026/09/01 16:18:28,16486670,01,TEMP,S51.7
2026/09/01 16:18:28,16486670,OK:01,TEMP,S51.7
2026/09/01 16:18:34,16492754,01,TEMP,S51.6
2026/09/01 16:18:34,16492756,OK:01,TEMP,S51.6
2026/09/01 16:18:35,16493768,01,MON?
2026/09/01 16:18:35,16493770,50.6,,CONSTANT,0
2026/09/01 16:18:40,16498837,01,TEMP,S51.5
2026/09/01 16:18:40,16498843,OK:01,TEMP,S51.5
2026/09/01 16:18:45,16503908,01,MON?
2026/09/01 16:18:45,16503910,50.6,,CONSTANT,0
2026/09/01 16:18:46,16504922,01,TEMP,S51.4
2026/09/01 16:18:46,16504924,OK:01,TEMP,S51.4
2026/09/01 16:18:53,16511007,01,TEMP,S51.3
2026/09/01 16:18:53,16511014,OK:01,TEMP,S51.3
2026/09/01 16:18:56,16514048,01,MON?
2026/09/01 16:18:56,16514050,50.5,,CONSTANT,0
2026/09/01 16:18:59,16517090,01,TEMP,S51.2
2026/09/01 16:18:59,16517092,OK:01,TEMP,S51.2
2026/09/01 16:19:04,16522161,01,TEMP,S51.1
2026/09/01 16:19:04,16522167,OK:01,TEMP,S51.1
2026/09/01 16:19:06,16524188,01,MON?
2026/09/01 16:19:06,16524190,50.9,,CONSTANT,0
2026/09/01 16:19:10,16528244,01,TEMP,S51.0
2026/09/01 16:19:10,16528251,OK:01,TEMP,S51.0
2026/09/01 16:19:16,16534329,01,MON?
2026/09/01 16:19:16,16534331,50.5,,CONSTANT,0
2026/09/01 16:19:16,16534332,01,TEMP,S50.9
2026/09/01 16:19:16,16534333,OK:01,TEMP,S50.9
2026/09/01 16:19:22,16540412,01,TEMP,S50.8
2026/09/01 16:19:22,16540420,OK:01,TEMP,S50.8
2026/09/01 16:19:26,16544468,01,MON?
2026/09/01 16:19:26,16544470,50.2,,CONSTANT,0
2026/09/01 16:19:28,16546496,01,TEMP,S50.7
2026/09/01 16:19:28,16546500,OK:01,TEMP,S50.7
2026/09/01 16:19:34,16552582,01,TEMP,S50.6
2026/09/01 16:19:34,16552584,OK:01,TEMP,S50.6
2026/09/01 16:19:36,16554609,01,MON?
2026/09/01 16:19:36,16554616,50.4,,CONSTANT,0
2026/09/01 16:19:40,16558664,01,TEMP,S50.5
2026/09/01 16:19:40,16558665,OK:01,TEMP,S50.5
2026/09/01 16:19:46,16564749,01,MON?
2026/09/01 16:19:46,16564751,50.2,,CONSTANT,0
2026/09/01 16:19:46,16564752,01,TEMP,S50.4
2026/09/01 16:19:46,16564753,OK:01,TEMP,S50.4
2026/09/01 16:19:52,16570834,01,TEMP,S50.3
2026/09/01 16:19:52,16570835,OK:01,TEMP,S50.3
2026/09/01 16:19:56,16574889,01,MON?
2026/09/01 16:19:56,16574891,50.2,,CONSTANT,0
2026/09/01 16:19:58,16576917,01,TEMP,S50.2
2026/09/01 16:19:58,16576919,OK:01,TEMP,S50.2
2026/09/01 16:20:05,16583000,01,TEMP,S50.1
2026/09/01 16:20:05,16583007,OK:01,TEMP,S50.1
2026/09/01 16:20:07,16585028,01,MON?
2026/09/01 16:20:07,16585030,49.2,,CONSTANT,0
2026/09/01 16:20:11,16589085,01,TEMP,S50.0
2026/09/01 16:20:11,16589092,OK:01,TEMP,S50.0
2026/09/01 16:20:16,16594156,01,TEMP,S49.9
2026/09/01 16:20:16,16594156,OK:01,TEMP,S49.9
2026/09/01 16:20:17,16595169,01,MON?
2026/09/01 16:20:17,16595171,49.8,,CONSTANT,0
2026/09/01 16:20:22,16600239,01,TEMP,S49.8
2026/09/01 16:20:22,16600247,OK:01,TEMP,S49.8
2026/09/01 16:20:27,16605309,01,MON?
2026/09/01 16:20:27,16605317,50.0,,CONSTANT,0
2026/09/01 16:20:28,16606323,01,TEMP,S49.7
2026/09/01 16:20:28,16606325,OK:01,TEMP,S49.7
2026/09/01 16:20:34,16612407,01,TEMP,S49.6
2026/09/01 16:20:34,16612414,OK:01,TEMP,S49.6
2026/09/01 16:20:37,16615448,01,MON?
2026/09/01 16:20:37,16615450,49.0,,CONSTANT,0
2026/09/01 16:20:40,16618490,01,TEMP,S49.5
2026/09/01 16:20:40,16618492,OK:01,TEMP,S49.5
2026/09/01 16:20:46,16624575,01,TEMP,S49.4
2026/09/01 16:20:46,16624582,OK:01,TEMP,S49.4
2026/09/01 16:20:47,16625589,01,MON?
2026/09/01 16:20:47,16625591,49.5,,CONSTANT,0
2026/09/01 16:20:52,16630659,01,TEMP,S49.3
2026/09/01 16:20:52,16630661,OK:01,TEMP,S49.3
2026/09/01 16:20:57,16635728,01,MON?
2026/09/01 16:20:57,16635730,49.3,,CONSTANT,0
2026/09/01 16:20:58,16636742,01,TEMP,S49.2
2026/09/01 16:20:58,16636744,OK:01,TEMP,S49.2
2026/09/01 16:21:04,16642827,01,TEMP,S49.1
2026/09/01 16:21:04,16642834,OK:01,TEMP,S49.1
2026/09/01 16:21:07,16645869,01,MON?
2026/09/01 16:21:07,16645871,48.2,,CONSTANT,0
2026/09/01 16:21:10,16648911,01,TEMP,S49.0
2026/09/01 16:21:10,16648912,OK:01,TEMP,S49.0
2026/09/01 16:21:17,16654994,01,TEMP,S48.9
2026/09/01 16:21:17,16654996,OK:01,TEMP,S48.9
2026/09/01 16:21:18,16656009,01,MON?
2026/09/01 16:21:18,16656011,48.2,,CONSTANT,0
2026/09/01 16:21:23,16661079,01,TEMP,S48.8
2026/09/01 16:21:23,16661084,OK:01,TEMP,S48.8
2026/09/01 16:21:28,16666149,01,MON?
2026/09/01 16:21:28,16666151,49.1,,CONSTANT,0
2026/09/01 16:21:29,16667163,01,TEMP,S48.7
2026/09/01 16:21:29,16667169,OK:01,TEMP,S48.7
2026/09/01 16:21:34,16672233,01,TEMP,S48.6
2026/09/01 16:21:34,16672240,OK:01,TEMP,S48.6
2026/09/01 16:21:38,16676289,01,MON?
2026/09/01 16:21:38,16676291,47.6,,CONSTANT,0
2026/09/01 16:21:40,16678318,01,TEMP,S48.5
2026/09/01 16:21:40,16678325,OK:01,TEMP,S48.5
2026/09/01 16:21:46,16684401,01,TEMP,S48.4
2026/09/01 16:21:46,16684408,OK:01,TEMP,S48.4
2026/09/01 16:21:48,16686430,01,MON?
2026/09/01 16:21:48,16686431,48.8,,CONSTANT,0
2026/09/01 16:21:52,16690485,01,TEMP,S48.3
2026/09/01 16:21:52,16690492,OK:01,TEMP,S48.3
2026/09/01 16:21:58,16696569,01,MON?
2026/09/01 16:21:58,16696571,47.5,,CONSTANT,0
2026/09/01 16:21:58,16696572,01,TEMP,S48.2
2026/09/01 16:21:58,16696573,OK:01,TEMP,S48.2
2026/09/01 16:22:04,16702654,01,TEMP,S48.1
2026/09/01 16:22:04,16702656,OK:01,TEMP,S48.1
2026/09/01 16:22:08,16706710,01,MON?
2026/09/01 16:22:08,16706712,47.2,,CONSTANT,0
2026/09/01 16:22:10,16708737,01,TEMP,S48.0
2026/09/01 16:22:10,16708739,OK:01,TEMP,S48.0
2026/09/01 16:22:16,16714822,01,TEMP,S47.9
2026/09/01 16:22:16,16714824,OK:01,TEMP,S47.9
2026/09/01 16:22:18,16716849,01,MON?
2026/09/01 16:22:18,16716851,48.0,,CONSTANT,0
2026/09/01 16:22:22,16720905,01,TEMP,S47.8
2026/09/01 16:22:22,16720912,OK:01,TEMP,S47.8
2026/09/01 16:22:29,16726990,01,MON?
2026/09/01 16:22:29,16726992,46.8,,CONSTANT,0
2026/09/01 16:22:29,16726993,01,TEMP,S47.7
2026/09/01 16:22:29,16726995,OK:01,TEMP,S47.7
2026/09/01 16:22:35,16733074,01,TEMP,S47.6
2026/09/01 16:22:35,16733076,OK:01,TEMP,S47.6
2026/09/01 16:22:39,16737129,01,MON?
2026/09/01 16:22:39,16737131,47.9,,CONSTANT,0
2026/09/01 16:22:41,16739158,01,TEMP,S47.5
2026/09/01 16:22:41,16739165,OK:01,TEMP,S47.5
2026/09/01 16:22:46,16744229,01,TEMP,S47.4
2026/09/01 16:22:46,16744237,OK:01,TEMP,S47.4
2026/09/01 16:22:49,16747271,01,MON?
2026/09/01 16:22:49,16747274,47.2,,CONSTANT,0
2026/09/01 16:22:52,16750313,01,TEMP,S47.3
2026/09/01 16:22:52,16750315,OK:01,TEMP,S47.3
2026/09/01 16:22:58,16756395,01,TEMP,S47.2
2026/09/01 16:22:58,16756402,OK:01,TEMP,S47.2
2026/09/01 16:22:59,16757409,01,MON?
2026/09/01 16:22:59,16757411,47.5,,CONSTANT,0
2026/09/01 16:23:04,16762480,01,TEMP,S47.1
2026/09/01 16:23:04,16762487,OK:01,TEMP,S47.1
2026/09/01 16:23:10,16768346,01,MON?
2026/09/01 16:23:10,16768347,46.7,,CONSTANT,0
2026/09/01 16:23:10,16768349,01,TEMP,S47.0
2026/09/01 16:23:10,16768350,OK:01,TEMP,S47.0
2026/09/01 16:23:16,16774429,01,TEMP,S46.9
2026/09/01 16:23:16,16774431,OK:01,TEMP,S46.9
2026/09/01 16:23:20,16778485,01,MON?
2026/09/01 16:23:20,16778492,46.3,,CONSTANT,0
2026/09/01 16:23:22,16780514,01,TEMP,S46.8
2026/09/01 16:23:22,16780516,OK:01,TEMP,S46.8
2026/09/01 16:23:28,16786598,01,TEMP,S46.7
2026/09/01 16:23:28,16786607,OK:01,TEMP,S46.7
2026/09/01 16:23:30,16788626,01,MON?
2026/09/01 16:23:30,16788628,47.3,,CONSTANT,0
2026/09/01 16:23:34,16792682,01,TEMP,S46.6
2026/09/01 16:23:34,16792689,OK:01,TEMP,S46.6
2026/09/01 16:23:40,16798766,01,MON?
2026/09/01 16:23:40,16798768,46.0,,CONSTANT,0
2026/09/01 16:23:40,16798769,01,TEMP,S46.5
2026/09/01 16:23:40,16798770,OK:01,TEMP,S46.5
2026/09/01 16:23:46,16804849,01,TEMP,S46.4
2026/09/01 16:23:46,16804856,OK:01,TEMP,S46.4
2026/09/01 16:23:50,16808906,01,MON?
2026/09/01 16:23:50,16808908,46.8,,CONSTANT,0
2026/09/01 16:23:52,16810934,01,TEMP,S46.3
2026/09/01 16:23:52,16810935,OK:01,TEMP,S46.3
2026/09/01 16:23:59,16817019,01,TEMP,S46.2
2026/09/01 16:23:59,16817026,OK:01,TEMP,S46.2
2026/09/01 16:24:01,16819046,01,MON?
2026/09/01 16:24:01,16819048,45.3,,CONSTANT,0
2026/09/01 16:24:05,16823102,01,TEMP,S46.1
2026/09/01 16:24:05,16823109,OK:01,TEMP,S46.1
2026/09/01 16:24:11,16829185,01,MON?
2026/09/01 16:24:11,16829187,46.0,,CONSTANT,0
2026/09/01 16:24:11,16829188,01,TEMP,S46.0
2026/09/01 16:24:11,16829190,OK:01,TEMP,S46.0
2026/09/01 16:24:16,16834256,01,TEMP,S45.9
2026/09/01 16:24:16,16834258,OK:01,TEMP,S45.9
2026/09/01 16:24:21,16839326,01,MON?
2026/09/01 16:24:21,16839333,45.3,,CONSTANT,0
2026/09/01 16:24:22,16840340,01,TEMP,S45.8
2026/09/01 16:24:22,16840342,OK:01,TEMP,S45.8
2026/09/01 16:24:28,16846423,01,TEMP,S45.7
2026/09/01 16:24:28,16846430,OK:01,TEMP,S45.7
2026/09/01 16:24:31,16849466,01,MON?
2026/09/01 16:24:31,16849467,45.8,,CONSTANT,0
2026/09/01 16:24:34,16852508,01,TEMP,S45.6
2026/09/01 16:24:34,16852516,OK:01,TEMP,S45.6
2026/09/01 16:24:40,16858592,01,TEMP,S45.5
2026/09/01 16:24:40,16858594,OK:01,TEMP,S45.5
2026/09/01 16:24:41,16859606,01,MON?
2026/09/01 16:24:41,16859608,44.7,,CONSTANT,0
2026/09/01 16:24:46,16864675,01,TEMP,S45.4
2026/09/01 16:24:46,16864677,OK:01,TEMP,S45.4
2026/09/01 16:24:51,16869746,01,MON?
2026/09/01 16:24:51,16869748,46.0,,CONSTANT,0
2026/09/01 16:24:52,16870760,01,TEMP,S45.3
2026/09/01 16:24:52,16870762,OK:01,TEMP,S45.3
2026/09/01 16:24:58,16876844,01,TEMP,S45.2
2026/09/01 16:24:58,16876852,OK:01,TEMP,S45.2
2026/09/01 16:25:01,16879886,01,MON?
2026/09/01 16:25:01,16879887,46.1,,CONSTANT,0
2026/09/01 16:25:04,16882928,01,TEMP,S45.1
2026/09/01 16:25:04,16882930,OK:01,TEMP,S45.1
2026/09/01 16:25:11,16889012,01,TEMP,S45.0
2026/09/01 16:25:11,16889014,OK:01,TEMP,S45.0
2026/09/01 16:25:12,16890027,01,MON?
2026/09/01 16:25:12,16890029,45.1,,CONSTANT,0
2026/09/01 16:25:17,16895174,01,TEMP,S44.9
2026/09/01 16:25:17,16895183,OK:01,TEMP,S44.9
2026/09/01 16:25:22,16900245,01,MON?
2026/09/01 16:25:22,16900252,45.4,,CONSTANT,0
2026/09/01 16:25:22,16900253,01,TEMP,S44.8
2026/09/01 16:25:22,16900254,OK:01,TEMP,S44.8
2026/09/01 16:25:28,16906328,01,TEMP,S44.7
2026/09/01 16:25:28,16906331,OK:01,TEMP,S44.7
2026/09/01 16:25:32,16910385,01,MON?
2026/09/01 16:25:32,16910387,44.3,,CONSTANT,0
2026/09/01 16:25:34,16912412,01,TEMP,S44.6
2026/09/01 16:25:34,16912415,OK:01,TEMP,S44.6
2026/09/01 16:25:40,16918497,01,TEMP,S44.5
2026/09/01 16:25:40,16918505,OK:01,TEMP,S44.5
2026/09/01 16:25:42,16920526,01,MON?
2026/09/01 16:25:42,16920526,43.5,,CONSTANT,0
2026/09/01 16:25:46,16924580,01,TEMP,S44.4
2026/09/01 16:25:46,16924582,OK:01,TEMP,S44.4
2026/09/01 16:25:52,16930665,01,MON?
2026/09/01 16:25:52,16930666,43.5,,CONSTANT,0
2026/09/01 16:25:52,16930667,01,TEMP,S44.3
2026/09/01 16:25:52,16930668,OK:01,TEMP,S44.3
2026/09/01 16:25:58,16936750,01,TEMP,S44.2
2026/09/01 16:25:58,16936753,OK:01,TEMP,S44.2
2026/09/01 16:26:02,16940806,01,MON?
2026/09/01 16:26:02,16940809,44.7,,CONSTANT,0
2026/09/01 16:26:04,16942832,01,TEMP,S44.1
2026/09/01 16:26:04,16942834,OK:01,TEMP,S44.1
2026/09/01 16:26:10,16948916,01,TEMP,S44.0
2026/09/01 16:26:10,16948919,OK:01,TEMP,S44.0
2026/09/01 16:26:12,16950944,01,MON?
2026/09/01 16:26:12,16950944,44.0,,CONSTANT,0
2026/09/01 16:26:17,16955001,01,TEMP,S43.9
2026/09/01 16:26:17,16955003,OK:01,TEMP,S43.9
2026/09/01 16:26:23,16961086,01,MON?
2026/09/01 16:26:23,16961086,43.1,,CONSTANT,0
2026/09/01 16:26:23,16961087,01,TEMP,S43.8
2026/09/01 16:26:23,16961087,OK:01,TEMP,S43.8
2026/09/01 16:26:29,16967169,01,TEMP,S43.7
2026/09/01 16:26:29,16967171,OK:01,TEMP,S43.7
2026/09/01 16:26:33,16971224,01,MON?
2026/09/01 16:26:33,16971224,43.3,,CONSTANT,0
2026/09/01 16:26:35,16973253,01,TEMP,S43.6
2026/09/01 16:26:35,16973257,OK:01,TEMP,S43.6
2026/09/01 16:26:40,16978323,01,TEMP,S43.5
2026/09/01 16:26:40,16978323,OK:01,TEMP,S43.5
2026/09/01 16:26:43,16981365,01,MON?
2026/09/01 16:26:43,16981365,43.8,,CONSTANT,0
2026/09/01 16:26:46,16984406,01,TEMP,S43.4
2026/09/01 16:26:46,16984407,OK:01,TEMP,S43.4
2026/09/01 16:26:52,16990491,01,TEMP,S43.3
2026/09/01 16:26:52,16990498,OK:01,TEMP,S43.3
2026/09/01 16:26:53,16991505,01,MON?
2026/09/01 16:26:53,16991505,43.4,,CONSTANT,0
2026/09/01 16:26:58,16996575,01,TEMP,S43.2
2026/09/01 16:26:58,16996575,OK:01,TEMP,S43.2
2026/09/01 16:27:03,17001644,01,MON?
2026/09/01 16:27:03,17001645,43.1,,CONSTANT,0
2026/09/01 16:27:04,17002662,01,TEMP,S43.1
2026/09/01 16:27:04,17002663,OK:01,TEMP,S43.1
2026/09/01 16:27:10,17008743,01,TEMP,S43.0
2026/09/01 16:27:10,17008749,OK:01,TEMP,S43.0
2026/09/01 16:27:13,17011785,01,MON?
2026/09/01 16:27:13,17011785,42.4,,CONSTANT,0
2026/09/01 16:27:16,17014827,01,TEMP,S42.9
2026/09/01 16:27:16,17014827,OK:01,TEMP,S42.9
2026/09/01 16:27:22,17020910,01,TEMP,S42.8
2026/09/01 16:27:22,17020917,OK:01,TEMP,S42.8
2026/09/01 16:27:23,17021924,01,MON?
2026/09/01 16:27:23,17021925,42.4,,CONSTANT,0
2026/09/01 16:27:29,17026995,01,TEMP,S42.7
2026/09/01 16:27:29,17026995,OK:01,TEMP,S42.7
2026/09/01 16:27:34,17032065,01,MON?
2026/09/01 16:27:34,17032068,43.2,,CONSTANT,0
2026/09/01 16:27:35,17033079,01,TEMP,S42.6
2026/09/01 16:27:35,17033080,OK:01,TEMP,S42.6
2026/09/01 16:27:41,17039163,01,TEMP,S42.5
2026/09/01 16:27:41,17039164,OK:01,TEMP,S42.5
2026/09/01 16:27:44,17042206,01,MON?
2026/09/01 16:27:44,17042209,41.9,,CONSTANT,0
2026/09/01 16:27:47,17045247,01,TEMP,S42.4
2026/09/01 16:27:47,17045249,OK:01,TEMP,S42.4
2026/09/01 16:27:52,17050318,01,TEMP,S42.3
2026/09/01 16:27:52,17050320,OK:01,TEMP,S42.3
2026/09/01 16:27:54,17052345,01,MON?
2026/09/01 16:27:54,17052347,43.0,,CONSTANT,0
2026/09/01 16:27:58,17056401,01,TEMP,S42.2
2026/09/01 16:27:58,17056403,OK:01,TEMP,S42.2
2026/09/01 16:28:04,17062485,01,MON?
2026/09/01 16:28:04,17062494,41.5,,CONSTANT,0
2026/09/01 16:28:04,17062496,01,TEMP,S42.1
2026/09/01 16:28:04,17062497,OK:01,TEMP,S42.1
2026/09/01 16:28:10,17068570,01,TEMP,S42.0
2026/09/01 16:28:10,17068570,OK:01,TEMP,S42.0
2026/09/01 16:28:14,17072626,01,MON?
2026/09/01 16:28:14,17072626,41.0,,CONSTANT,0
2026/09/01 16:28:16,17074653,01,TEMP,S41.9
2026/09/01 16:28:16,17074655,OK:01,TEMP,S41.9
2026/09/01 16:28:22,17080738,01,TEMP,S41.8
2026/09/01 16:28:22,17080740,OK:01,TEMP,S41.8
2026/09/01 16:28:24,17082766,01,MON?
2026/09/01 16:28:24,17082766,41.6,,CONSTANT,0
2026/09/01 16:28:28,17086821,01,TEMP,S41.7
2026/09/01 16:28:28,17086825,OK:01,TEMP,S41.7
2026/09/01 16:28:34,17092906,01,MON?
2026/09/01 16:28:34,17092908,41.1,,CONSTANT,0
2026/09/01 16:28:34,17092909,01,TEMP,S41.6
2026/09/01 16:28:34,17092910,OK:01,TEMP,S41.6
2026/09/01 16:28:41,17098991,01,TEMP,S41.5
2026/09/01 16:28:41,17098993,OK:01,TEMP,S41.5
2026/09/01 16:28:45,17103045,01,MON?
2026/09/01 16:28:45,17103046,42.5,,CONSTANT,0
2026/09/01 16:28:47,17105073,01,TEMP,S41.4
2026/09/01 16:28:47,17105074,OK:01,TEMP,S41.4
2026/09/01 16:28:53,17111158,01,TEMP,S41.3
2026/09/01 16:28:53,17111162,OK:01,TEMP,S41.3
2026/09/01 16:28:55,17113187,01,MON?
2026/09/01 16:28:55,17113187,40.8,,CONSTANT,0
2026/09/01 16:28:59,17117243,01,TEMP,S41.2
2026/09/01 16:28:59,17117245,OK:01,TEMP,S41.2
2026/09/01 16:29:05,17123326,01,MON?
2026/09/01 16:29:05,17123326,41.7,,CONSTANT,0
2026/09/01 16:29:05,17123327,01,TEMP,S41.1
2026/09/01 16:29:05,17123327,OK:01,TEMP,S41.1
2026/09/01 16:29:10,17128395,01,TEMP,S41.0
2026/09/01 16:29:10,17128395,OK:01,TEMP,S41.0
2026/09/01 16:29:15,17133466,01,MON?
2026/09/01 16:29:15,17133466,41.9,,CONSTANT,0
2026/09/01 16:29:16,17134480,01,TEMP,S40.9
2026/09/01 16:29:16,17134482,OK:01,TEMP,S40.9
2026/09/01 16:29:22,17140563,01,TEMP,S40.8
2026/09/01 16:29:22,17140565,OK:01,TEMP,S40.8
2026/09/01 16:29:25,17143605,01,MON?
2026/09/01 16:29:25,17143605,40.6,,CONSTANT,0
2026/09/01 16:29:28,17146648,01,TEMP,S40.7
2026/09/01 16:29:28,17146650,OK:01,TEMP,S40.7
2026/09/01 16:29:34,17152732,01,TEMP,S40.6
2026/09/01 16:29:34,17152736,OK:01,TEMP,S40.6
2026/09/01 16:29:35,17153746,01,MON?
2026/09/01 16:29:35,17153748,39.8,,CONSTANT,0
2026/09/01 16:29:40,17158815,01,TEMP,S40.5
2026/09/01 16:29:40,17158816,OK:01,TEMP,S40.5
2026/09/01 16:29:45,17163886,01,MON?
2026/09/01 16:29:45,17163886,40.3,,CONSTANT,0
2026/09/01 16:29:46,17164901,01,TEMP,S40.4
2026/09/01 16:29:46,17164902,OK:01,TEMP,S40.4
2026/09/01 16:29:53,17170984,01,TEMP,S40.3
2026/09/01 16:29:53,17170987,OK:01,TEMP,S40.3
2026/09/01 16:29:56,17174026,01,MON?
2026/09/01 16:29:56,17174028,39.4,,CONSTANT,0
2026/09/01 16:29:59,17177068,01,TEMP,S40.2
2026/09/01 16:29:59,17177075,OK:01,TEMP,S40.2
2026/09/01 16:30:05,17183152,01,TEMP,S40.1
2026/09/01 16:30:05,17183152,OK:01,TEMP,S40.1
2026/09/01 16:30:06,17184166,01,MON?
2026/09/01 16:30:06,17184169,40.7,,CONSTANT,0
2026/09/01 16:30:11,17189236,01,TEMP,S40.0
2026/09/01 16:30:11,17189238,OK:01,TEMP,S40.0
2026/09/01 16:30:16,17194306,01,MON?
2026/09/01 16:30:16,17194306,40.5,,CONSTANT,0
2026/09/01 16:30:17,17195320,01,TEMP,S39.9
2026/09/01 16:30:17,17195323,OK:01,TEMP,S39.9
2026/09/01 16:30:22,17200390,01,TEMP,S39.8
2026/09/01 16:30:22,17200392,OK:01,TEMP,S39.8
2026/09/01 16:30:26,17204447,01,MON?
2026/09/01 16:30:26,17204449,40.7,,CONSTANT,0
2026/09/01 16:30:28,17206475,01,TEMP,S39.7
2026/09/01 16:30:28,17206483,OK:01,TEMP,S39.7
2026/09/01 16:30:34,17212558,01,TEMP,S39.6
2026/09/01 16:30:34,17212560,OK:01,TEMP,S39.6
2026/09/01 16:30:36,17214586,01,MON?
2026/09/01 16:30:36,17214588,40.3,,CONSTANT,0
2026/09/01 16:30:40,17218642,01,TEMP,S39.5
2026/09/01 16:30:40,17218650,OK:01,TEMP,S39.5
2026/09/01 16:30:46,17224727,01,MON?
2026/09/01 16:30:46,17224727,39.0,,CONSTANT,0
2026/09/01 16:30:46,17224728,01,TEMP,S39.4
2026/09/01 16:30:46,17224728,OK:01,TEMP,S39.4
2026/09/01 16:30:52,17230810,01,TEMP,S39.3
2026/09/01 16:30:52,17230811,OK:01,TEMP,S39.3
2026/09/01 16:30:56,17234867,01,MON?
2026/09/01 16:30:56,17234868,40.2,,CONSTANT,0
2026/09/01 16:30:58,17236896,01,TEMP,S39.2
2026/09/01 16:30:58,17236897,OK:01,TEMP,S39.2
2026/09/01 16:31:04,17242979,01,TEMP,S39.1
2026/09/01 16:31:04,17242982,OK:01,TEMP,S39.1
2026/09/01 16:31:07,17245006,01,MON?
2026/09/01 16:31:07,17245007,39.6,,CONSTANT,0
2026/09/01 16:31:11,17249062,01,TEMP,S39.0
2026/09/01 16:31:11,17249068,OK:01,TEMP,S39.0
2026/09/01 16:31:17,17255148,01,MON?
2026/09/01 16:31:17,17255148,38.7,,CONSTANT,0
2026/09/01 16:31:17,17255149,01,TEMP,S38.9
2026/09/01 16:31:17,17255149,OK:01,TEMP,S38.9
2026/09/01 16:31:23,17261230,01,TEMP,S38.8
2026/09/01 16:31:23,17261232,OK:01,TEMP,S38.8
2026/09/01 16:31:27,17265287,01,MON?
2026/09/01 16:31:27,17265287,39.2,,CONSTANT,0
2026/09/01 16:31:29,17267314,01,TEMP,S38.7
2026/09/01 16:31:29,17267316,OK:01,TEMP,S38.7
2026/09/01 16:31:35,17273399,01,TEMP,S38.6
2026/09/01 16:31:35,17273401,OK:01,TEMP,S38.6
2026/09/01 16:31:37,17275428,01,MON?
2026/09/01 16:31:37,17275430,38.0,,CONSTANT,0
2026/09/01 16:31:40,17278469,01,TEMP,S38.5
2026/09/01 16:31:40,17278471,OK:01,TEMP,S38.5
2026/09/01 16:31:46,17284552,01,TEMP,S38.4
2026/09/01 16:31:46,17284556,OK:01,TEMP,S38.4
2026/09/01 16:31:47,17285566,01,MON?
2026/09/01 16:31:47,17285567,38.9,,CONSTANT,0
2026/09/01 16:31:52,17290637,01,TEMP,S38.3
2026/09/01 16:31:52,17290640,OK:01,TEMP,S38.3
2026/09/01 16:31:57,17295707,01,MON?
2026/09/01 16:31:57,17295707,38.4,,CONSTANT,0
2026/09/01 16:31:58,17296720,01,TEMP,S38.2
2026/09/01 16:31:58,17296720,OK:01,TEMP,S38.2
2026/09/01 16:32:04,17302804,01,TEMP,S38.1
2026/09/01 16:32:04,17302811,OK:01,TEMP,S38.1
2026/09/01 16:32:07,17305847,01,MON?
2026/09/01 16:32:07,17305849,39.1,,CONSTANT,0
2026/09/01 16:32:10,17308889,01,TEMP,S38.0
2026/09/01 16:32:10,17308889,OK:01,TEMP,S38.0
2026/09/01 16:32:16,17314973,01,TEMP,S37.9
2026/09/01 16:32:16,17314974,OK:01,TEMP,S37.9
2026/09/01 16:32:18,17315987,01,MON?
2026/09/01 16:32:18,17315987,37.8,,CONSTANT,0
2026/09/01 16:32:23,17321057,01,TEMP,S37.8
2026/09/01 16:32:23,17321057,OK:01,TEMP,S37.8
2026/09/01 16:32:28,17326127,01,MON?
2026/09/01 16:32:28,17326127,37.0,,CONSTANT,0
2026/09/01 16:32:29,17327141,01,TEMP,S37.7
2026/09/01 16:32:29,17327141,OK:01,TEMP,S37.7
2026/09/01 16:32:35,17333225,01,TEMP,S37.6
2026/09/01 16:32:35,17333225,OK:01,TEMP,S37.6
2026/09/01 16:32:38,17336266,01,MON?
2026/09/01 16:32:38,17336269,38.5,,CONSTANT,0
2026/09/01 16:32:41,17339309,01,TEMP,S37.5
2026/09/01 16:32:41,17339311,OK:01,TEMP,S37.5
2026/09/01 16:32:47,17345393,01,TEMP,S37.4
2026/09/01 16:32:47,17345393,OK:01,TEMP,S37.4
2026/09/01 16:32:48,17346407,01,MON?
2026/09/01 16:32:48,17346407,37.0,,CONSTANT,0
2026/09/01 16:32:52,17350463,01,TEMP,S37.3
2026/09/01 16:32:52,17350465,OK:01,TEMP,S37.3
2026/09/01 16:32:58,17356548,01,MON?
2026/09/01 16:32:58,17356550,36.8,,CONSTANT,0
2026/09/01 16:32:58,17356551,01,TEMP,S37.2
2026/09/01 16:32:58,17356552,OK:01,TEMP,S37.2
2026/09/01 16:33:04,17362632,01,TEMP,S37.1
2026/09/01 16:33:04,17362633,OK:01,TEMP,S37.1
2026/09/01 16:33:08,17366688,01,MON?
2026/09/01 16:33:08,17366690,36.2,,CONSTANT,0
2026/09/01 16:33:10,17368715,01,TEMP,S37.0
2026/09/01 16:33:10,17368719,OK:01,TEMP,S37.0
2026/09/01 16:33:16,17374801,01,TEMP,S36.9
2026/09/01 16:33:16,17374803,OK:01,TEMP,S36.9
2026/09/01 16:33:18,17376828,01,MON?
2026/09/01 16:33:18,17376830,36.5,,CONSTANT,0
2026/09/01 16:33:22,17380883,01,TEMP,S36.8
2026/09/01 16:33:22,17380883,OK:01,TEMP,S36.8
2026/09/01 16:33:28,17386968,01,MON?
2026/09/01 16:33:28,17386969,36.7,,CONSTANT,0
2026/09/01 16:33:28,17386969,01,TEMP,S36.7
2026/09/01 16:33:28,17386970,OK:01,TEMP,S36.7
2026/09/01 16:33:35,17393052,01,TEMP,S36.6
2026/09/01 16:33:35,17393054,OK:01,TEMP,S36.6
2026/09/01 16:33:39,17397108,01,MON?
2026/09/01 16:33:39,17397110,35.7,,CONSTANT,0
2026/09/01 16:33:41,17399135,01,TEMP,S36.5
2026/09/01 16:33:41,17399141,OK:01,TEMP,S36.5
2026/09/01 16:33:47,17405219,01,TEMP,S36.4
2026/09/01 16:33:47,17405222,OK:01,TEMP,S36.4
2026/09/01 16:33:49,17407247,01,MON?
2026/09/01 16:33:49,17407251,37.3,,CONSTANT,0
2026/09/01 16:33:53,17411305,01,TEMP,S36.3
2026/09/01 16:33:53,17411309,OK:01,TEMP,S36.3
2026/09/01 16:33:59,17417388,01,MON?
2026/09/01 16:33:59,17417390,37.0,,CONSTANT,0
2026/09/01 16:33:59,17417391,01,TEMP,S36.2
2026/09/01 16:33:59,17417392,OK:01,TEMP,S36.2
2026/09/01 16:34:05,17423471,01,TEMP,S36.1
2026/09/01 16:34:05,17423474,OK:01,TEMP,S36.1
2026/09/01 16:34:09,17427528,01,MON?
2026/09/01 16:34:09,17427530,37.1,,CONSTANT,0
2026/09/01 16:34:10,17428542,01,TEMP,S36.0
2026/09/01 16:34:10,17428542,OK:01,TEMP,S36.0
2026/09/01 16:34:16,17434625,01,TEMP,S35.9
2026/09/01 16:34:16,17434632,OK:01,TEMP,S35.9
2026/09/01 16:34:19,17437668,01,MON?
2026/09/01 16:34:19,17437668,35.5,,CONSTANT,0
2026/09/01 16:34:22,17440710,01,TEMP,S35.8
2026/09/01 16:34:22,17440710,OK:01,TEMP,S35.8
2026/09/01 16:34:28,17446794,01,TEMP,S35.7
2026/09/01 16:34:28,17446795,OK:01,TEMP,S35.7
2026/09/01 16:34:29,17447808,01,MON?
2026/09/01 16:34:29,17447808,36.4,,CONSTANT,0
2026/09/01 16:34:34,17452878,01,TEMP,S35.6
2026/09/01 16:34:34,17452878,OK:01,TEMP,S35.6
2026/09/01 16:34:39,17457947,01,MON?
2026/09/01 16:34:39,17457948,35.3,,CONSTANT,0
2026/09/01 16:34:40,17458961,01,TEMP,S35.5
2026/09/01 16:34:40,17458963,OK:01,TEMP,S35.5
2026/09/01 16:34:47,17465046,01,TEMP,S35.4
2026/09/01 16:34:47,17465059,OK:01,TEMP,S35.4
2026/09/01 16:34:50,17468088,01,MON?
2026/09/01 16:34:50,17468088,35.6,,CONSTANT,0
2026/09/01 16:34:53,17471130,01,TEMP,S35.3
2026/09/01 16:34:53,17471132,OK:01,TEMP,S35.3
2026/09/01 16:34:59,17477213,01,TEMP,S35.2
2026/09/01 16:34:59,17477215,OK:01,TEMP,S35.2
2026/09/01 16:35:00,17478227,01,MON?
2026/09/01 16:35:00,17478228,35.0,,CONSTANT,0
2026/09/01 16:35:05,17483298,01,TEMP,S35.1
2026/09/01 16:35:05,17483300,OK:01,TEMP,S35.1
2026/09/01 16:35:10,17488368,01,MON?
2026/09/01 16:35:10,17488368,35.4,,CONSTANT,0
2026/09/01 16:35:11,17489382,01,TEMP,S35.0
2026/09/01 16:35:11,17489382,OK:01,TEMP,S35.0
2026/09/01 16:35:17,17495465,01,TEMP,S34.9
2026/09/01 16:35:17,17495467,OK:01,TEMP,S34.9
2026/09/01 16:35:20,17498508,01,MON?
2026/09/01 16:35:20,17498510,35.4,,CONSTANT,0
2026/09/01 16:35:22,17500536,01,TEMP,S34.8
2026/09/01 16:35:22,17500537,OK:01,TEMP,S34.8
2026/09/01 16:35:28,17506620,01,TEMP,S34.7
2026/09/01 16:35:28,17506624,OK:01,TEMP,S34.7
2026/09/01 16:35:30,17508649,01,MON?
2026/09/01 16:35:30,17508650,34.8,,CONSTANT,0
2026/09/01 16:35:34,17512704,01,TEMP,S34.6
2026/09/01 16:35:34,17512706,OK:01,TEMP,S34.6
2026/09/01 16:35:40,17518788,01,MON?
2026/09/01 16:35:40,17518789,34.7,,CONSTANT,0
2026/09/01 16:35:40,17518790,01,TEMP,S34.5
2026/09/01 16:35:40,17518790,OK:01,TEMP,S34.5
2026/09/01 16:35:46,17524872,01,TEMP,S34.4
2026/09/01 16:35:46,17524872,OK:01,TEMP,S34.4
2026/09/01 16:35:50,17528929,01,MON?
2026/09/01 16:35:50,17528929,33.5,,CONSTANT,0
2026/09/01 16:35:52,17530958,01,TEMP,S34.3
2026/09/01 16:35:52,17530958,OK:01,TEMP,S34.3
2026/09/01 16:35:59,17537040,01,TEMP,S34.2
2026/09/01 16:35:59,17537042,OK:01,TEMP,S34.2
2026/09/01 16:36:01,17539069,01,MON?
2026/09/01 16:36:01,17539069,34.2,,CONSTANT,0
2026/09/01 16:36:05,17543124,01,TEMP,S34.1
2026/09/01 16:36:05,17543140,OK:01,TEMP,S34.1
2026/09/01 16:36:11,17549210,01,MON?
2026/09/01 16:36:11,17549212,35.0,,CONSTANT,0
2026/09/01 16:36:11,17549215,01,TEMP,S34.0
2026/09/01 16:36:11,17549216,OK:01,TEMP,S34.0
2026/09/01 16:36:17,17555293,01,TEMP,S33.9
2026/09/01 16:36:17,17555293,OK:01,TEMP,S33.9
2026/09/01 16:36:21,17559348,01,MON?
2026/09/01 16:36:21,17559348,34.9,,CONSTANT,0
2026/09/01 16:36:23,17561377,01,TEMP,S33.8
2026/09/01 16:36:23,17561377,OK:01,TEMP,S33.8
2026/09/01 16:36:29,17567461,01,TEMP,S33.7
2026/09/01 16:36:29,17567463,OK:01,TEMP,S33.7
2026/09/01 16:36:31,17569489,01,MON?
2026/09/01 16:36:31,17569490,32.8,,CONSTANT,0
2026/09/01 16:36:35,17573545,01,TEMP,S33.6
2026/09/01 16:36:35,17573547,OK:01,TEMP,S33.6
2026/09/01 16:36:40,17578614,01,TEMP,S33.5
2026/09/01 16:36:40,17578614,OK:01,TEMP,S33.5
2026/09/01 16:36:41,17579628,01,MON?
2026/09/01 16:36:41,17579630,32.8,,CONSTANT,0
2026/09/01 16:36:46,17584700,01,TEMP,S33.4
2026/09/01 16:36:46,17584700,OK:01,TEMP,S33.4
2026/09/01 16:36:51,17589770,01,MON?
2026/09/01 16:36:51,17589771,33.4,,CONSTANT,0
2026/09/01 16:36:52,17590784,01,TEMP,S33.3
2026/09/01 16:36:52,17590789,OK:01,TEMP,S33.3
2026/09/01 16:36:58,17596866,01,TEMP,S33.2
2026/09/01 16:36:58,17596869,OK:01,TEMP,S33.2
2026/09/01 16:37:01,17599908,01,MON?
2026/09/01 16:37:01,17599908,33.2,,CONSTANT,0
2026/09/01 16:37:04,17602951,01,TEMP,S33.1
2026/09/01 16:37:04,17602953,OK:01,TEMP,S33.1
2026/09/01 16:37:11,17609035,01,TEMP,S33.0
2026/09/01 16:37:11,17609035,OK:01,TEMP,S33.0
2026/09/01 16:37:12,17610049,01,MON?
2026/09/01 16:37:12,17610050,33.5,,CONSTANT,0
2026/09/01 16:37:17,17615118,01,TEMP,S32.9
2026/09/01 16:37:17,17615125,OK:01,TEMP,S32.9
2026/09/01 16:37:22,17620189,01,MON?
2026/09/01 16:37:22,17620189,32.8,,CONSTANT,0
2026/09/01 16:37:23,17621203,01,TEMP,S32.8
2026/09/01 16:37:23,17621205,OK:01,TEMP,S32.8
2026/09/01 16:37:29,17627287,01,TEMP,S32.7
2026/09/01 16:37:29,17627289,OK:01,TEMP,S32.7
2026/09/01 16:37:32,17630329,01,MON?
2026/09/01 16:37:32,17630329,32.5,,CONSTANT,0
2026/09/01 16:37:35,17633370,01,TEMP,S32.6
2026/09/01 16:37:35,17633381,OK:01,TEMP,S32.6
2026/09/01 16:37:41,17639455,01,TEMP,S32.5
2026/09/01 16:37:41,17639456,OK:01,TEMP,S32.5
2026/09/01 16:37:42,17640469,01,MON?
2026/09/01 16:37:42,17640471,31.6,,CONSTANT,0
2026/09/01 16:37:47,17645539,01,TEMP,S32.4
2026/09/01 16:37:47,17645541,OK:01,TEMP,S32.4
2026/09/01 16:37:52,17650609,01,MON?
2026/09/01 16:37:52,17650609,31.4,,CONSTANT,0
2026/09/01 16:37:52,17650610,01,TEMP,S32.3
2026/09/01 16:37:52,17650610,OK:01,TEMP,S32.3
2026/09/01 16:37:58,17656693,01,TEMP,S32.2
2026/09/01 16:37:58,17656694,OK:01,TEMP,S32.2
2026/09/01 16:38:02,17660749,01,MON?
2026/09/01 16:38:02,17660751,31.3,,CONSTANT,0
2026/09/01 16:38:04,17662777,01,TEMP,S32.1
2026/09/01 16:38:04,17662786,OK:01,TEMP,S32.1
2026/09/01 16:38:10,17668862,01,TEMP,S32.0
2026/09/01 16:38:10,17668862,OK:01,TEMP,S32.0
2026/09/01 16:38:12,17670890,01,MON?
2026/09/01 16:38:12,17670892,32.0,,CONSTANT,0
2026/09/01 16:38:16,17674946,01,TEMP,S31.9
2026/09/01 16:38:16,17674949,OK:01,TEMP,S31.9
2026/09/01 16:38:23,17681030,01,MON?
2026/09/01 16:38:23,17681031,32.6,,CONSTANT,0
2026/09/01 16:38:23,17681031,01,TEMP,S31.8
2026/09/01 16:38:23,17681032,OK:01,TEMP,S31.8
2026/09/01 16:38:29,17687113,01,TEMP,S31.7
2026/09/01 16:38:29,17687115,OK:01,TEMP,S31.7
2026/09/01 16:38:33,17691170,01,MON?
2026/09/01 16:38:33,17691170,31.9,,CONSTANT,0
2026/09/01 16:38:35,17693198,01,TEMP,S31.6
2026/09/01 16:38:35,17693205,OK:01,TEMP,S31.6
2026/09/01 16:38:41,17699282,01,TEMP,S31.5
2026/09/01 16:38:41,17699282,OK:01,TEMP,S31.5
2026/09/01 16:38:43,17701310,01,MON?
2026/09/01 16:38:43,17701312,30.6,,CONSTANT,0
2026/09/01 16:38:47,17705365,01,TEMP,S31.4
2026/09/01 16:38:47,17705366,OK:01,TEMP,S31.4
2026/09/01 16:38:53,17711449,01,MON?
2026/09/01 16:38:53,17711449,31.6,,CONSTANT,0
2026/09/01 16:38:53,17711450,01,TEMP,S31.3
2026/09/01 16:38:53,17711450,OK:01,TEMP,S31.3
2026/09/01 16:38:59,17717534,01,TEMP,S31.2
2026/09/01 16:38:59,17717534,OK:01,TEMP,S31.2
2026/09/01 16:39:03,17721590,01,MON?
2026/09/01 16:39:03,17721590,30.7,,CONSTANT,0
2026/09/01 16:39:05,17723618,01,TEMP,S31.1
2026/09/01 16:39:05,17723622,OK:01,TEMP,S31.1
2026/09/01 16:39:10,17728689,01,TEMP,S31.0
2026/09/01 16:39:10,17728690,OK:01,TEMP,S31.0
2026/09/01 16:39:13,17731729,01,MON?
2026/09/01 16:39:13,17731731,31.0,,CONSTANT,0
2026/09/01 16:39:16,17734771,01,TEMP,S30.9
2026/09/01 16:39:16,17734772,OK:01,TEMP,S30.9
2026/09/01 16:39:22,17740856,01,TEMP,S30.8
2026/09/01 16:39:22,17740856,OK:01,TEMP,S30.8
2026/09/01 16:39:23,17741871,01,MON?
2026/09/01 16:39:23,17741871,30.4,,CONSTANT,0
2026/09/01 16:39:28,17746941,01,TEMP,S30.7
2026/09/01 16:39:28,17746942,OK:01,TEMP,S30.7
2026/09/01 16:39:34,17752010,01,MON?
2026/09/01 16:39:34,17752011,31.1,,CONSTANT,0
2026/09/01 16:39:35,17753024,01,TEMP,S30.6
2026/09/01 16:39:35,17753024,OK:01,TEMP,S30.6
2026/09/01 16:39:41,17759108,01,TEMP,S30.5
2026/09/01 16:39:41,17759110,OK:01,TEMP,S30.5
2026/09/01 16:39:44,17762150,01,MON?
2026/09/01 16:39:44,17762150,30.6,,CONSTANT,0
2026/09/01 16:39:47,17765192,01,TEMP,S30.4
2026/09/01 16:39:47,17765197,OK:01,TEMP,S30.4
2026/09/01 16:39:53,17771275,01,TEMP,S30.3
2026/09/01 16:39:53,17771276,OK:01,TEMP,S30.3
2026/09/01 16:39:54,17772289,01,MON?
2026/09/01 16:39:54,17772290,31.1,,CONSTANT,0
2026/09/01 16:39:59,17777360,01,TEMP,S30.2
2026/09/01 16:39:59,17777369,OK:01,TEMP,S30.2
2026/09/01 16:40:04,17782430,01,MON?
2026/09/01 16:40:04,17782430,30.1,,CONSTANT,0
2026/09/01 16:40:05,17783444,01,TEMP,S30.1
2026/09/01 16:40:05,17783444,OK:01,TEMP,S30.1
2026/09/01 16:40:11,17789527,01,TEMP,S30.0
2026/09/01 16:40:11,17789531,OK:01,TEMP,S30.0
2026/09/01 16:40:14,17792569,01,MON?
2026/09/01 16:40:14,17792571,29.1,,CONSTANT,0
2026/09/01 16:40:17,17795612,01,TEMP,S29.9
2026/09/01 16:40:17,17795614,OK:01,TEMP,S29.9
2026/09/01 16:40:22,17800682,01,TEMP,S29.8
2026/09/01 16:40:22,17800683,OK:01,TEMP,S29.8
2026/09/01 16:40:25,17803027,01,MON?
2026/09/01 16:40:25,17803028,29.9,,CONSTANT,0
2026/09/01 16:40:28,17806859,01,TEMP,S29.7
2026/09/01 16:40:28,17806859,OK:01,TEMP,S29.7
2026/09/01 16:40:34,17812944,01,TEMP,S29.6
2026/09/01 16:40:34,17812951,OK:01,TEMP,S29.6
2026/09/01 16:40:35,17813958,01,MON?
2026/09/01 16:40:35,17813960,29.2,,CONSTANT,0
2026/09/01 16:40:41,17819028,01,TEMP,S29.5
2026/09/01 16:40:41,17819030,OK:01,TEMP,S29.5
2026/09/01 16:40:46,17824097,01,MON?
2026/09/01 16:40:46,17824099,29.0,,CONSTANT,0
2026/09/01 16:40:47,17825111,01,TEMP,S29.4
2026/09/01 16:40:47,17825113,OK:01,TEMP,S29.4
2026/09/01 16:40:53,17831196,01,TEMP,S29.3
2026/09/01 16:40:53,17831199,OK:01,TEMP,S29.3
2026/09/01 16:40:56,17834238,01,MON?
2026/09/01 16:40:56,17834246,28.9,,CONSTANT,0
2026/09/01 16:40:59,17837280,01,TEMP,S29.2
2026/09/01 16:40:59,17837288,OK:01,TEMP,S29.2
2026/09/01 16:41:05,17843363,01,TEMP,S29.1
2026/09/01 16:41:05,17843365,OK:01,TEMP,S29.1
2026/09/01 16:41:06,17844377,01,MON?
2026/09/01 16:41:06,17844378,29.7,,CONSTANT,0
2026/09/01 16:41:11,17849448,01,TEMP,S29.0
2026/09/01 16:41:11,17849456,OK:01,TEMP,S29.0
2026/09/01 16:41:16,17854518,01,MON?
2026/09/01 16:41:16,17854520,29.4,,CONSTANT,0
2026/09/01 16:41:17,17855532,01,TEMP,S28.9
2026/09/01 16:41:17,17855534,OK:01,TEMP,S28.9
2026/09/01 16:41:23,17861615,01,TEMP,S28.8
2026/09/01 16:41:23,17861617,OK:01,TEMP,S28.8
2026/09/01 16:41:26,17864659,01,MON?
2026/09/01 16:41:26,17864661,29.3,,CONSTANT,0
2026/09/01 16:41:28,17866688,01,TEMP,S28.7
2026/09/01 16:41:28,17866689,OK:01,TEMP,S28.7
2026/09/01 16:41:34,17872770,01,TEMP,S28.6
2026/09/01 16:41:34,17872772,OK:01,TEMP,S28.6
2026/09/01 16:41:36,17874798,01,MON?
2026/09/01 16:41:36,17874800,29.3,,CONSTANT,0
2026/09/01 16:41:40,17878854,01,TEMP,S28.5
2026/09/01 16:41:40,17878861,OK:01,TEMP,S28.5
2026/09/01 16:41:46,17884938,01,MON?
2026/09/01 16:41:46,17884940,27.6,,CONSTANT,0
2026/09/01 16:41:46,17884941,01,TEMP,S28.4
2026/09/01 16:41:46,17884943,OK:01,TEMP,S28.4
2026/09/01 16:41:53,17891022,01,TEMP,S28.3
2026/09/01 16:41:53,17891024,OK:01,TEMP,S28.3
2026/09/01 16:41:57,17895079,01,MON?
2026/09/01 16:41:57,17895080,28.9,,CONSTANT,0
2026/09/01 16:41:59,17897107,01,TEMP,S28.2
2026/09/01 16:41:59,17897109,OK:01,TEMP,S28.2
2026/09/01 16:42:05,17903191,01,TEMP,S28.1
2026/09/01 16:42:05,17903193,OK:01,TEMP,S28.1
2026/09/01 16:42:07,17905218,01,MON?
2026/09/01 16:42:07,17905220,28.1,,CONSTANT,0
2026/09/01 16:42:11,17909275,01,TEMP,S28.0
2026/09/01 16:42:11,17909283,OK:01,TEMP,S28.0
2026/09/01 16:42:17,17915359,01,MON?
2026/09/01 16:42:17,17915361,27.3,,CONSTANT,0
2026/09/01 16:42:17,17915362,01,TEMP,S27.9
2026/09/01 16:42:17,17915365,OK:01,TEMP,S27.9
2026/09/01 16:42:23,17921442,01,TEMP,S27.8
2026/09/01 16:42:23,17921444,OK:01,TEMP,S27.8
2026/09/01 16:42:27,17925499,01,MON?
2026/09/01 16:42:27,17925507,28.3,,CONSTANT,0
2026/09/01 16:42:29,17927527,01,TEMP,S27.7
2026/09/01 16:42:29,17927529,OK:01,TEMP,S27.7
2026/09/01 16:42:35,17933611,01,TEMP,S27.6
2026/09/01 16:42:35,17933613,OK:01,TEMP,S27.6
2026/09/01 16:42:37,17935639,01,MON?
2026/09/01 16:42:37,17935641,28.4,,CONSTANT,0
2026/09/01 16:42:41,17939695,01,TEMP,S27.5
2026/09/01 16:42:41,17939697,OK:01,TEMP,S27.5
2026/09/01 16:42:46,17944764,01,TEMP,S27.4
2026/09/01 16:42:46,17944766,OK:01,TEMP,S27.4
2026/09/01 16:42:47,17945778,01,MON?
2026/09/01 16:42:47,17945780,27.2,,CONSTANT,0
2026/09/01 16:42:52,17950849,01,TEMP,S27.3
2026/09/01 16:42:52,17950851,OK:01,TEMP,S27.3
2026/09/01 16:42:57,17955919,01,MON?
2026/09/01 16:42:57,17955920,27.8,,CONSTANT,0
2026/09/01 16:42:58,17956933,01,TEMP,S27.2
2026/09/01 16:42:58,17956934,OK:01,TEMP,S27.2
2026/09/01 16:43:05,17963016,01,TEMP,S27.1
2026/09/01 16:43:05,17963018,OK:01,TEMP,S27.1
2026/09/01 16:43:08,17966059,01,MON?
2026/09/01 16:43:08,17966061,27.3,,CONSTANT,0
2026/09/01 16:43:11,17969102,01,TEMP,S27.0
2026/09/01 16:43:11,17969109,OK:01,TEMP,S27.0
2026/09/01 16:43:17,17975185,01,TEMP,S26.9
2026/09/01 16:43:17,17975187,OK:01,TEMP,S26.9
2026/09/01 16:43:18,17976199,01,MON?
2026/09/01 16:43:18,17976208,26.6,,CONSTANT,0
2026/09/01 16:43:23,17981268,01,TEMP,S26.8
2026/09/01 16:43:23,17981276,OK:01,TEMP,S26.8
2026/09/01 16:43:28,17986339,01,MON?
2026/09/01 16:43:28,17986340,26.2,,CONSTANT,0
2026/09/01 16:43:29,17987353,01,TEMP,S26.7
2026/09/01 16:43:29,17987355,OK:01,TEMP,S26.7
2026/09/01 16:43:35,17993437,01,TEMP,S26.6
2026/09/01 16:43:35,17993439,OK:01,TEMP,S26.6
2026/09/01 16:43:38,17996479,01,MON?
2026/09/01 16:43:38,17996481,26.9,,CONSTANT,0
2026/09/01 16:43:41,17999520,01,TEMP,S26.5
2026/09/01 16:43:41,17999524,OK:01,TEMP,S26.5
2026/09/01 16:43:47,18005605,01,TEMP,S26.4
2026/09/01 16:43:47,18005607,OK:01,TEMP,S26.4
2026/09/01 16:43:48,18006619,01,MON?
2026/09/01 16:43:48,18006621,26.0,,CONSTANT,0
2026/09/01 16:43:53,18011689,01,TEMP,S26.3
2026/09/01 16:43:53,18011698,OK:01,TEMP,S26.3
2026/09/01 16:43:58,18016759,01,MON?
2026/09/01 16:43:58,18016761,27.1,,CONSTANT,0
2026/09/01 16:43:58,18016762,01,TEMP,S26.2
2026/09/01 16:43:58,18016764,OK:01,TEMP,S26.2
2026/09/01 16:44:04,18022843,01,TEMP,S26.1
2026/09/01 16:44:04,18022845,OK:01,TEMP,S26.1
2026/09/01 16:44:08,18026899,01,MON?
2026/09/01 16:44:08,18026901,25.2,,CONSTANT,0
2026/09/01 16:44:10,18028927,01,TEMP,S26.0
2026/09/01 16:44:10,18028929,OK:01,TEMP,S26.0
2026/09/01 16:44:17,18035011,01,TEMP,S25.9
2026/09/01 16:44:17,18035013,OK:01,TEMP,S25.9
2026/09/01 16:44:19,18037038,01,MON?
2026/09/01 16:44:19,18037046,26.2,,CONSTANT,0
2026/09/01 16:44:23,18041095,01,TEMP,S25.8
2026/09/01 16:44:23,18041097,OK:01,TEMP,S25.8
2026/09/01 16:44:29,18047180,01,MON?
2026/09/01 16:44:29,18047187,25.6,,CONSTANT,0
2026/09/01 16:44:29,18047189,01,TEMP,S25.7
2026/09/01 16:44:29,18047190,OK:01,TEMP,S25.7
2026/09/01 16:44:35,18053263,01,TEMP,S25.6
2026/09/01 16:44:35,18053265,OK:01,TEMP,S25.6
2026/09/01 16:44:39,18057319,01,MON?
2026/09/01 16:44:39,18057321,24.6,,CONSTANT,0
2026/09/01 16:44:41,18059348,01,TEMP,S25.5
2026/09/01 16:44:41,18059349,OK:01,TEMP,S25.5
2026/09/01 16:44:47,18065432,01,TEMP,S25.4
2026/09/01 16:44:47,18065434,OK:01,TEMP,S25.4
2026/09/01 16:44:49,18067459,01,MON?
2026/09/01 16:44:49,18067461,25.5,,CONSTANT,0
2026/09/01 16:44:53,18071516,01,TEMP,S25.3
2026/09/01 16:44:53,18071518,OK:01,TEMP,S25.3
2026/09/01 16:44:59,18077599,01,MON?
2026/09/01 16:44:59,18077600,26.3,,CONSTANT,0
2026/09/01 16:44:59,18077601,01,TEMP,S25.2
2026/09/01 16:44:59,18077602,OK:01,TEMP,S25.2
2026/09/01 16:45:05,18083683,01,TEMP,S25.1
2026/09/01 16:45:05,18083685,OK:01,TEMP,S25.1
2026/09/01 16:45:09,18087739,01,MON?
2026/09/01 16:45:09,18087741,25.9,,CONSTANT,0
2026/09/01 16:45:11,18089767,01,TEMP,S25.0
2026/09/01 16:45:11,18089769,OK:01,TEMP,S25.0
2026/09/01 16:45:16,18094838,01,TEMP,S24.9
2026/09/01 16:45:16,18094840,OK:01,TEMP,S24.9
2026/09/01 16:45:19,18097879,01,MON?
2026/09/01 16:45:19,18097888,25.7,,CONSTANT,0
2026/09/01 16:45:22,18100928,01,TEMP,S24.8
2026/09/01 16:45:22,18100930,OK:01,TEMP,S24.8
2026/09/01 16:45:29,18107006,01,TEMP,S24.7
2026/09/01 16:45:29,18107008,OK:01,TEMP,S24.7
2026/09/01 16:45:30,18108020,01,MON?
2026/09/01 16:45:30,18108021,23.8,,CONSTANT,0
2026/09/01 16:45:35,18113091,01,TEMP,S24.6
2026/09/01 16:45:35,18113100,OK:01,TEMP,S24.6
2026/09/01 16:45:40,18118159,01,MON?
2026/09/01 16:45:40,18118161,25.5,,CONSTANT,0
2026/09/01 16:45:41,18119173,01,TEMP,S24.5
2026/09/01 16:45:41,18119175,OK:01,TEMP,S24.5
2026/09/01 16:45:47,18125258,01,TEMP,S24.4
2026/09/01 16:45:47,18125275,OK:01,TEMP,S24.4
2026/09/01 16:45:50,18128300,01,MON?
2026/09/01 16:45:50,18128302,23.6,,CONSTANT,0
2026/09/01 16:45:53,18131342,01,TEMP,S24.3
2026/09/01 16:45:53,18131350,OK:01,TEMP,S24.3
2026/09/01 16:45:59,18137425,01,TEMP,S24.2
2026/09/01 16:45:59,18137469,OK:01,TEMP,S24.2
2026/09/01 16:46:00,18138439,01,MON?
2026/09/01 16:46:00,18138441,24.6,,CONSTANT,0
2026/09/01 16:46:05,18143510,01,TEMP,S24.1
2026/09/01 16:46:05,18143518,OK:01,TEMP,S24.1
2026/09/01 16:46:10,18148580,01,MON?
2026/09/01 16:46:10,18148582,24.9,,CONSTANT,0
2026/09/01 16:46:11,18149594,01,TEMP,S24.0
2026/09/01 16:46:11,18149596,OK:01,TEMP,S24.0
2026/09/01 16:46:17,18155677,01,TEMP,S23.9
2026/09/01 16:46:17,18155681,OK:01,TEMP,S23.9
2026/09/01 16:46:20,18158719,01,MON?
2026/09/01 16:46:20,18158721,24.4,,CONSTANT,0
2026/09/01 16:46:23,18161762,01,TEMP,S23.8
2026/09/01 16:46:23,18161764,OK:01,TEMP,S23.8
2026/09/01 16:46:28,18166832,01,TEMP,S23.7
2026/09/01 16:46:28,18166834,OK:01,TEMP,S23.7
2026/09/01 16:46:30,18168860,01,MON?
2026/09/01 16:46:30,18168868,22.8,,CONSTANT,0
2026/09/01 16:46:34,18172916,01,TEMP,S23.6
2026/09/01 16:46:34,18172924,OK:01,TEMP,S23.6
2026/09/01 16:46:41,18179000,01,MON?
2026/09/01 16:46:41,18179002,23.7,,CONSTANT,0
2026/09/01 16:46:41,18179004,01,TEMP,S23.5
2026/09/01 16:46:41,18179005,OK:01,TEMP,S23.5
2026/09/01 16:46:47,18185084,01,TEMP,S23.4
2026/09/01 16:46:47,18185086,OK:01,TEMP,S23.4
2026/09/01 16:46:51,18189140,01,MON?
2026/09/01 16:46:51,18189142,24.2,,CONSTANT,0
2026/09/01 16:46:53,18191168,01,TEMP,S23.3
2026/09/01 16:46:53,18191170,OK:01,TEMP,S23.3
2026/09/01 16:46:59,18197253,01,TEMP,S23.2
2026/09/01 16:46:59,18197280,OK:01,TEMP,S23.2
2026/09/01 16:47:01,18199280,01,MON?
2026/09/01 16:47:01,18199282,22.9,,CONSTANT,0
2026/09/01 16:47:05,18203337,01,TEMP,S23.1
2026/09/01 16:47:05,18203345,OK:01,TEMP,S23.1
2026/09/01 16:47:11,18209421,01,MON?
2026/09/01 16:47:11,18209423,22.9,,CONSTANT,0
2026/09/01 16:47:11,18209425,01,TEMP,S23.0
2026/09/01 16:47:11,18209426,OK:01,TEMP,S23.0
2026/09/01 16:47:17,18215505,01,TEMP,S22.9
2026/09/01 16:47:17,18215507,OK:01,TEMP,S22.9
2026/09/01 16:47:21,18219560,01,MON?
2026/09/01 16:47:21,18219562,23.1,,CONSTANT,0
2026/09/01 16:47:23,18221589,01,TEMP,S22.8
2026/09/01 16:47:23,18221591,OK:01,TEMP,S22.8
2026/09/01 16:47:29,18227673,01,TEMP,S22.7
2026/09/01 16:47:29,18227675,OK:01,TEMP,S22.7
2026/09/01 16:47:31,18229701,01,MON?
2026/09/01 16:47:31,18229703,23.3,,CONSTANT,0
2026/09/01 16:47:35,18233757,01,TEMP,S22.6
2026/09/01 16:47:35,18233759,OK:01,TEMP,S22.6
2026/09/01 16:47:41,18239841,01,MON?
2026/09/01 16:47:41,18239843,22.7,,CONSTANT,0
2026/09/01 16:47:41,18239843,01,TEMP,S22.5
2026/09/01 16:47:41,18239844,OK:01,TEMP,S22.5
2026/09/01 16:47:46,18244911,01,TEMP,S22.4
2026/09/01 16:47:46,18244913,OK:01,TEMP,S22.4
2026/09/01 16:47:51,18249982,01,MON?
2026/09/01 16:47:52,18249984,21.5,,CONSTANT,0
2026/09/01 16:47:53,18250995,01,TEMP,S22.3
2026/09/01 16:47:53,18250997,OK:01,TEMP,S22.3
2026/09/01 16:47:59,18257079,01,TEMP,S22.2
2026/09/01 16:47:59,18257087,OK:01,TEMP,S22.2
2026/09/01 16:48:02,18260121,01,MON?
2026/09/01 16:48:02,18260129,22.0,,CONSTANT,0
2026/09/01 16:48:05,18263163,01,TEMP,S22.1
2026/09/01 16:48:05,18263171,OK:01,TEMP,S22.1
2026/09/01 16:48:11,18269248,01,TEMP,S22.0
2026/09/01 16:48:11,18269250,OK:01,TEMP,S22.0
2026/09/01 16:48:12,18270262,01,MON?
2026/09/01 16:48:12,18270264,23.0,,CONSTANT,0
2026/09/01 16:48:17,18275330,01,TEMP,S21.9
2026/09/01 16:48:17,18275337,OK:01,TEMP,S21.9
2026/09/01 16:48:22,18280401,01,MON?
2026/09/01 16:48:22,18280403,22.8,,CONSTANT,0
2026/09/01 16:48:23,18281414,01,TEMP,S21.8
2026/09/01 16:48:23,18281416,OK:01,TEMP,S21.8
2026/09/01 16:48:29,18287499,01,TEMP,S21.7
2026/09/01 16:48:29,18287507,OK:01,TEMP,S21.7
2026/09/01 16:48:32,18290541,01,MON?
2026/09/01 16:48:32,18290543,21.0,,CONSTANT,0
2026/09/01 16:48:35,18293582,01,TEMP,S21.6
2026/09/01 16:48:35,18293592,OK:01,TEMP,S21.6
2026/09/01 16:48:41,18299666,01,TEMP,S21.5
2026/09/01 16:48:41,18299667,OK:01,TEMP,S21.5
2026/09/01 16:48:42,18300681,01,MON?
2026/09/01 16:48:42,18300683,22.4,,CONSTANT,0
2026/09/01 16:48:47,18305751,01,TEMP,S21.4
2026/09/01 16:48:47,18305759,OK:01,TEMP,S21.4
2026/09/01 16:48:52,18310821,01,MON?
2026/09/01 16:48:52,18310823,21.2,,CONSTANT,0
2026/09/01 16:48:53,18311835,01,TEMP,S21.3
2026/09/01 16:48:53,18311836,OK:01,TEMP,S21.3
2026/09/01 16:48:58,18316904,01,TEMP,S21.2
2026/09/01 16:48:58,18316906,OK:01,TEMP,S21.2
2026/09/01 16:49:02,18320961,01,MON?
2026/09/01 16:49:02,18320969,20.2,,CONSTANT,0
2026/09/01 16:49:05,18322989,01,TEMP,S21.1
2026/09/01 16:49:05,18322991,OK:01,TEMP,S21.1
2026/09/01 16:49:11,18329073,01,TEMP,S21.0
2026/09/01 16:49:11,18329118,OK:01,TEMP,S21.0
2026/09/01 16:49:13,18331101,01,MON?
2026/09/01 16:49:13,18331103,21.8,,CONSTANT,0
2026/09/01 16:49:17,18335157,01,TEMP,S20.9
2026/09/01 16:49:17,18335165,OK:01,TEMP,S20.9
2026/09/01 16:49:23,18341241,01,MON?
2026/09/01 16:49:23,18341243,20.2,,CONSTANT,0
2026/09/01 16:49:23,18341244,01,TEMP,S20.8
2026/09/01 16:49:23,18341246,OK:01,TEMP,S20.8
2026/09/01 16:49:29,18347325,01,TEMP,S20.7
2026/09/01 16:49:29,18347327,OK:01,TEMP,S20.7
2026/09/01 16:49:33,18351381,01,MON?
2026/09/01 16:49:33,18351389,20.4,,CONSTANT,0
2026/09/01 16:49:35,18353410,01,TEMP,S20.6
2026/09/01 16:49:35,18353412,OK:01,TEMP,S20.6
2026/09/01 16:49:41,18359493,01,TEMP,S20.5
2026/09/01 16:49:41,18359495,OK:01,TEMP,S20.5
2026/09/01 16:49:43,18361522,01,MON?
2026/09/01 16:49:43,18361524,19.8,,CONSTANT,0
2026/09/01 16:49:47,18365577,01,TEMP,S20.4
2026/09/01 16:49:47,18365579,OK:01,TEMP,S20.4
2026/09/01 16:49:53,18371661,01,MON?
2026/09/01 16:49:53,18371662,20.1,,CONSTANT,0
2026/09/01 16:49:53,18371663,01,TEMP,S20.3
2026/09/01 16:49:53,18371663,OK:01,TEMP,S20.3
2026/09/01 16:49:59,18377746,01,TEMP,S20.2
2026/09/01 16:49:59,18377748,OK:01,TEMP,S20.2
2026/09/01 16:50:03,18381801,01,MON?
2026/09/01 16:50:03,18381803,21.0,,CONSTANT,0
2026/09/01 16:50:05,18383829,01,TEMP,S20.1
2026/09/01 16:50:05,18383831,OK:01,TEMP,S20.1
2026/09/01 16:50:11,18389914,01,TEMP,S20.0
2026/09/01 16:50:11,18389916,OK:01,TEMP,S20.0
2026/09/01 16:50:13,18391952,01,MON?
2026/09/01 16:50:13,18391954,19.9,,CONSTANT,0
2026/09/01 16:50:17,18394991,01,TEMP,S19.9
2026/09/01 16:50:17,18394993,OK:01,TEMP,S19.9
2026/09/01 16:50:23,18401072,01,TEMP,S19.8
2026/09/01 16:50:23,18401074,OK:01,TEMP,S19.8
2026/09/01 16:50:24,18402086,01,MON?
2026/09/01 16:50:24,18402088,19.7,,CONSTANT,0
2026/09/01 16:50:29,18407162,01,TEMP,S19.7
2026/09/01 16:50:29,18407182,OK:01,TEMP,S19.7
2026/09/01 16:50:34,18412227,01,MON?
2026/09/01 16:50:34,18412228,19.1,,CONSTANT,0
2026/09/01 16:50:35,18413251,01,TEMP,S19.6
2026/09/01 16:50:35,18413253,OK:01,TEMP,S19.6
2026/09/01 16:50:41,18419324,01,TEMP,S19.5
2026/09/01 16:50:41,18419336,OK:01,TEMP,S19.5
2026/09/01 16:50:44,18422367,01,MON?
2026/09/01 16:50:44,18422368,19.0,,CONSTANT,0
2026/09/01 16:50:47,18425409,01,TEMP,S19.4
2026/09/01 16:50:47,18425418,OK:01,TEMP,S19.4
2026/09/01 16:50:53,18431491,01,TEMP,S19.3
2026/09/01 16:50:53,18431493,OK:01,TEMP,S19.3
2026/09/01 16:50:54,18432507,01,MON?
2026/09/01 16:50:54,18432509,19.6,,CONSTANT,0
2026/09/01 16:50:59,18437582,01,TEMP,S19.2
2026/09/01 16:50:59,18437600,OK:01,TEMP,S19.2
2026/09/01 16:51:04,18442645,01,MON?
2026/09/01 16:51:04,18442647,18.3,,CONSTANT,0
2026/09/01 16:51:05,18443673,01,TEMP,S19.1
2026/09/01 16:51:05,18443674,OK:01,TEMP,S19.1
2026/09/01 16:51:11,18449744,01,TEMP,S19.0
2026/09/01 16:51:11,18449746,OK:01,TEMP,S19.0
2026/09/01 16:51:14,18452785,01,MON?
2026/09/01 16:51:14,18452786,18.2,,CONSTANT,0
2026/09/01 16:51:17,18455823,01,TEMP,S18.9
2026/09/01 16:51:17,18455825,OK:01,TEMP,S18.9
2026/09/01 16:51:23,18461908,01,TEMP,S18.8
2026/09/01 16:51:23,18461910,OK:01,TEMP,S18.8
2026/09/01 16:51:24,18462922,01,MON?
2026/09/01 16:51:24,18462923,18.1,,CONSTANT,0
2026/09/01 16:51:28,18466978,01,TEMP,S18.7
2026/09/01 16:51:29,18466986,OK:01,TEMP,S18.7
2026/09/01 16:51:35,18473061,01,MON?
2026/09/01 16:51:35,18473063,18.4,,CONSTANT,0
2026/09/01 16:51:35,18473064,01,TEMP,S18.6
2026/09/01 16:51:35,18473066,OK:01,TEMP,S18.6
2026/09/01 16:51:41,18479146,01,TEMP,S18.5
2026/09/01 16:51:41,18479148,OK:01,TEMP,S18.5
2026/09/01 16:51:45,18483204,01,MON?
2026/09/01 16:51:45,18483206,19.4,,CONSTANT,0
2026/09/01 16:51:47,18485230,01,TEMP,S18.4
2026/09/01 16:51:47,18485232,OK:01,TEMP,S18.4
2026/09/01 16:51:53,18491313,01,TEMP,S18.3
2026/09/01 16:51:53,18491321,OK:01,TEMP,S18.3
2026/09/01 16:51:55,18493342,01,MON?
2026/09/01 16:51:55,18493344,18.3,,CONSTANT,0
2026/09/01 16:51:59,18497398,01,TEMP,S18.2
2026/09/01 16:51:59,18497406,OK:01,TEMP,S18.2
2026/09/01 16:52:05,18503482,01,MON?
2026/09/01 16:52:05,18503484,17.3,,CONSTANT,0
2026/09/01 16:52:05,18503485,01,TEMP,S18.1
2026/09/01 16:52:05,18503487,OK:01,TEMP,S18.1
2026/09/01 16:52:11,18509565,01,TEMP,S18.0
2026/09/01 16:52:11,18509566,OK:01,TEMP,S18.0
2026/09/01 16:52:15,18513623,01,MON?
2026/09/01 16:52:15,18513625,17.5,,CONSTANT,0
2026/09/01 16:52:17,18515651,01,TEMP,S17.9
2026/09/01 16:52:17,18515653,OK:01,TEMP,S17.9
2026/09/01 16:52:23,18521735,01,TEMP,S17.8
2026/09/01 16:52:23,18521737,OK:01,TEMP,S17.8
2026/09/01 16:52:25,18523763,01,MON?
2026/09/01 16:52:25,18523764,18.0,,CONSTANT,0
2026/09/01 16:52:29,18527819,01,TEMP,S17.7
2026/09/01 16:52:29,18527821,OK:01,TEMP,S17.7
2026/09/01 16:52:35,18533902,01,MON?
2026/09/01 16:52:35,18533904,17.3,,CONSTANT,0
2026/09/01 16:52:35,18533906,01,TEMP,S17.6
2026/09/01 16:52:35,18533907,OK:01,TEMP,S17.6
2026/09/01 16:52:42,18539990,01,TEMP,S17.5
2026/09/01 16:52:42,18539992,OK:01,TEMP,S17.5
2026/09/01 16:52:46,18544043,01,MON?
2026/09/01 16:52:46,18544045,17.1,,CONSTANT,0
2026/09/01 16:52:47,18545058,01,TEMP,S17.4
2026/09/01 16:52:47,18545060,OK:01,TEMP,S17.4
2026/09/01 16:52:53,18551141,01,TEMP,S17.3
2026/09/01 16:52:53,18551147,OK:01,TEMP,S17.3
2026/09/01 16:52:56,18554182,01,MON?
2026/09/01 16:52:56,18554183,17.5,,CONSTANT,0
2026/09/01 16:52:59,18557224,01,TEMP,S17.2
2026/09/01 16:52:59,18557225,OK:01,TEMP,S17.2
2026/09/01 16:53:05,18563309,01,TEMP,S17.1
2026/09/01 16:53:05,18563311,OK:01,TEMP,S17.1
2026/09/01 16:53:06,18564323,01,MON?
2026/09/01 16:53:06,18564325,16.4,,CONSTANT,0
2026/09/01 16:53:11,18569392,01,TEMP,S17.0
2026/09/01 16:53:11,18569430,OK:01,TEMP,S17.0
2026/09/01 16:53:16,18574462,01,MON?
2026/09/01 16:53:16,18574464,16.0,,CONSTANT,0
2026/09/01 16:53:17,18575476,01,TEMP,S16.9
2026/09/01 16:53:17,18575478,OK:01,TEMP,S16.9
2026/09/01 16:53:23,18581561,01,TEMP,S16.8
2026/09/01 16:53:23,18581563,OK:01,TEMP,S16.8
2026/09/01 16:53:26,18584603,01,MON?
2026/09/01 16:53:26,18584605,16.5,,CONSTANT,0
2026/09/01 16:53:29,18587645,01,TEMP,S16.7
2026/09/01 16:53:29,18587652,OK:01,TEMP,S16.7
2026/09/01 16:53:35,18593728,01,TEMP,S16.6
2026/09/01 16:53:35,18593730,OK:01,TEMP,S16.6
2026/09/01 16:53:36,18594743,01,MON?
2026/09/01 16:53:36,18594744,16.4,,CONSTANT,0
2026/09/01 16:53:41,18599813,01,TEMP,S16.5
2026/09/01 16:53:41,18599820,OK:01,TEMP,S16.5
2026/09/01 16:53:46,18604883,01,MON?
2026/09/01 16:53:46,18604885,15.7,,CONSTANT,0
2026/09/01 16:53:47,18605897,01,TEMP,S16.4
2026/09/01 16:53:47,18605899,OK:01,TEMP,S16.4
2026/09/01 16:53:53,18611980,01,TEMP,S16.3
2026/09/01 16:53:53,18611981,OK:01,TEMP,S16.3
2026/09/01 16:53:57,18615023,01,MON?
2026/09/01 16:53:57,18615025,16.6,,CONSTANT,0
2026/09/01 16:53:59,18617051,01,TEMP,S16.2
2026/09/01 16:53:59,18617053,OK:01,TEMP,S16.2
2026/09/01 16:54:05,18623135,01,TEMP,S16.1
2026/09/01 16:54:05,18623144,OK:01,TEMP,S16.1
2026/09/01 16:54:07,18625164,01,MON?
2026/09/01 16:54:07,18625165,16.3,,CONSTANT,0
2026/09/01 16:54:11,18629218,01,TEMP,S16.0
2026/09/01 16:54:11,18629220,OK:01,TEMP,S16.0
2026/09/01 16:54:17,18635303,01,MON?
2026/09/01 16:54:17,18635305,15.0,,CONSTANT,0
2026/09/01 16:54:17,18635307,01,TEMP,S15.9
2026/09/01 16:54:17,18635308,OK:01,TEMP,S15.9
2026/09/01 16:54:23,18641387,01,TEMP,S15.8
2026/09/01 16:54:23,18641389,OK:01,TEMP,S15.8
2026/09/01 16:54:27,18645443,01,MON?
2026/09/01 16:54:27,18645445,16.0,,CONSTANT,0
2026/09/01 16:54:29,18647470,01,TEMP,S15.7
2026/09/01 16:54:29,18647472,OK:01,TEMP,S15.7
2026/09/01 16:54:35,18653555,01,TEMP,S15.6
2026/09/01 16:54:35,18653562,OK:01,TEMP,S15.6
2026/09/01 16:54:37,18655583,01,MON?
2026/09/01 16:54:37,18655587,15.7,,CONSTANT,0
2026/09/01 16:54:41,18659639,01,TEMP,S15.5
2026/09/01 16:54:41,18659641,OK:01,TEMP,S15.5
2026/09/01 16:54:47,18665723,01,MON?
2026/09/01 16:54:47,18665725,16.4,,CONSTANT,0
2026/09/01 16:54:47,18665726,01,TEMP,S15.4
2026/09/01 16:54:47,18665728,OK:01,TEMP,S15.4
2026/09/01 16:54:53,18671807,01,TEMP,S15.3
2026/09/01 16:54:53,18671809,OK:01,TEMP,S15.3
2026/09/01 16:54:57,18675864,01,MON?
2026/09/01 16:54:57,18675866,14.7,,CONSTANT,0
2026/09/01 16:54:59,18677891,01,TEMP,S15.2
2026/09/01 16:54:59,18677893,OK:01,TEMP,S15.2
2026/09/01 16:55:05,18683976,01,TEMP,S15.1
2026/09/01 16:55:05,18683977,OK:01,TEMP,S15.1
2026/09/01 16:55:08,18686005,01,MON?
2026/09/01 16:55:08,18686007,15.3,,CONSTANT,0
2026/09/01 16:55:12,18690060,01,TEMP,S15.0
2026/09/01 16:55:12,18690063,OK:01,TEMP,S15.0
2026/09/01 16:55:17,18695129,01,TEMP,S14.9
2026/09/01 16:55:17,18695129,OK:01,TEMP,S14.9
2026/09/01 16:55:18,18696144,01,MON?
2026/09/01 16:55:18,18696146,15.3,,CONSTANT,0
2026/09/01 16:55:23,18701213,01,TEMP,S14.8
2026/09/01 16:55:23,18701216,OK:01,TEMP,S14.8
2026/09/01 16:55:28,18706285,01,MON?
2026/09/01 16:55:28,18706286,15.6,,CONSTANT,0
2026/09/01 16:55:29,18707297,01,TEMP,S14.7
2026/09/01 16:55:29,18707299,OK:01,TEMP,S14.7
2026/09/01 16:55:35,18713381,01,TEMP,S14.6
2026/09/01 16:55:35,18713388,OK:01,TEMP,S14.6
2026/09/01 16:55:38,18716424,01,MON?
2026/09/01 16:55:38,18716448,15.0,,CONSTANT,0
2026/09/01 16:55:41,18719466,01,TEMP,S14.5
2026/09/01 16:55:41,18719473,OK:01,TEMP,S14.5
2026/09/01 16:55:47,18725550,01,TEMP,S14.4
2026/09/01 16:55:47,18725552,OK:01,TEMP,S14.4
2026/09/01 16:55:48,18726564,01,MON?
2026/09/01 16:55:48,18726566,14.1,,CONSTANT,0
2026/09/01 16:55:53,18731634,01,TEMP,S14.3
2026/09/01 16:55:53,18731641,OK:01,TEMP,S14.3
2026/09/01 16:55:58,18736704,01,MON?
2026/09/01 16:55:58,18736706,15.0,,CONSTANT,0
2026/09/01 16:55:59,18737718,01,TEMP,S14.2
2026/09/01 16:55:59,18737720,OK:01,TEMP,S14.2
2026/09/01 16:56:05,18743802,01,TEMP,S14.1
2026/09/01 16:56:05,18743804,OK:01,TEMP,S14.1
2026/09/01 16:56:08,18746843,01,MON?
2026/09/01 16:56:08,18746845,14.2,,CONSTANT,0
2026/09/01 16:56:11,18749885,01,TEMP,S14.0
2026/09/01 16:56:11,18749892,OK:01,TEMP,S14.0
2026/09/01 16:56:17,18755970,01,TEMP,S13.9
2026/09/01 16:56:17,18755972,OK:01,TEMP,S13.9
2026/09/01 16:56:19,18756984,01,MON?
2026/09/01 16:56:19,18756986,13.6,,CONSTANT,0
2026/09/01 16:56:24,18762054,01,TEMP,S13.8
2026/09/01 16:56:24,18762061,OK:01,TEMP,S13.8
2026/09/01 16:56:29,18767123,01,MON?
2026/09/01 16:56:29,18767131,14.3,,CONSTANT,0
2026/09/01 16:56:29,18767133,01,TEMP,S13.7
2026/09/01 16:56:29,18767134,OK:01,TEMP,S13.7
2026/09/01 16:56:35,18773208,01,TEMP,S13.6
2026/09/01 16:56:35,18773209,OK:01,TEMP,S13.6
2026/09/01 16:56:40,18778044,01,MON?
2026/09/01 16:56:40,18778051,13.1,,CONSTANT,0
2026/09/01 16:56:42,18780072,01,TEMP,S13.5
2026/09/01 16:56:42,18780075,OK:01,TEMP,S13.5
2026/09/01 16:56:48,18786233,01,TEMP,S13.4
2026/09/01 16:56:48,18786240,OK:01,TEMP,S13.4
2026/09/01 16:56:50,18788152,01,MON?
2026/09/01 16:56:50,18788153,13.6,,CONSTANT,0
2026/09/01 16:56:53,18791195,01,TEMP,S13.3
2026/09/01 16:56:53,18791197,OK:01,TEMP,S13.3
2026/09/01 16:56:59,18797279,01,TEMP,S13.2
2026/09/01 16:56:59,18797281,OK:01,TEMP,S13.2
2026/09/01 16:57:00,18798293,01,MON?
2026/09/01 16:57:00,18798295,13.7,,CONSTANT,0
2026/09/01 16:57:05,18803362,01,TEMP,S13.1
2026/09/01 16:57:05,18803371,OK:01,TEMP,S13.1
2026/09/01 16:57:10,18808433,01,MON?
2026/09/01 16:57:10,18808435,13.2,,CONSTANT,0
2026/09/01 16:57:11,18809447,01,TEMP,S13.0
2026/09/01 16:57:11,18809449,OK:01,TEMP,S13.0
2026/09/01 16:57:17,18815531,01,TEMP,S12.9
2026/09/01 16:57:17,18815533,OK:01,TEMP,S12.9
2026/09/01 16:57:20,18818573,01,MON?
2026/09/01 16:57:20,18818575,12.4,,CONSTANT,0
2026/09/01 16:57:23,18821614,01,TEMP,S12.8
2026/09/01 16:57:23,18821617,OK:01,TEMP,S12.8
2026/09/01 16:57:29,18827699,01,TEMP,S12.7
2026/09/01 16:57:29,18827701,OK:01,TEMP,S12.7
2026/09/01 16:57:30,18828713,01,MON?
2026/09/01 16:57:30,18828713,12.2,,CONSTANT,0
2026/09/01 16:57:35,18833783,01,TEMP,S12.6
2026/09/01 16:57:35,18833783,OK:01,TEMP,S12.6
2026/09/01 16:57:40,18838853,01,MON?
2026/09/01 16:57:40,18838853,13.4,,CONSTANT,0
2026/09/01 16:57:41,18839867,01,TEMP,S12.5
2026/09/01 16:57:41,18839869,OK:01,TEMP,S12.5
2026/09/01 16:57:47,18845951,01,TEMP,S12.4
2026/09/01 16:57:48,18845993,OK:01,TEMP,S12.4
2026/09/01 16:57:51,18848993,01,MON?
2026/09/01 16:57:51,18849000,11.6,,CONSTANT,0
2026/09/01 16:57:54,18852036,01,TEMP,S12.3
2026/09/01 16:57:54,18852038,OK:01,TEMP,S12.3
2026/09/01 16:58:00,18858120,01,TEMP,S12.2
2026/09/01 16:58:00,18858128,OK:01,TEMP,S12.2
2026/09/01 16:58:01,18859133,01,MON?
2026/09/01 16:58:01,18859134,11.8,,CONSTANT,0
2026/09/01 16:58:05,18863189,01,TEMP,S12.1
2026/09/01 16:58:05,18863191,OK:01,TEMP,S12.1
2026/09/01 16:58:11,18869273,01,MON?
2026/09/01 16:58:11,18869275,12.6,,CONSTANT,0
2026/09/01 16:58:11,18869276,01,TEMP,S12.0
2026/09/01 16:58:11,18869278,OK:01,TEMP,S12.0
2026/09/01 16:58:17,18875358,01,TEMP,S11.9
2026/09/01 16:58:17,18875360,OK:01,TEMP,S11.9
2026/09/01 16:58:21,18879414,01,MON?
2026/09/01 16:58:21,18879422,11.0,,CONSTANT,0
2026/09/01 16:58:23,18881442,01,TEMP,S11.8
2026/09/01 16:58:23,18881444,OK:01,TEMP,S11.8
2026/09/01 16:58:29,18887525,01,TEMP,S11.7
2026/09/01 16:58:29,18887527,OK:01,TEMP,S11.7
2026/09/01 16:58:31,18889554,01,MON?
2026/09/01 16:58:31,18889555,10.9,,CONSTANT,0
2026/09/01 16:58:35,18893610,01,TEMP,S11.6
2026/09/01 16:58:35,18893612,OK:01,TEMP,S11.6
2026/09/01 16:58:41,18899694,01,MON?
2026/09/01 16:58:41,18899696,11.6,,CONSTANT,0
2026/09/01 16:58:41,18899697,01,TEMP,S11.5
2026/09/01 16:58:41,18899698,OK:01,TEMP,S11.5
2026/09/01 16:58:47,18905777,01,TEMP,S11.4
2026/09/01 16:58:47,18905779,OK:01,TEMP,S11.4
2026/09/01 16:58:51,18909833,01,MON?
2026/09/01 16:58:51,18909835,12.0,,CONSTANT,0
2026/09/01 16:58:53,18911861,01,TEMP,S11.3
2026/09/01 16:58:53,18911863,OK:01,TEMP,S11.3
2026/09/01 16:58:59,18917947,01,TEMP,S11.2
2026/09/01 16:58:59,18917949,OK:01,TEMP,S11.2
2026/09/01 16:59:01,18919974,01,MON?
2026/09/01 16:59:01,18919976,11.6,,CONSTANT,0
2026/09/01 16:59:06,18924030,01,TEMP,S11.1
2026/09/01 16:59:06,18924031,OK:01,TEMP,S11.1
2026/09/01 16:59:12,18930115,01,MON?
2026/09/01 16:59:12,18930116,11.5,,CONSTANT,0
2026/09/01 16:59:12,18930117,01,TEMP,S11.0
2026/09/01 16:59:12,18930118,OK:01,TEMP,S11.0
2026/09/01 16:59:18,18936198,01,TEMP,S10.9
2026/09/01 16:59:18,18936200,OK:01,TEMP,S10.9
2026/09/01 16:59:22,18940253,01,MON?
2026/09/01 16:59:22,18940260,10.7,,CONSTANT,0
2026/09/01 16:59:23,18941268,01,TEMP,S10.8
2026/09/01 16:59:23,18941270,OK:01,TEMP,S10.8
2026/09/01 16:59:29,18947352,01,TEMP,S10.7
2026/09/01 16:59:29,18947354,OK:01,TEMP,S10.7
2026/09/01 16:59:32,18950394,01,MON?
2026/09/01 16:59:32,18950396,11.6,,CONSTANT,0
2026/09/01 16:59:35,18953436,01,TEMP,S10.6
2026/09/01 16:59:35,18953443,OK:01,TEMP,S10.6
2026/09/01 16:59:41,18959519,01,TEMP,S10.5
2026/09/01 16:59:41,18959521,OK:01,TEMP,S10.5
2026/09/01 16:59:42,18960533,01,MON?
2026/09/01 16:59:42,18960535,11.5,,CONSTANT,0
2026/09/01 16:59:47,18965604,01,TEMP,S10.4
2026/09/01 16:59:47,18965611,OK:01,TEMP,S10.4
2026/09/01 16:59:52,18970674,01,MON?
2026/09/01 16:59:52,18970676,10.4,,CONSTANT,0
2026/09/01 16:59:53,18971688,01,TEMP,S10.3
2026/09/01 16:59:53,18971690,OK:01,TEMP,S10.3
2026/09/01 16:59:59,18977772,01,TEMP,S10.2
2026/09/01 16:59:59,18977774,OK:01,TEMP,S10.2
