2026/09/01 13:38:37,6895117,ＩＯ初期化開始
2026/09/01 13:38:37,6895121,ＲＳ２３２Ｃ初期化開始
2026/09/01 13:38:37,6895130,恒温槽ＲＳ２３２Ｃ初期化開始
2026/09/01 13:38:37,6895137,ＲＳ－２３２Ｃ初期化処理
2026/09/01 13:38:37,6895203,ＤＩＯ初期化開始
2026/09/01 13:38:37,6895209,ＤＩＯ初期状態読み込み処理
2026/09/01 13:38:37,6895218,ＴＣＰ通信初期化開始（ユニット）
2026/09/01 13:38:37,6895223,ＴＣＰ通信初期化開始（記録計）
2026/09/01 13:38:37,6895227,動力制御信号（DIN_POWER_ON）ONの為、電源装置との通信を開始
2026/09/01 13:38:37,6895230,ＴＣＰ通信初期化開始（電源）
2026/09/01 13:38:37,6895240,TCP Open 192.168.1.12:5025
2026/09/01 13:38:37,6895244,接続確認開始
2026/09/01 13:38:37,6895249,初期スロット状態表示
2026/09/01 13:38:37,6895251,初期テスト表示
2026/09/01 13:38:37,6895254,ＦＴＰ通信処理実行
2026/09/01 13:38:37,6895275,メインウインドウ起動
2026/09/01 13:38:37,6895348,CompareInformation.Txtファイル読み込み(D:\Source\Popcon\AEPV_20260831\Aepv_002_4th_VS2010_V1020\bin\Debug\SET\デジタル各種_NTES)
2026/09/01 13:38:41,6899314,準備完了受付
2026/09/01 13:38:41,6899325,温度試験設定ファイル読み込み(D:\Source\Popcon\AEPV_20260831\Aepv_002_4th_VS2010_V1020\bin\Debug\SET\デジタル各種_NTES)
2026/09/01 13:38:41,6899333,ノイズ試験設定ファイル読み込み(D:\Source\Popcon\AEPV_20260831\Aepv_002_4th_VS2010_V1020\bin\Debug\SET\デジタル各種_NTES)
2026/09/01 13:38:41,6899339,CompareInformation.Txtファイル読み込み(D:\Source\Popcon\AEPV_20260831\Aepv_002_4th_VS2010_V1020\bin\Debug\SET\デジタル各種_NTES)
2026/09/01 13:38:42,6900361,動力制御信号（DIN_POWER_ON）ONの為、電源装置との通信を開始
2026/09/01 13:38:42,6900367,TCP Close 192.168.1.12:5025
2026/09/01 13:38:42,6900374,TCP Open 192.168.1.12:5025
2026/09/01 13:38:42,6900378,IP:192.168.1.12 SEND(D) OUTP OFF
2026/09/01 13:38:42,6900385,01,POWER,ON
2026/09/01 13:38:42,6900388,OK:01,POWER,ON
2026/09/01 13:38:42,6900391,01,TEMP,S25
2026/09/01 13:38:42,6900394,OK:01,TEMP,S25
2026/09/01 13:38:42,6900397,01,MODE,CONSTANT
2026/09/01 13:38:42,6900399,OK:01,MODE,CONSTANT
2026/09/01 13:38:42,6900402,01,SET,REF1
2026/09/01 13:38:42,6900405,OK:01,SET,REF1
2026/09/01 13:38:43,6901423,冷凍機制御信号（DIN_REF_ON）ONの為、温度安定待ちに移行
2026/09/01 13:38:47,6905481,01,MON?
2026/09/01 13:38:47,6905488,25.4,,CONSTANT,0
2026/09/01 13:38:57,6915650,01,MON?
2026/09/01 13:38:57,6915652,25.1,,CONSTANT,0
2026/09/01 13:39:07,6925805,01,MON?
2026/09/01 13:39:07,6925806,24.7,,CONSTANT,0
2026/09/01 13:39:17,6935961,01,MON?
2026/09/01 13:39:17,6935963,25.3,,CONSTANT,0
2026/09/01 13:39:20,6938038,IP:192.168.1.12 SEND(D) SOUR:VOLT 8.0
2026/09/01 13:39:20,6938039,IP:192.168.1.12 SEND(D) SOUR:CURR 2.0
2026/09/01 13:39:20,6938043,IP:192.168.1.12 SEND(D) OUTP ON
2026/09/01 13:39:28,6946208,01,MON?
2026/09/01 13:39:28,6946209,24.2,,CONSTANT,0
2026/09/01 13:39:38,6956349,01,MON?
2026/09/01 13:39:38,6956371,25.9,,CONSTANT,0
2026/09/01 13:39:48,6966521,01,MON?
2026/09/01 13:39:48,6966528,24.4,,CONSTANT,0
2026/09/01 13:39:58,6976675,01,MON?
2026/09/01 13:39:58,6976676,24.2,,CONSTANT,0
2026/09/01 13:40:08,6986833,01,MON?
2026/09/01 13:40:08,6986835,24.7,,CONSTANT,0
2026/09/01 13:40:16,6994994,IP:192.168.1.12 SEND(D) OUTP OFF
2026/09/01 13:40:20,6998049,IP:192.168.1.12 SEND(D) SOUR:VOLT 8.0
2026/09/01 13:40:20,6998050,IP:192.168.1.12 SEND(D) SOUR:CURR 2.0
2026/09/01 13:40:20,6998057,IP:192.168.1.12 SEND(D) OUTP ON
2026/09/01 13:40:20,6998116,01,SRQ?
2026/09/01 13:40:20,6998123,00000000,0
2026/09/01 13:40:20,6998134,01,TEMP,S25.0
2026/09/01 13:40:20,6998141,OK:01,TEMP,S25.0
2026/09/01 13:40:20,6998148,01,MODE,CONSTANT
2026/09/01 13:40:20,6998155,OK:01,MODE,CONSTANT
2026/09/01 13:40:20,6998161,01,SET,REF1
2026/09/01 13:40:20,6998165,OK:01,SET,REF1
2026/09/01 13:40:20,6998170,01,MON?
2026/09/01 13:40:20,6998174,24.2,,CONSTANT,0
2026/09/01 13:40:21,6999141,01,MON?
2026/09/01 13:40:21,6999148,24.4,,CONSTANT,0
2026/09/01 13:40:31,7009277,01,MON?
2026/09/01 13:40:31,7009284,25.3,,CONSTANT,0
2026/09/01 13:40:36,7014348,01,TEMP,S25.1
2026/09/01 13:40:36,7014350,OK:01,TEMP,S25.1
2026/09/01 13:40:41,7019418,01,MON?
2026/09/01 13:40:41,7019425,25.9,,CONSTANT,0
2026/09/01 13:40:51,7029558,01,MON?
2026/09/01 13:40:51,7029560,25.3,,CONSTANT,0
2026/09/01 13:41:01,7039698,01,MON?
2026/09/01 13:41:01,7039700,24.6,,CONSTANT,0
2026/09/01 13:41:10,7048825,01,TEMP,S25.2
2026/09/01 13:41:10,7048826,OK:01,TEMP,S25.2
2026/09/01 13:41:11,7049839,01,MON?
2026/09/01 13:41:11,7049846,25.9,,CONSTANT,0
2026/09/01 13:41:21,7059979,01,MON?
2026/09/01 13:41:21,7059981,24.2,,CONSTANT,0
2026/09/01 13:41:32,7070118,01,MON?
2026/09/01 13:41:32,7070120,25.8,,CONSTANT,0
2026/09/01 13:41:42,7080259,01,MON?
2026/09/01 13:41:42,7080266,25.8,,CONSTANT,0
2026/09/01 13:41:44,7082286,01,TEMP,S25.3
2026/09/01 13:41:44,7082293,OK:01,TEMP,S25.3
2026/09/01 13:41:52,7090398,01,MON?
2026/09/01 13:41:52,7090405,24.8,,CONSTANT,0
2026/09/01 13:42:02,7100539,01,MON?
2026/09/01 13:42:02,7100540,24.5,,CONSTANT,0
2026/09/01 13:42:12,7110679,01,MON?
2026/09/01 13:42:12,7110681,25.2,,CONSTANT,0
2026/09/01 13:42:18,7116762,01,TEMP,S25.4
2026/09/01 13:42:18,7116769,OK:01,TEMP,S25.4
2026/09/01 13:42:22,7120818,01,MON?
2026/09/01 13:42:22,7120820,25.0,,CONSTANT,0
2026/09/01 13:42:32,7130958,01,MON?
2026/09/01 13:42:32,7130960,24.7,,CONSTANT,0
2026/09/01 13:42:43,7141098,01,MON?
2026/09/01 13:42:43,7141100,26.2,,CONSTANT,0
2026/09/01 13:42:52,7150224,01,TEMP,S25.5
2026/09/01 13:42:52,7150231,OK:01,TEMP,S25.5
2026/09/01 13:42:53,7151238,01,MON?
2026/09/01 13:42:53,7151242,25.8,,CONSTANT,0
2026/09/01 13:43:03,7161378,01,MON?
2026/09/01 13:43:03,7161386,24.5,,CONSTANT,0
2026/09/01 13:43:13,7171519,01,MON?
2026/09/01 13:43:13,7171521,25.8,,CONSTANT,0
2026/09/01 13:43:23,7181659,01,MON?
2026/09/01 13:43:23,7181661,25.0,,CONSTANT,0
2026/09/01 13:43:26,7184701,01,TEMP,S25.6
2026/09/01 13:43:26,7184708,OK:01,TEMP,S25.6
2026/09/01 13:43:33,7191800,01,MON?
2026/09/01 13:43:33,7191807,24.8,,CONSTANT,0
2026/09/01 13:43:43,7201938,01,MON?
2026/09/01 13:43:43,7201939,25.8,,CONSTANT,0
2026/09/01 13:43:54,7212079,01,MON?
2026/09/01 13:43:54,7212081,26.1,,CONSTANT,0
2026/09/01 13:44:01,7219177,01,TEMP,S25.7
2026/09/01 13:44:01,7219179,OK:01,TEMP,S25.7
2026/09/01 13:44:04,7222220,01,MON?
2026/09/01 13:44:04,7222222,25.7,,CONSTANT,0
2026/09/01 13:44:14,7232360,01,MON?
2026/09/01 13:44:14,7232361,25.6,,CONSTANT,0
2026/09/01 13:44:24,7242500,01,MON?
2026/09/01 13:44:24,7242507,24.9,,CONSTANT,0
2026/09/01 13:44:34,7252639,01,MON?
2026/09/01 13:44:34,7252641,26.5,,CONSTANT,0
2026/09/01 13:44:34,7252648,01,TEMP,S25.8
2026/09/01 13:44:34,7252655,OK:01,TEMP,S25.8
2026/09/01 13:44:44,7262779,01,MON?
2026/09/01 13:44:44,7262781,25.4,,CONSTANT,0
2026/09/01 13:44:54,7272919,01,MON?
2026/09/01 13:44:54,7272927,26.5,,CONSTANT,0
2026/09/01 13:45:05,7283059,01,MON?
2026/09/01 13:45:05,7283061,26.3,,CONSTANT,0
2026/09/01 13:45:09,7287115,01,TEMP,S25.9
2026/09/01 13:45:09,7287122,OK:01,TEMP,S25.9
2026/09/01 13:45:15,7293200,01,MON?
2026/09/01 13:45:15,7293202,25.4,,CONSTANT,0
2026/09/01 13:45:25,7303339,01,MON?
2026/09/01 13:45:25,7303348,24.9,,CONSTANT,0
2026/09/01 13:45:35,7313480,01,MON?
2026/09/01 13:45:35,7313482,25.6,,CONSTANT,0
2026/09/01 13:45:42,7320577,01,TEMP,S26.0
2026/09/01 13:45:42,7320578,OK:01,TEMP,S26.0
2026/09/01 13:45:45,7323619,01,MON?
2026/09/01 13:45:45,7323621,26.4,,CONSTANT,0
2026/09/01 13:45:55,7333760,01,MON?
2026/09/01 13:45:55,7333761,26.9,,CONSTANT,0
2026/09/01 13:46:05,7343899,01,MON?
2026/09/01 13:46:05,7343901,25.7,,CONSTANT,0
2026/09/01 13:46:16,7354040,01,MON?
2026/09/01 13:46:16,7354042,25.5,,CONSTANT,0
2026/09/01 13:46:17,7355054,01,TEMP,S26.1
2026/09/01 13:46:17,7355055,OK:01,TEMP,S26.1
2026/09/01 13:46:26,7364181,01,MON?
2026/09/01 13:46:26,7364183,25.9,,CONSTANT,0
2026/09/01 13:46:36,7374321,01,MON?
2026/09/01 13:46:36,7374323,25.2,,CONSTANT,0
2026/09/01 13:46:46,7384460,01,MON?
2026/09/01 13:46:46,7384462,26.2,,CONSTANT,0
2026/09/01 13:46:50,7388516,01,TEMP,S26.2
2026/09/01 13:46:50,7388523,OK:01,TEMP,S26.2
2026/09/01 13:46:56,7394600,01,MON?
2026/09/01 13:46:56,7394601,25.7,,CONSTANT,0
2026/09/01 13:47:06,7404740,01,MON?
2026/09/01 13:47:06,7404742,26.3,,CONSTANT,0
2026/09/01 13:47:16,7414882,01,MON?
2026/09/01 13:47:16,7414884,26.2,,CONSTANT,0
2026/09/01 13:47:24,7422992,01,TEMP,S26.3
2026/09/01 13:47:25,7423000,OK:01,TEMP,S26.3
2026/09/01 13:47:27,7425021,01,MON?
2026/09/01 13:47:27,7425023,25.7,,CONSTANT,0
2026/09/01 13:47:37,7435161,01,MON?
2026/09/01 13:47:37,7435168,26.3,,CONSTANT,0
2026/09/01 13:47:47,7445300,01,MON?
2026/09/01 13:47:47,7445302,26.5,,CONSTANT,0
2026/09/01 13:47:57,7455440,01,MON?
2026/09/01 13:47:57,7455447,26.5,,CONSTANT,0
2026/09/01 13:47:58,7456454,01,TEMP,S26.4
2026/09/01 13:47:58,7456462,OK:01,TEMP,S26.4
2026/09/01 13:48:07,7465580,01,MON?
2026/09/01 13:48:07,7465582,27.1,,CONSTANT,0
2026/09/01 13:48:17,7475720,01,MON?
2026/09/01 13:48:17,7475720,25.7,,CONSTANT,0
2026/09/01 13:48:27,7485861,01,MON?
2026/09/01 13:48:27,7485863,26.9,,CONSTANT,0
2026/09/01 13:48:32,7490931,01,TEMP,S26.5
2026/09/01 13:48:32,7490933,OK:01,TEMP,S26.5
2026/09/01 13:48:38,7496001,01,MON?
2026/09/01 13:48:38,7496001,26.0,,CONSTANT,0
2026/09/01 13:48:48,7506142,01,MON?
2026/09/01 13:48:48,7506143,26.2,,CONSTANT,0
2026/09/01 13:48:58,7516281,01,MON?
2026/09/01 13:48:58,7516283,26.7,,CONSTANT,0
2026/09/01 13:49:06,7524393,01,TEMP,S26.6
2026/09/01 13:49:06,7524395,OK:01,TEMP,S26.6
2026/09/01 13:49:08,7526422,01,MON?
2026/09/01 13:49:08,7526429,25.9,,CONSTANT,0
2026/09/01 13:49:18,7536561,01,MON?
2026/09/01 13:49:18,7536563,26.6,,CONSTANT,0
2026/09/01 13:49:28,7546702,01,MON?
2026/09/01 13:49:28,7546709,26.2,,CONSTANT,0
2026/09/01 13:49:38,7556841,01,MON?
2026/09/01 13:49:38,7556843,27.1,,CONSTANT,0
2026/09/01 13:49:40,7558870,01,TEMP,S26.7
2026/09/01 13:49:40,7558877,OK:01,TEMP,S26.7
2026/09/01 13:49:48,7566981,01,MON?
2026/09/01 13:49:48,7566988,25.7,,CONSTANT,0
2026/09/01 13:49:59,7577122,01,MON?
2026/09/01 13:49:59,7577123,25.9,,CONSTANT,0
2026/09/01 13:50:09,7587261,01,MON?
2026/09/01 13:50:09,7587263,27.5,,CONSTANT,0
2026/09/01 13:50:15,7593345,01,TEMP,S26.8
2026/09/01 13:50:15,7593347,OK:01,TEMP,S26.8
2026/09/01 13:50:19,7597401,01,MON?
2026/09/01 13:50:19,7597403,27.7,,CONSTANT,0
2026/09/01 13:50:29,7607542,01,MON?
2026/09/01 13:50:29,7607543,27.4,,CONSTANT,0
2026/09/01 13:50:39,7617681,01,MON?
2026/09/01 13:50:39,7617683,26.3,,CONSTANT,0
2026/09/01 13:50:48,7626808,01,TEMP,S26.9
2026/09/01 13:50:48,7626810,OK:01,TEMP,S26.9
2026/09/01 13:50:49,7627822,01,MON?
2026/09/01 13:50:49,7627823,27.3,,CONSTANT,0
2026/09/01 13:50:59,7637961,01,MON?
2026/09/01 13:50:59,7637963,26.5,,CONSTANT,0
2026/09/01 13:51:10,7648103,01,MON?
2026/09/01 13:51:10,7648105,26.2,,CONSTANT,0
2026/09/01 13:51:20,7658242,01,MON?
2026/09/01 13:51:20,7658246,26.4,,CONSTANT,0
2026/09/01 13:51:23,7661285,01,TEMP,S27.0
2026/09/01 13:51:23,7661292,OK:01,TEMP,S27.0
2026/09/01 13:51:30,7668382,01,MON?
2026/09/01 13:51:30,7668384,26.9,,CONSTANT,0
2026/09/01 13:51:40,7678523,01,MON?
2026/09/01 13:51:40,7678525,26.1,,CONSTANT,0
2026/09/01 13:51:50,7688663,01,MON?
2026/09/01 13:51:50,7688665,27.1,,CONSTANT,0
2026/09/01 13:51:56,7694747,01,TEMP,S27.1
2026/09/01 13:51:56,7694754,OK:01,TEMP,S27.1
2026/09/01 13:52:00,7698802,01,MON?
2026/09/01 13:52:00,7698803,26.1,,CONSTANT,0
2026/09/01 13:52:10,7708942,01,MON?
2026/09/01 13:52:10,7708944,27.5,,CONSTANT,0
2026/09/01 13:52:21,7719082,01,MON?
2026/09/01 13:52:21,7719084,26.5,,CONSTANT,0
2026/09/01 13:52:31,7729222,01,MON?
2026/09/01 13:52:31,7729230,28.0,,CONSTANT,0
2026/09/01 13:52:31,7729237,01,TEMP,S27.2
2026/09/01 13:52:31,7729245,OK:01,TEMP,S27.2
2026/09/01 13:52:41,7739362,01,MON?
2026/09/01 13:52:41,7739364,26.5,,CONSTANT,0
2026/09/01 13:52:51,7749503,01,MON?
2026/09/01 13:52:51,7749505,26.8,,CONSTANT,0
2026/09/01 13:53:01,7759642,01,MON?
2026/09/01 13:53:01,7759644,28.2,,CONSTANT,0
2026/09/01 13:53:04,7762684,01,TEMP,S27.3
2026/09/01 13:53:04,7762686,OK:01,TEMP,S27.3
2026/09/01 13:53:11,7769783,01,MON?
2026/09/01 13:53:11,7769785,27.9,,CONSTANT,0
2026/09/01 13:53:21,7779922,01,MON?
2026/09/01 13:53:21,7779924,27.3,,CONSTANT,0
2026/09/01 13:53:32,7790062,01,MON?
2026/09/01 13:53:32,7790064,28.1,,CONSTANT,0
2026/09/01 13:53:39,7797160,01,TEMP,S27.4
2026/09/01 13:53:39,7797162,OK:01,TEMP,S27.4
2026/09/01 13:53:42,7800203,01,MON?
2026/09/01 13:53:42,7800204,26.8,,CONSTANT,0
2026/09/01 13:53:52,7810343,01,MON?
2026/09/01 13:53:52,7810345,27.1,,CONSTANT,0
2026/09/01 13:54:02,7820484,01,MON?
2026/09/01 13:54:02,7820492,26.9,,CONSTANT,0
2026/09/01 13:54:12,7830623,01,MON?
2026/09/01 13:54:12,7830625,27.7,,CONSTANT,0
2026/09/01 13:54:12,7830632,01,TEMP,S27.5
2026/09/01 13:54:12,7830639,OK:01,TEMP,S27.5
2026/09/01 13:54:22,7840764,01,MON?
2026/09/01 13:54:22,7840766,27.5,,CONSTANT,0
2026/09/01 13:54:32,7850903,01,MON?
2026/09/01 13:54:32,7850909,26.8,,CONSTANT,0
2026/09/01 13:54:43,7861044,01,MON?
2026/09/01 13:54:43,7861045,28.5,,CONSTANT,0
2026/09/01 13:54:47,7865099,01,TEMP,S27.6
2026/09/01 13:54:47,7865100,OK:01,TEMP,S27.6
2026/09/01 13:54:53,7871183,01,MON?
2026/09/01 13:54:53,7871190,27.2,,CONSTANT,0
2026/09/01 13:55:03,7881323,01,MON?
2026/09/01 13:55:03,7881332,28.1,,CONSTANT,0
2026/09/01 13:55:13,7891464,01,MON?
2026/09/01 13:55:13,7891466,27.2,,CONSTANT,0
2026/09/01 13:55:20,7898561,01,TEMP,S27.7
2026/09/01 13:55:20,7898563,OK:01,TEMP,S27.7
2026/09/01 13:55:23,7901603,01,MON?
2026/09/01 13:55:23,7901605,26.8,,CONSTANT,0
2026/09/01 13:55:33,7911743,01,MON?
2026/09/01 13:55:33,7911745,26.9,,CONSTANT,0
2026/09/01 13:55:43,7921884,01,MON?
2026/09/01 13:55:43,7921886,28.5,,CONSTANT,0
2026/09/01 13:55:54,7932023,01,MON?
2026/09/01 13:55:54,7932025,27.5,,CONSTANT,0
2026/09/01 13:55:55,7933037,01,TEMP,S27.8
2026/09/01 13:55:55,7933049,OK:01,TEMP,S27.8
2026/09/01 13:56:04,7942164,01,MON?
2026/09/01 13:56:04,7942166,28.6,,CONSTANT,0
2026/09/01 13:56:14,7952303,01,MON?
2026/09/01 13:56:14,7952304,27.9,,CONSTANT,0
2026/09/01 13:56:24,7962445,01,MON?
2026/09/01 13:56:24,7962447,28.4,,CONSTANT,0
2026/09/01 13:56:28,7966500,01,TEMP,S27.9
2026/09/01 13:56:28,7966501,OK:01,TEMP,S27.9
2026/09/01 13:56:34,7972584,01,MON?
2026/09/01 13:56:34,7972591,28.7,,CONSTANT,0
2026/09/01 13:56:44,7982724,01,MON?
2026/09/01 13:56:44,7982726,27.3,,CONSTANT,0
2026/09/01 13:56:54,7992865,01,MON?
2026/09/01 13:56:54,7992867,28.2,,CONSTANT,0
2026/09/01 13:57:02,8000977,01,TEMP,S28.0
2026/09/01 13:57:02,8000979,OK:01,TEMP,S28.0
2026/09/01 13:57:05,8003004,01,MON?
2026/09/01 13:57:05,8003006,27.8,,CONSTANT,0
2026/09/01 13:57:15,8013145,01,MON?
2026/09/01 13:57:15,8013147,28.3,,CONSTANT,0
2026/09/01 13:57:25,8023284,01,MON?
2026/09/01 13:57:25,8023286,27.8,,CONSTANT,0
2026/09/01 13:57:35,8033424,01,MON?
2026/09/01 13:57:35,8033426,28.0,,CONSTANT,0
2026/09/01 13:57:37,8035452,01,TEMP,S28.1
2026/09/01 13:57:37,8035459,OK:01,TEMP,S28.1
2026/09/01 13:57:45,8043564,01,MON?
2026/09/01 13:57:45,8043571,28.3,,CONSTANT,0
2026/09/01 13:57:55,8053704,01,MON?
2026/09/01 13:57:55,8053706,27.6,,CONSTANT,0
2026/09/01 13:58:05,8063845,01,MON?
2026/09/01 13:58:05,8063847,27.7,,CONSTANT,0
2026/09/01 13:58:10,8068914,01,TEMP,S28.2
2026/09/01 13:58:10,8068916,OK:01,TEMP,S28.2
2026/09/01 13:58:15,8073984,01,MON?
2026/09/01 13:58:15,8073986,28.9,,CONSTANT,0
2026/09/01 13:58:26,8084125,01,MON?
2026/09/01 13:58:26,8084127,27.5,,CONSTANT,0
2026/09/01 13:58:36,8094264,01,MON?
2026/09/01 13:58:36,8094265,28.5,,CONSTANT,0
2026/09/01 13:58:45,8103391,01,TEMP,S28.3
2026/09/01 13:58:45,8103392,OK:01,TEMP,S28.3
2026/09/01 13:58:46,8104405,01,MON?
2026/09/01 13:58:46,8104426,28.9,,CONSTANT,0
2026/09/01 13:58:56,8114547,01,MON?
2026/09/01 13:58:56,8114547,28.2,,CONSTANT,0
2026/09/01 13:59:06,8124686,01,MON?
2026/09/01 13:59:06,8124686,27.7,,CONSTANT,0
2026/09/01 13:59:16,8134826,01,MON?
2026/09/01 13:59:16,8134826,28.6,,CONSTANT,0
2026/09/01 13:59:18,8136854,01,TEMP,S28.4
2026/09/01 13:59:18,8136861,OK:01,TEMP,S28.4
2026/09/01 13:59:26,8144964,01,MON?
2026/09/01 13:59:26,8144964,29.2,,CONSTANT,0
2026/09/01 13:59:37,8155106,01,MON?
2026/09/01 13:59:37,8155106,27.5,,CONSTANT,0
2026/09/01 13:59:47,8165244,01,MON?
2026/09/01 13:59:47,8165246,29.1,,CONSTANT,0
2026/09/01 13:59:53,8171329,01,TEMP,S28.5
2026/09/01 13:59:53,8171331,OK:01,TEMP,S28.5
2026/09/01 13:59:57,8175386,01,MON?
2026/09/01 13:59:57,8175388,27.8,,CONSTANT,0
