2026/09/01 23:00:05,40583412,01,MON?
2026/09/01 23:00:05,40583449,24.9,,CONSTANT,0
2026/09/01 23:00:15,40593552,01,MON?
2026/09/01 23:00:15,40593552,24.2,,CONSTANT,0
2026/09/01 23:00:25,40603692,01,MON?
2026/09/01 23:00:25,40603693,25.7,,CONSTANT,0
2026/09/01 23:00:35,40613831,01,MON?
2026/09/01 23:00:35,40613831,24.9,,CONSTANT,0
2026/09/01 23:00:45,40623972,01,MON?
2026/09/01 23:00:45,40623973,24.4,,CONSTANT,0
2026/09/01 23:00:56,40634111,01,MON?
2026/09/01 23:00:56,40634112,25.9,,CONSTANT,0
2026/09/01 23:01:06,40644253,01,MON?
2026/09/01 23:01:06,40644256,25.6,,CONSTANT,0
2026/09/01 23:01:14,40652365,ÇoÇbÇ…ÇÊÇÈÅBÉâÉìÉvâ^ì]èIóπ
2026/09/01 23:01:14,40652369,01,TEMP,S25.0
2026/09/01 23:01:14,40652370,OK:01,TEMP,S25.0
2026/09/01 23:01:14,40652603,01,TEMP,S25.0
2026/09/01 23:01:14,40652604,OK:01,TEMP,S25.0
2026/09/01 23:01:14,40652606,01,MODE,CONSTANT
2026/09/01 23:01:14,40652607,OK:01,MODE,CONSTANT
2026/09/01 23:01:14,40652609,01,SET,REF1
2026/09/01 23:01:14,40652610,OK:01,SET,REF1
2026/09/01 23:01:16,40654625,01,MON?
2026/09/01 23:01:16,40654627,24.7,,CONSTANT,0
2026/09/01 23:01:16,40654628,01,TEMP,S25.1
2026/09/01 23:01:16,40654630,OK:01,TEMP,S25.1
2026/09/01 23:01:22,40660709,01,TEMP,S25.2
2026/09/01 23:01:22,40660711,OK:01,TEMP,S25.2
2026/09/01 23:01:26,40664766,01,MON?
2026/09/01 23:01:26,40664768,25.4,,CONSTANT,0
2026/09/01 23:01:28,40666794,01,TEMP,S25.3
2026/09/01 23:01:28,40666796,OK:01,TEMP,S25.3
2026/09/01 23:01:34,40672877,01,TEMP,S25.4
2026/09/01 23:01:34,40672884,OK:01,TEMP,S25.4
2026/09/01 23:01:36,40674905,01,MON?
2026/09/01 23:01:36,40674907,26.1,,CONSTANT,0
2026/09/01 23:01:40,40678962,01,TEMP,S25.5
2026/09/01 23:01:40,40678964,OK:01,TEMP,S25.5
2026/09/01 23:01:47,40685046,01,MON?
2026/09/01 23:01:47,40685048,25.0,,CONSTANT,0
2026/09/01 23:01:47,40685049,01,TEMP,S25.6
2026/09/01 23:01:47,40685051,OK:01,TEMP,S25.6
2026/09/01 23:01:53,40691130,01,TEMP,S25.7
2026/09/01 23:01:53,40691132,OK:01,TEMP,S25.7
2026/09/01 23:01:57,40695185,01,MON?
2026/09/01 23:01:57,40695187,25.7,,CONSTANT,0
2026/09/01 23:01:59,40697214,01,TEMP,S25.8
2026/09/01 23:01:59,40697216,OK:01,TEMP,S25.8
2026/09/01 23:02:05,40703298,01,TEMP,S25.9
2026/09/01 23:02:05,40703305,OK:01,TEMP,S25.9
2026/09/01 23:02:07,40705326,01,MON?
2026/09/01 23:02:07,40705328,25.0,,CONSTANT,0
2026/09/01 23:02:11,40709382,01,TEMP,S26.0
2026/09/01 23:02:11,40709384,OK:01,TEMP,S26.0
2026/09/01 23:02:17,40715466,01,MON?
2026/09/01 23:02:17,40715473,26.6,,CONSTANT,0
2026/09/01 23:02:17,40715474,01,TEMP,S26.1
2026/09/01 23:02:17,40715476,OK:01,TEMP,S26.1
2026/09/01 23:02:23,40721550,01,TEMP,S26.2
2026/09/01 23:02:23,40721551,OK:01,TEMP,S26.2
2026/09/01 23:02:27,40725607,01,MON?
2026/09/01 23:02:27,40725609,25.8,,CONSTANT,0
2026/09/01 23:02:29,40727634,01,TEMP,S26.3
2026/09/01 23:02:29,40727636,OK:01,TEMP,S26.3
2026/09/01 23:02:34,40732704,01,TEMP,S26.4
2026/09/01 23:02:34,40732706,OK:01,TEMP,S26.4
2026/09/01 23:02:37,40735747,01,MON?
2026/09/01 23:02:37,40735748,26.8,,CONSTANT,0
2026/09/01 23:02:40,40738789,01,TEMP,S26.5
2026/09/01 23:02:40,40738791,OK:01,TEMP,S26.5
2026/09/01 23:02:46,40744872,01,TEMP,S26.6
2026/09/01 23:02:46,40744874,OK:01,TEMP,S26.6
2026/09/01 23:02:47,40745887,01,MON?
2026/09/01 23:02:47,40745889,26.7,,CONSTANT,0
2026/09/01 23:02:52,40750958,01,TEMP,S26.7
2026/09/01 23:02:52,40750960,OK:01,TEMP,S26.7
2026/09/01 23:02:58,40756026,01,MON?
2026/09/01 23:02:58,40756028,26.0,,CONSTANT,0
2026/09/01 23:02:59,40757041,01,TEMP,S26.8
2026/09/01 23:02:59,40757043,OK:01,TEMP,S26.8
2026/09/01 23:03:05,40763124,01,TEMP,S26.9
2026/09/01 23:03:05,40763131,OK:01,TEMP,S26.9
2026/09/01 23:03:08,40766166,01,MON?
2026/09/01 23:03:08,40766168,26.2,,CONSTANT,0
2026/09/01 23:03:11,40769209,01,TEMP,S27.0
2026/09/01 23:03:11,40769216,OK:01,TEMP,S27.0
2026/09/01 23:03:17,40775293,01,TEMP,S27.1
2026/09/01 23:03:17,40775295,OK:01,TEMP,S27.1
2026/09/01 23:03:18,40776307,01,MON?
2026/09/01 23:03:18,40776316,26.2,,CONSTANT,0
2026/09/01 23:03:23,40781377,01,TEMP,S27.2
2026/09/01 23:03:23,40781379,OK:01,TEMP,S27.2
2026/09/01 23:03:28,40786447,01,MON?
2026/09/01 23:03:28,40786454,27.7,,CONSTANT,0
2026/09/01 23:03:29,40787462,01,TEMP,S27.3
2026/09/01 23:03:29,40787464,OK:01,TEMP,S27.3
2026/09/01 23:03:35,40793544,01,TEMP,S27.4
2026/09/01 23:03:35,40793551,OK:01,TEMP,S27.4
2026/09/01 23:03:38,40796587,01,MON?
2026/09/01 23:03:38,40796589,27.4,,CONSTANT,0
2026/09/01 23:03:41,40799629,01,TEMP,S27.5
2026/09/01 23:03:41,40799631,OK:01,TEMP,S27.5
2026/09/01 23:03:46,40804700,01,TEMP,S27.6
2026/09/01 23:03:46,40804701,OK:01,TEMP,S27.6
2026/09/01 23:03:48,40806727,01,MON?
2026/09/01 23:03:48,40806729,27.2,,CONSTANT,0
2026/09/01 23:03:52,40810782,01,TEMP,S27.7
2026/09/01 23:03:52,40810784,OK:01,TEMP,S27.7
2026/09/01 23:03:58,40816867,01,MON?
2026/09/01 23:03:58,40816868,27.0,,CONSTANT,0
2026/09/01 23:03:58,40816869,01,TEMP,S27.8
2026/09/01 23:03:58,40816870,OK:01,TEMP,S27.8
2026/09/01 23:04:04,40822951,01,TEMP,S27.9
2026/09/01 23:04:04,40822953,OK:01,TEMP,S27.9
2026/09/01 23:04:09,40827007,01,MON?
2026/09/01 23:04:09,40827009,28.9,,CONSTANT,0
2026/09/01 23:04:11,40829035,01,TEMP,S28.0
2026/09/01 23:04:11,40829037,OK:01,TEMP,S28.0
2026/09/01 23:04:17,40835118,01,TEMP,S28.1
2026/09/01 23:04:17,40835125,OK:01,TEMP,S28.1
2026/09/01 23:04:19,40837147,01,MON?
2026/09/01 23:04:19,40837154,28.3,,CONSTANT,0
2026/09/01 23:04:23,40841203,01,TEMP,S28.2
2026/09/01 23:04:23,40841205,OK:01,TEMP,S28.2
2026/09/01 23:04:29,40847287,01,MON?
2026/09/01 23:04:29,40847288,28.0,,CONSTANT,0
2026/09/01 23:04:29,40847289,01,TEMP,S28.3
2026/09/01 23:04:29,40847290,OK:01,TEMP,S28.3
2026/09/01 23:04:35,40853370,01,TEMP,S28.4
2026/09/01 23:04:35,40853372,OK:01,TEMP,S28.4
2026/09/01 23:04:39,40857427,01,MON?
2026/09/01 23:04:39,40857429,28.0,,CONSTANT,0
2026/09/01 23:04:41,40859455,01,TEMP,S28.5
2026/09/01 23:04:41,40859457,OK:01,TEMP,S28.5
2026/09/01 23:04:47,40865539,01,TEMP,S28.6
2026/09/01 23:04:47,40865546,OK:01,TEMP,S28.6
2026/09/01 23:04:49,40867567,01,MON?
2026/09/01 23:04:49,40867569,29.2,,CONSTANT,0
2026/09/01 23:04:53,40871623,01,TEMP,S28.7
2026/09/01 23:04:53,40871625,OK:01,TEMP,S28.7
2026/09/01 23:04:58,40876693,01,TEMP,S28.8
2026/09/01 23:04:58,40876695,OK:01,TEMP,S28.8
2026/09/01 23:04:59,40877707,01,MON?
2026/09/01 23:04:59,40877709,28.1,,CONSTANT,0
2026/09/01 23:05:04,40882777,01,TEMP,S28.9
2026/09/01 23:05:04,40882779,OK:01,TEMP,S28.9
2026/09/01 23:05:09,40887847,01,MON?
2026/09/01 23:05:09,40887849,27.9,,CONSTANT,0
2026/09/01 23:05:10,40888863,01,TEMP,S29.0
2026/09/01 23:05:10,40888865,OK:01,TEMP,S29.0
2026/09/01 23:05:16,40894946,01,TEMP,S29.1
2026/09/01 23:05:16,40894953,OK:01,TEMP,S29.1
2026/09/01 23:05:20,40897987,01,MON?
2026/09/01 23:05:20,40897989,28.1,,CONSTANT,0
2026/09/01 23:05:23,40901030,01,TEMP,S29.2
2026/09/01 23:05:23,40901037,OK:01,TEMP,S29.2
2026/09/01 23:05:29,40907114,01,TEMP,S29.3
2026/09/01 23:05:29,40907121,OK:01,TEMP,S29.3
2026/09/01 23:05:30,40908129,01,MON?
2026/09/01 23:05:30,40908131,28.6,,CONSTANT,0
2026/09/01 23:05:35,40913198,01,TEMP,S29.4
2026/09/01 23:05:35,40913209,OK:01,TEMP,S29.4
2026/09/01 23:05:40,40918268,01,MON?
2026/09/01 23:05:40,40918269,29.0,,CONSTANT,0
2026/09/01 23:05:41,40919282,01,TEMP,S29.5
2026/09/01 23:05:41,40919284,OK:01,TEMP,S29.5
2026/09/01 23:05:47,40925367,01,TEMP,S29.6
2026/09/01 23:05:47,40925369,OK:01,TEMP,S29.6
2026/09/01 23:05:50,40928409,01,MON?
2026/09/01 23:05:50,40928411,29.6,,CONSTANT,0
2026/09/01 23:05:53,40931450,01,TEMP,S29.7
2026/09/01 23:05:53,40931455,OK:01,TEMP,S29.7
2026/09/01 23:05:59,40937533,01,TEMP,S29.8
2026/09/01 23:05:59,40937535,OK:01,TEMP,S29.8
2026/09/01 23:06:00,40938548,01,MON?
2026/09/01 23:06:00,40938550,29.3,,CONSTANT,0
2026/09/01 23:06:05,40943618,01,TEMP,S29.9
2026/09/01 23:06:05,40943620,OK:01,TEMP,S29.9
2026/09/01 23:06:10,40948688,01,MON?
2026/09/01 23:06:10,40948690,30.7,,CONSTANT,0
2026/09/01 23:06:11,40949702,01,TEMP,S30.0
2026/09/01 23:06:11,40949704,OK:01,TEMP,S30.0
2026/09/01 23:06:16,40954772,01,TEMP,S30.1
2026/09/01 23:06:16,40954773,OK:01,TEMP,S30.1
2026/09/01 23:06:20,40958829,01,MON?
2026/09/01 23:06:20,40958831,30.2,,CONSTANT,0
2026/09/01 23:06:22,40960856,01,TEMP,S30.2
2026/09/01 23:06:22,40960858,OK:01,TEMP,S30.2
2026/09/01 23:06:28,40966941,01,TEMP,S30.3
2026/09/01 23:06:28,40966948,OK:01,TEMP,S30.3
2026/09/01 23:06:30,40968968,01,MON?
2026/09/01 23:06:30,40968970,30.4,,CONSTANT,0
2026/09/01 23:06:35,40973024,01,TEMP,S30.4
2026/09/01 23:06:35,40973025,OK:01,TEMP,S30.4
2026/09/01 23:06:41,40979108,01,MON?
2026/09/01 23:06:41,40979110,30.2,,CONSTANT,0
2026/09/01 23:06:41,40979111,01,TEMP,S30.5
2026/09/01 23:06:41,40979113,OK:01,TEMP,S30.5
2026/09/01 23:06:47,40985192,01,TEMP,S30.6
2026/09/01 23:06:47,40985192,OK:01,TEMP,S30.6
2026/09/01 23:06:51,40989247,01,MON?
2026/09/01 23:06:51,40989249,30.7,,CONSTANT,0
2026/09/01 23:06:53,40991275,01,TEMP,S30.7
2026/09/01 23:06:53,40991277,OK:01,TEMP,S30.7
2026/09/01 23:06:59,40997360,01,TEMP,S30.8
2026/09/01 23:06:59,40997367,OK:01,TEMP,S30.8
2026/09/01 23:07:01,40999388,01,MON?
2026/09/01 23:07:01,40999390,30.8,,CONSTANT,0
2026/09/01 23:07:05,41003444,01,TEMP,S30.9
2026/09/01 23:07:05,41003446,OK:01,TEMP,S30.9
2026/09/01 23:07:11,41009527,01,MON?
2026/09/01 23:07:11,41009534,31.3,,CONSTANT,0
2026/09/01 23:07:11,41009535,01,TEMP,S31.0
2026/09/01 23:07:11,41009537,OK:01,TEMP,S31.0
2026/09/01 23:07:17,41015612,01,TEMP,S31.1
2026/09/01 23:07:17,41015614,OK:01,TEMP,S31.1
2026/09/01 23:07:21,41019668,01,MON?
2026/09/01 23:07:21,41019670,31.4,,CONSTANT,0
2026/09/01 23:07:23,41021696,01,TEMP,S31.2
2026/09/01 23:07:23,41021698,OK:01,TEMP,S31.2
2026/09/01 23:07:28,41026766,01,TEMP,S31.3
2026/09/01 23:07:28,41026768,OK:01,TEMP,S31.3
2026/09/01 23:07:31,41029808,01,MON?
2026/09/01 23:07:31,41029810,31.0,,CONSTANT,0
2026/09/01 23:07:34,41032850,01,TEMP,S31.4
2026/09/01 23:07:34,41032852,OK:01,TEMP,S31.4
2026/09/01 23:07:40,41038935,01,TEMP,S31.5
2026/09/01 23:07:40,41038945,OK:01,TEMP,S31.5
2026/09/01 23:07:41,41039949,01,MON?
2026/09/01 23:07:41,41039951,30.8,,CONSTANT,0
2026/09/01 23:07:47,41045019,01,TEMP,S31.6
2026/09/01 23:07:47,41045021,OK:01,TEMP,S31.6
2026/09/01 23:07:52,41050089,01,MON?
2026/09/01 23:07:52,41050091,31.5,,CONSTANT,0
2026/09/01 23:07:53,41051103,01,TEMP,S31.7
2026/09/01 23:07:53,41051105,OK:01,TEMP,S31.7
2026/09/01 23:07:59,41057186,01,TEMP,S31.8
2026/09/01 23:07:59,41057193,OK:01,TEMP,S31.8
2026/09/01 23:08:02,41060228,01,MON?
2026/09/01 23:08:02,41060230,31.6,,CONSTANT,0
2026/09/01 23:08:05,41063270,01,TEMP,S31.9
2026/09/01 23:08:05,41063277,OK:01,TEMP,S31.9
2026/09/01 23:08:11,41069355,01,TEMP,S32.0
2026/09/01 23:08:11,41069359,OK:01,TEMP,S32.0
2026/09/01 23:08:12,41070369,01,MON?
2026/09/01 23:08:12,41070371,32.0,,CONSTANT,0
2026/09/01 23:08:17,41075439,01,TEMP,S32.1
2026/09/01 23:08:17,41075441,OK:01,TEMP,S32.1
2026/09/01 23:08:22,41080508,01,MON?
2026/09/01 23:08:22,41080509,32.9,,CONSTANT,0
2026/09/01 23:08:23,41081523,01,TEMP,S32.2
2026/09/01 23:08:23,41081525,OK:01,TEMP,S32.2
2026/09/01 23:08:29,41087607,01,TEMP,S32.3
2026/09/01 23:08:29,41087609,OK:01,TEMP,S32.3
2026/09/01 23:08:32,41090648,01,MON?
2026/09/01 23:08:32,41090650,32.8,,CONSTANT,0
2026/09/01 23:08:35,41093691,01,TEMP,S32.4
2026/09/01 23:08:35,41093693,OK:01,TEMP,S32.4
2026/09/01 23:08:41,41099775,01,TEMP,S32.5
2026/09/01 23:08:41,41099777,OK:01,TEMP,S32.5
2026/09/01 23:08:42,41100790,01,MON?
2026/09/01 23:08:42,41100792,33.0,,CONSTANT,0
2026/09/01 23:08:46,41104846,01,TEMP,S32.6
2026/09/01 23:08:46,41104848,OK:01,TEMP,S32.6
2026/09/01 23:08:52,41110929,01,MON?
2026/09/01 23:08:52,41110933,33.1,,CONSTANT,0
2026/09/01 23:08:52,41110934,01,TEMP,S32.7
2026/09/01 23:08:52,41110935,OK:01,TEMP,S32.7
2026/09/01 23:08:59,41117014,01,TEMP,S32.8
2026/09/01 23:08:59,41117016,OK:01,TEMP,S32.8
2026/09/01 23:09:03,41121069,01,MON?
2026/09/01 23:09:03,41121070,32.0,,CONSTANT,0
2026/09/01 23:09:05,41123098,01,TEMP,S32.9
2026/09/01 23:09:05,41123100,OK:01,TEMP,S32.9
2026/09/01 23:09:11,41129180,01,TEMP,S33.0
2026/09/01 23:09:11,41129187,OK:01,TEMP,S33.0
2026/09/01 23:09:13,41131208,01,MON?
2026/09/01 23:09:13,41131210,33.1,,CONSTANT,0
2026/09/01 23:09:17,41135265,01,TEMP,S33.1
2026/09/01 23:09:17,41135267,OK:01,TEMP,S33.1
2026/09/01 23:09:23,41141349,01,MON?
2026/09/01 23:09:23,41141350,33.7,,CONSTANT,0
2026/09/01 23:09:23,41141352,01,TEMP,S33.2
2026/09/01 23:09:23,41141353,OK:01,TEMP,S33.2
2026/09/01 23:09:29,41147432,01,TEMP,S33.3
2026/09/01 23:09:29,41147434,OK:01,TEMP,S33.3
2026/09/01 23:09:33,41151489,01,MON?
2026/09/01 23:09:33,41151491,33.6,,CONSTANT,0
2026/09/01 23:09:35,41153517,01,TEMP,S33.4
2026/09/01 23:09:35,41153518,OK:01,TEMP,S33.4
2026/09/01 23:09:41,41159601,01,TEMP,S33.5
2026/09/01 23:09:41,41159603,OK:01,TEMP,S33.5
2026/09/01 23:09:43,41161629,01,MON?
2026/09/01 23:09:43,41161631,33.3,,CONSTANT,0
2026/09/01 23:09:47,41165684,01,TEMP,S33.6
2026/09/01 23:09:47,41165685,OK:01,TEMP,S33.6
2026/09/01 23:09:53,41171769,01,MON?
2026/09/01 23:09:53,41171771,33.2,,CONSTANT,0
2026/09/01 23:09:53,41171772,01,TEMP,S33.7
2026/09/01 23:09:53,41171773,OK:01,TEMP,S33.7
2026/09/01 23:09:58,41176839,01,TEMP,S33.8
2026/09/01 23:09:58,41176841,OK:01,TEMP,S33.8
2026/09/01 23:10:03,41181909,01,MON?
2026/09/01 23:10:03,41181911,33.5,,CONSTANT,0
2026/09/01 23:10:04,41182923,01,TEMP,S33.9
2026/09/01 23:10:04,41182925,OK:01,TEMP,S33.9
2026/09/01 23:10:11,41189007,01,TEMP,S34.0
2026/09/01 23:10:11,41189014,OK:01,TEMP,S34.0
2026/09/01 23:10:14,41192049,01,MON?
2026/09/01 23:10:14,41192051,34.7,,CONSTANT,0
2026/09/01 23:10:17,41195092,01,TEMP,S34.1
2026/09/01 23:10:17,41195097,OK:01,TEMP,S34.1
2026/09/01 23:10:23,41201175,01,TEMP,S34.2
2026/09/01 23:10:23,41201177,OK:01,TEMP,S34.2
2026/09/01 23:10:24,41202189,01,MON?
2026/09/01 23:10:24,41202191,33.7,,CONSTANT,0
2026/09/01 23:10:29,41207260,01,TEMP,S34.3
2026/09/01 23:10:29,41207267,OK:01,TEMP,S34.3
2026/09/01 23:10:34,41212329,01,MON?
2026/09/01 23:10:34,41212329,35.0,,CONSTANT,0
2026/09/01 23:10:35,41213343,01,TEMP,S34.4
2026/09/01 23:10:35,41213345,OK:01,TEMP,S34.4
2026/09/01 23:10:41,41219427,01,TEMP,S34.5
2026/09/01 23:10:41,41219434,OK:01,TEMP,S34.5
2026/09/01 23:10:44,41222471,01,MON?
2026/09/01 23:10:44,41222473,33.7,,CONSTANT,0
2026/09/01 23:10:47,41225512,01,TEMP,S34.6
2026/09/01 23:10:47,41225519,OK:01,TEMP,S34.6
2026/09/01 23:10:53,41231595,01,TEMP,S34.7
2026/09/01 23:10:53,41231597,OK:01,TEMP,S34.7
2026/09/01 23:10:54,41232609,01,MON?
2026/09/01 23:10:54,41232611,33.8,,CONSTANT,0
2026/09/01 23:10:59,41237679,01,TEMP,S34.8
2026/09/01 23:10:59,41237681,OK:01,TEMP,S34.8
2026/09/01 23:11:04,41242750,01,MON?
2026/09/01 23:11:04,41242752,35.4,,CONSTANT,0
2026/09/01 23:11:05,41243764,01,TEMP,S34.9
2026/09/01 23:11:05,41243766,OK:01,TEMP,S34.9
2026/09/01 23:11:11,41249847,01,TEMP,S35.0
2026/09/01 23:11:11,41249849,OK:01,TEMP,S35.0
2026/09/01 23:11:14,41252889,01,MON?
2026/09/01 23:11:14,41252890,34.1,,CONSTANT,0
2026/09/01 23:11:16,41254917,01,TEMP,S35.1
2026/09/01 23:11:16,41254919,OK:01,TEMP,S35.1
2026/09/01 23:11:23,41261002,01,TEMP,S35.2
2026/09/01 23:11:23,41261013,OK:01,TEMP,S35.2
2026/09/01 23:11:25,41263031,01,MON?
2026/09/01 23:11:25,41263038,34.4,,CONSTANT,0
2026/09/01 23:11:29,41267086,01,TEMP,S35.3
2026/09/01 23:11:29,41267087,OK:01,TEMP,S35.3
2026/09/01 23:11:35,41273169,01,MON?
2026/09/01 23:11:35,41273170,35.0,,CONSTANT,0
2026/09/01 23:11:35,41273172,01,TEMP,S35.4
2026/09/01 23:11:35,41273173,OK:01,TEMP,S35.4
2026/09/01 23:11:41,41279255,01,TEMP,S35.5
2026/09/01 23:11:41,41279256,OK:01,TEMP,S35.5
2026/09/01 23:11:45,41283310,01,MON?
2026/09/01 23:11:45,41283312,36.4,,CONSTANT,0
2026/09/01 23:11:47,41285337,01,TEMP,S35.6
2026/09/01 23:11:47,41285339,OK:01,TEMP,S35.6
2026/09/01 23:11:53,41291422,01,TEMP,S35.7
2026/09/01 23:11:53,41291429,OK:01,TEMP,S35.7
2026/09/01 23:11:55,41293450,01,MON?
2026/09/01 23:11:55,41293456,36.2,,CONSTANT,0
2026/09/01 23:11:59,41297506,01,TEMP,S35.8
2026/09/01 23:11:59,41297508,OK:01,TEMP,S35.8
2026/09/01 23:12:05,41303589,01,MON?
2026/09/01 23:12:05,41303591,35.9,,CONSTANT,0
2026/09/01 23:12:05,41303592,01,TEMP,S35.9
2026/09/01 23:12:05,41303593,OK:01,TEMP,S35.9
2026/09/01 23:12:11,41309674,01,TEMP,S36.0
2026/09/01 23:12:11,41309676,OK:01,TEMP,S36.0
2026/09/01 23:12:15,41313730,01,MON?
2026/09/01 23:12:15,41313732,35.4,,CONSTANT,0
2026/09/01 23:12:17,41315758,01,TEMP,S36.1
2026/09/01 23:12:17,41315760,OK:01,TEMP,S36.1
2026/09/01 23:12:23,41321842,01,TEMP,S36.2
2026/09/01 23:12:23,41321844,OK:01,TEMP,S36.2
2026/09/01 23:12:25,41323869,01,MON?
2026/09/01 23:12:25,41323870,36.7,,CONSTANT,0
2026/09/01 23:12:28,41326912,01,TEMP,S36.3
2026/09/01 23:12:28,41326914,OK:01,TEMP,S36.3
2026/09/01 23:12:35,41332996,01,TEMP,S36.4
2026/09/01 23:12:35,41332998,OK:01,TEMP,S36.4
2026/09/01 23:12:36,41334010,01,MON?
2026/09/01 23:12:36,41334011,36.5,,CONSTANT,0
2026/09/01 23:12:41,41339080,01,TEMP,S36.5
2026/09/01 23:12:41,41339082,OK:01,TEMP,S36.5
2026/09/01 23:12:46,41344150,01,MON?
2026/09/01 23:12:46,41344152,37.0,,CONSTANT,0
2026/09/01 23:12:47,41345164,01,TEMP,S36.6
2026/09/01 23:12:47,41345166,OK:01,TEMP,S36.6
2026/09/01 23:12:53,41351248,01,TEMP,S36.7
2026/09/01 23:12:53,41351255,OK:01,TEMP,S36.7
2026/09/01 23:12:56,41354291,01,MON?
2026/09/01 23:12:56,41354298,36.3,,CONSTANT,0
2026/09/01 23:12:59,41357332,01,TEMP,S36.8
2026/09/01 23:12:59,41357339,OK:01,TEMP,S36.8
2026/09/01 23:13:05,41363417,01,TEMP,S36.9
2026/09/01 23:13:05,41363425,OK:01,TEMP,S36.9
2026/09/01 23:13:06,41364430,01,MON?
2026/09/01 23:13:06,41364432,36.3,,CONSTANT,0
2026/09/01 23:13:11,41369500,01,TEMP,S37.0
2026/09/01 23:13:11,41369506,OK:01,TEMP,S37.0
2026/09/01 23:13:16,41374570,01,MON?
2026/09/01 23:13:16,41374571,36.3,,CONSTANT,0
2026/09/01 23:13:17,41375585,01,TEMP,S37.1
2026/09/01 23:13:17,41375587,OK:01,TEMP,S37.1
2026/09/01 23:13:23,41381669,01,TEMP,S37.2
2026/09/01 23:13:23,41381671,OK:01,TEMP,S37.2
2026/09/01 23:13:26,41384710,01,MON?
2026/09/01 23:13:26,41384712,38.0,,CONSTANT,0
2026/09/01 23:13:29,41387752,01,TEMP,S37.3
2026/09/01 23:13:29,41387754,OK:01,TEMP,S37.3
2026/09/01 23:13:35,41393837,01,TEMP,S37.4
2026/09/01 23:13:35,41393839,OK:01,TEMP,S37.4
2026/09/01 23:13:36,41394850,01,MON?
2026/09/01 23:13:36,41394852,36.6,,CONSTANT,0
2026/09/01 23:13:41,41399921,01,TEMP,S37.5
2026/09/01 23:13:41,41399922,OK:01,TEMP,S37.5
2026/09/01 23:13:47,41404990,01,MON?
2026/09/01 23:13:47,41404991,37.8,,CONSTANT,0
2026/09/01 23:13:47,41404993,01,TEMP,S37.6
2026/09/01 23:13:47,41404994,OK:01,TEMP,S37.6
2026/09/01 23:13:53,41411075,01,TEMP,S37.7
2026/09/01 23:13:53,41411077,OK:01,TEMP,S37.7
2026/09/01 23:13:57,41415131,01,MON?
2026/09/01 23:13:57,41415133,38.5,,CONSTANT,0
2026/09/01 23:13:59,41417159,01,TEMP,S37.8
2026/09/01 23:13:59,41417159,OK:01,TEMP,S37.8
2026/09/01 23:14:05,41423242,01,TEMP,S37.9
2026/09/01 23:14:05,41423249,OK:01,TEMP,S37.9
2026/09/01 23:14:07,41425270,01,MON?
2026/09/01 23:14:07,41425272,37.7,,CONSTANT,0
2026/09/01 23:14:11,41429327,01,TEMP,S38.0
2026/09/01 23:14:11,41429329,OK:01,TEMP,S38.0
2026/09/01 23:14:17,41435411,01,MON?
2026/09/01 23:14:17,41435418,37.3,,CONSTANT,0
2026/09/01 23:14:17,41435420,01,TEMP,S38.1
2026/09/01 23:14:17,41435421,OK:01,TEMP,S38.1
2026/09/01 23:14:23,41441494,01,TEMP,S38.2
2026/09/01 23:14:23,41441496,OK:01,TEMP,S38.2
2026/09/01 23:14:27,41445550,01,MON?
2026/09/01 23:14:27,41445551,37.7,,CONSTANT,0
2026/09/01 23:14:29,41447578,01,TEMP,S38.3
2026/09/01 23:14:29,41447580,OK:01,TEMP,S38.3
2026/09/01 23:14:35,41453663,01,TEMP,S38.4
2026/09/01 23:14:35,41453665,OK:01,TEMP,S38.4
2026/09/01 23:14:37,41455691,01,MON?
2026/09/01 23:14:37,41455693,38.5,,CONSTANT,0
2026/09/01 23:14:41,41459747,01,TEMP,S38.5
2026/09/01 23:14:41,41459748,OK:01,TEMP,S38.5
2026/09/01 23:14:47,41465831,01,MON?
2026/09/01 23:14:47,41465832,39.3,,CONSTANT,0
2026/09/01 23:14:47,41465833,01,TEMP,S38.6
2026/09/01 23:14:47,41465834,OK:01,TEMP,S38.6
2026/09/01 23:14:53,41471915,01,TEMP,S38.7
2026/09/01 23:14:53,41471916,OK:01,TEMP,S38.7
2026/09/01 23:14:57,41475971,01,MON?
2026/09/01 23:14:57,41475973,39.6,,CONSTANT,0
2026/09/01 23:14:59,41476985,01,TEMP,S38.8
2026/09/01 23:14:59,41476987,OK:01,TEMP,S38.8
2026/09/01 23:15:05,41483068,01,TEMP,S38.9
2026/09/01 23:15:05,41483070,OK:01,TEMP,S38.9
2026/09/01 23:15:08,41486111,01,MON?
2026/09/01 23:15:08,41486111,38.0,,CONSTANT,0
2026/09/01 23:15:11,41489153,01,TEMP,S39.0
2026/09/01 23:15:11,41489155,OK:01,TEMP,S39.0
2026/09/01 23:15:17,41495237,01,TEMP,S39.1
2026/09/01 23:15:17,41495239,OK:01,TEMP,S39.1
2026/09/01 23:15:18,41496251,01,MON?
2026/09/01 23:15:18,41496253,38.8,,CONSTANT,0
2026/09/01 23:15:23,41501321,01,TEMP,S39.2
2026/09/01 23:15:23,41501328,OK:01,TEMP,S39.2
2026/09/01 23:15:28,41506392,01,MON?
2026/09/01 23:15:28,41506393,38.4,,CONSTANT,0
2026/09/01 23:15:29,41507406,01,TEMP,S39.3
2026/09/01 23:15:29,41507408,OK:01,TEMP,S39.3
2026/09/01 23:15:35,41513489,01,TEMP,S39.4
2026/09/01 23:15:35,41513491,OK:01,TEMP,S39.4
2026/09/01 23:15:38,41516532,01,MON?
2026/09/01 23:15:38,41516534,40.3,,CONSTANT,0
2026/09/01 23:15:41,41519574,01,TEMP,S39.5
2026/09/01 23:15:41,41519576,OK:01,TEMP,S39.5
2026/09/01 23:15:47,41525658,01,TEMP,S39.6
2026/09/01 23:15:47,41525660,OK:01,TEMP,S39.6
2026/09/01 23:15:48,41526672,01,MON?
2026/09/01 23:15:48,41526674,40.4,,CONSTANT,0
2026/09/01 23:15:53,41531741,01,TEMP,S39.7
2026/09/01 23:15:53,41531741,OK:01,TEMP,S39.7
2026/09/01 23:15:58,41536812,01,MON?
2026/09/01 23:15:58,41536814,40.6,,CONSTANT,0
2026/09/01 23:15:59,41537827,01,TEMP,S39.8
2026/09/01 23:15:59,41537828,OK:01,TEMP,S39.8
2026/09/01 23:16:05,41543910,01,TEMP,S39.9
2026/09/01 23:16:05,41543912,OK:01,TEMP,S39.9
2026/09/01 23:16:08,41546952,01,MON?
2026/09/01 23:16:08,41546954,40.1,,CONSTANT,0
2026/09/01 23:16:10,41548980,01,TEMP,S40.0
2026/09/01 23:16:10,41548982,OK:01,TEMP,S40.0
2026/09/01 23:16:17,41555065,01,TEMP,S40.1
2026/09/01 23:16:17,41555071,OK:01,TEMP,S40.1
2026/09/01 23:16:19,41557093,01,MON?
2026/09/01 23:16:19,41557099,40.3,,CONSTANT,0
2026/09/01 23:16:23,41561147,01,TEMP,S40.2
2026/09/01 23:16:23,41561149,OK:01,TEMP,S40.2
2026/09/01 23:16:29,41567232,01,MON?
2026/09/01 23:16:29,41567234,39.5,,CONSTANT,0
2026/09/01 23:16:29,41567235,01,TEMP,S40.3
2026/09/01 23:16:29,41567236,OK:01,TEMP,S40.3
2026/09/01 23:16:35,41573317,01,TEMP,S40.4
2026/09/01 23:16:35,41573319,OK:01,TEMP,S40.4
2026/09/01 23:16:39,41577373,01,MON?
2026/09/01 23:16:39,41577374,41.0,,CONSTANT,0
2026/09/01 23:16:41,41579399,01,TEMP,S40.5
2026/09/01 23:16:41,41579401,OK:01,TEMP,S40.5
2026/09/01 23:16:47,41585484,01,TEMP,S40.6
2026/09/01 23:16:47,41585486,OK:01,TEMP,S40.6
2026/09/01 23:16:49,41587511,01,MON?
2026/09/01 23:16:49,41587513,41.0,,CONSTANT,0
2026/09/01 23:16:53,41591569,01,TEMP,S40.7
2026/09/01 23:16:53,41591571,OK:01,TEMP,S40.7
2026/09/01 23:16:59,41597653,01,MON?
2026/09/01 23:16:59,41597654,40.3,,CONSTANT,0
2026/09/01 23:16:59,41597655,01,TEMP,S40.8
2026/09/01 23:16:59,41597656,OK:01,TEMP,S40.8
2026/09/01 23:17:05,41603735,01,TEMP,S40.9
2026/09/01 23:17:05,41603736,OK:01,TEMP,S40.9
2026/09/01 23:17:09,41607792,01,MON?
2026/09/01 23:17:09,41607794,40.6,,CONSTANT,0
2026/09/01 23:17:11,41609820,01,TEMP,S41.0
2026/09/01 23:17:11,41609821,OK:01,TEMP,S41.0
2026/09/01 23:17:17,41615904,01,TEMP,S41.1
2026/09/01 23:17:17,41615906,OK:01,TEMP,S41.1
2026/09/01 23:17:19,41617931,01,MON?
2026/09/01 23:17:19,41617933,41.1,,CONSTANT,0
2026/09/01 23:17:24,41621987,01,TEMP,S41.2
2026/09/01 23:17:24,41621989,OK:01,TEMP,S41.2
2026/09/01 23:17:29,41627058,01,TEMP,S41.3
2026/09/01 23:17:29,41627059,OK:01,TEMP,S41.3
2026/09/01 23:17:30,41628072,01,MON?
2026/09/01 23:17:30,41628074,40.9,,CONSTANT,0
2026/09/01 23:17:35,41633142,01,TEMP,S41.4
2026/09/01 23:17:35,41633149,OK:01,TEMP,S41.4
2026/09/01 23:17:40,41638211,01,MON?
2026/09/01 23:17:40,41638213,42.2,,CONSTANT,0
2026/09/01 23:17:41,41639225,01,TEMP,S41.5
2026/09/01 23:17:41,41639227,OK:01,TEMP,S41.5
2026/09/01 23:17:47,41645310,01,TEMP,S41.6
2026/09/01 23:17:47,41645311,OK:01,TEMP,S41.6
2026/09/01 23:17:50,41648352,01,MON?
2026/09/01 23:17:50,41648354,42.1,,CONSTANT,0
2026/09/01 23:17:53,41651394,01,TEMP,S41.7
2026/09/01 23:17:53,41651398,OK:01,TEMP,S41.7
2026/09/01 23:17:59,41657477,01,TEMP,S41.8
2026/09/01 23:17:59,41657482,OK:01,TEMP,S41.8
2026/09/01 23:18:00,41658492,01,MON?
2026/09/01 23:18:00,41658494,41.3,,CONSTANT,0
2026/09/01 23:18:05,41663562,01,TEMP,S41.9
2026/09/01 23:18:05,41663564,OK:01,TEMP,S41.9
2026/09/01 23:18:10,41668632,01,MON?
2026/09/01 23:18:10,41668634,41.3,,CONSTANT,0
2026/09/01 23:18:11,41669647,01,TEMP,S42.0
2026/09/01 23:18:11,41669648,OK:01,TEMP,S42.0
2026/09/01 23:18:17,41675731,01,TEMP,S42.1
2026/09/01 23:18:17,41675733,OK:01,TEMP,S42.1
2026/09/01 23:18:20,41678772,01,MON?
2026/09/01 23:18:20,41678773,41.9,,CONSTANT,0
2026/09/01 23:18:23,41681815,01,TEMP,S42.2
2026/09/01 23:18:23,41681817,OK:01,TEMP,S42.2
2026/09/01 23:18:29,41687898,01,TEMP,S42.3
2026/09/01 23:18:29,41687900,OK:01,TEMP,S42.3
2026/09/01 23:18:30,41688912,01,MON?
2026/09/01 23:18:30,41688913,41.6,,CONSTANT,0
2026/09/01 23:18:35,41693983,01,TEMP,S42.4
2026/09/01 23:18:36,41693985,OK:01,TEMP,S42.4
2026/09/01 23:18:41,41699052,01,MON?
2026/09/01 23:18:41,41699059,43.1,,CONSTANT,0
2026/09/01 23:18:41,41699061,01,TEMP,S42.5
2026/09/01 23:18:41,41699062,OK:01,TEMP,S42.5
2026/09/01 23:18:47,41705136,01,TEMP,S42.6
2026/09/01 23:18:47,41705137,OK:01,TEMP,S42.6
2026/09/01 23:18:51,41709193,01,MON?
2026/09/01 23:18:51,41709194,43.3,,CONSTANT,0
2026/09/01 23:18:53,41711222,01,TEMP,S42.7
2026/09/01 23:18:53,41711224,OK:01,TEMP,S42.7
2026/09/01 23:18:59,41717305,01,TEMP,S42.8
2026/09/01 23:18:59,41717312,OK:01,TEMP,S42.8
2026/09/01 23:19:01,41719333,01,MON?
2026/09/01 23:19:01,41719334,42.9,,CONSTANT,0
2026/09/01 23:19:05,41723389,01,TEMP,S42.9
2026/09/01 23:19:05,41723390,OK:01,TEMP,S42.9
2026/09/01 23:19:11,41729474,01,MON?
2026/09/01 23:19:11,41729476,42.1,,CONSTANT,0
2026/09/01 23:19:11,41729477,01,TEMP,S43.0
2026/09/01 23:19:11,41729479,OK:01,TEMP,S43.0
2026/09/01 23:19:17,41735558,01,TEMP,S43.1
2026/09/01 23:19:17,41735560,OK:01,TEMP,S43.1
2026/09/01 23:19:21,41739613,01,MON?
2026/09/01 23:19:21,41739615,42.8,,CONSTANT,0
2026/09/01 23:19:23,41741640,01,TEMP,S43.2
2026/09/01 23:19:23,41741642,OK:01,TEMP,S43.2
2026/09/01 23:19:29,41747726,01,TEMP,S43.3
2026/09/01 23:19:29,41747727,OK:01,TEMP,S43.3
2026/09/01 23:19:31,41749754,01,MON?
2026/09/01 23:19:31,41749755,44.2,,CONSTANT,0
2026/09/01 23:19:35,41753809,01,TEMP,S43.4
2026/09/01 23:19:35,41753810,OK:01,TEMP,S43.4
2026/09/01 23:19:41,41759892,01,MON?
2026/09/01 23:19:41,41759894,43.2,,CONSTANT,0
2026/09/01 23:19:41,41759895,01,TEMP,S43.5
2026/09/01 23:19:41,41759896,OK:01,TEMP,S43.5
2026/09/01 23:19:47,41765977,01,TEMP,S43.6
2026/09/01 23:19:47,41765979,OK:01,TEMP,S43.6
2026/09/01 23:19:52,41770033,01,MON?
2026/09/01 23:19:52,41770035,44.0,,CONSTANT,0
2026/09/01 23:19:54,41772061,01,TEMP,S43.7
2026/09/01 23:19:54,41772068,OK:01,TEMP,S43.7
2026/09/01 23:19:59,41777130,01,TEMP,S43.8
2026/09/01 23:19:59,41777137,OK:01,TEMP,S43.8
2026/09/01 23:20:02,41780172,01,MON?
2026/09/01 23:20:02,41780179,44.2,,CONSTANT,0
2026/09/01 23:20:05,41783215,01,TEMP,S43.9
2026/09/01 23:20:05,41783222,OK:01,TEMP,S43.9
2026/09/01 23:20:11,41789299,01,TEMP,S44.0
2026/09/01 23:20:11,41789306,OK:01,TEMP,S44.0
2026/09/01 23:20:12,41790313,01,MON?
2026/09/01 23:20:12,41790314,44.8,,CONSTANT,0
2026/09/01 23:20:17,41795382,01,TEMP,S44.1
2026/09/01 23:20:17,41795389,OK:01,TEMP,S44.1
2026/09/01 23:20:22,41800453,01,MON?
2026/09/01 23:20:22,41800455,43.4,,CONSTANT,0
2026/09/01 23:20:23,41801467,01,TEMP,S44.2
2026/09/01 23:20:23,41801468,OK:01,TEMP,S44.2
2026/09/01 23:20:29,41807551,01,TEMP,S44.3
2026/09/01 23:20:29,41807558,OK:01,TEMP,S44.3
2026/09/01 23:20:32,41810593,01,MON?
2026/09/01 23:20:32,41810595,44.7,,CONSTANT,0
2026/09/01 23:20:35,41813635,01,TEMP,S44.4
2026/09/01 23:20:35,41813637,OK:01,TEMP,S44.4
2026/09/01 23:20:41,41819720,01,TEMP,S44.5
2026/09/01 23:20:41,41819722,OK:01,TEMP,S44.5
2026/09/01 23:20:42,41820733,01,MON?
2026/09/01 23:20:42,41820735,43.9,,CONSTANT,0
2026/09/01 23:20:47,41825804,01,TEMP,S44.6
2026/09/01 23:20:47,41825806,OK:01,TEMP,S44.6
2026/09/01 23:20:52,41830874,01,MON?
2026/09/01 23:20:52,41830876,44.5,,CONSTANT,0
2026/09/01 23:20:53,41831887,01,TEMP,S44.7
2026/09/01 23:20:53,41831889,OK:01,TEMP,S44.7
2026/09/01 23:20:59,41837971,01,TEMP,S44.8
2026/09/01 23:20:59,41837973,OK:01,TEMP,S44.8
2026/09/01 23:21:03,41841014,01,MON?
2026/09/01 23:21:03,41841016,44.5,,CONSTANT,0
2026/09/01 23:21:06,41844055,01,TEMP,S44.9
2026/09/01 23:21:06,41844055,OK:01,TEMP,S44.9
2026/09/01 23:21:11,41849125,01,TEMP,S45.0
2026/09/01 23:21:11,41849132,OK:01,TEMP,S45.0
2026/09/01 23:21:13,41851155,01,MON?
2026/09/01 23:21:13,41851157,44.5,,CONSTANT,0
2026/09/01 23:21:17,41855209,01,TEMP,S45.1
2026/09/01 23:21:17,41855211,OK:01,TEMP,S45.1
2026/09/01 23:21:23,41861294,01,MON?
2026/09/01 23:21:23,41861296,46.1,,CONSTANT,0
2026/09/01 23:21:23,41861297,01,TEMP,S45.2
2026/09/01 23:21:23,41861298,OK:01,TEMP,S45.2
2026/09/01 23:21:29,41867377,01,TEMP,S45.3
2026/09/01 23:21:29,41867379,OK:01,TEMP,S45.3
2026/09/01 23:21:33,41871434,01,MON?
2026/09/01 23:21:33,41871436,44.9,,CONSTANT,0
2026/09/01 23:21:35,41873463,01,TEMP,S45.4
2026/09/01 23:21:35,41873464,OK:01,TEMP,S45.4
2026/09/01 23:21:41,41879545,01,TEMP,S45.5
2026/09/01 23:21:41,41879552,OK:01,TEMP,S45.5
2026/09/01 23:21:43,41881574,01,MON?
2026/09/01 23:21:43,41881575,45.4,,CONSTANT,0
2026/09/01 23:21:47,41885630,01,TEMP,S45.6
2026/09/01 23:21:47,41885631,OK:01,TEMP,S45.6
2026/09/01 23:21:53,41891715,01,MON?
2026/09/01 23:21:53,41891717,45.5,,CONSTANT,0
2026/09/01 23:21:53,41891718,01,TEMP,S45.7
2026/09/01 23:21:53,41891719,OK:01,TEMP,S45.7
2026/09/01 23:21:59,41897798,01,TEMP,S45.8
2026/09/01 23:21:59,41897800,OK:01,TEMP,S45.8
2026/09/01 23:22:03,41901853,01,MON?
2026/09/01 23:22:03,41901854,45.4,,CONSTANT,0
2026/09/01 23:22:05,41903882,01,TEMP,S45.9
2026/09/01 23:22:05,41903884,OK:01,TEMP,S45.9
2026/09/01 23:22:11,41909966,01,TEMP,S46.0
2026/09/01 23:22:11,41909968,OK:01,TEMP,S46.0
2026/09/01 23:22:14,41911994,01,MON?
2026/09/01 23:22:14,41911996,46.6,,CONSTANT,0
2026/09/01 23:22:18,41916049,01,TEMP,S46.1
2026/09/01 23:22:18,41916052,OK:01,TEMP,S46.1
2026/09/01 23:22:24,41922134,01,MON?
2026/09/01 23:22:24,41922136,45.9,,CONSTANT,0
2026/09/01 23:22:24,41922137,01,TEMP,S46.2
2026/09/01 23:22:24,41922139,OK:01,TEMP,S46.2
2026/09/01 23:22:29,41927204,01,TEMP,S46.3
2026/09/01 23:22:29,41927210,OK:01,TEMP,S46.3
2026/09/01 23:22:34,41932274,01,MON?
2026/09/01 23:22:34,41932276,46.9,,CONSTANT,0
2026/09/01 23:22:35,41933287,01,TEMP,S46.4
2026/09/01 23:22:35,41933288,OK:01,TEMP,S46.4
2026/09/01 23:22:41,41939372,01,TEMP,S46.5
2026/09/01 23:22:41,41939379,OK:01,TEMP,S46.5
2026/09/01 23:22:44,41942414,01,MON?
2026/09/01 23:22:44,41942416,47.2,,CONSTANT,0
2026/09/01 23:22:47,41945456,01,TEMP,S46.6
2026/09/01 23:22:47,41945463,OK:01,TEMP,S46.6
2026/09/01 23:22:53,41951540,01,TEMP,S46.7
2026/09/01 23:22:53,41951549,OK:01,TEMP,S46.7
2026/09/01 23:22:54,41952554,01,MON?
2026/09/01 23:22:54,41952556,47.0,,CONSTANT,0
2026/09/01 23:22:59,41957624,01,TEMP,S46.8
2026/09/01 23:22:59,41957626,OK:01,TEMP,S46.8
2026/09/01 23:23:04,41962694,01,MON?
2026/09/01 23:23:04,41962696,46.8,,CONSTANT,0
2026/09/01 23:23:05,41963708,01,TEMP,S46.9
2026/09/01 23:23:05,41963710,OK:01,TEMP,S46.9
2026/09/01 23:23:11,41969792,01,TEMP,S47.0
2026/09/01 23:23:11,41969793,OK:01,TEMP,S47.0
2026/09/01 23:23:14,41972834,01,MON?
2026/09/01 23:23:14,41972835,47.0,,CONSTANT,0
2026/09/01 23:23:17,41975876,01,TEMP,S47.1
2026/09/01 23:23:17,41975878,OK:01,TEMP,S47.1
2026/09/01 23:23:23,41981960,01,TEMP,S47.2
2026/09/01 23:23:23,41981962,OK:01,TEMP,S47.2
2026/09/01 23:23:24,41982974,01,MON?
2026/09/01 23:23:24,41982975,46.7,,CONSTANT,0
2026/09/01 23:23:30,41988044,01,TEMP,S47.3
2026/09/01 23:23:30,41988046,OK:01,TEMP,S47.3
2026/09/01 23:23:35,41993114,01,MON?
2026/09/01 23:23:35,41993121,48.1,,CONSTANT,0
2026/09/01 23:23:36,41994128,01,TEMP,S47.4
2026/09/01 23:23:36,41994130,OK:01,TEMP,S47.4
2026/09/01 23:23:41,41999199,01,TEMP,S47.5
2026/09/01 23:23:41,41999206,OK:01,TEMP,S47.5
2026/09/01 23:23:45,42003255,01,MON?
2026/09/01 23:23:45,42003257,48.2,,CONSTANT,0
2026/09/01 23:23:47,42005282,01,TEMP,S47.6
2026/09/01 23:23:47,42005284,OK:01,TEMP,S47.6
2026/09/01 23:23:53,42011368,01,TEMP,S47.7
2026/09/01 23:23:53,42011375,OK:01,TEMP,S47.7
2026/09/01 23:23:55,42013395,01,MON?
2026/09/01 23:23:55,42013397,47.0,,CONSTANT,0
2026/09/01 23:23:59,42017450,01,TEMP,S47.8
2026/09/01 23:23:59,42017452,OK:01,TEMP,S47.8
2026/09/01 23:24:05,42023535,01,MON?
2026/09/01 23:24:05,42023535,48.7,,CONSTANT,0
2026/09/01 23:24:05,42023536,01,TEMP,S47.9
2026/09/01 23:24:05,42023537,OK:01,TEMP,S47.9
2026/09/01 23:24:11,42029619,01,TEMP,S48.0
2026/09/01 23:24:11,42029621,OK:01,TEMP,S48.0
2026/09/01 23:24:15,42033674,01,MON?
2026/09/01 23:24:15,42033675,48.0,,CONSTANT,0
2026/09/01 23:24:17,42035703,01,TEMP,S48.1
2026/09/01 23:24:17,42035705,OK:01,TEMP,S48.1
2026/09/01 23:24:23,42041787,01,TEMP,S48.2
2026/09/01 23:24:23,42041789,OK:01,TEMP,S48.2
2026/09/01 23:24:25,42043815,01,MON?
2026/09/01 23:24:25,42043817,48.7,,CONSTANT,0
2026/09/01 23:24:29,42047871,01,TEMP,S48.3
2026/09/01 23:24:29,42047872,OK:01,TEMP,S48.3
2026/09/01 23:24:35,42053954,01,MON?
2026/09/01 23:24:35,42053956,47.7,,CONSTANT,0
2026/09/01 23:24:35,42053957,01,TEMP,S48.4
2026/09/01 23:24:35,42053958,OK:01,TEMP,S48.4
2026/09/01 23:24:42,42060038,01,TEMP,S48.5
2026/09/01 23:24:42,42060039,OK:01,TEMP,S48.5
2026/09/01 23:24:46,42064096,01,MON?
2026/09/01 23:24:46,42064098,49.5,,CONSTANT,0
2026/09/01 23:24:48,42066123,01,TEMP,S48.6
2026/09/01 23:24:48,42066129,OK:01,TEMP,S48.6
2026/09/01 23:24:54,42072206,01,TEMP,S48.7
2026/09/01 23:24:54,42072213,OK:01,TEMP,S48.7
2026/09/01 23:24:56,42074234,01,MON?
2026/09/01 23:24:56,42074240,48.7,,CONSTANT,0
2026/09/01 23:24:59,42077276,01,TEMP,S48.8
2026/09/01 23:24:59,42077283,OK:01,TEMP,S48.8
2026/09/01 23:25:05,42083361,01,TEMP,S48.9
2026/09/01 23:25:05,42083363,OK:01,TEMP,S48.9
2026/09/01 23:25:06,42084375,01,MON?
2026/09/01 23:25:06,42084377,49.2,,CONSTANT,0
2026/09/01 23:25:11,42089445,01,TEMP,S49.0
2026/09/01 23:25:11,42089452,OK:01,TEMP,S49.0
2026/09/01 23:25:16,42094514,01,MON?
2026/09/01 23:25:16,42094516,48.9,,CONSTANT,0
2026/09/01 23:25:17,42095529,01,TEMP,S49.1
2026/09/01 23:25:17,42095531,OK:01,TEMP,S49.1
2026/09/01 23:25:23,42101613,01,TEMP,S49.2
2026/09/01 23:25:23,42101614,OK:01,TEMP,S49.2
2026/09/01 23:25:26,42104655,01,MON?
2026/09/01 23:25:26,42104656,49.9,,CONSTANT,0
2026/09/01 23:25:29,42107697,01,TEMP,S49.3
2026/09/01 23:25:29,42107698,OK:01,TEMP,S49.3
2026/09/01 23:25:35,42113781,01,TEMP,S49.4
2026/09/01 23:25:35,42113783,OK:01,TEMP,S49.4
2026/09/01 23:25:36,42114795,01,MON?
2026/09/01 23:25:36,42114797,49.9,,CONSTANT,0
2026/09/01 23:25:41,42119865,01,TEMP,S49.5
2026/09/01 23:25:41,42119867,OK:01,TEMP,S49.5
2026/09/01 23:25:46,42124935,01,MON?
2026/09/01 23:25:46,42124937,49.8,,CONSTANT,0
2026/09/01 23:25:47,42125949,01,TEMP,S49.6
2026/09/01 23:25:47,42125950,OK:01,TEMP,S49.6
2026/09/01 23:25:54,42132033,01,TEMP,S49.7
2026/09/01 23:25:54,42132034,OK:01,TEMP,S49.7
2026/09/01 23:25:57,42135075,01,MON?
2026/09/01 23:25:57,42135082,50.2,,CONSTANT,0
2026/09/01 23:26:00,42138117,01,TEMP,S49.8
2026/09/01 23:26:00,42138119,OK:01,TEMP,S49.8
2026/09/01 23:26:06,42144202,01,TEMP,S49.9
2026/09/01 23:26:06,42144211,OK:01,TEMP,S49.9
2026/09/01 23:26:07,42145216,01,MON?
2026/09/01 23:26:07,42145218,49.9,,CONSTANT,0
2026/09/01 23:26:11,42149272,01,TEMP,S50.0
2026/09/01 23:26:11,42149274,OK:01,TEMP,S50.0
2026/09/01 23:26:17,42155355,01,MON?
2026/09/01 23:26:17,42155357,51.0,,CONSTANT,0
2026/09/01 23:26:17,42155358,01,TEMP,S50.1
2026/09/01 23:26:17,42155359,OK:01,TEMP,S50.1
2026/09/01 23:26:23,42161440,01,TEMP,S50.2
2026/09/01 23:26:23,42161442,OK:01,TEMP,S50.2
2026/09/01 23:26:27,42165497,01,MON?
2026/09/01 23:26:27,42165499,50.3,,CONSTANT,0
2026/09/01 23:26:29,42167525,01,TEMP,S50.3
2026/09/01 23:26:29,42167527,OK:01,TEMP,S50.3
2026/09/01 23:26:35,42173608,01,TEMP,S50.4
2026/09/01 23:26:35,42173610,OK:01,TEMP,S50.4
2026/09/01 23:26:37,42175635,01,MON?
2026/09/01 23:26:37,42175636,51.3,,CONSTANT,0
2026/09/01 23:26:41,42179692,01,TEMP,S50.5
2026/09/01 23:26:41,42179694,OK:01,TEMP,S50.5
2026/09/01 23:26:47,42185777,01,MON?
2026/09/01 23:26:47,42185779,50.1,,CONSTANT,0
2026/09/01 23:26:47,42185780,01,TEMP,S50.6
2026/09/01 23:26:47,42185782,OK:01,TEMP,S50.6
2026/09/01 23:26:53,42191859,01,TEMP,S50.7
2026/09/01 23:26:53,42191861,OK:01,TEMP,S50.7
2026/09/01 23:26:57,42195916,01,MON?
2026/09/01 23:26:57,42195918,51.5,,CONSTANT,0
2026/09/01 23:26:59,42197944,01,TEMP,S50.8
2026/09/01 23:26:59,42197946,OK:01,TEMP,S50.8
2026/09/01 23:27:06,42204029,01,TEMP,S50.9
2026/09/01 23:27:06,42204031,OK:01,TEMP,S50.9
2026/09/01 23:27:08,42206056,01,MON?
2026/09/01 23:27:08,42206063,50.0,,CONSTANT,0
2026/09/01 23:27:12,42210111,01,TEMP,S51.0
2026/09/01 23:27:12,42210118,OK:01,TEMP,S51.0
2026/09/01 23:27:18,42216195,01,MON?
2026/09/01 23:27:18,42216201,52.0,,CONSTANT,0
2026/09/01 23:27:18,42216203,01,TEMP,S51.1
2026/09/01 23:27:18,42216204,OK:01,TEMP,S51.1
2026/09/01 23:27:23,42221267,01,TEMP,S51.2
2026/09/01 23:27:23,42221268,OK:01,TEMP,S51.2
2026/09/01 23:27:28,42226336,01,MON?
2026/09/01 23:27:28,42226338,50.4,,CONSTANT,0
2026/09/01 23:27:29,42227350,01,TEMP,S51.3
2026/09/01 23:27:29,42227352,OK:01,TEMP,S51.3
2026/09/01 23:27:35,42233433,01,TEMP,S51.4
2026/09/01 23:27:35,42233439,OK:01,TEMP,S51.4
2026/09/01 23:27:38,42236476,01,MON?
2026/09/01 23:27:38,42236483,52.3,,CONSTANT,0
2026/09/01 23:27:41,42239518,01,TEMP,S51.5
2026/09/01 23:27:41,42239519,OK:01,TEMP,S51.5
2026/09/01 23:27:47,42245602,01,TEMP,S51.6
2026/09/01 23:27:47,42245604,OK:01,TEMP,S51.6
2026/09/01 23:27:48,42246616,01,MON?
2026/09/01 23:27:48,42246618,51.5,,CONSTANT,0
2026/09/01 23:27:53,42251685,01,TEMP,S51.7
2026/09/01 23:27:53,42251687,OK:01,TEMP,S51.7
2026/09/01 23:27:58,42256756,01,MON?
2026/09/01 23:27:58,42256758,52.2,,CONSTANT,0
2026/09/01 23:27:59,42257770,01,TEMP,S51.8
2026/09/01 23:27:59,42257772,OK:01,TEMP,S51.8
2026/09/01 23:28:05,42263854,01,TEMP,S51.9
2026/09/01 23:28:05,42263856,OK:01,TEMP,S51.9
2026/09/01 23:28:08,42266896,01,MON?
2026/09/01 23:28:08,42266897,51.6,,CONSTANT,0
2026/09/01 23:28:11,42269937,01,TEMP,S52.0
2026/09/01 23:28:11,42269938,OK:01,TEMP,S52.0
2026/09/01 23:28:18,42276022,01,TEMP,S52.1
2026/09/01 23:28:18,42276024,OK:01,TEMP,S52.1
2026/09/01 23:28:19,42277036,01,MON?
2026/09/01 23:28:19,42277038,52.1,,CONSTANT,0
2026/09/01 23:28:24,42282106,01,TEMP,S52.2
2026/09/01 23:28:24,42282108,OK:01,TEMP,S52.2
2026/09/01 23:28:29,42287177,01,MON?
2026/09/01 23:28:29,42287184,51.6,,CONSTANT,0
2026/09/01 23:28:30,42288190,01,TEMP,S52.3
2026/09/01 23:28:30,42288192,OK:01,TEMP,S52.3
2026/09/01 23:28:36,42294275,01,TEMP,S52.4
2026/09/01 23:28:36,42294283,OK:01,TEMP,S52.4
2026/09/01 23:28:39,42297317,01,MON?
2026/09/01 23:28:39,42297323,53.3,,CONSTANT,0
2026/09/01 23:28:41,42299344,01,TEMP,S52.5
2026/09/01 23:28:41,42299346,OK:01,TEMP,S52.5
2026/09/01 23:28:47,42305430,01,TEMP,S52.6
2026/09/01 23:28:47,42305431,OK:01,TEMP,S52.6
2026/09/01 23:28:49,42307457,01,MON?
2026/09/01 23:28:49,42307459,51.6,,CONSTANT,0
2026/09/01 23:28:53,42311513,01,TEMP,S52.7
2026/09/01 23:28:53,42311514,OK:01,TEMP,S52.7
2026/09/01 23:28:59,42317596,01,MON?
2026/09/01 23:28:59,42317598,53.2,,CONSTANT,0
2026/09/01 23:28:59,42317599,01,TEMP,S52.8
2026/09/01 23:28:59,42317605,OK:01,TEMP,S52.8
2026/09/01 23:29:05,42323682,01,TEMP,S52.9
2026/09/01 23:29:05,42323684,OK:01,TEMP,S52.9
2026/09/01 23:29:09,42327736,01,MON?
2026/09/01 23:29:09,42327738,52.7,,CONSTANT,0
2026/09/01 23:29:11,42329764,01,TEMP,S53.0
2026/09/01 23:29:11,42329766,OK:01,TEMP,S53.0
2026/09/01 23:29:17,42335849,01,TEMP,S53.1
2026/09/01 23:29:17,42335851,OK:01,TEMP,S53.1
2026/09/01 23:29:19,42337876,01,MON?
2026/09/01 23:29:19,42337878,54.0,,CONSTANT,0
2026/09/01 23:29:23,42341933,01,TEMP,S53.2
2026/09/01 23:29:23,42341934,OK:01,TEMP,S53.2
2026/09/01 23:29:30,42348016,01,MON?
2026/09/01 23:29:30,42348018,53.0,,CONSTANT,0
2026/09/01 23:29:30,42348019,01,TEMP,S53.3
2026/09/01 23:29:30,42348020,OK:01,TEMP,S53.3
2026/09/01 23:29:36,42354100,01,TEMP,S53.4
2026/09/01 23:29:36,42354107,OK:01,TEMP,S53.4
2026/09/01 23:29:40,42358158,01,MON?
2026/09/01 23:29:40,42358165,52.5,,CONSTANT,0
2026/09/01 23:29:42,42360186,01,TEMP,S53.5
2026/09/01 23:29:42,42360193,OK:01,TEMP,S53.5
2026/09/01 23:29:48,42366269,01,TEMP,S53.6
2026/09/01 23:29:48,42366270,OK:01,TEMP,S53.6
2026/09/01 23:29:50,42368296,01,MON?
2026/09/01 23:29:50,42368303,53.0,,CONSTANT,0
2026/09/01 23:29:54,42372352,01,TEMP,S53.7
2026/09/01 23:29:54,42372359,OK:01,TEMP,S53.7
2026/09/01 23:29:59,42377423,01,TEMP,S53.8
2026/09/01 23:29:59,42377430,OK:01,TEMP,S53.8
2026/09/01 23:30:00,42378437,01,MON?
2026/09/01 23:30:00,42378439,54.2,,CONSTANT,0
2026/09/01 23:30:05,42383507,01,TEMP,S53.9
2026/09/01 23:30:05,42383514,OK:01,TEMP,S53.9
2026/09/01 23:30:10,42388576,01,MON?
2026/09/01 23:30:10,42388578,54.1,,CONSTANT,0
2026/09/01 23:30:11,42389590,01,TEMP,S54.0
2026/09/01 23:30:11,42389592,OK:01,TEMP,S54.0
2026/09/01 23:30:17,42395675,01,TEMP,S54.1
2026/09/01 23:30:17,42395676,OK:01,TEMP,S54.1
2026/09/01 23:30:20,42398717,01,MON?
2026/09/01 23:30:20,42398717,54.3,,CONSTANT,0
2026/09/01 23:30:23,42401759,01,TEMP,S54.2
2026/09/01 23:30:23,42401761,OK:01,TEMP,S54.2
2026/09/01 23:30:29,42407842,01,TEMP,S54.3
2026/09/01 23:30:29,42407843,OK:01,TEMP,S54.3
2026/09/01 23:30:30,42408856,01,MON?
2026/09/01 23:30:30,42408858,54.1,,CONSTANT,0
2026/09/01 23:30:35,42413927,01,TEMP,S54.4
2026/09/01 23:30:35,42413929,OK:01,TEMP,S54.4
2026/09/01 23:30:41,42418997,01,MON?
2026/09/01 23:30:41,42418999,54.9,,CONSTANT,0
2026/09/01 23:30:42,42420011,01,TEMP,S54.5
2026/09/01 23:30:42,42420013,OK:01,TEMP,S54.5
2026/09/01 23:30:48,42426094,01,TEMP,S54.6
2026/09/01 23:30:48,42426101,OK:01,TEMP,S54.6
2026/09/01 23:30:51,42429137,01,MON?
2026/09/01 23:30:51,42429144,55.4,,CONSTANT,0
2026/09/01 23:30:54,42432179,01,TEMP,S54.7
2026/09/01 23:30:54,42432181,OK:01,TEMP,S54.7
2026/09/01 23:31:00,42438263,01,TEMP,S54.8
2026/09/01 23:31:00,42438270,OK:01,TEMP,S54.8
2026/09/01 23:31:01,42439277,01,MON?
2026/09/01 23:31:01,42439279,55.2,,CONSTANT,0
2026/09/01 23:31:06,42444347,01,TEMP,S54.9
2026/09/01 23:31:06,42444349,OK:01,TEMP,S54.9
2026/09/01 23:31:11,42449417,01,MON?
2026/09/01 23:31:11,42449420,55.6,,CONSTANT,0
2026/09/01 23:31:11,42449420,01,TEMP,S55.0
2026/09/01 23:31:11,42449421,OK:01,TEMP,S55.0
2026/09/01 23:31:17,42455502,01,TEMP,S55.1
2026/09/01 23:31:17,42455504,OK:01,TEMP,S55.1
2026/09/01 23:31:21,42459557,01,MON?
2026/09/01 23:31:21,42459559,54.4,,CONSTANT,0
2026/09/01 23:31:23,42461586,01,TEMP,S55.2
2026/09/01 23:31:23,42461588,OK:01,TEMP,S55.2
2026/09/01 23:31:29,42467670,01,TEMP,S55.3
2026/09/01 23:31:29,42467672,OK:01,TEMP,S55.3
2026/09/01 23:31:31,42469697,01,MON?
2026/09/01 23:31:31,42469699,55.9,,CONSTANT,0
2026/09/01 23:31:35,42473754,01,TEMP,S55.4
2026/09/01 23:31:35,42473756,OK:01,TEMP,S55.4
2026/09/01 23:31:41,42479838,01,MON?
2026/09/01 23:31:41,42479840,55.7,,CONSTANT,0
2026/09/01 23:31:41,42479841,01,TEMP,S55.5
2026/09/01 23:31:41,42479842,OK:01,TEMP,S55.5
2026/09/01 23:31:47,42485921,01,TEMP,S55.6
2026/09/01 23:31:47,42485923,OK:01,TEMP,S55.6
2026/09/01 23:31:51,42489978,01,MON?
2026/09/01 23:31:51,42489980,55.5,,CONSTANT,0
2026/09/01 23:31:54,42492006,01,TEMP,S55.7
2026/09/01 23:31:54,42492008,OK:01,TEMP,S55.7
2026/09/01 23:32:00,42498091,01,TEMP,S55.8
2026/09/01 23:32:00,42498098,OK:01,TEMP,S55.8
2026/09/01 23:32:02,42500119,01,MON?
2026/09/01 23:32:02,42500126,54.8,,CONSTANT,0
2026/09/01 23:32:06,42504173,01,TEMP,S55.9
2026/09/01 23:32:06,42504180,OK:01,TEMP,S55.9
2026/09/01 23:32:12,42510257,01,MON?
2026/09/01 23:32:12,42510259,55.2,,CONSTANT,0
2026/09/01 23:32:12,42510260,01,TEMP,S56.0
2026/09/01 23:32:12,42510261,OK:01,TEMP,S56.0
2026/09/01 23:32:18,42516343,01,TEMP,S56.1
2026/09/01 23:32:18,42516344,OK:01,TEMP,S56.1
2026/09/01 23:32:22,42520398,01,MON?
2026/09/01 23:32:22,42520404,56.2,,CONSTANT,0
2026/09/01 23:32:23,42521413,01,TEMP,S56.2
2026/09/01 23:32:23,42521416,OK:01,TEMP,S56.2
2026/09/01 23:32:29,42527495,01,TEMP,S56.3
2026/09/01 23:32:29,42527502,OK:01,TEMP,S56.3
2026/09/01 23:32:32,42530537,01,MON?
2026/09/01 23:32:32,42530539,55.9,,CONSTANT,0
2026/09/01 23:32:35,42533581,01,TEMP,S56.4
2026/09/01 23:32:35,42533582,OK:01,TEMP,S56.4
2026/09/01 23:32:41,42539664,01,TEMP,S56.5
2026/09/01 23:32:41,42539665,OK:01,TEMP,S56.5
2026/09/01 23:32:42,42540678,01,MON?
2026/09/01 23:32:42,42540680,56.6,,CONSTANT,0
2026/09/01 23:32:47,42545747,01,TEMP,S56.6
2026/09/01 23:32:47,42545749,OK:01,TEMP,S56.6
2026/09/01 23:32:52,42550818,01,MON?
2026/09/01 23:32:52,42550819,56.9,,CONSTANT,0
2026/09/01 23:32:53,42551832,01,TEMP,S56.7
2026/09/01 23:32:53,42551833,OK:01,TEMP,S56.7
2026/09/01 23:32:59,42557916,01,TEMP,S56.8
2026/09/01 23:32:59,42557918,OK:01,TEMP,S56.8
2026/09/01 23:33:02,42560958,01,MON?
2026/09/01 23:33:02,42560959,57.3,,CONSTANT,0
2026/09/01 23:33:06,42563999,01,TEMP,S56.9
2026/09/01 23:33:06,42564001,OK:01,TEMP,S56.9
2026/09/01 23:33:12,42570084,01,TEMP,S57.0
2026/09/01 23:33:12,42570091,OK:01,TEMP,S57.0
2026/09/01 23:33:13,42571098,01,MON?
2026/09/01 23:33:13,42571100,58.0,,CONSTANT,0
2026/09/01 23:33:18,42576168,01,TEMP,S57.1
2026/09/01 23:33:18,42576169,OK:01,TEMP,S57.1
2026/09/01 23:33:23,42581238,01,MON?
2026/09/01 23:33:23,42581240,57.6,,CONSTANT,0
2026/09/01 23:33:24,42582252,01,TEMP,S57.2
2026/09/01 23:33:24,42582254,OK:01,TEMP,S57.2
2026/09/01 23:33:30,42588336,01,TEMP,S57.3
2026/09/01 23:33:30,42588343,OK:01,TEMP,S57.3
2026/09/01 23:33:33,42591378,01,MON?
2026/09/01 23:33:33,42591385,58.2,,CONSTANT,0
2026/09/01 23:33:36,42594420,01,TEMP,S57.4
2026/09/01 23:33:36,42594422,OK:01,TEMP,S57.4
2026/09/01 23:33:41,42599491,01,TEMP,S57.5
2026/09/01 23:33:41,42599498,OK:01,TEMP,S57.5
2026/09/01 23:33:43,42601518,01,MON?
2026/09/01 23:33:43,42601520,56.8,,CONSTANT,0
2026/09/01 23:33:47,42605575,01,TEMP,S57.6
2026/09/01 23:33:47,42605576,OK:01,TEMP,S57.6
2026/09/01 23:33:53,42611658,01,MON?
2026/09/01 23:33:53,42611659,57.5,,CONSTANT,0
2026/09/01 23:33:53,42611665,01,TEMP,S57.7
2026/09/01 23:33:53,42611666,OK:01,TEMP,S57.7
2026/09/01 23:33:59,42617743,01,TEMP,S57.8
2026/09/01 23:33:59,42617744,OK:01,TEMP,S57.8
2026/09/01 23:34:03,42621800,01,MON?
2026/09/01 23:34:03,42621802,58.1,,CONSTANT,0
2026/09/01 23:34:05,42623827,01,TEMP,S57.9
2026/09/01 23:34:05,42623829,OK:01,TEMP,S57.9
2026/09/01 23:34:11,42629910,01,TEMP,S58.0
2026/09/01 23:34:11,42629912,OK:01,TEMP,S58.0
2026/09/01 23:34:13,42631939,01,MON?
2026/09/01 23:34:13,42631940,58.3,,CONSTANT,0
2026/09/01 23:34:18,42635995,01,TEMP,S58.1
2026/09/01 23:34:18,42635997,OK:01,TEMP,S58.1
2026/09/01 23:34:24,42642078,01,MON?
2026/09/01 23:34:24,42642085,57.9,,CONSTANT,0
2026/09/01 23:34:24,42642087,01,TEMP,S58.2
2026/09/01 23:34:24,42642088,OK:01,TEMP,S58.2
2026/09/01 23:34:30,42648163,01,TEMP,S58.3
2026/09/01 23:34:30,42648176,OK:01,TEMP,S58.3
2026/09/01 23:34:34,42652218,01,MON?
2026/09/01 23:34:34,42652225,59.2,,CONSTANT,0
2026/09/01 23:34:36,42654247,01,TEMP,S58.4
2026/09/01 23:34:36,42654251,OK:01,TEMP,S58.4
2026/09/01 23:34:42,42660332,01,TEMP,S58.5
2026/09/01 23:34:42,42660334,OK:01,TEMP,S58.5
2026/09/01 23:34:44,42662358,01,MON?
2026/09/01 23:34:44,42662365,58.1,,CONSTANT,0
2026/09/01 23:34:48,42666415,01,TEMP,S58.6
2026/09/01 23:34:48,42666426,OK:01,TEMP,S58.6
2026/09/01 23:34:53,42671485,01,TEMP,S58.7
2026/09/01 23:34:53,42671492,OK:01,TEMP,S58.7
2026/09/01 23:34:54,42672500,01,MON?
2026/09/01 23:34:54,42672501,58.0,,CONSTANT,0
2026/09/01 23:34:59,42677570,01,TEMP,S58.8
2026/09/01 23:34:59,42677571,OK:01,TEMP,S58.8
2026/09/01 23:35:04,42682639,01,MON?
2026/09/01 23:35:04,42682641,58.4,,CONSTANT,0
2026/09/01 23:35:05,42683653,01,TEMP,S58.9
2026/09/01 23:35:05,42683655,OK:01,TEMP,S58.9
2026/09/01 23:35:11,42689738,01,TEMP,S59.0
2026/09/01 23:35:11,42689740,OK:01,TEMP,S59.0
2026/09/01 23:35:14,42692779,01,MON?
2026/09/01 23:35:14,42692781,59.2,,CONSTANT,0
2026/09/01 23:35:17,42695821,01,TEMP,S59.1
2026/09/01 23:35:17,42695823,OK:01,TEMP,S59.1
2026/09/01 23:35:23,42701904,01,TEMP,S59.2
2026/09/01 23:35:23,42701906,OK:01,TEMP,S59.2
2026/09/01 23:35:24,42702918,01,MON?
2026/09/01 23:35:24,42702920,58.7,,CONSTANT,0
2026/09/01 23:35:30,42707989,01,TEMP,S59.3
2026/09/01 23:35:30,42707991,OK:01,TEMP,S59.3
2026/09/01 23:35:35,42713059,01,MON?
2026/09/01 23:35:35,42713066,60.2,,CONSTANT,0
2026/09/01 23:35:36,42714073,01,TEMP,S59.4
2026/09/01 23:35:36,42714075,OK:01,TEMP,S59.4
2026/09/01 23:35:42,42720157,01,TEMP,S59.5
2026/09/01 23:35:42,42720164,OK:01,TEMP,S59.5
2026/09/01 23:35:45,42723198,01,MON?
2026/09/01 23:35:45,42723205,59.7,,CONSTANT,0
2026/09/01 23:35:48,42726241,01,TEMP,S59.6
2026/09/01 23:35:48,42726243,OK:01,TEMP,S59.6
2026/09/01 23:35:54,42732325,01,TEMP,S59.7
2026/09/01 23:35:54,42732332,OK:01,TEMP,S59.7
2026/09/01 23:35:55,42733339,01,MON?
2026/09/01 23:35:55,42733340,59.8,,CONSTANT,0
2026/09/01 23:36:00,42738409,01,TEMP,S59.8
2026/09/01 23:36:00,42738411,OK:01,TEMP,S59.8
2026/09/01 23:36:05,42743479,01,MON?
2026/09/01 23:36:05,42743486,59.4,,CONSTANT,0
2026/09/01 23:36:06,42744493,01,TEMP,S59.9
2026/09/01 23:36:06,42744495,OK:01,TEMP,S59.9
2026/09/01 23:36:11,42749563,01,TEMP,S60.0
2026/09/01 23:36:11,42749570,OK:01,TEMP,S60.0
2026/09/01 23:36:15,42753620,01,MON?
2026/09/01 23:36:15,42753622,60.7,,CONSTANT,0
2026/09/01 23:36:17,42755648,01,TEMP,S60.1
2026/09/01 23:36:17,42755650,OK:01,TEMP,S60.1
2026/09/01 23:36:23,42761732,01,TEMP,S60.2
2026/09/01 23:36:23,42761734,OK:01,TEMP,S60.2
2026/09/01 23:36:25,42763759,01,MON?
2026/09/01 23:36:25,42763760,60.4,,CONSTANT,0
2026/09/01 23:36:29,42767816,01,TEMP,S60.3
2026/09/01 23:36:29,42767818,OK:01,TEMP,S60.3
2026/09/01 23:36:35,42773900,01,MON?
2026/09/01 23:36:35,42773901,60.9,,CONSTANT,0
2026/09/01 23:36:35,42773903,01,TEMP,S60.4
2026/09/01 23:36:35,42773904,OK:01,TEMP,S60.4
2026/09/01 23:36:41,42779983,01,TEMP,S60.5
2026/09/01 23:36:42,42779985,OK:01,TEMP,S60.5
2026/09/01 23:36:46,42784039,01,MON?
2026/09/01 23:36:46,42784041,60.1,,CONSTANT,0
2026/09/01 23:36:48,42786067,01,TEMP,S60.6
2026/09/01 23:36:48,42786073,OK:01,TEMP,S60.6
2026/09/01 23:36:54,42792152,01,TEMP,S60.7
2026/09/01 23:36:54,42792159,OK:01,TEMP,S60.7
2026/09/01 23:36:56,42794179,01,MON?
2026/09/01 23:36:56,42794181,61.5,,CONSTANT,0
2026/09/01 23:37:00,42798237,01,TEMP,S60.8
2026/09/01 23:37:00,42798247,OK:01,TEMP,S60.8
2026/09/01 23:37:06,42804320,01,MON?
2026/09/01 23:37:06,42804327,60.6,,CONSTANT,0
2026/09/01 23:37:06,42804329,01,TEMP,S60.9
2026/09/01 23:37:06,42804330,OK:01,TEMP,S60.9
2026/09/01 23:37:12,42810404,01,TEMP,S61.0
2026/09/01 23:37:12,42810411,OK:01,TEMP,S61.0
2026/09/01 23:37:16,42814460,01,MON?
2026/09/01 23:37:16,42814464,60.2,,CONSTANT,0
2026/09/01 23:37:18,42816489,01,TEMP,S61.1
2026/09/01 23:37:18,42816496,OK:01,TEMP,S61.1
2026/09/01 23:37:23,42821558,01,TEMP,S61.2
2026/09/01 23:37:23,42821560,OK:01,TEMP,S61.2
2026/09/01 23:37:26,42824599,01,MON?
2026/09/01 23:37:26,42824601,62.0,,CONSTANT,0
2026/09/01 23:37:29,42827641,01,TEMP,S61.3
2026/09/01 23:37:29,42827643,OK:01,TEMP,S61.3
2026/09/01 23:37:35,42833727,01,TEMP,S61.4
2026/09/01 23:37:35,42833729,OK:01,TEMP,S61.4
2026/09/01 23:37:36,42834740,01,MON?
2026/09/01 23:37:36,42834742,62.0,,CONSTANT,0
2026/09/01 23:37:41,42839810,01,TEMP,S61.5
2026/09/01 23:37:41,42839811,OK:01,TEMP,S61.5
2026/09/01 23:37:46,42844880,01,MON?
2026/09/01 23:37:46,42844882,61.2,,CONSTANT,0
2026/09/01 23:37:47,42845893,01,TEMP,S61.6
2026/09/01 23:37:47,42845895,OK:01,TEMP,S61.6
2026/09/01 23:37:53,42851978,01,TEMP,S61.7
2026/09/01 23:37:53,42851980,OK:01,TEMP,S61.7
2026/09/01 23:37:57,42855020,01,MON?
2026/09/01 23:37:57,42855021,61.8,,CONSTANT,0
2026/09/01 23:38:00,42858062,01,TEMP,S61.8
2026/09/01 23:38:00,42858064,OK:01,TEMP,S61.8
2026/09/01 23:38:06,42864145,01,TEMP,S61.9
2026/09/01 23:38:06,42864147,OK:01,TEMP,S61.9
2026/09/01 23:38:07,42865160,01,MON?
2026/09/01 23:38:07,42865162,62.5,,CONSTANT,0
2026/09/01 23:38:12,42870230,01,TEMP,S62.0
2026/09/01 23:38:12,42870231,OK:01,TEMP,S62.0
2026/09/01 23:38:17,42875300,01,MON?
2026/09/01 23:38:17,42875307,61.5,,CONSTANT,0
2026/09/01 23:38:18,42876314,01,TEMP,S62.1
2026/09/01 23:38:18,42876315,OK:01,TEMP,S62.1
2026/09/01 23:38:24,42882398,01,TEMP,S62.2
2026/09/01 23:38:24,42882406,OK:01,TEMP,S62.2
2026/09/01 23:38:27,42885440,01,MON?
2026/09/01 23:38:27,42885450,63.1,,CONSTANT,0
2026/09/01 23:38:30,42888482,01,TEMP,S62.3
2026/09/01 23:38:30,42888483,OK:01,TEMP,S62.3
2026/09/01 23:38:36,42894566,01,TEMP,S62.4
2026/09/01 23:38:36,42894568,OK:01,TEMP,S62.4
2026/09/01 23:38:37,42895580,01,MON?
2026/09/01 23:38:37,42895582,63.3,,CONSTANT,0
2026/09/01 23:38:41,42899636,01,TEMP,S62.5
2026/09/01 23:38:41,42899638,OK:01,TEMP,S62.5
2026/09/01 23:38:47,42905720,01,MON?
2026/09/01 23:38:47,42905722,63.4,,CONSTANT,0
2026/09/01 23:38:47,42905727,01,TEMP,S62.6
2026/09/01 23:38:47,42905729,OK:01,TEMP,S62.6
2026/09/01 23:38:53,42911805,01,TEMP,S62.7
2026/09/01 23:38:53,42911807,OK:01,TEMP,S62.7
2026/09/01 23:38:57,42915861,01,MON?
2026/09/01 23:38:57,42915863,62.7,,CONSTANT,0
2026/09/01 23:38:59,42917889,01,TEMP,S62.8
2026/09/01 23:38:59,42917891,OK:01,TEMP,S62.8
2026/09/01 23:39:05,42923972,01,TEMP,S62.9
2026/09/01 23:39:05,42923974,OK:01,TEMP,S62.9
2026/09/01 23:39:08,42926000,01,MON?
2026/09/01 23:39:08,42926001,62.5,,CONSTANT,0
2026/09/01 23:39:12,42930057,01,TEMP,S63.0
2026/09/01 23:39:12,42930059,OK:01,TEMP,S63.0
2026/09/01 23:39:18,42936142,01,MON?
2026/09/01 23:39:18,42936149,63.0,,CONSTANT,0
2026/09/01 23:39:18,42936151,01,TEMP,S63.1
2026/09/01 23:39:18,42936152,OK:01,TEMP,S63.1
2026/09/01 23:39:24,42942224,01,TEMP,S63.2
2026/09/01 23:39:24,42942226,OK:01,TEMP,S63.2
2026/09/01 23:39:28,42946281,01,MON?
2026/09/01 23:39:28,42946288,63.2,,CONSTANT,0
2026/09/01 23:39:30,42948309,01,TEMP,S63.3
2026/09/01 23:39:30,42948311,OK:01,TEMP,S63.3
2026/09/01 23:39:36,42954393,01,TEMP,S63.4
2026/09/01 23:39:36,42954396,OK:01,TEMP,S63.4
2026/09/01 23:39:38,42956421,01,MON?
2026/09/01 23:39:38,42956428,62.7,,CONSTANT,0
2026/09/01 23:39:42,42960477,01,TEMP,S63.5
2026/09/01 23:39:42,42960479,OK:01,TEMP,S63.5
2026/09/01 23:39:48,42966560,01,MON?
2026/09/01 23:39:48,42966562,64.5,,CONSTANT,0
2026/09/01 23:39:48,42966563,01,TEMP,S63.6
2026/09/01 23:39:48,42966565,OK:01,TEMP,S63.6
2026/09/01 23:39:53,42971632,01,TEMP,S63.7
2026/09/01 23:39:53,42971634,OK:01,TEMP,S63.7
2026/09/01 23:39:58,42976700,01,MON?
2026/09/01 23:39:58,42976702,63.0,,CONSTANT,0
2026/09/01 23:39:59,42977714,01,TEMP,S63.8
2026/09/01 23:39:59,42977716,OK:01,TEMP,S63.8
2026/09/01 23:40:05,42983798,01,TEMP,S63.9
2026/09/01 23:40:05,42983800,OK:01,TEMP,S63.9
2026/09/01 23:40:08,42986841,01,MON?
2026/09/01 23:40:08,42986842,64.6,,CONSTANT,0
2026/09/01 23:40:11,42989883,01,TEMP,S64.0
2026/09/01 23:40:11,42989884,OK:01,TEMP,S64.0
2026/09/01 23:40:17,42995967,01,TEMP,S64.1
2026/09/01 23:40:17,42995969,OK:01,TEMP,S64.1
2026/09/01 23:40:18,42996980,01,MON?
2026/09/01 23:40:18,42996981,65.0,,CONSTANT,0
2026/09/01 23:40:24,43002051,01,TEMP,S64.2
2026/09/01 23:40:24,43002053,OK:01,TEMP,S64.2
2026/09/01 23:40:29,43007121,01,MON?
2026/09/01 23:40:29,43007128,63.8,,CONSTANT,0
2026/09/01 23:40:30,43008135,01,TEMP,S64.3
2026/09/01 23:40:30,43008137,OK:01,TEMP,S64.3
2026/09/01 23:40:36,43014219,01,TEMP,S64.4
2026/09/01 23:40:36,43014226,OK:01,TEMP,S64.4
2026/09/01 23:40:39,43017260,01,MON?
2026/09/01 23:40:39,43017267,64.0,,CONSTANT,0
2026/09/01 23:40:42,43020302,01,TEMP,S64.5
2026/09/01 23:40:42,43020304,OK:01,TEMP,S64.5
2026/09/01 23:40:48,43026387,01,TEMP,S64.6
2026/09/01 23:40:48,43026393,OK:01,TEMP,S64.6
2026/09/01 23:40:49,43027401,01,MON?
2026/09/01 23:40:49,43027403,64.2,,CONSTANT,0
2026/09/01 23:40:54,43032471,01,TEMP,S64.7
2026/09/01 23:40:54,43032472,OK:01,TEMP,S64.7
2026/09/01 23:40:59,43037540,01,MON?
2026/09/01 23:40:59,43037547,64.4,,CONSTANT,0
2026/09/01 23:41:00,43038554,01,TEMP,S64.8
2026/09/01 23:41:00,43038555,OK:01,TEMP,S64.8
2026/09/01 23:41:05,43043625,01,TEMP,S64.9
2026/09/01 23:41:05,43043626,OK:01,TEMP,S64.9
2026/09/01 23:41:09,43047681,01,MON?
2026/09/01 23:41:09,43047683,64.3,,CONSTANT,0
2026/09/01 23:41:11,43049709,01,TEMP,S65.0
2026/09/01 23:41:11,43049711,OK:01,TEMP,S65.0
2026/09/01 23:41:17,43055792,01,TEMP,S65.1
2026/09/01 23:41:17,43055794,OK:01,TEMP,S65.1
2026/09/01 23:41:19,43057821,01,MON?
2026/09/01 23:41:19,43057823,64.5,,CONSTANT,0
2026/09/01 23:41:23,43061877,01,TEMP,S65.2
2026/09/01 23:41:23,43061879,OK:01,TEMP,S65.2
2026/09/01 23:41:29,43067962,01,MON?
2026/09/01 23:41:29,43067963,65.5,,CONSTANT,0
2026/09/01 23:41:29,43067964,01,TEMP,S65.3
2026/09/01 23:41:29,43067964,OK:01,TEMP,S65.3
2026/09/01 23:41:36,43074045,01,TEMP,S65.4
2026/09/01 23:41:36,43074047,OK:01,TEMP,S65.4
2026/09/01 23:41:40,43078102,01,MON?
2026/09/01 23:41:40,43078109,65.9,,CONSTANT,0
2026/09/01 23:41:42,43080129,01,TEMP,S65.5
2026/09/01 23:41:42,43080131,OK:01,TEMP,S65.5
2026/09/01 23:41:48,43086214,01,TEMP,S65.6
2026/09/01 23:41:48,43086221,OK:01,TEMP,S65.6
2026/09/01 23:41:50,43088241,01,MON?
2026/09/01 23:41:50,43088248,66.0,,CONSTANT,0
2026/09/01 23:41:54,43092298,01,TEMP,S65.7
2026/09/01 23:41:54,43092300,OK:01,TEMP,S65.7
2026/09/01 23:42:00,43098381,01,MON?
2026/09/01 23:42:00,43098389,65.1,,CONSTANT,0
2026/09/01 23:42:00,43098390,01,TEMP,S65.8
2026/09/01 23:42:00,43098392,OK:01,TEMP,S65.8
2026/09/01 23:42:06,43104465,01,TEMP,S65.9
2026/09/01 23:42:06,43104467,OK:01,TEMP,S65.9
2026/09/01 23:42:10,43108522,01,MON?
2026/09/01 23:42:10,43108529,66.6,,CONSTANT,0
2026/09/01 23:42:12,43110551,01,TEMP,S66.0
2026/09/01 23:42:12,43110552,OK:01,TEMP,S66.0
2026/09/01 23:42:18,43116633,01,TEMP,S66.1
2026/09/01 23:42:18,43116640,OK:01,TEMP,S66.1
2026/09/01 23:42:20,43118662,01,MON?
2026/09/01 23:42:20,43118669,65.5,,CONSTANT,0
2026/09/01 23:42:23,43121703,01,TEMP,S66.2
2026/09/01 23:42:23,43121705,OK:01,TEMP,S66.2
2026/09/01 23:42:29,43127789,01,TEMP,S66.3
2026/09/01 23:42:29,43127791,OK:01,TEMP,S66.3
2026/09/01 23:42:30,43128803,01,MON?
2026/09/01 23:42:30,43128804,67.1,,CONSTANT,0
2026/09/01 23:42:35,43133872,01,TEMP,S66.4
2026/09/01 23:42:35,43133874,OK:01,TEMP,S66.4
2026/09/01 23:42:40,43138942,01,MON?
2026/09/01 23:42:40,43138944,67.2,,CONSTANT,0
2026/09/01 23:42:41,43139956,01,TEMP,S66.5
2026/09/01 23:42:41,43139958,OK:01,TEMP,S66.5
2026/09/01 23:42:48,43146041,01,TEMP,S66.6
2026/09/01 23:42:48,43146043,OK:01,TEMP,S66.6
2026/09/01 23:42:51,43149083,01,MON?
2026/09/01 23:42:51,43149090,65.9,,CONSTANT,0
2026/09/01 23:42:54,43152124,01,TEMP,S66.7
2026/09/01 23:42:54,43152126,OK:01,TEMP,S66.7
2026/09/01 23:43:00,43158207,01,TEMP,S66.8
2026/09/01 23:43:00,43158214,OK:01,TEMP,S66.8
2026/09/01 23:43:01,43159221,01,MON?
2026/09/01 23:43:01,43159222,67.6,,CONSTANT,0
2026/09/01 23:43:06,43164292,01,TEMP,S66.9
2026/09/01 23:43:06,43164294,OK:01,TEMP,S66.9
2026/09/01 23:43:11,43169362,01,MON?
2026/09/01 23:43:11,43169369,66.7,,CONSTANT,0
2026/09/01 23:43:12,43170376,01,TEMP,S67.0
2026/09/01 23:43:12,43170378,OK:01,TEMP,S67.0
2026/09/01 23:43:18,43176459,01,TEMP,S67.1
2026/09/01 23:43:18,43176466,OK:01,TEMP,S67.1
2026/09/01 23:43:21,43179502,01,MON?
2026/09/01 23:43:21,43179503,67.7,,CONSTANT,0
2026/09/01 23:43:24,43182544,01,TEMP,S67.2
2026/09/01 23:43:24,43182546,OK:01,TEMP,S67.2
2026/09/01 23:43:30,43188628,01,TEMP,S67.3
2026/09/01 23:43:30,43188635,OK:01,TEMP,S67.3
2026/09/01 23:43:31,43189642,01,MON?
2026/09/01 23:43:31,43189644,66.8,,CONSTANT,0
2026/09/01 23:43:35,43193697,01,TEMP,S67.4
2026/09/01 23:43:35,43193698,OK:01,TEMP,S67.4
2026/09/01 23:43:41,43199782,01,MON?
2026/09/01 23:43:41,43199784,67.9,,CONSTANT,0
2026/09/01 23:43:41,43199785,01,TEMP,S67.5
2026/09/01 23:43:41,43199786,OK:01,TEMP,S67.5
2026/09/01 23:43:47,43205866,01,TEMP,S67.6
2026/09/01 23:43:47,43205868,OK:01,TEMP,S67.6
2026/09/01 23:43:51,43209922,01,MON?
2026/09/01 23:43:51,43209924,68.4,,CONSTANT,0
2026/09/01 23:43:53,43211950,01,TEMP,S67.7
2026/09/01 23:43:53,43211951,OK:01,TEMP,S67.7
2026/09/01 23:44:00,43218034,01,TEMP,S67.8
2026/09/01 23:44:00,43218036,OK:01,TEMP,S67.8
2026/09/01 23:44:02,43220062,01,MON?
2026/09/01 23:44:02,43220069,68.4,,CONSTANT,0
2026/09/01 23:44:06,43224118,01,TEMP,S67.9
2026/09/01 23:44:06,43224120,OK:01,TEMP,S67.9
2026/09/01 23:44:12,43230202,01,MON?
2026/09/01 23:44:12,43230209,68.6,,CONSTANT,0
2026/09/01 23:44:12,43230210,01,TEMP,S68.0
2026/09/01 23:44:12,43230212,OK:01,TEMP,S68.0
2026/09/01 23:44:18,43236287,01,TEMP,S68.1
2026/09/01 23:44:18,43236288,OK:01,TEMP,S68.1
2026/09/01 23:44:22,43240343,01,MON?
2026/09/01 23:44:22,43240344,68.8,,CONSTANT,0
2026/09/01 23:44:24,43242371,01,TEMP,S68.2
2026/09/01 23:44:24,43242373,OK:01,TEMP,S68.2
2026/09/01 23:44:30,43248454,01,TEMP,S68.3
2026/09/01 23:44:30,43248462,OK:01,TEMP,S68.3
2026/09/01 23:44:32,43250484,01,MON?
2026/09/01 23:44:32,43250491,67.6,,CONSTANT,0
2026/09/01 23:44:36,43254538,01,TEMP,S68.4
2026/09/01 23:44:36,43254540,OK:01,TEMP,S68.4
2026/09/01 23:44:42,43260623,01,MON?
2026/09/01 23:44:42,43260623,68.4,,CONSTANT,0
2026/09/01 23:44:42,43260624,01,TEMP,S68.5
2026/09/01 23:44:42,43260624,OK:01,TEMP,S68.5
2026/09/01 23:44:48,43266708,01,TEMP,S68.6
2026/09/01 23:44:48,43266710,OK:01,TEMP,S68.6
2026/09/01 23:44:52,43270763,01,MON?
2026/09/01 23:44:52,43270765,69.0,,CONSTANT,0
2026/09/01 23:44:53,43271777,01,TEMP,S68.7
2026/09/01 23:44:53,43271779,OK:01,TEMP,S68.7
2026/09/01 23:44:59,43277860,01,TEMP,S68.8
2026/09/01 23:44:59,43277861,OK:01,TEMP,S68.8
2026/09/01 23:45:02,43280902,01,MON?
2026/09/01 23:45:02,43280904,68.0,,CONSTANT,0
2026/09/01 23:45:05,43283944,01,TEMP,S68.9
2026/09/01 23:45:05,43283946,OK:01,TEMP,S68.9
2026/09/01 23:45:12,43290030,01,TEMP,S69.0
2026/09/01 23:45:12,43290032,OK:01,TEMP,S69.0
2026/09/01 23:45:13,43291044,01,MON?
2026/09/01 23:45:13,43291046,68.3,,CONSTANT,0
2026/09/01 23:45:18,43296112,01,TEMP,S69.1
2026/09/01 23:45:18,43296118,OK:01,TEMP,S69.1
2026/09/01 23:45:23,43301183,01,MON?
2026/09/01 23:45:23,43301185,69.4,,CONSTANT,0
2026/09/01 23:45:24,43302197,01,TEMP,S69.2
2026/09/01 23:45:24,43302199,OK:01,TEMP,S69.2
2026/09/01 23:45:30,43308281,01,TEMP,S69.3
2026/09/01 23:45:30,43308288,OK:01,TEMP,S69.3
2026/09/01 23:45:33,43311322,01,MON?
2026/09/01 23:45:33,43311323,70.2,,CONSTANT,0
2026/09/01 23:45:36,43314364,01,TEMP,S69.4
2026/09/01 23:45:36,43314365,OK:01,TEMP,S69.4
2026/09/01 23:45:42,43320449,01,TEMP,S69.5
2026/09/01 23:45:42,43320449,OK:01,TEMP,S69.5
2026/09/01 23:45:43,43321463,01,MON?
2026/09/01 23:45:43,43321465,68.5,,CONSTANT,0
2026/09/01 23:45:48,43326533,01,TEMP,S69.6
2026/09/01 23:45:48,43326535,OK:01,TEMP,S69.6
2026/09/01 23:45:53,43331602,01,MON?
2026/09/01 23:45:53,43331604,69.8,,CONSTANT,0
2026/09/01 23:45:54,43332616,01,TEMP,S69.7
2026/09/01 23:45:54,43332618,OK:01,TEMP,S69.7
2026/09/01 23:46:00,43338701,01,TEMP,S69.8
2026/09/01 23:46:00,43338703,OK:01,TEMP,S69.8
2026/09/01 23:46:03,43341743,01,MON?
2026/09/01 23:46:03,43341745,70.6,,CONSTANT,0
2026/09/01 23:46:05,43343771,01,TEMP,S69.9
2026/09/01 23:46:05,43343772,OK:01,TEMP,S69.9
2026/09/01 23:46:11,43349855,01,TEMP,S70.0
2026/09/01 23:46:11,43349857,OK:01,TEMP,S70.0
2026/09/01 23:46:13,43351882,01,MON?
2026/09/01 23:46:13,43351884,69.5,,CONSTANT,0
2026/09/01 23:46:17,43355939,01,TEMP,S70.1
2026/09/01 23:46:17,43355941,OK:01,TEMP,S70.1
2026/09/01 23:46:24,43362023,01,MON?
2026/09/01 23:46:24,43362024,70.9,,CONSTANT,0
2026/09/01 23:46:24,43362026,01,TEMP,S70.2
2026/09/01 23:46:24,43362027,OK:01,TEMP,S70.2
2026/09/01 23:46:30,43368107,01,TEMP,S70.3
2026/09/01 23:46:30,43368109,OK:01,TEMP,S70.3
2026/09/01 23:46:34,43372163,01,MON?
2026/09/01 23:46:34,43372170,69.4,,CONSTANT,0
2026/09/01 23:46:36,43374191,01,TEMP,S70.4
2026/09/01 23:46:36,43374193,OK:01,TEMP,S70.4
2026/09/01 23:46:42,43380275,01,TEMP,S70.5
2026/09/01 23:46:42,43380283,OK:01,TEMP,S70.5
2026/09/01 23:46:44,43382303,01,MON?
2026/09/01 23:46:44,43382310,71.4,,CONSTANT,0
2026/09/01 23:46:48,43386359,01,TEMP,S70.6
2026/09/01 23:46:48,43386361,OK:01,TEMP,S70.6
2026/09/01 23:46:54,43392444,01,MON?
2026/09/01 23:46:54,43392451,70.5,,CONSTANT,0
2026/09/01 23:46:54,43392453,01,TEMP,S70.7
2026/09/01 23:46:54,43392454,OK:01,TEMP,S70.7
2026/09/01 23:47:00,43398528,01,TEMP,S70.8
2026/09/01 23:47:00,43398530,OK:01,TEMP,S70.8
2026/09/01 23:47:04,43402584,01,MON?
2026/09/01 23:47:04,43402586,70.9,,CONSTANT,0
2026/09/01 23:47:06,43404611,01,TEMP,S70.9
2026/09/01 23:47:06,43404613,OK:01,TEMP,S70.9
2026/09/01 23:47:12,43410695,01,TEMP,S71.0
2026/09/01 23:47:12,43410702,OK:01,TEMP,S71.0
2026/09/01 23:47:14,43412724,01,MON?
2026/09/01 23:47:14,43412726,71.9,,CONSTANT,0
2026/09/01 23:47:18,43416780,01,TEMP,S71.1
2026/09/01 23:47:18,43416782,OK:01,TEMP,S71.1
2026/09/01 23:47:23,43421849,01,TEMP,S71.2
2026/09/01 23:47:23,43421856,OK:01,TEMP,S71.2
2026/09/01 23:47:24,43422864,01,MON?
2026/09/01 23:47:24,43422866,71.4,,CONSTANT,0
2026/09/01 23:47:29,43427934,01,TEMP,S71.3
2026/09/01 23:47:29,43427936,OK:01,TEMP,S71.3
2026/09/01 23:47:35,43433004,01,MON?
2026/09/01 23:47:35,43433006,70.5,,CONSTANT,0
2026/09/01 23:47:36,43434018,01,TEMP,S71.4
2026/09/01 23:47:36,43434019,OK:01,TEMP,S71.4
2026/09/01 23:47:42,43440101,01,TEMP,S71.5
2026/09/01 23:47:42,43440107,OK:01,TEMP,S71.5
2026/09/01 23:47:45,43443144,01,MON?
2026/09/01 23:47:45,43443152,72.2,,CONSTANT,0
2026/09/01 23:47:48,43446186,01,TEMP,S71.6
2026/09/01 23:47:48,43446188,OK:01,TEMP,S71.6
2026/09/01 23:47:54,43452270,01,TEMP,S71.7
2026/09/01 23:47:54,43452277,OK:01,TEMP,S71.7
2026/09/01 23:47:55,43453284,01,MON?
2026/09/01 23:47:55,43453286,72.5,,CONSTANT,0
2026/09/01 23:48:00,43458353,01,TEMP,S71.8
2026/09/01 23:48:00,43458355,OK:01,TEMP,S71.8
2026/09/01 23:48:05,43463425,01,MON?
2026/09/01 23:48:05,43463432,72.3,,CONSTANT,0
2026/09/01 23:48:06,43464438,01,TEMP,S71.9
2026/09/01 23:48:06,43464438,OK:01,TEMP,S71.9
2026/09/01 23:48:12,43470521,01,TEMP,S72.0
2026/09/01 23:48:12,43470528,OK:01,TEMP,S72.0
2026/09/01 23:48:15,43473563,01,MON?
2026/09/01 23:48:15,43473565,71.7,,CONSTANT,0
2026/09/01 23:48:18,43476606,01,TEMP,S72.1
2026/09/01 23:48:18,43476607,OK:01,TEMP,S72.1
2026/09/01 23:48:24,43482690,01,TEMP,S72.2
2026/09/01 23:48:24,43482692,OK:01,TEMP,S72.2
2026/09/01 23:48:25,43483704,01,MON?
2026/09/01 23:48:25,43483705,73.2,,CONSTANT,0
2026/09/01 23:48:30,43488773,01,TEMP,S72.3
2026/09/01 23:48:30,43488775,OK:01,TEMP,S72.3
2026/09/01 23:48:35,43493844,01,MON?
2026/09/01 23:48:35,43493846,71.9,,CONSTANT,0
2026/09/01 23:48:35,43493847,01,TEMP,S72.4
2026/09/01 23:48:35,43493849,OK:01,TEMP,S72.4
2026/09/01 23:48:41,43499928,01,TEMP,S72.5
2026/09/01 23:48:41,43499930,OK:01,TEMP,S72.5
2026/09/01 23:48:46,43503984,01,MON?
2026/09/01 23:48:46,43503984,73.4,,CONSTANT,0
2026/09/01 23:48:48,43506012,01,TEMP,S72.6
2026/09/01 23:48:48,43506014,OK:01,TEMP,S72.6
2026/09/01 23:48:54,43512096,01,TEMP,S72.7
2026/09/01 23:48:54,43512104,OK:01,TEMP,S72.7
2026/09/01 23:48:56,43514124,01,MON?
2026/09/01 23:48:56,43514131,72.7,,CONSTANT,0
2026/09/01 23:49:00,43518180,01,TEMP,S72.8
2026/09/01 23:49:00,43518181,OK:01,TEMP,S72.8
2026/09/01 23:49:06,43524264,01,MON?
2026/09/01 23:49:06,43524267,73.5,,CONSTANT,0
2026/09/01 23:49:06,43524268,01,TEMP,S72.9
2026/09/01 23:49:06,43524268,OK:01,TEMP,S72.9
2026/09/01 23:49:12,43530348,01,TEMP,S73.0
2026/09/01 23:49:12,43530348,OK:01,TEMP,S73.0
2026/09/01 23:49:16,43534404,01,MON?
2026/09/01 23:49:16,43534410,73.8,,CONSTANT,0
2026/09/01 23:49:18,43536432,01,TEMP,S73.1
2026/09/01 23:49:18,43536434,OK:01,TEMP,S73.1
2026/09/01 23:49:24,43542517,01,TEMP,S73.2
2026/09/01 23:49:24,43542523,OK:01,TEMP,S73.2
2026/09/01 23:49:26,43544545,01,MON?
2026/09/01 23:49:26,43544546,73.7,,CONSTANT,0
2026/09/01 23:49:30,43548601,01,TEMP,S73.3
2026/09/01 23:49:30,43548603,OK:01,TEMP,S73.3
2026/09/01 23:49:36,43554684,01,MON?
2026/09/01 23:49:36,43554686,73.9,,CONSTANT,0
2026/09/01 23:49:36,43554687,01,TEMP,S73.4
2026/09/01 23:49:36,43554688,OK:01,TEMP,S73.4
2026/09/01 23:49:42,43560768,01,TEMP,S73.5
2026/09/01 23:49:42,43560770,OK:01,TEMP,S73.5
2026/09/01 23:49:46,43564826,01,MON?
2026/09/01 23:49:46,43564828,73.6,,CONSTANT,0
2026/09/01 23:49:48,43566853,01,TEMP,S73.6
2026/09/01 23:49:48,43566855,OK:01,TEMP,S73.6
2026/09/01 23:49:53,43571923,01,TEMP,S73.7
2026/09/01 23:49:53,43571928,OK:01,TEMP,S73.7
2026/09/01 23:49:56,43574965,01,MON?
2026/09/01 23:49:56,43574967,72.8,,CONSTANT,0
2026/09/01 23:50:00,43578007,01,TEMP,S73.8
2026/09/01 23:50:00,43578009,OK:01,TEMP,S73.8
2026/09/01 23:50:06,43584092,01,TEMP,S73.9
2026/09/01 23:50:06,43584098,OK:01,TEMP,S73.9
2026/09/01 23:50:07,43585105,01,MON?
2026/09/01 23:50:07,43585107,74.6,,CONSTANT,0
2026/09/01 23:50:12,43590174,01,TEMP,S74.0
2026/09/01 23:50:12,43590174,OK:01,TEMP,S74.0
2026/09/01 23:50:17,43595245,01,MON?
2026/09/01 23:50:17,43595251,74.8,,CONSTANT,0
2026/09/01 23:50:18,43596258,01,TEMP,S74.1
2026/09/01 23:50:18,43596260,OK:01,TEMP,S74.1
2026/09/01 23:50:24,43602343,01,TEMP,S74.2
2026/09/01 23:50:24,43602344,OK:01,TEMP,S74.2
2026/09/01 23:50:27,43605385,01,MON?
2026/09/01 23:50:27,43605392,73.8,,CONSTANT,0
2026/09/01 23:50:30,43608430,01,TEMP,S74.3
2026/09/01 23:50:30,43608432,OK:01,TEMP,S74.3
2026/09/01 23:50:36,43614510,01,TEMP,S74.4
2026/09/01 23:50:36,43614516,OK:01,TEMP,S74.4
2026/09/01 23:50:37,43615525,01,MON?
2026/09/01 23:50:37,43615525,74.9,,CONSTANT,0
2026/09/01 23:50:42,43620596,01,TEMP,S74.5
2026/09/01 23:50:42,43620597,OK:01,TEMP,S74.5
2026/09/01 23:50:47,43625665,01,MON?
2026/09/01 23:50:47,43625667,75.4,,CONSTANT,0
2026/09/01 23:50:48,43626678,01,TEMP,S74.6
2026/09/01 23:50:48,43626680,OK:01,TEMP,S74.6
2026/09/01 23:50:54,43632762,01,TEMP,S74.7
2026/09/01 23:50:54,43632764,OK:01,TEMP,S74.7
2026/09/01 23:50:57,43635805,01,MON?
2026/09/01 23:50:57,43635807,75.1,,CONSTANT,0
2026/09/01 23:51:00,43638847,01,TEMP,S74.8
2026/09/01 23:51:00,43638848,OK:01,TEMP,S74.8
2026/09/01 23:51:05,43643917,01,TEMP,S74.9
2026/09/01 23:51:05,43643919,OK:01,TEMP,S74.9
2026/09/01 23:51:07,43645945,01,MON?
2026/09/01 23:51:07,43645947,74.1,,CONSTANT,0
2026/09/01 23:51:12,43650000,01,TEMP,S75.0
2026/09/01 23:51:12,43650002,OK:01,TEMP,S75.0
2026/09/01 23:51:18,43656085,01,MON?
2026/09/01 23:51:18,43656093,75.1,,CONSTANT,0
2026/09/01 23:51:18,43656095,01,TEMP,S75.1
2026/09/01 23:51:18,43656096,OK:01,TEMP,S75.1
2026/09/01 23:51:24,43662169,01,TEMP,S75.2
2026/09/01 23:51:24,43662171,OK:01,TEMP,S75.2
2026/09/01 23:51:28,43666224,01,MON?
2026/09/01 23:51:28,43666230,74.8,,CONSTANT,0
2026/09/01 23:51:30,43668252,01,TEMP,S75.3
2026/09/01 23:51:30,43668258,OK:01,TEMP,S75.3
2026/09/01 23:51:36,43674337,01,TEMP,S75.4
2026/09/01 23:51:36,43674339,OK:01,TEMP,S75.4
2026/09/01 23:51:38,43676365,01,MON?
2026/09/01 23:51:38,43676367,75.7,,CONSTANT,0
2026/09/01 23:51:42,43680421,01,TEMP,S75.5
2026/09/01 23:51:42,43680428,OK:01,TEMP,S75.5
2026/09/01 23:51:48,43686505,01,MON?
2026/09/01 23:51:48,43686508,75.6,,CONSTANT,0
2026/09/01 23:51:48,43686509,01,TEMP,S75.6
2026/09/01 23:51:48,43686510,OK:01,TEMP,S75.6
2026/09/01 23:51:54,43692590,01,TEMP,S75.7
2026/09/01 23:51:54,43692592,OK:01,TEMP,S75.7
2026/09/01 23:51:58,43696646,01,MON?
2026/09/01 23:51:58,43696648,76.3,,CONSTANT,0
2026/09/01 23:52:00,43698674,01,TEMP,S75.8
2026/09/01 23:52:00,43698675,OK:01,TEMP,S75.8
2026/09/01 23:52:06,43704759,01,TEMP,S75.9
2026/09/01 23:52:06,43704767,OK:01,TEMP,S75.9
2026/09/01 23:52:08,43706786,01,MON?
2026/09/01 23:52:08,43706788,76.0,,CONSTANT,0
2026/09/01 23:52:12,43710842,01,TEMP,S76.0
2026/09/01 23:52:12,43710844,OK:01,TEMP,S76.0
2026/09/01 23:52:18,43716926,01,MON?
2026/09/01 23:52:18,43716932,75.4,,CONSTANT,0
2026/09/01 23:52:18,43716934,01,TEMP,S76.1
2026/09/01 23:52:18,43716935,OK:01,TEMP,S76.1
2026/09/01 23:52:24,43721996,01,TEMP,S76.2
2026/09/01 23:52:24,43721998,OK:01,TEMP,S76.2
2026/09/01 23:52:29,43727066,01,MON?
2026/09/01 23:52:29,43727073,76.2,,CONSTANT,0
2026/09/01 23:52:30,43728079,01,TEMP,S76.3
2026/09/01 23:52:30,43728080,OK:01,TEMP,S76.3
2026/09/01 23:52:36,43734164,01,TEMP,S76.4
2026/09/01 23:52:36,43734171,OK:01,TEMP,S76.4
2026/09/01 23:52:39,43737205,01,MON?
2026/09/01 23:52:39,43737210,76.9,,CONSTANT,0
2026/09/01 23:52:42,43740248,01,TEMP,S76.5
2026/09/01 23:52:42,43740250,OK:01,TEMP,S76.5
2026/09/01 23:52:48,43746332,01,TEMP,S76.6
2026/09/01 23:52:48,43746339,OK:01,TEMP,S76.6
2026/09/01 23:52:49,43747346,01,MON?
2026/09/01 23:52:49,43747348,76.0,,CONSTANT,0
2026/09/01 23:52:54,43752416,01,TEMP,S76.7
2026/09/01 23:52:54,43752418,OK:01,TEMP,S76.7
2026/09/01 23:52:59,43757487,01,MON?
2026/09/01 23:52:59,43757493,76.7,,CONSTANT,0
2026/09/01 23:53:00,43758501,01,TEMP,S76.8
2026/09/01 23:53:00,43758503,OK:01,TEMP,S76.8
2026/09/01 23:53:06,43764583,01,TEMP,S76.9
2026/09/01 23:53:06,43764590,OK:01,TEMP,S76.9
2026/09/01 23:53:09,43767625,01,MON?
2026/09/01 23:53:09,43767627,77.7,,CONSTANT,0
2026/09/01 23:53:12,43770667,01,TEMP,S77.0
2026/09/01 23:53:12,43770668,OK:01,TEMP,S77.0
2026/09/01 23:53:18,43776752,01,TEMP,S77.1
2026/09/01 23:53:18,43776758,OK:01,TEMP,S77.1
2026/09/01 23:53:19,43777767,01,MON?
2026/09/01 23:53:19,43777768,77.4,,CONSTANT,0
2026/09/01 23:53:24,43782836,01,TEMP,S77.2
2026/09/01 23:53:24,43782837,OK:01,TEMP,S77.2
2026/09/01 23:53:29,43787905,01,MON?
2026/09/01 23:53:29,43787905,77.7,,CONSTANT,0
2026/09/01 23:53:30,43788919,01,TEMP,S77.3
2026/09/01 23:53:30,43788921,OK:01,TEMP,S77.3
2026/09/01 23:53:36,43793990,01,TEMP,S77.4
2026/09/01 23:53:36,43793996,OK:01,TEMP,S77.4
2026/09/01 23:53:40,43798046,01,MON?
2026/09/01 23:53:40,43798049,78.2,,CONSTANT,0
2026/09/01 23:53:42,43800074,01,TEMP,S77.5
2026/09/01 23:53:42,43800080,OK:01,TEMP,S77.5
2026/09/01 23:53:48,43806157,01,TEMP,S77.6
2026/09/01 23:53:48,43806163,OK:01,TEMP,S77.6
2026/09/01 23:53:50,43808185,01,MON?
2026/09/01 23:53:50,43808188,78.3,,CONSTANT,0
2026/09/01 23:53:54,43812242,01,TEMP,S77.7
2026/09/01 23:53:54,43812249,OK:01,TEMP,S77.7
2026/09/01 23:54:00,43818326,01,MON?
2026/09/01 23:54:00,43818333,77.6,,CONSTANT,0
2026/09/01 23:54:00,43818334,01,TEMP,S77.8
2026/09/01 23:54:00,43818336,OK:01,TEMP,S77.8
2026/09/01 23:54:06,43824409,01,TEMP,S77.9
2026/09/01 23:54:06,43824416,OK:01,TEMP,S77.9
2026/09/01 23:54:10,43828466,01,MON?
2026/09/01 23:54:10,43828472,77.0,,CONSTANT,0
2026/09/01 23:54:12,43830494,01,TEMP,S78.0
2026/09/01 23:54:12,43830502,OK:01,TEMP,S78.0
2026/09/01 23:54:18,43836578,01,TEMP,S78.1
2026/09/01 23:54:18,43836584,OK:01,TEMP,S78.1
2026/09/01 23:54:20,43838606,01,MON?
2026/09/01 23:54:20,43838608,77.3,,CONSTANT,0
2026/09/01 23:54:24,43842662,01,TEMP,S78.2
2026/09/01 23:54:24,43842664,OK:01,TEMP,S78.2
2026/09/01 23:54:30,43848747,01,MON?
2026/09/01 23:54:30,43848755,77.6,,CONSTANT,0
2026/09/01 23:54:30,43848757,01,TEMP,S78.3
2026/09/01 23:54:30,43848758,OK:01,TEMP,S78.3
2026/09/01 23:54:36,43854831,01,TEMP,S78.4
2026/09/01 23:54:36,43854833,OK:01,TEMP,S78.4
2026/09/01 23:54:40,43858886,01,MON?
2026/09/01 23:54:40,43858888,79.3,,CONSTANT,0
2026/09/01 23:54:42,43860915,01,TEMP,S78.5
2026/09/01 23:54:42,43860917,OK:01,TEMP,S78.5
2026/09/01 23:54:49,43866999,01,TEMP,S78.6
2026/09/01 23:54:49,43867004,OK:01,TEMP,S78.6
2026/09/01 23:54:51,43869027,01,MON?
2026/09/01 23:54:51,43869029,78.7,,CONSTANT,0
2026/09/01 23:54:54,43872069,01,TEMP,S78.7
2026/09/01 23:54:54,43872071,OK:01,TEMP,S78.7
2026/09/01 23:55:00,43878153,01,TEMP,S78.8
2026/09/01 23:55:00,43878158,OK:01,TEMP,S78.8
2026/09/01 23:55:01,43879167,01,MON?
2026/09/01 23:55:01,43879169,78.9,,CONSTANT,0
2026/09/01 23:55:06,43884237,01,TEMP,S78.9
2026/09/01 23:55:06,43884239,OK:01,TEMP,S78.9
2026/09/01 23:55:11,43889307,01,MON?
2026/09/01 23:55:11,43889314,78.7,,CONSTANT,0
2026/09/01 23:55:12,43890320,01,TEMP,S79.0
2026/09/01 23:55:12,43890322,OK:01,TEMP,S79.0
2026/09/01 23:55:18,43896405,01,TEMP,S79.1
2026/09/01 23:55:18,43896412,OK:01,TEMP,S79.1
2026/09/01 23:55:21,43899448,01,MON?
2026/09/01 23:55:21,43899450,78.7,,CONSTANT,0
2026/09/01 23:55:24,43902489,01,TEMP,S79.2
2026/09/01 23:55:24,43902491,OK:01,TEMP,S79.2
2026/09/01 23:55:30,43908573,01,TEMP,S79.3
2026/09/01 23:55:30,43908579,OK:01,TEMP,S79.3
2026/09/01 23:55:31,43909586,01,MON?
2026/09/01 23:55:31,43909588,78.9,,CONSTANT,0
2026/09/01 23:55:36,43914658,01,TEMP,S79.4
2026/09/01 23:55:36,43914660,OK:01,TEMP,S79.4
2026/09/01 23:55:41,43919728,01,MON?
2026/09/01 23:55:41,43919729,79.8,,CONSTANT,0
2026/09/01 23:55:42,43920742,01,TEMP,S79.5
2026/09/01 23:55:42,43920742,OK:01,TEMP,S79.5
2026/09/01 23:55:48,43926824,01,TEMP,S79.6
2026/09/01 23:55:48,43926828,OK:01,TEMP,S79.6
2026/09/01 23:55:51,43929867,01,MON?
2026/09/01 23:55:51,43929869,79.9,,CONSTANT,0
2026/09/01 23:55:54,43932909,01,TEMP,S79.7
2026/09/01 23:55:54,43932911,OK:01,TEMP,S79.7
2026/09/01 23:56:01,43938993,01,TEMP,S79.8
2026/09/01 23:56:01,43939000,OK:01,TEMP,S79.8
2026/09/01 23:56:02,43940007,01,MON?
2026/09/01 23:56:02,43940009,80.1,,CONSTANT,0
2026/09/01 23:56:06,43944062,01,TEMP,S79.9
2026/09/01 23:56:06,43944069,OK:01,TEMP,S79.9
2026/09/01 23:56:12,43950147,01,MON?
2026/09/01 23:56:12,43950147,79.5,,CONSTANT,0
2026/09/01 23:56:12,43950148,01,TEMP,S80.0
2026/09/01 23:56:12,43950149,OK:01,TEMP,S80.0
2026/09/01 23:56:15,43953189,ÇoÇbÇ…ÇÊÇÈÅBÉâÉìÉvâ^ì]èIóπ
2026/09/01 23:56:15,43953196,01,TEMP,S80.0
2026/09/01 23:56:15,43953197,OK:01,TEMP,S80.0
2026/09/01 23:56:22,43960882,01,MON?
2026/09/01 23:56:22,43960884,80.0,,CONSTANT,0
2026/09/01 23:56:33,43971023,01,MON?
2026/09/01 23:56:33,43971024,79.9,,CONSTANT,0
2026/09/01 23:56:43,43981162,01,MON?
2026/09/01 23:56:43,43981164,79.4,,CONSTANT,0
2026/09/01 23:56:53,43991303,01,MON?
2026/09/01 23:56:53,43991304,80.7,,CONSTANT,0
2026/09/01 23:57:03,44001443,01,MON?
2026/09/01 23:57:03,44001445,80.0,,CONSTANT,0
2026/09/01 23:57:13,44011581,01,MON?
2026/09/01 23:57:13,44011582,79.3,,CONSTANT,0
2026/09/01 23:57:14,44012598,01,TEMP,S80.0
2026/09/01 23:57:14,44012599,OK:01,TEMP,S80.0
2026/09/01 23:57:14,44012600,01,MODE,CONSTANT
2026/09/01 23:57:14,44012601,OK:01,MODE,CONSTANT
2026/09/01 23:57:14,44012601,01,SET,REF1
2026/09/01 23:57:14,44012602,OK:01,SET,REF1
2026/09/01 23:57:23,44021720,01,MON?
2026/09/01 23:57:23,44021722,80.2,,CONSTANT,0
2026/09/01 23:57:33,44031860,01,MON?
2026/09/01 23:57:33,44031862,80.6,,CONSTANT,0
2026/09/01 23:57:44,44042001,01,MON?
2026/09/01 23:57:44,44042003,79.1,,CONSTANT,0
2026/09/01 23:57:54,44052140,01,MON?
2026/09/01 23:57:54,44052146,80.9,,CONSTANT,0
2026/09/01 23:58:04,44062281,01,MON?
2026/09/01 23:58:04,44062288,80.8,,CONSTANT,0
2026/09/01 23:58:14,44072421,01,MON?
2026/09/01 23:58:14,44072428,80.8,,CONSTANT,0
2026/09/01 23:58:24,44082560,01,MON?
2026/09/01 23:58:24,44082566,80.3,,CONSTANT,0
2026/09/01 23:58:34,44092702,01,MON?
2026/09/01 23:58:34,44092704,80.3,,CONSTANT,0
2026/09/01 23:58:44,44102841,01,MON?
2026/09/01 23:58:44,44102843,79.2,,CONSTANT,0
2026/09/01 23:58:54,44112981,01,MON?
2026/09/01 23:58:54,44112983,81.0,,CONSTANT,0
2026/09/01 23:59:05,44123120,01,MON?
2026/09/01 23:59:05,44123122,79.7,,CONSTANT,0
2026/09/01 23:59:15,44133261,01,MON?
2026/09/01 23:59:15,44133263,80.4,,CONSTANT,0
2026/09/01 23:59:25,44143401,01,MON?
2026/09/01 23:59:25,44143403,79.5,,CONSTANT,0
2026/09/01 23:59:35,44153541,01,MON?
2026/09/01 23:59:35,44153543,79.9,,CONSTANT,0
2026/09/01 23:59:45,44163681,01,MON?
2026/09/01 23:59:45,44163683,79.6,,CONSTANT,0
2026/09/01 23:59:55,44173820,01,MON?
2026/09/01 23:59:55,44173822,80.5,,CONSTANT,0
