2026/09/01 21:00:04,33382779,01,MON?
2026/09/01 21:00:04,33382826,35.0,,CONSTANT,0
2026/09/01 21:00:05,33383794,01,TEMP,S35.9
2026/09/01 21:00:05,33383796,OK:01,TEMP,S35.9
2026/09/01 21:00:11,33389879,01,TEMP,S36.0
2026/09/01 21:00:11,33389881,OK:01,TEMP,S36.0
2026/09/01 21:00:14,33392920,01,MON?
2026/09/01 21:00:14,33392922,35.9,,CONSTANT,0
2026/09/01 21:00:17,33395962,01,TEMP,S36.1
2026/09/01 21:00:17,33395968,OK:01,TEMP,S36.1
2026/09/01 21:00:24,33402045,01,TEMP,S36.2
2026/09/01 21:00:24,33402047,OK:01,TEMP,S36.2
2026/09/01 21:00:25,33403059,01,MON?
2026/09/01 21:00:25,33403061,37.1,,CONSTANT,0
2026/09/01 21:00:29,33407116,01,TEMP,S36.3
2026/09/01 21:00:29,33407122,OK:01,TEMP,S36.3
2026/09/01 21:00:35,33413201,01,MON?
2026/09/01 21:00:35,33413203,36.0,,CONSTANT,0
2026/09/01 21:00:35,33413204,01,TEMP,S36.4
2026/09/01 21:00:35,33413206,OK:01,TEMP,S36.4
2026/09/01 21:00:41,33419284,01,TEMP,S36.5
2026/09/01 21:00:41,33419286,OK:01,TEMP,S36.5
2026/09/01 21:00:45,33423340,01,MON?
2026/09/01 21:00:45,33423346,36.2,,CONSTANT,0
2026/09/01 21:00:47,33425368,01,TEMP,S36.6
2026/09/01 21:00:47,33425370,OK:01,TEMP,S36.6
2026/09/01 21:00:53,33431452,01,TEMP,S36.7
2026/09/01 21:00:53,33431454,OK:01,TEMP,S36.7
2026/09/01 21:00:55,33433480,01,MON?
2026/09/01 21:00:55,33433482,36.9,,CONSTANT,0
2026/09/01 21:00:59,33437535,01,TEMP,S36.8
2026/09/01 21:00:59,33437537,OK:01,TEMP,S36.8
2026/09/01 21:01:05,33443620,01,MON?
2026/09/01 21:01:05,33443622,36.4,,CONSTANT,0
2026/09/01 21:01:05,33443623,01,TEMP,S36.9
2026/09/01 21:01:05,33443625,OK:01,TEMP,S36.9
2026/09/01 21:01:11,33449704,01,TEMP,S37.0
2026/09/01 21:01:11,33449706,OK:01,TEMP,S37.0
2026/09/01 21:01:15,33453760,01,MON?
2026/09/01 21:01:15,33453762,37.5,,CONSTANT,0
2026/09/01 21:01:17,33455787,01,TEMP,S37.1
2026/09/01 21:01:17,33455789,OK:01,TEMP,S37.1
2026/09/01 21:01:23,33461872,01,TEMP,S37.2
2026/09/01 21:01:23,33461874,OK:01,TEMP,S37.2
2026/09/01 21:01:25,33463900,01,MON?
2026/09/01 21:01:25,33463902,37.7,,CONSTANT,0
2026/09/01 21:01:29,33467956,01,TEMP,S37.3
2026/09/01 21:01:29,33467958,OK:01,TEMP,S37.3
2026/09/01 21:01:36,33474039,01,MON?
2026/09/01 21:01:36,33474041,37.7,,CONSTANT,0
2026/09/01 21:01:36,33474043,01,TEMP,S37.4
2026/09/01 21:01:36,33474044,OK:01,TEMP,S37.4
2026/09/01 21:01:42,33480124,01,TEMP,S37.5
2026/09/01 21:01:42,33480126,OK:01,TEMP,S37.5
2026/09/01 21:01:46,33484180,01,MON?
2026/09/01 21:01:46,33484187,36.9,,CONSTANT,0
2026/09/01 21:01:47,33485194,01,TEMP,S37.6
2026/09/01 21:01:47,33485196,OK:01,TEMP,S37.6
2026/09/01 21:01:53,33491279,01,TEMP,S37.7
2026/09/01 21:01:53,33491281,OK:01,TEMP,S37.7
2026/09/01 21:01:56,33494320,01,MON?
2026/09/01 21:01:56,33494322,37.4,,CONSTANT,0
2026/09/01 21:01:59,33497363,01,TEMP,S37.8
2026/09/01 21:01:59,33497371,OK:01,TEMP,S37.8
2026/09/01 21:02:05,33503446,01,TEMP,S37.9
2026/09/01 21:02:05,33503448,OK:01,TEMP,S37.9
2026/09/01 21:02:06,33504460,01,MON?
2026/09/01 21:02:06,33504462,38.0,,CONSTANT,0
2026/09/01 21:02:11,33509530,01,TEMP,S38.0
2026/09/01 21:02:11,33509536,OK:01,TEMP,S38.0
2026/09/01 21:02:16,33514601,01,MON?
2026/09/01 21:02:16,33514603,38.7,,CONSTANT,0
2026/09/01 21:02:17,33515615,01,TEMP,S38.1
2026/09/01 21:02:17,33515617,OK:01,TEMP,S38.1
2026/09/01 21:02:23,33521699,01,TEMP,S38.2
2026/09/01 21:02:23,33521701,OK:01,TEMP,S38.2
2026/09/01 21:02:26,33524740,01,MON?
2026/09/01 21:02:26,33524742,37.7,,CONSTANT,0
2026/09/01 21:02:29,33527783,01,TEMP,S38.3
2026/09/01 21:02:29,33527789,OK:01,TEMP,S38.3
2026/09/01 21:02:35,33533866,01,TEMP,S38.4
2026/09/01 21:02:35,33533868,OK:01,TEMP,S38.4
2026/09/01 21:02:36,33534881,01,MON?
2026/09/01 21:02:36,33534883,37.6,,CONSTANT,0
2026/09/01 21:02:41,33539950,01,TEMP,S38.5
2026/09/01 21:02:41,33539954,OK:01,TEMP,S38.5
2026/09/01 21:02:47,33545021,01,MON?
2026/09/01 21:02:47,33545023,38.8,,CONSTANT,0
2026/09/01 21:02:48,33546036,01,TEMP,S38.6
2026/09/01 21:02:48,33546038,OK:01,TEMP,S38.6
2026/09/01 21:02:54,33552120,01,TEMP,S38.7
2026/09/01 21:02:54,33552122,OK:01,TEMP,S38.7
2026/09/01 21:02:57,33555160,01,MON?
2026/09/01 21:02:57,33555166,37.9,,CONSTANT,0
2026/09/01 21:02:59,33557188,01,TEMP,S38.8
2026/09/01 21:02:59,33557190,OK:01,TEMP,S38.8
2026/09/01 21:03:05,33563273,01,TEMP,S38.9
2026/09/01 21:03:05,33563275,OK:01,TEMP,S38.9
2026/09/01 21:03:07,33565301,01,MON?
2026/09/01 21:03:07,33565303,39.3,,CONSTANT,0
2026/09/01 21:03:11,33569358,01,TEMP,S39.0
2026/09/01 21:03:11,33569365,OK:01,TEMP,S39.0
2026/09/01 21:03:17,33575441,01,MON?
2026/09/01 21:03:17,33575443,38.9,,CONSTANT,0
2026/09/01 21:03:17,33575444,01,TEMP,S39.1
2026/09/01 21:03:17,33575446,OK:01,TEMP,S39.1
2026/09/01 21:03:23,33581525,01,TEMP,S39.2
2026/09/01 21:03:23,33581527,OK:01,TEMP,S39.2
2026/09/01 21:03:27,33585581,01,MON?
2026/09/01 21:03:27,33585583,38.7,,CONSTANT,0
2026/09/01 21:03:29,33587609,01,TEMP,S39.3
2026/09/01 21:03:29,33587611,OK:01,TEMP,S39.3
2026/09/01 21:03:35,33593692,01,TEMP,S39.4
2026/09/01 21:03:35,33593694,OK:01,TEMP,S39.4
2026/09/01 21:03:37,33595720,01,MON?
2026/09/01 21:03:37,33595722,39.7,,CONSTANT,0
2026/09/01 21:03:41,33599777,01,TEMP,S39.5
2026/09/01 21:03:41,33599779,OK:01,TEMP,S39.5
2026/09/01 21:03:47,33605861,01,MON?
2026/09/01 21:03:47,33605863,38.7,,CONSTANT,0
2026/09/01 21:03:47,33605864,01,TEMP,S39.6
2026/09/01 21:03:47,33605866,OK:01,TEMP,S39.6
2026/09/01 21:03:53,33611944,01,TEMP,S39.7
2026/09/01 21:03:53,33611946,OK:01,TEMP,S39.7
2026/09/01 21:03:58,33616001,01,MON?
2026/09/01 21:03:58,33616003,39.3,,CONSTANT,0
2026/09/01 21:04:00,33618029,01,TEMP,S39.8
2026/09/01 21:04:00,33618036,OK:01,TEMP,S39.8
2026/09/01 21:04:06,33624113,01,TEMP,S39.9
2026/09/01 21:04:06,33624115,OK:01,TEMP,S39.9
2026/09/01 21:04:08,33626141,01,MON?
2026/09/01 21:04:08,33626143,40.7,,CONSTANT,0
2026/09/01 21:04:12,33630197,01,TEMP,S40.0
2026/09/01 21:04:12,33630204,OK:01,TEMP,S40.0
2026/09/01 21:04:17,33635267,01,TEMP,S40.1
2026/09/01 21:04:17,33635269,OK:01,TEMP,S40.1
2026/09/01 21:04:18,33636281,01,MON?
2026/09/01 21:04:18,33636283,40.3,,CONSTANT,0
2026/09/01 21:04:23,33641351,01,TEMP,S40.2
2026/09/01 21:04:23,33641358,OK:01,TEMP,S40.2
2026/09/01 21:04:28,33646421,01,MON?
2026/09/01 21:04:28,33646423,39.4,,CONSTANT,0
2026/09/01 21:04:29,33647436,01,TEMP,S40.3
2026/09/01 21:04:29,33647438,OK:01,TEMP,S40.3
2026/09/01 21:04:35,33653519,01,TEMP,S40.4
2026/09/01 21:04:35,33653521,OK:01,TEMP,S40.4
2026/09/01 21:04:38,33656561,01,MON?
2026/09/01 21:04:38,33656563,39.9,,CONSTANT,0
2026/09/01 21:04:41,33659604,01,TEMP,S40.5
2026/09/01 21:04:41,33659608,OK:01,TEMP,S40.5
2026/09/01 21:04:47,33665687,01,TEMP,S40.6
2026/09/01 21:04:47,33665689,OK:01,TEMP,S40.6
2026/09/01 21:04:48,33666702,01,MON?
2026/09/01 21:04:48,33666704,39.9,,CONSTANT,0
2026/09/01 21:04:53,33671772,01,TEMP,S40.7
2026/09/01 21:04:53,33671779,OK:01,TEMP,S40.7
2026/09/01 21:04:58,33676842,01,MON?
2026/09/01 21:04:58,33676844,40.2,,CONSTANT,0
2026/09/01 21:04:59,33677856,01,TEMP,S40.8
2026/09/01 21:04:59,33677858,OK:01,TEMP,S40.8
2026/09/01 21:05:05,33683939,01,TEMP,S40.9
2026/09/01 21:05:05,33683941,OK:01,TEMP,S40.9
2026/09/01 21:05:08,33686982,01,MON?
2026/09/01 21:05:08,33686982,40.6,,CONSTANT,0
2026/09/01 21:05:12,33690024,01,TEMP,S41.0
2026/09/01 21:05:12,33690031,OK:01,TEMP,S41.0
2026/09/01 21:05:18,33696108,01,TEMP,S41.1
2026/09/01 21:05:18,33696115,OK:01,TEMP,S41.1
2026/09/01 21:05:19,33697121,01,MON?
2026/09/01 21:05:19,33697123,41.0,,CONSTANT,0
2026/09/01 21:05:24,33702191,01,TEMP,S41.2
2026/09/01 21:05:24,33702199,OK:01,TEMP,S41.2
2026/09/01 21:05:29,33707262,01,MON?
2026/09/01 21:05:29,33707269,41.8,,CONSTANT,0
2026/09/01 21:05:29,33707271,01,TEMP,S41.3
2026/09/01 21:05:29,33707272,OK:01,TEMP,S41.3
2026/09/01 21:05:35,33713345,01,TEMP,S41.4
2026/09/01 21:05:35,33713347,OK:01,TEMP,S41.4
2026/09/01 21:05:39,33717402,01,MON?
2026/09/01 21:05:39,33717404,41.3,,CONSTANT,0
2026/09/01 21:05:41,33719430,01,TEMP,S41.5
2026/09/01 21:05:41,33719430,OK:01,TEMP,S41.5
2026/09/01 21:05:47,33725515,01,TEMP,S41.6
2026/09/01 21:05:47,33725517,OK:01,TEMP,S41.6
2026/09/01 21:05:49,33727543,01,MON?
2026/09/01 21:05:49,33727545,42.0,,CONSTANT,0
2026/09/01 21:05:53,33731598,01,TEMP,S41.7
2026/09/01 21:05:53,33731600,OK:01,TEMP,S41.7
2026/09/01 21:05:59,33737681,01,MON?
2026/09/01 21:05:59,33737683,41.0,,CONSTANT,0
2026/09/01 21:05:59,33737684,01,TEMP,S41.8
2026/09/01 21:05:59,33737686,OK:01,TEMP,S41.8
2026/09/01 21:06:05,33743766,01,TEMP,S41.9
2026/09/01 21:06:05,33743767,OK:01,TEMP,S41.9
2026/09/01 21:06:09,33747822,01,MON?
2026/09/01 21:06:09,33747824,41.8,,CONSTANT,0
2026/09/01 21:06:11,33749849,01,TEMP,S42.0
2026/09/01 21:06:11,33749851,OK:01,TEMP,S42.0
2026/09/01 21:06:17,33755934,01,TEMP,S42.1
2026/09/01 21:06:17,33755936,OK:01,TEMP,S42.1
2026/09/01 21:06:19,33757962,01,MON?
2026/09/01 21:06:19,33757964,41.8,,CONSTANT,0
2026/09/01 21:06:24,33762018,01,TEMP,S42.2
2026/09/01 21:06:24,33762020,OK:01,TEMP,S42.2
2026/09/01 21:06:30,33768102,01,MON?
2026/09/01 21:06:30,33768109,43.2,,CONSTANT,0
2026/09/01 21:06:30,33768111,01,TEMP,S42.3
2026/09/01 21:06:30,33768112,OK:01,TEMP,S42.3
2026/09/01 21:06:36,33774186,01,TEMP,S42.4
2026/09/01 21:06:36,33774188,OK:01,TEMP,S42.4
2026/09/01 21:06:40,33778242,01,MON?
2026/09/01 21:06:40,33778249,42.6,,CONSTANT,0
2026/09/01 21:06:42,33780270,01,TEMP,S42.5
2026/09/01 21:06:42,33780272,OK:01,TEMP,S42.5
2026/09/01 21:06:47,33785340,01,TEMP,S42.6
2026/09/01 21:06:47,33785347,OK:01,TEMP,S42.6
2026/09/01 21:06:50,33788382,01,MON?
2026/09/01 21:06:50,33788383,43.0,,CONSTANT,0
2026/09/01 21:06:53,33791424,01,TEMP,S42.7
2026/09/01 21:06:53,33791431,OK:01,TEMP,S42.7
2026/09/01 21:06:59,33797509,01,TEMP,S42.8
2026/09/01 21:06:59,33797510,OK:01,TEMP,S42.8
2026/09/01 21:07:00,33798522,01,MON?
2026/09/01 21:07:00,33798524,43.1,,CONSTANT,0
2026/09/01 21:07:05,33803593,01,TEMP,S42.9
2026/09/01 21:07:05,33803600,OK:01,TEMP,S42.9
2026/09/01 21:07:10,33808664,01,MON?
2026/09/01 21:07:10,33808666,43.6,,CONSTANT,0
2026/09/01 21:07:11,33809677,01,TEMP,S43.0
2026/09/01 21:07:11,33809679,OK:01,TEMP,S43.0
2026/09/01 21:07:17,33815761,01,TEMP,S43.1
2026/09/01 21:07:17,33815763,OK:01,TEMP,S43.1
2026/09/01 21:07:20,33818802,01,MON?
2026/09/01 21:07:20,33818804,43.1,,CONSTANT,0
2026/09/01 21:07:23,33821844,01,TEMP,S43.2
2026/09/01 21:07:23,33821852,OK:01,TEMP,S43.2
2026/09/01 21:07:29,33827929,01,TEMP,S43.3
2026/09/01 21:07:29,33827931,OK:01,TEMP,S43.3
2026/09/01 21:07:30,33828942,01,MON?
2026/09/01 21:07:30,33828944,42.8,,CONSTANT,0
2026/09/01 21:07:36,33834013,01,TEMP,S43.4
2026/09/01 21:07:36,33834020,OK:01,TEMP,S43.4
2026/09/01 21:07:41,33839083,01,MON?
2026/09/01 21:07:41,33839090,42.7,,CONSTANT,0
2026/09/01 21:07:42,33840097,01,TEMP,S43.5
2026/09/01 21:07:42,33840098,OK:01,TEMP,S43.5
2026/09/01 21:07:48,33846181,01,TEMP,S43.6
2026/09/01 21:07:48,33846183,OK:01,TEMP,S43.6
2026/09/01 21:07:51,33849223,01,MON?
2026/09/01 21:07:51,33849230,44.5,,CONSTANT,0
2026/09/01 21:07:54,33852265,01,TEMP,S43.7
2026/09/01 21:07:54,33852271,OK:01,TEMP,S43.7
2026/09/01 21:07:59,33857335,01,TEMP,S43.8
2026/09/01 21:07:59,33857342,OK:01,TEMP,S43.8
2026/09/01 21:08:01,33859363,01,MON?
2026/09/01 21:08:01,33859365,43.4,,CONSTANT,0
2026/09/01 21:08:05,33863420,01,TEMP,S43.9
2026/09/01 21:08:05,33863427,OK:01,TEMP,S43.9
2026/09/01 21:08:11,33869502,01,MON?
2026/09/01 21:08:11,33869504,43.0,,CONSTANT,0
2026/09/01 21:08:11,33869505,01,TEMP,S44.0
2026/09/01 21:08:11,33869507,OK:01,TEMP,S44.0
2026/09/01 21:08:17,33875586,01,TEMP,S44.1
2026/09/01 21:08:17,33875588,OK:01,TEMP,S44.1
2026/09/01 21:08:21,33879643,01,MON?
2026/09/01 21:08:21,33879645,44.4,,CONSTANT,0
2026/09/01 21:08:23,33881671,01,TEMP,S44.2
2026/09/01 21:08:23,33881672,OK:01,TEMP,S44.2
2026/09/01 21:08:29,33887754,01,TEMP,S44.3
2026/09/01 21:08:29,33887755,OK:01,TEMP,S44.3
2026/09/01 21:08:31,33889783,01,MON?
2026/09/01 21:08:31,33889785,45.2,,CONSTANT,0
2026/09/01 21:08:35,33893838,01,TEMP,S44.4
2026/09/01 21:08:35,33893840,OK:01,TEMP,S44.4
2026/09/01 21:08:41,33899923,01,MON?
2026/09/01 21:08:41,33899924,43.7,,CONSTANT,0
2026/09/01 21:08:41,33899926,01,TEMP,S44.5
2026/09/01 21:08:41,33899927,OK:01,TEMP,S44.5
2026/09/01 21:08:48,33906007,01,TEMP,S44.6
2026/09/01 21:08:48,33906009,OK:01,TEMP,S44.6
2026/09/01 21:08:52,33910062,01,MON?
2026/09/01 21:08:52,33910066,44.7,,CONSTANT,0
2026/09/01 21:08:54,33912090,01,TEMP,S44.7
2026/09/01 21:08:54,33912091,OK:01,TEMP,S44.7
2026/09/01 21:09:00,33918175,01,TEMP,S44.8
2026/09/01 21:09:00,33918182,OK:01,TEMP,S44.8
2026/09/01 21:09:02,33920203,01,MON?
2026/09/01 21:09:02,33920209,43.9,,CONSTANT,0
2026/09/01 21:09:06,33924259,01,TEMP,S44.9
2026/09/01 21:09:06,33924263,OK:01,TEMP,S44.9
2026/09/01 21:09:11,33929328,01,TEMP,S45.0
2026/09/01 21:09:11,33929335,OK:01,TEMP,S45.0
2026/09/01 21:09:12,33930343,01,MON?
2026/09/01 21:09:12,33930345,44.2,,CONSTANT,0
2026/09/01 21:09:17,33935413,01,TEMP,S45.1
2026/09/01 21:09:17,33935420,OK:01,TEMP,S45.1
2026/09/01 21:09:22,33940483,01,MON?
2026/09/01 21:09:22,33940485,44.6,,CONSTANT,0
2026/09/01 21:09:23,33941497,01,TEMP,S45.2
2026/09/01 21:09:23,33941499,OK:01,TEMP,S45.2
2026/09/01 21:09:29,33947580,01,TEMP,S45.3
2026/09/01 21:09:29,33947582,OK:01,TEMP,S45.3
2026/09/01 21:09:32,33950623,01,MON?
2026/09/01 21:09:32,33950625,45.6,,CONSTANT,0
2026/09/01 21:09:35,33953665,01,TEMP,S45.4
2026/09/01 21:09:35,33953672,OK:01,TEMP,S45.4
2026/09/01 21:09:41,33959749,01,TEMP,S45.5
2026/09/01 21:09:41,33959751,OK:01,TEMP,S45.5
2026/09/01 21:09:42,33960763,01,MON?
2026/09/01 21:09:42,33960765,45.9,,CONSTANT,0
2026/09/01 21:09:47,33965834,01,TEMP,S45.6
2026/09/01 21:09:47,33965838,OK:01,TEMP,S45.6
2026/09/01 21:09:52,33970903,01,MON?
2026/09/01 21:09:52,33970904,45.0,,CONSTANT,0
2026/09/01 21:09:53,33971917,01,TEMP,S45.7
2026/09/01 21:09:53,33971919,OK:01,TEMP,S45.7
2026/09/01 21:10:00,33978001,01,TEMP,S45.8
2026/09/01 21:10:00,33978002,OK:01,TEMP,S45.8
2026/09/01 21:10:03,33981043,01,MON?
2026/09/01 21:10:03,33981049,46.7,,CONSTANT,0
2026/09/01 21:10:06,33984086,01,TEMP,S45.9
2026/09/01 21:10:06,33984093,OK:01,TEMP,S45.9
2026/09/01 21:10:12,33990169,01,TEMP,S46.0
2026/09/01 21:10:12,33990176,OK:01,TEMP,S46.0
2026/09/01 21:10:13,33991184,01,MON?
2026/09/01 21:10:13,33991186,45.4,,CONSTANT,0
2026/09/01 21:10:18,33996254,01,TEMP,S46.1
2026/09/01 21:10:18,33996262,OK:01,TEMP,S46.1
2026/09/01 21:10:23,34001325,01,MON?
2026/09/01 21:10:23,34001332,47.0,,CONSTANT,0
2026/09/01 21:10:24,34002338,01,TEMP,S46.2
2026/09/01 21:10:24,34002339,OK:01,TEMP,S46.2
2026/09/01 21:10:29,34007408,01,TEMP,S46.3
2026/09/01 21:10:29,34007409,OK:01,TEMP,S46.3
2026/09/01 21:10:33,34011463,01,MON?
2026/09/01 21:10:33,34011465,47.2,,CONSTANT,0
2026/09/01 21:10:35,34013491,01,TEMP,S46.4
2026/09/01 21:10:35,34013498,OK:01,TEMP,S46.4
2026/09/01 21:10:41,34019577,01,TEMP,S46.5
2026/09/01 21:10:41,34019579,OK:01,TEMP,S46.5
2026/09/01 21:10:43,34021605,01,MON?
2026/09/01 21:10:43,34021607,46.8,,CONSTANT,0
2026/09/01 21:10:47,34025659,01,TEMP,S46.6
2026/09/01 21:10:47,34025661,OK:01,TEMP,S46.6
2026/09/01 21:10:53,34031744,01,MON?
2026/09/01 21:10:53,34031746,46.1,,CONSTANT,0
2026/09/01 21:10:53,34031747,01,TEMP,S46.7
2026/09/01 21:10:53,34031748,OK:01,TEMP,S46.7
2026/09/01 21:10:59,34037828,01,TEMP,S46.8
2026/09/01 21:10:59,34037830,OK:01,TEMP,S46.8
2026/09/01 21:11:03,34041885,01,MON?
2026/09/01 21:11:03,34041887,46.2,,CONSTANT,0
2026/09/01 21:11:05,34043912,01,TEMP,S46.9
2026/09/01 21:11:05,34043914,OK:01,TEMP,S46.9
2026/09/01 21:11:12,34049995,01,TEMP,S47.0
2026/09/01 21:11:12,34049997,OK:01,TEMP,S47.0
2026/09/01 21:11:14,34052023,01,MON?
2026/09/01 21:11:14,34052030,47.8,,CONSTANT,0
2026/09/01 21:11:18,34056080,01,TEMP,S47.1
2026/09/01 21:11:18,34056082,OK:01,TEMP,S47.1
2026/09/01 21:11:24,34062164,01,MON?
2026/09/01 21:11:24,34062171,48.0,,CONSTANT,0
2026/09/01 21:11:24,34062173,01,TEMP,S47.2
2026/09/01 21:11:24,34062174,OK:01,TEMP,S47.2
2026/09/01 21:11:30,34068247,01,TEMP,S47.3
2026/09/01 21:11:30,34068249,OK:01,TEMP,S47.3
2026/09/01 21:11:34,34072304,01,MON?
2026/09/01 21:11:34,34072311,47.3,,CONSTANT,0
2026/09/01 21:11:36,34074332,01,TEMP,S47.4
2026/09/01 21:11:36,34074333,OK:01,TEMP,S47.4
2026/09/01 21:11:41,34079402,01,TEMP,S47.5
2026/09/01 21:11:41,34079409,OK:01,TEMP,S47.5
2026/09/01 21:11:44,34082444,01,MON?
2026/09/01 21:11:44,34082446,47.0,,CONSTANT,0
2026/09/01 21:11:47,34085485,01,TEMP,S47.6
2026/09/01 21:11:47,34085487,OK:01,TEMP,S47.6
2026/09/01 21:11:53,34091570,01,TEMP,S47.7
2026/09/01 21:11:53,34091577,OK:01,TEMP,S47.7
2026/09/01 21:11:54,34092584,01,MON?
2026/09/01 21:11:54,34092586,48.6,,CONSTANT,0
2026/09/01 21:11:59,34097654,01,TEMP,S47.8
2026/09/01 21:11:59,34097661,OK:01,TEMP,S47.8
2026/09/01 21:12:04,34102724,01,MON?
2026/09/01 21:12:04,34102725,48.1,,CONSTANT,0
2026/09/01 21:12:05,34103738,01,TEMP,S47.9
2026/09/01 21:12:05,34103745,OK:01,TEMP,S47.9
2026/09/01 21:12:11,34109822,01,TEMP,S48.0
2026/09/01 21:12:11,34109824,OK:01,TEMP,S48.0
2026/09/01 21:12:14,34112865,01,MON?
2026/09/01 21:12:14,34112867,48.7,,CONSTANT,0
2026/09/01 21:12:17,34115907,01,TEMP,S48.1
2026/09/01 21:12:17,34115911,OK:01,TEMP,S48.1
2026/09/01 21:12:24,34121990,01,TEMP,S48.2
2026/09/01 21:12:24,34121992,OK:01,TEMP,S48.2
2026/09/01 21:12:25,34123006,01,MON?
2026/09/01 21:12:25,34123008,47.9,,CONSTANT,0
2026/09/01 21:12:30,34128074,01,TEMP,S48.3
2026/09/01 21:12:30,34128081,OK:01,TEMP,S48.3
2026/09/01 21:12:35,34133144,01,MON?
2026/09/01 21:12:35,34133151,48.3,,CONSTANT,0
2026/09/01 21:12:36,34134159,01,TEMP,S48.4
2026/09/01 21:12:36,34134161,OK:01,TEMP,S48.4
2026/09/01 21:12:42,34140243,01,TEMP,S48.5
2026/09/01 21:12:42,34140245,OK:01,TEMP,S48.5
2026/09/01 21:12:45,34143286,01,MON?
2026/09/01 21:12:45,34143293,47.7,,CONSTANT,0
2026/09/01 21:12:48,34146327,01,TEMP,S48.6
2026/09/01 21:12:48,34146335,OK:01,TEMP,S48.6
2026/09/01 21:12:54,34152411,01,TEMP,S48.7
2026/09/01 21:12:54,34152418,OK:01,TEMP,S48.7
2026/09/01 21:12:55,34153425,01,MON?
2026/09/01 21:12:55,34153427,48.4,,CONSTANT,0
2026/09/01 21:12:59,34157480,01,TEMP,S48.8
2026/09/01 21:12:59,34157485,OK:01,TEMP,S48.8
2026/09/01 21:13:05,34163564,01,MON?
2026/09/01 21:13:05,34163566,48.1,,CONSTANT,0
2026/09/01 21:13:05,34163567,01,TEMP,S48.9
2026/09/01 21:13:05,34163568,OK:01,TEMP,S48.9
2026/09/01 21:13:11,34169649,01,TEMP,S49.0
2026/09/01 21:13:11,34169651,OK:01,TEMP,S49.0
2026/09/01 21:13:15,34173704,01,MON?
2026/09/01 21:13:15,34173705,50.0,,CONSTANT,0
2026/09/01 21:13:17,34175733,01,TEMP,S49.1
2026/09/01 21:13:17,34175735,OK:01,TEMP,S49.1
2026/09/01 21:13:23,34181817,01,TEMP,S49.2
2026/09/01 21:13:23,34181819,OK:01,TEMP,S49.2
2026/09/01 21:13:25,34183845,01,MON?
2026/09/01 21:13:25,34183847,48.2,,CONSTANT,0
2026/09/01 21:13:29,34187900,01,TEMP,S49.3
2026/09/01 21:13:29,34187902,OK:01,TEMP,S49.3
2026/09/01 21:13:36,34193986,01,MON?
2026/09/01 21:13:36,34193987,49.7,,CONSTANT,0
2026/09/01 21:13:36,34193989,01,TEMP,S49.4
2026/09/01 21:13:36,34193990,OK:01,TEMP,S49.4
2026/09/01 21:13:42,34200070,01,TEMP,S49.5
2026/09/01 21:13:42,34200071,OK:01,TEMP,S49.5
2026/09/01 21:13:46,34204124,01,MON?
2026/09/01 21:13:46,34204131,50.3,,CONSTANT,0
2026/09/01 21:13:48,34206152,01,TEMP,S49.6
2026/09/01 21:13:48,34206154,OK:01,TEMP,S49.6
2026/09/01 21:13:54,34212237,01,TEMP,S49.7
2026/09/01 21:13:54,34212239,OK:01,TEMP,S49.7
2026/09/01 21:13:56,34214265,01,MON?
2026/09/01 21:13:56,34214272,49.1,,CONSTANT,0
2026/09/01 21:14:00,34218321,01,TEMP,S49.8
2026/09/01 21:14:00,34218323,OK:01,TEMP,S49.8
2026/09/01 21:14:06,34224404,01,MON?
2026/09/01 21:14:06,34224411,49.4,,CONSTANT,0
2026/09/01 21:14:06,34224413,01,TEMP,S49.9
2026/09/01 21:14:06,34224414,OK:01,TEMP,S49.9
2026/09/01 21:14:11,34229475,01,TEMP,S50.0
2026/09/01 21:14:11,34229477,OK:01,TEMP,S50.0
2026/09/01 21:14:16,34234545,01,MON?
2026/09/01 21:14:16,34234547,50.1,,CONSTANT,0
2026/09/01 21:14:17,34235559,01,TEMP,S50.1
2026/09/01 21:14:17,34235561,OK:01,TEMP,S50.1
2026/09/01 21:14:23,34241643,01,TEMP,S50.2
2026/09/01 21:14:23,34241644,OK:01,TEMP,S50.2
2026/09/01 21:14:26,34244684,01,MON?
2026/09/01 21:14:26,34244686,49.7,,CONSTANT,0
2026/09/01 21:14:29,34247727,01,TEMP,S50.3
2026/09/01 21:14:29,34247734,OK:01,TEMP,S50.3
2026/09/01 21:14:35,34253811,01,TEMP,S50.4
2026/09/01 21:14:35,34253813,OK:01,TEMP,S50.4
2026/09/01 21:14:36,34254825,01,MON?
2026/09/01 21:14:36,34254826,50.6,,CONSTANT,0
2026/09/01 21:14:41,34259895,01,TEMP,S50.5
2026/09/01 21:14:41,34259897,OK:01,TEMP,S50.5
2026/09/01 21:14:46,34264965,01,MON?
2026/09/01 21:14:46,34264967,50.8,,CONSTANT,0
2026/09/01 21:14:47,34265979,01,TEMP,S50.6
2026/09/01 21:14:47,34265981,OK:01,TEMP,S50.6
2026/09/01 21:14:54,34272064,01,TEMP,S50.7
2026/09/01 21:14:54,34272066,OK:01,TEMP,S50.7
2026/09/01 21:14:57,34275105,01,MON?
2026/09/01 21:14:57,34275107,51.1,,CONSTANT,0
2026/09/01 21:15:00,34278147,01,TEMP,S50.8
2026/09/01 21:15:00,34278149,OK:01,TEMP,S50.8
2026/09/01 21:15:06,34284231,01,TEMP,S50.9
2026/09/01 21:15:06,34284233,OK:01,TEMP,S50.9
2026/09/01 21:15:07,34285245,01,MON?
2026/09/01 21:15:07,34285246,51.4,,CONSTANT,0
2026/09/01 21:15:12,34290316,01,TEMP,S51.0
2026/09/01 21:15:12,34290318,OK:01,TEMP,S51.0
2026/09/01 21:15:17,34295386,01,MON?
2026/09/01 21:15:17,34295393,50.1,,CONSTANT,0
2026/09/01 21:15:18,34296399,01,TEMP,S51.1
2026/09/01 21:15:18,34296400,OK:01,TEMP,S51.1
2026/09/01 21:15:24,34302483,01,TEMP,S51.2
2026/09/01 21:15:24,34302485,OK:01,TEMP,S51.2
2026/09/01 21:15:27,34305525,01,MON?
2026/09/01 21:15:27,34305527,50.2,,CONSTANT,0
2026/09/01 21:15:29,34307554,01,TEMP,S51.3
2026/09/01 21:15:29,34307556,OK:01,TEMP,S51.3
2026/09/01 21:15:35,34313637,01,TEMP,S51.4
2026/09/01 21:15:35,34313639,OK:01,TEMP,S51.4
2026/09/01 21:15:37,34315667,01,MON?
2026/09/01 21:15:37,34315667,51.7,,CONSTANT,0
2026/09/01 21:15:41,34319723,01,TEMP,S51.5
2026/09/01 21:15:41,34319725,OK:01,TEMP,S51.5
2026/09/01 21:15:47,34325806,01,MON?
2026/09/01 21:15:47,34325808,51.6,,CONSTANT,0
2026/09/01 21:15:47,34325809,01,TEMP,S51.6
2026/09/01 21:15:47,34325810,OK:01,TEMP,S51.6
2026/09/01 21:15:53,34331889,01,TEMP,S51.7
2026/09/01 21:15:53,34331891,OK:01,TEMP,S51.7
2026/09/01 21:15:57,34335946,01,MON?
2026/09/01 21:15:57,34335947,50.8,,CONSTANT,0
2026/09/01 21:15:59,34337975,01,TEMP,S51.8
2026/09/01 21:15:59,34337977,OK:01,TEMP,S51.8
2026/09/01 21:16:06,34344058,01,TEMP,S51.9
2026/09/01 21:16:06,34344060,OK:01,TEMP,S51.9
2026/09/01 21:16:08,34346086,01,MON?
2026/09/01 21:16:08,34346093,51.1,,CONSTANT,0
2026/09/01 21:16:12,34350142,01,TEMP,S52.0
2026/09/01 21:16:12,34350146,OK:01,TEMP,S52.0
2026/09/01 21:16:18,34356227,01,MON?
2026/09/01 21:16:18,34356234,53.0,,CONSTANT,0
2026/09/01 21:16:18,34356236,01,TEMP,S52.1
2026/09/01 21:16:18,34356237,OK:01,TEMP,S52.1
2026/09/01 21:16:24,34362309,01,TEMP,S52.2
2026/09/01 21:16:24,34362311,OK:01,TEMP,S52.2
2026/09/01 21:16:28,34366365,01,MON?
2026/09/01 21:16:28,34366372,52.3,,CONSTANT,0
2026/09/01 21:16:30,34368394,01,TEMP,S52.3
2026/09/01 21:16:30,34368396,OK:01,TEMP,S52.3
2026/09/01 21:16:36,34374478,01,TEMP,S52.4
2026/09/01 21:16:36,34374485,OK:01,TEMP,S52.4
2026/09/01 21:16:38,34376506,01,MON?
2026/09/01 21:16:38,34376507,51.9,,CONSTANT,0
2026/09/01 21:16:41,34379548,01,TEMP,S52.5
2026/09/01 21:16:41,34379555,OK:01,TEMP,S52.5
2026/09/01 21:16:47,34385632,01,TEMP,S52.6
2026/09/01 21:16:47,34385634,OK:01,TEMP,S52.6
2026/09/01 21:16:48,34386646,01,MON?
2026/09/01 21:16:48,34386648,53.3,,CONSTANT,0
2026/09/01 21:16:53,34391716,01,TEMP,S52.7
2026/09/01 21:16:53,34391724,OK:01,TEMP,S52.7
2026/09/01 21:16:58,34396786,01,MON?
2026/09/01 21:16:58,34396788,52.7,,CONSTANT,0
2026/09/01 21:16:59,34397800,01,TEMP,S52.8
2026/09/01 21:16:59,34397801,OK:01,TEMP,S52.8
2026/09/01 21:17:05,34403884,01,TEMP,S52.9
2026/09/01 21:17:05,34403884,OK:01,TEMP,S52.9
2026/09/01 21:17:08,34406926,01,MON?
2026/09/01 21:17:08,34406928,53.1,,CONSTANT,0
2026/09/01 21:17:11,34409968,01,TEMP,S53.0
2026/09/01 21:17:11,34409975,OK:01,TEMP,S53.0
2026/09/01 21:17:18,34416052,01,TEMP,S53.1
2026/09/01 21:17:18,34416054,OK:01,TEMP,S53.1
2026/09/01 21:17:19,34417066,01,MON?
2026/09/01 21:17:19,34417068,52.5,,CONSTANT,0
2026/09/01 21:17:24,34422137,01,TEMP,S53.2
2026/09/01 21:17:24,34422144,OK:01,TEMP,S53.2
2026/09/01 21:17:29,34427206,01,MON?
2026/09/01 21:17:29,34427213,53.4,,CONSTANT,0
2026/09/01 21:17:30,34428222,01,TEMP,S53.3
2026/09/01 21:17:30,34428223,OK:01,TEMP,S53.3
2026/09/01 21:17:36,34434305,01,TEMP,S53.4
2026/09/01 21:17:36,34434307,OK:01,TEMP,S53.4
2026/09/01 21:17:39,34437348,01,MON?
2026/09/01 21:17:39,34437355,53.9,,CONSTANT,0
2026/09/01 21:17:42,34440388,01,TEMP,S53.5
2026/09/01 21:17:42,34440389,OK:01,TEMP,S53.5
2026/09/01 21:17:48,34446473,01,TEMP,S53.6
2026/09/01 21:17:48,34446481,OK:01,TEMP,S53.6
2026/09/01 21:17:49,34447486,01,MON?
2026/09/01 21:17:49,34447487,53.8,,CONSTANT,0
2026/09/01 21:17:53,34451543,01,TEMP,S53.7
2026/09/01 21:17:53,34451545,OK:01,TEMP,S53.7
2026/09/01 21:17:59,34457627,01,MON?
2026/09/01 21:17:59,34457629,53.8,,CONSTANT,0
2026/09/01 21:17:59,34457630,01,TEMP,S53.8
2026/09/01 21:17:59,34457631,OK:01,TEMP,S53.8
2026/09/01 21:18:05,34463711,01,TEMP,S53.9
2026/09/01 21:18:05,34463713,OK:01,TEMP,S53.9
2026/09/01 21:18:09,34467766,01,MON?
2026/09/01 21:18:09,34467768,53.7,,CONSTANT,0
2026/09/01 21:18:11,34469795,01,TEMP,S54.0
2026/09/01 21:18:11,34469797,OK:01,TEMP,S54.0
2026/09/01 21:18:17,34475880,01,TEMP,S54.1
2026/09/01 21:18:17,34475881,OK:01,TEMP,S54.1
2026/09/01 21:18:19,34477908,01,MON?
2026/09/01 21:18:19,34477910,54.0,,CONSTANT,0
2026/09/01 21:18:23,34481963,01,TEMP,S54.2
2026/09/01 21:18:23,34481965,OK:01,TEMP,S54.2
2026/09/01 21:18:30,34488046,01,MON?
2026/09/01 21:18:30,34488047,54.3,,CONSTANT,0
2026/09/01 21:18:30,34488049,01,TEMP,S54.3
2026/09/01 21:18:30,34488050,OK:01,TEMP,S54.3
2026/09/01 21:18:36,34494131,01,TEMP,S54.4
2026/09/01 21:18:36,34494133,OK:01,TEMP,S54.4
2026/09/01 21:18:40,34498187,01,MON?
2026/09/01 21:18:40,34498190,54.2,,CONSTANT,0
2026/09/01 21:18:42,34500214,01,TEMP,S54.5
2026/09/01 21:18:42,34500215,OK:01,TEMP,S54.5
2026/09/01 21:18:48,34506298,01,TEMP,S54.6
2026/09/01 21:18:48,34506305,OK:01,TEMP,S54.6
2026/09/01 21:18:50,34508327,01,MON?
2026/09/01 21:18:50,34508334,55.4,,CONSTANT,0
2026/09/01 21:18:54,34512384,01,TEMP,S54.7
2026/09/01 21:18:54,34512392,OK:01,TEMP,S54.7
2026/09/01 21:19:00,34518466,01,MON?
2026/09/01 21:19:00,34518473,55.6,,CONSTANT,0
2026/09/01 21:19:00,34518474,01,TEMP,S54.8
2026/09/01 21:19:00,34518476,OK:01,TEMP,S54.8
2026/09/01 21:19:06,34524550,01,TEMP,S54.9
2026/09/01 21:19:06,34524552,OK:01,TEMP,S54.9
2026/09/01 21:19:10,34528607,01,MON?
2026/09/01 21:19:10,34528609,55.5,,CONSTANT,0
2026/09/01 21:19:11,34529621,01,TEMP,S55.0
2026/09/01 21:19:11,34529622,OK:01,TEMP,S55.0
2026/09/01 21:19:17,34535705,01,TEMP,S55.1
2026/09/01 21:19:17,34535707,OK:01,TEMP,S55.1
2026/09/01 21:19:20,34538746,01,MON?
2026/09/01 21:19:20,34538748,55.4,,CONSTANT,0
2026/09/01 21:19:23,34541788,01,TEMP,S55.2
2026/09/01 21:19:23,34541795,OK:01,TEMP,S55.2
2026/09/01 21:19:29,34547873,01,TEMP,S55.3
2026/09/01 21:19:29,34547875,OK:01,TEMP,S55.3
2026/09/01 21:19:30,34548888,01,MON?
2026/09/01 21:19:30,34548889,54.3,,CONSTANT,0
2026/09/01 21:19:35,34553957,01,TEMP,S55.4
2026/09/01 21:19:35,34553964,OK:01,TEMP,S55.4
2026/09/01 21:19:41,34559026,01,MON?
2026/09/01 21:19:41,34559028,55.8,,CONSTANT,0
2026/09/01 21:19:42,34560041,01,TEMP,S55.5
2026/09/01 21:19:42,34560043,OK:01,TEMP,S55.5
2026/09/01 21:19:48,34566125,01,TEMP,S55.6
2026/09/01 21:19:48,34566127,OK:01,TEMP,S55.6
2026/09/01 21:19:51,34569167,01,MON?
2026/09/01 21:19:51,34569174,56.4,,CONSTANT,0
2026/09/01 21:19:54,34572209,01,TEMP,S55.7
2026/09/01 21:19:54,34572211,OK:01,TEMP,S55.7
2026/09/01 21:20:00,34578294,01,TEMP,S55.8
2026/09/01 21:20:00,34578301,OK:01,TEMP,S55.8
2026/09/01 21:20:01,34579308,01,MON?
2026/09/01 21:20:01,34579309,55.2,,CONSTANT,0
2026/09/01 21:20:06,34584378,01,TEMP,S55.9
2026/09/01 21:20:06,34584382,OK:01,TEMP,S55.9
2026/09/01 21:20:11,34589448,01,MON?
2026/09/01 21:20:11,34589455,56.3,,CONSTANT,0
2026/09/01 21:20:12,34590461,01,TEMP,S56.0
2026/09/01 21:20:12,34590463,OK:01,TEMP,S56.0
2026/09/01 21:20:18,34596546,01,TEMP,S56.1
2026/09/01 21:20:18,34596548,OK:01,TEMP,S56.1
2026/09/01 21:20:21,34599587,01,MON?
2026/09/01 21:20:21,34599589,55.7,,CONSTANT,0
2026/09/01 21:20:23,34601616,01,TEMP,S56.2
2026/09/01 21:20:23,34601618,OK:01,TEMP,S56.2
2026/09/01 21:20:29,34607699,01,TEMP,S56.3
2026/09/01 21:20:29,34607700,OK:01,TEMP,S56.3
2026/09/01 21:20:31,34609727,01,MON?
2026/09/01 21:20:31,34609729,56.7,,CONSTANT,0
2026/09/01 21:20:35,34613785,01,TEMP,S56.4
2026/09/01 21:20:35,34613786,OK:01,TEMP,S56.4
2026/09/01 21:20:41,34619867,01,MON?
2026/09/01 21:20:41,34619869,55.5,,CONSTANT,0
2026/09/01 21:20:41,34619870,01,TEMP,S56.5
2026/09/01 21:20:41,34619872,OK:01,TEMP,S56.5
2026/09/01 21:20:47,34625951,01,TEMP,S56.6
2026/09/01 21:20:47,34625953,OK:01,TEMP,S56.6
2026/09/01 21:20:52,34630009,01,MON?
2026/09/01 21:20:52,34630011,56.4,,CONSTANT,0
2026/09/01 21:20:54,34632037,01,TEMP,S56.7
2026/09/01 21:20:54,34632039,OK:01,TEMP,S56.7
2026/09/01 21:21:00,34638120,01,TEMP,S56.8
2026/09/01 21:21:00,34638124,OK:01,TEMP,S56.8
2026/09/01 21:21:02,34640148,01,MON?
2026/09/01 21:21:02,34640155,56.0,,CONSTANT,0
2026/09/01 21:21:06,34644204,01,TEMP,S56.9
2026/09/01 21:21:06,34644206,OK:01,TEMP,S56.9
2026/09/01 21:21:12,34650289,01,MON?
2026/09/01 21:21:12,34650296,56.8,,CONSTANT,0
2026/09/01 21:21:12,34650297,01,TEMP,S57.0
2026/09/01 21:21:12,34650298,OK:01,TEMP,S57.0
2026/09/01 21:21:18,34656371,01,TEMP,S57.1
2026/09/01 21:21:18,34656372,OK:01,TEMP,S57.1
2026/09/01 21:21:22,34660427,01,MON?
2026/09/01 21:21:22,34660434,57.4,,CONSTANT,0
2026/09/01 21:21:24,34662455,01,TEMP,S57.2
2026/09/01 21:21:24,34662457,OK:01,TEMP,S57.2
2026/09/01 21:21:30,34668540,01,TEMP,S57.3
2026/09/01 21:21:30,34668548,OK:01,TEMP,S57.3
2026/09/01 21:21:32,34670568,01,MON?
2026/09/01 21:21:32,34670569,57.9,,CONSTANT,0
2026/09/01 21:21:36,34674624,01,TEMP,S57.4
2026/09/01 21:21:36,34674626,OK:01,TEMP,S57.4
2026/09/01 21:21:41,34679693,01,TEMP,S57.5
2026/09/01 21:21:41,34679695,OK:01,TEMP,S57.5
2026/09/01 21:21:42,34680707,01,MON?
2026/09/01 21:21:42,34680709,57.1,,CONSTANT,0
2026/09/01 21:21:47,34685778,01,TEMP,S57.6
2026/09/01 21:21:47,34685780,OK:01,TEMP,S57.6
2026/09/01 21:21:52,34690848,01,MON?
2026/09/01 21:21:52,34690849,57.0,,CONSTANT,0
2026/09/01 21:21:53,34691862,01,TEMP,S57.7
2026/09/01 21:21:53,34691864,OK:01,TEMP,S57.7
2026/09/01 21:21:59,34697945,01,TEMP,S57.8
2026/09/01 21:21:59,34697946,OK:01,TEMP,S57.8
2026/09/01 21:22:03,34700988,01,MON?
2026/09/01 21:22:03,34700989,57.3,,CONSTANT,0
2026/09/01 21:22:06,34704030,01,TEMP,S57.9
2026/09/01 21:22:06,34704032,OK:01,TEMP,S57.9
2026/09/01 21:22:12,34710114,01,TEMP,S58.0
2026/09/01 21:22:12,34710121,OK:01,TEMP,S58.0
2026/09/01 21:22:13,34711128,01,MON?
2026/09/01 21:22:13,34711129,57.1,,CONSTANT,0
2026/09/01 21:22:18,34716197,01,TEMP,S58.1
2026/09/01 21:22:18,34716199,OK:01,TEMP,S58.1
2026/09/01 21:22:23,34721268,01,MON?
2026/09/01 21:22:23,34721272,57.4,,CONSTANT,0
2026/09/01 21:22:24,34722282,01,TEMP,S58.2
2026/09/01 21:22:24,34722284,OK:01,TEMP,S58.2
2026/09/01 21:22:30,34728366,01,TEMP,S58.3
2026/09/01 21:22:30,34728368,OK:01,TEMP,S58.3
2026/09/01 21:22:33,34731408,01,MON?
2026/09/01 21:22:33,34731416,58.3,,CONSTANT,0
2026/09/01 21:22:36,34734449,01,TEMP,S58.4
2026/09/01 21:22:36,34734451,OK:01,TEMP,S58.4
2026/09/01 21:22:42,34740535,01,TEMP,S58.5
2026/09/01 21:22:42,34740542,OK:01,TEMP,S58.5
2026/09/01 21:22:43,34741548,01,MON?
2026/09/01 21:22:43,34741549,57.5,,CONSTANT,0
2026/09/01 21:22:48,34746618,01,TEMP,S58.6
2026/09/01 21:22:48,34746620,OK:01,TEMP,S58.6
2026/09/01 21:22:53,34751688,01,MON?
2026/09/01 21:22:53,34751695,57.8,,CONSTANT,0
2026/09/01 21:22:53,34751697,01,TEMP,S58.7
2026/09/01 21:22:53,34751698,OK:01,TEMP,S58.7
2026/09/01 21:22:59,34757772,01,TEMP,S58.8
2026/09/01 21:22:59,34757774,OK:01,TEMP,S58.8
2026/09/01 21:23:03,34761829,01,MON?
2026/09/01 21:23:03,34761830,58.0,,CONSTANT,0
2026/09/01 21:23:05,34763857,01,TEMP,S58.9
2026/09/01 21:23:05,34763859,OK:01,TEMP,S58.9
2026/09/01 21:23:11,34769941,01,TEMP,S59.0
2026/09/01 21:23:11,34769943,OK:01,TEMP,S59.0
2026/09/01 21:23:13,34771969,01,MON?
2026/09/01 21:23:13,34771969,59.7,,CONSTANT,0
2026/09/01 21:23:18,34776025,01,TEMP,S59.1
2026/09/01 21:23:18,34776027,OK:01,TEMP,S59.1
2026/09/01 21:23:24,34782109,01,MON?
2026/09/01 21:23:24,34782111,59.8,,CONSTANT,0
2026/09/01 21:23:24,34782112,01,TEMP,S59.2
2026/09/01 21:23:24,34782112,OK:01,TEMP,S59.2
2026/09/01 21:23:30,34788194,01,TEMP,S59.3
2026/09/01 21:23:30,34788202,OK:01,TEMP,S59.3
2026/09/01 21:23:34,34792250,01,MON?
2026/09/01 21:23:34,34792253,59.5,,CONSTANT,0
2026/09/01 21:23:36,34794276,01,TEMP,S59.4
2026/09/01 21:23:36,34794283,OK:01,TEMP,S59.4
2026/09/01 21:23:42,34800360,01,TEMP,S59.5
2026/09/01 21:23:42,34800368,OK:01,TEMP,S59.5
2026/09/01 21:23:44,34802389,01,MON?
2026/09/01 21:23:44,34802396,60.5,,CONSTANT,0
2026/09/01 21:23:48,34806446,01,TEMP,S59.6
2026/09/01 21:23:48,34806448,OK:01,TEMP,S59.6
2026/09/01 21:23:54,34812529,01,MON?
2026/09/01 21:23:54,34812531,59.4,,CONSTANT,0
2026/09/01 21:23:54,34812532,01,TEMP,S59.7
2026/09/01 21:23:54,34812533,OK:01,TEMP,S59.7
2026/09/01 21:24:00,34818613,01,TEMP,S59.8
2026/09/01 21:24:00,34818615,OK:01,TEMP,S59.8
2026/09/01 21:24:04,34822669,01,MON?
2026/09/01 21:24:04,34822671,59.5,,CONSTANT,0
2026/09/01 21:24:06,34824697,01,TEMP,S59.9
2026/09/01 21:24:06,34824698,OK:01,TEMP,S59.9
2026/09/01 21:24:11,34829767,01,TEMP,S60.0
2026/09/01 21:24:11,34829769,OK:01,TEMP,S60.0
2026/09/01 21:24:14,34832808,01,MON?
2026/09/01 21:24:14,34832810,60.5,,CONSTANT,0
2026/09/01 21:24:17,34835850,01,TEMP,S60.1
2026/09/01 21:24:17,34835852,OK:01,TEMP,S60.1
2026/09/01 21:24:23,34841935,01,TEMP,S60.2
2026/09/01 21:24:23,34841937,OK:01,TEMP,S60.2
2026/09/01 21:24:24,34842949,01,MON?
2026/09/01 21:24:24,34842950,60.1,,CONSTANT,0
2026/09/01 21:24:30,34848019,01,TEMP,S60.3
2026/09/01 21:24:30,34848021,OK:01,TEMP,S60.3
2026/09/01 21:24:35,34853088,01,MON?
2026/09/01 21:24:35,34853095,59.8,,CONSTANT,0
2026/09/01 21:24:36,34854102,01,TEMP,S60.4
2026/09/01 21:24:36,34854104,OK:01,TEMP,S60.4
2026/09/01 21:24:42,34860187,01,TEMP,S60.5
2026/09/01 21:24:42,34860189,OK:01,TEMP,S60.5
2026/09/01 21:24:45,34863229,01,MON?
2026/09/01 21:24:45,34863236,60.0,,CONSTANT,0
2026/09/01 21:24:48,34866271,01,TEMP,S60.6
2026/09/01 21:24:48,34866273,OK:01,TEMP,S60.6
2026/09/01 21:24:54,34872354,01,TEMP,S60.7
2026/09/01 21:24:54,34872361,OK:01,TEMP,S60.7
2026/09/01 21:24:55,34873368,01,MON?
2026/09/01 21:24:55,34873370,60.1,,CONSTANT,0
2026/09/01 21:25:00,34878441,01,TEMP,S60.8
2026/09/01 21:25:00,34878442,OK:01,TEMP,S60.8
2026/09/01 21:25:05,34883509,01,MON?
2026/09/01 21:25:05,34883514,60.2,,CONSTANT,0
2026/09/01 21:25:06,34884523,01,TEMP,S60.9
2026/09/01 21:25:06,34884525,OK:01,TEMP,S60.9
2026/09/01 21:25:12,34890608,01,TEMP,S61.0
2026/09/01 21:25:12,34890610,OK:01,TEMP,S61.0
2026/09/01 21:25:15,34893650,01,MON?
2026/09/01 21:25:15,34893652,60.8,,CONSTANT,0
2026/09/01 21:25:18,34896692,01,TEMP,S61.1
2026/09/01 21:25:18,34896693,OK:01,TEMP,S61.1
2026/09/01 21:25:23,34901762,01,TEMP,S61.2
2026/09/01 21:25:23,34901772,OK:01,TEMP,S61.2
2026/09/01 21:25:25,34903790,01,MON?
2026/09/01 21:25:25,34903791,60.9,,CONSTANT,0
2026/09/01 21:25:29,34907845,01,TEMP,S61.3
2026/09/01 21:25:29,34907847,OK:01,TEMP,S61.3
2026/09/01 21:25:35,34913930,01,MON?
2026/09/01 21:25:35,34913932,60.7,,CONSTANT,0
2026/09/01 21:25:35,34913933,01,TEMP,S61.4
2026/09/01 21:25:35,34913934,OK:01,TEMP,S61.4
2026/09/01 21:25:42,34920014,01,TEMP,S61.5
2026/09/01 21:25:42,34920016,OK:01,TEMP,S61.5
2026/09/01 21:25:46,34924069,01,MON?
2026/09/01 21:25:46,34924076,61.6,,CONSTANT,0
2026/09/01 21:25:48,34926098,01,TEMP,S61.6
2026/09/01 21:25:48,34926100,OK:01,TEMP,S61.6
2026/09/01 21:25:54,34932181,01,TEMP,S61.7
2026/09/01 21:25:54,34932185,OK:01,TEMP,S61.7
2026/09/01 21:25:56,34934210,01,MON?
2026/09/01 21:25:56,34934217,61.5,,CONSTANT,0
2026/09/01 21:26:00,34938265,01,TEMP,S61.8
2026/09/01 21:26:00,34938267,OK:01,TEMP,S61.8
2026/09/01 21:26:06,34944351,01,MON?
2026/09/01 21:26:06,34944359,61.7,,CONSTANT,0
2026/09/01 21:26:06,34944360,01,TEMP,S61.9
2026/09/01 21:26:06,34944361,OK:01,TEMP,S61.9
2026/09/01 21:26:12,34950434,01,TEMP,S62.0
2026/09/01 21:26:12,34950436,OK:01,TEMP,S62.0
2026/09/01 21:26:16,34954490,01,MON?
2026/09/01 21:26:16,34954497,62.2,,CONSTANT,0
2026/09/01 21:26:18,34956517,01,TEMP,S62.1
2026/09/01 21:26:18,34956519,OK:01,TEMP,S62.1
2026/09/01 21:26:24,34962602,01,TEMP,S62.2
2026/09/01 21:26:24,34962609,OK:01,TEMP,S62.2
2026/09/01 21:26:26,34964630,01,MON?
2026/09/01 21:26:26,34964632,62.8,,CONSTANT,0
2026/09/01 21:26:30,34968686,01,TEMP,S62.3
2026/09/01 21:26:30,34968688,OK:01,TEMP,S62.3
2026/09/01 21:26:36,34974770,01,MON?
2026/09/01 21:26:36,34974772,62.0,,CONSTANT,0
2026/09/01 21:26:36,34974773,01,TEMP,S62.4
2026/09/01 21:26:36,34974774,OK:01,TEMP,S62.4
2026/09/01 21:26:41,34979841,01,TEMP,S62.5
2026/09/01 21:26:41,34979843,OK:01,TEMP,S62.5
2026/09/01 21:26:46,34984910,01,MON?
2026/09/01 21:26:46,34984912,62.1,,CONSTANT,0
2026/09/01 21:26:47,34985925,01,TEMP,S62.6
2026/09/01 21:26:47,34985926,OK:01,TEMP,S62.6
2026/09/01 21:26:54,34992007,01,TEMP,S62.7
2026/09/01 21:26:54,34992009,OK:01,TEMP,S62.7
2026/09/01 21:26:57,34995049,01,MON?
2026/09/01 21:26:57,34995056,63.1,,CONSTANT,0
2026/09/01 21:27:00,34998092,01,TEMP,S62.8
2026/09/01 21:27:00,34998094,OK:01,TEMP,S62.8
2026/09/01 21:27:06,35004176,01,TEMP,S62.9
2026/09/01 21:27:06,35004183,OK:01,TEMP,S62.9
2026/09/01 21:27:07,35005190,01,MON?
2026/09/01 21:27:07,35005192,62.9,,CONSTANT,0
2026/09/01 21:27:12,35010259,01,TEMP,S63.0
2026/09/01 21:27:12,35010266,OK:01,TEMP,S63.0
2026/09/01 21:27:17,35015330,01,MON?
2026/09/01 21:27:17,35015337,64.0,,CONSTANT,0
2026/09/01 21:27:18,35016344,01,TEMP,S63.1
2026/09/01 21:27:18,35016346,OK:01,TEMP,S63.1
2026/09/01 21:27:24,35022428,01,TEMP,S63.2
2026/09/01 21:27:24,35022430,OK:01,TEMP,S63.2
2026/09/01 21:27:27,35025470,01,MON?
2026/09/01 21:27:27,35025472,62.4,,CONSTANT,0
2026/09/01 21:27:30,35028512,01,TEMP,S63.3
2026/09/01 21:27:30,35028518,OK:01,TEMP,S63.3
2026/09/01 21:27:36,35034596,01,TEMP,S63.4
2026/09/01 21:27:36,35034597,OK:01,TEMP,S63.4
2026/09/01 21:27:37,35035610,01,MON?
2026/09/01 21:27:37,35035612,62.6,,CONSTANT,0
2026/09/01 21:27:42,35040680,01,TEMP,S63.5
2026/09/01 21:27:42,35040682,OK:01,TEMP,S63.5
2026/09/01 21:27:47,35045751,01,MON?
2026/09/01 21:27:47,35045753,62.7,,CONSTANT,0
2026/09/01 21:27:48,35046765,01,TEMP,S63.6
2026/09/01 21:27:48,35046767,OK:01,TEMP,S63.6
2026/09/01 21:27:53,35051835,01,TEMP,S63.7
2026/09/01 21:27:53,35051837,OK:01,TEMP,S63.7
2026/09/01 21:27:57,35055891,01,MON?
2026/09/01 21:27:57,35055893,63.5,,CONSTANT,0
2026/09/01 21:27:59,35057918,01,TEMP,S63.8
2026/09/01 21:27:59,35057920,OK:01,TEMP,S63.8
2026/09/01 21:28:06,35064003,01,TEMP,S63.9
2026/09/01 21:28:06,35064004,OK:01,TEMP,S63.9
2026/09/01 21:28:08,35066030,01,MON?
2026/09/01 21:28:08,35066032,63.6,,CONSTANT,0
2026/09/01 21:28:12,35070087,01,TEMP,S64.0
2026/09/01 21:28:12,35070095,OK:01,TEMP,S64.0
2026/09/01 21:28:18,35076171,01,MON?
2026/09/01 21:28:18,35076173,63.8,,CONSTANT,0
2026/09/01 21:28:18,35076174,01,TEMP,S64.1
2026/09/01 21:28:18,35076175,OK:01,TEMP,S64.1
2026/09/01 21:28:24,35082255,01,TEMP,S64.2
2026/09/01 21:28:24,35082257,OK:01,TEMP,S64.2
2026/09/01 21:28:28,35086311,01,MON?
2026/09/01 21:28:28,35086313,63.7,,CONSTANT,0
2026/09/01 21:28:30,35088339,01,TEMP,S64.3
2026/09/01 21:28:30,35088341,OK:01,TEMP,S64.3
2026/09/01 21:28:36,35094422,01,TEMP,S64.4
2026/09/01 21:28:36,35094429,OK:01,TEMP,S64.4
2026/09/01 21:28:38,35096450,01,MON?
2026/09/01 21:28:38,35096452,63.4,,CONSTANT,0
2026/09/01 21:28:42,35100507,01,TEMP,S64.5
2026/09/01 21:28:42,35100509,OK:01,TEMP,S64.5
2026/09/01 21:28:48,35106592,01,MON?
2026/09/01 21:28:48,35106595,64.9,,CONSTANT,0
2026/09/01 21:28:48,35106595,01,TEMP,S64.6
2026/09/01 21:28:48,35106596,OK:01,TEMP,S64.6
2026/09/01 21:28:54,35112675,01,TEMP,S64.7
2026/09/01 21:28:54,35112678,OK:01,TEMP,S64.7
2026/09/01 21:28:58,35116730,01,MON?
2026/09/01 21:28:58,35116737,63.8,,CONSTANT,0
2026/09/01 21:29:00,35118758,01,TEMP,S64.8
2026/09/01 21:29:00,35118760,OK:01,TEMP,S64.8
2026/09/01 21:29:05,35123830,01,TEMP,S64.9
2026/09/01 21:29:05,35123831,OK:01,TEMP,S64.9
2026/09/01 21:29:08,35126871,01,MON?
2026/09/01 21:29:08,35126873,65.8,,CONSTANT,0
2026/09/01 21:29:11,35129913,01,TEMP,S65.0
2026/09/01 21:29:11,35129920,OK:01,TEMP,S65.0
2026/09/01 21:29:18,35135996,01,TEMP,S65.1
2026/09/01 21:29:18,35135997,OK:01,TEMP,S65.1
2026/09/01 21:29:19,35137012,01,MON?
2026/09/01 21:29:19,35137014,65.9,,CONSTANT,0
2026/09/01 21:29:24,35142081,01,TEMP,S65.2
2026/09/01 21:29:24,35142088,OK:01,TEMP,S65.2
2026/09/01 21:29:29,35147151,01,MON?
2026/09/01 21:29:29,35147155,65.7,,CONSTANT,0
2026/09/01 21:29:30,35148164,01,TEMP,S65.3
2026/09/01 21:29:30,35148165,OK:01,TEMP,S65.3
2026/09/01 21:29:36,35154249,01,TEMP,S65.4
2026/09/01 21:29:36,35154251,OK:01,TEMP,S65.4
2026/09/01 21:29:39,35157291,01,MON?
2026/09/01 21:29:39,35157298,64.9,,CONSTANT,0
2026/09/01 21:29:42,35160333,01,TEMP,S65.5
2026/09/01 21:29:42,35160334,OK:01,TEMP,S65.5
2026/09/01 21:29:48,35166417,01,TEMP,S65.6
2026/09/01 21:29:48,35166420,OK:01,TEMP,S65.6
2026/09/01 21:29:49,35167430,01,MON?
2026/09/01 21:29:49,35167432,66.3,,CONSTANT,0
2026/09/01 21:29:54,35172501,01,TEMP,S65.7
2026/09/01 21:29:54,35172508,OK:01,TEMP,S65.7
2026/09/01 21:29:59,35177571,01,MON?
2026/09/01 21:29:59,35177579,66.0,,CONSTANT,0
2026/09/01 21:30:00,35178587,01,TEMP,S65.8
2026/09/01 21:30:00,35178589,OK:01,TEMP,S65.8
2026/09/01 21:30:06,35184669,01,TEMP,S65.9
2026/09/01 21:30:06,35184671,OK:01,TEMP,S65.9
2026/09/01 21:30:09,35187710,01,MON?
2026/09/01 21:30:09,35187711,66.2,,CONSTANT,0
2026/09/01 21:30:12,35190753,01,TEMP,S66.0
2026/09/01 21:30:12,35190755,OK:01,TEMP,S66.0
2026/09/01 21:30:18,35196837,01,TEMP,S66.1
2026/09/01 21:30:18,35196839,OK:01,TEMP,S66.1
2026/09/01 21:30:19,35197851,01,MON?
2026/09/01 21:30:19,35197853,65.6,,CONSTANT,0
2026/09/01 21:30:23,35201908,01,TEMP,S66.2
2026/09/01 21:30:23,35201909,OK:01,TEMP,S66.2
2026/09/01 21:30:30,35207992,01,MON?
2026/09/01 21:30:30,35207993,65.7,,CONSTANT,0
2026/09/01 21:30:30,35207994,01,TEMP,S66.3
2026/09/01 21:30:30,35207994,OK:01,TEMP,S66.3
2026/09/01 21:30:36,35214076,01,TEMP,S66.4
2026/09/01 21:30:36,35214078,OK:01,TEMP,S66.4
2026/09/01 21:30:40,35218132,01,MON?
2026/09/01 21:30:40,35218136,67.1,,CONSTANT,0
2026/09/01 21:30:42,35220159,01,TEMP,S66.5
2026/09/01 21:30:42,35220161,OK:01,TEMP,S66.5
2026/09/01 21:30:48,35226244,01,TEMP,S66.6
2026/09/01 21:30:48,35226251,OK:01,TEMP,S66.6
2026/09/01 21:30:50,35228272,01,MON?
2026/09/01 21:30:50,35228274,66.4,,CONSTANT,0
2026/09/01 21:30:54,35232328,01,TEMP,S66.7
2026/09/01 21:30:54,35232335,OK:01,TEMP,S66.7
2026/09/01 21:31:00,35238411,01,MON?
2026/09/01 21:31:00,35238413,67.3,,CONSTANT,0
2026/09/01 21:31:00,35238414,01,TEMP,S66.8
2026/09/01 21:31:00,35238415,OK:01,TEMP,S66.8
2026/09/01 21:31:06,35244496,01,TEMP,S66.9
2026/09/01 21:31:06,35244498,OK:01,TEMP,S66.9
2026/09/01 21:31:10,35248552,01,MON?
2026/09/01 21:31:10,35248554,66.2,,CONSTANT,0
2026/09/01 21:31:12,35250579,01,TEMP,S67.0
2026/09/01 21:31:12,35250581,OK:01,TEMP,S67.0
2026/09/01 21:31:18,35256663,01,TEMP,S67.1
2026/09/01 21:31:18,35256665,OK:01,TEMP,S67.1
2026/09/01 21:31:20,35258692,01,MON?
2026/09/01 21:31:20,35258694,67.8,,CONSTANT,0
2026/09/01 21:31:24,35262749,01,TEMP,S67.2
2026/09/01 21:31:24,35262756,OK:01,TEMP,S67.2
2026/09/01 21:31:30,35268831,01,MON?
2026/09/01 21:31:30,35268833,66.9,,CONSTANT,0
2026/09/01 21:31:30,35268834,01,TEMP,S67.3
2026/09/01 21:31:30,35268835,OK:01,TEMP,S67.3
2026/09/01 21:31:35,35273901,01,TEMP,S67.4
2026/09/01 21:31:35,35273903,OK:01,TEMP,S67.4
2026/09/01 21:31:40,35278972,01,MON?
2026/09/01 21:31:40,35278973,67.6,,CONSTANT,0
2026/09/01 21:31:42,35279988,01,TEMP,S67.5
2026/09/01 21:31:42,35279989,OK:01,TEMP,S67.5
2026/09/01 21:31:48,35286069,01,TEMP,S67.6
2026/09/01 21:31:48,35286071,OK:01,TEMP,S67.6
2026/09/01 21:31:51,35289112,01,MON?
2026/09/01 21:31:51,35289119,66.8,,CONSTANT,0
2026/09/01 21:31:54,35292153,01,TEMP,S67.7
2026/09/01 21:31:54,35292155,OK:01,TEMP,S67.7
2026/09/01 21:32:00,35298238,01,TEMP,S67.8
2026/09/01 21:32:00,35298245,OK:01,TEMP,S67.8
2026/09/01 21:32:01,35299252,01,MON?
2026/09/01 21:32:01,35299254,67.6,,CONSTANT,0
2026/09/01 21:32:06,35304322,01,TEMP,S67.9
2026/09/01 21:32:06,35304329,OK:01,TEMP,S67.9
2026/09/01 21:32:11,35309391,01,MON?
2026/09/01 21:32:11,35309393,68.9,,CONSTANT,0
2026/09/01 21:32:12,35310405,01,TEMP,S68.0
2026/09/01 21:32:12,35310407,OK:01,TEMP,S68.0
2026/09/01 21:32:18,35316490,01,TEMP,S68.1
2026/09/01 21:32:18,35316491,OK:01,TEMP,S68.1
2026/09/01 21:32:21,35319532,01,MON?
2026/09/01 21:32:21,35319534,68.3,,CONSTANT,0
2026/09/01 21:32:24,35322574,01,TEMP,S68.2
2026/09/01 21:32:24,35322576,OK:01,TEMP,S68.2
2026/09/01 21:32:30,35328657,01,TEMP,S68.3
2026/09/01 21:32:30,35328659,OK:01,TEMP,S68.3
2026/09/01 21:32:31,35329672,01,MON?
2026/09/01 21:32:31,35329674,69.0,,CONSTANT,0
2026/09/01 21:32:36,35334742,01,TEMP,S68.4
2026/09/01 21:32:36,35334743,OK:01,TEMP,S68.4
2026/09/01 21:32:41,35339812,01,MON?
2026/09/01 21:32:41,35339814,67.4,,CONSTANT,0
2026/09/01 21:32:42,35340826,01,TEMP,S68.5
2026/09/01 21:32:42,35340828,OK:01,TEMP,S68.5
2026/09/01 21:32:48,35346910,01,TEMP,S68.6
2026/09/01 21:32:48,35346912,OK:01,TEMP,S68.6
2026/09/01 21:32:51,35349952,01,MON?
2026/09/01 21:32:51,35349953,69.0,,CONSTANT,0
2026/09/01 21:32:53,35351980,01,TEMP,S68.7
2026/09/01 21:32:53,35351982,OK:01,TEMP,S68.7
2026/09/01 21:33:00,35358065,01,TEMP,S68.8
2026/09/01 21:33:00,35358067,OK:01,TEMP,S68.8
2026/09/01 21:33:02,35360092,01,MON?
2026/09/01 21:33:02,35360094,68.1,,CONSTANT,0
2026/09/01 21:33:06,35364149,01,TEMP,S68.9
2026/09/01 21:33:06,35364156,OK:01,TEMP,S68.9
2026/09/01 21:33:12,35370233,01,MON?
2026/09/01 21:33:12,35370240,69.3,,CONSTANT,0
2026/09/01 21:33:12,35370241,01,TEMP,S69.0
2026/09/01 21:33:12,35370243,OK:01,TEMP,S69.0
2026/09/01 21:33:18,35376317,01,TEMP,S69.1
2026/09/01 21:33:18,35376319,OK:01,TEMP,S69.1
2026/09/01 21:33:22,35380372,01,MON?
2026/09/01 21:33:22,35380379,68.2,,CONSTANT,0
2026/09/01 21:33:24,35382402,01,TEMP,S69.2
2026/09/01 21:33:24,35382404,OK:01,TEMP,S69.2
2026/09/01 21:33:30,35388485,01,TEMP,S69.3
2026/09/01 21:33:30,35388492,OK:01,TEMP,S69.3
2026/09/01 21:33:32,35390512,01,MON?
2026/09/01 21:33:32,35390512,70.0,,CONSTANT,0
2026/09/01 21:33:36,35394568,01,TEMP,S69.4
2026/09/01 21:33:36,35394575,OK:01,TEMP,S69.4
2026/09/01 21:33:42,35400653,01,MON?
2026/09/01 21:33:42,35400655,69.3,,CONSTANT,0
2026/09/01 21:33:42,35400656,01,TEMP,S69.5
2026/09/01 21:33:42,35400657,OK:01,TEMP,S69.5
2026/09/01 21:33:48,35406737,01,TEMP,S69.6
2026/09/01 21:33:48,35406739,OK:01,TEMP,S69.6
2026/09/01 21:33:52,35410793,01,MON?
2026/09/01 21:33:52,35410795,69.9,,CONSTANT,0
2026/09/01 21:33:54,35412821,01,TEMP,S69.7
2026/09/01 21:33:54,35412823,OK:01,TEMP,S69.7
2026/09/01 21:34:00,35418906,01,TEMP,S69.8
2026/09/01 21:34:00,35418907,OK:01,TEMP,S69.8
2026/09/01 21:34:02,35420934,01,MON?
2026/09/01 21:34:02,35420936,70.0,,CONSTANT,0
2026/09/01 21:34:05,35423974,01,TEMP,S69.9
2026/09/01 21:34:05,35423981,OK:01,TEMP,S69.9
2026/09/01 21:34:12,35430058,01,TEMP,S70.0
2026/09/01 21:34:12,35430060,OK:01,TEMP,S70.0
2026/09/01 21:34:13,35431073,01,MON?
2026/09/01 21:34:13,35431074,69.7,,CONSTANT,0
2026/09/01 21:34:18,35436144,01,TEMP,S70.1
2026/09/01 21:34:18,35436151,OK:01,TEMP,S70.1
2026/09/01 21:34:23,35441214,01,MON?
2026/09/01 21:34:23,35441221,70.9,,CONSTANT,0
2026/09/01 21:34:24,35442227,01,TEMP,S70.2
2026/09/01 21:34:24,35442229,OK:01,TEMP,S70.2
2026/09/01 21:34:30,35448311,01,TEMP,S70.3
2026/09/01 21:34:30,35448313,OK:01,TEMP,S70.3
2026/09/01 21:34:33,35451352,01,MON?
2026/09/01 21:34:33,35451353,71.1,,CONSTANT,0
2026/09/01 21:34:36,35454395,01,TEMP,S70.4
2026/09/01 21:34:36,35454402,OK:01,TEMP,S70.4
2026/09/01 21:34:42,35460479,01,TEMP,S70.5
2026/09/01 21:34:42,35460486,OK:01,TEMP,S70.5
2026/09/01 21:34:43,35461493,01,MON?
2026/09/01 21:34:43,35461495,69.9,,CONSTANT,0
2026/09/01 21:34:48,35466562,01,TEMP,S70.6
2026/09/01 21:34:48,35466564,OK:01,TEMP,S70.6
2026/09/01 21:34:53,35471633,01,MON?
2026/09/01 21:34:53,35471635,70.8,,CONSTANT,0
2026/09/01 21:34:54,35472647,01,TEMP,S70.7
2026/09/01 21:34:54,35472650,OK:01,TEMP,S70.7
2026/09/01 21:35:00,35478731,01,TEMP,S70.8
2026/09/01 21:35:00,35478733,OK:01,TEMP,S70.8
2026/09/01 21:35:03,35481773,01,MON?
2026/09/01 21:35:03,35481780,70.1,,CONSTANT,0
2026/09/01 21:35:06,35484814,01,TEMP,S70.9
2026/09/01 21:35:06,35484816,OK:01,TEMP,S70.9
2026/09/01 21:35:12,35490899,01,TEMP,S71.0
2026/09/01 21:35:12,35490901,OK:01,TEMP,S71.0
2026/09/01 21:35:13,35491913,01,MON?
2026/09/01 21:35:13,35491915,71.9,,CONSTANT,0
2026/09/01 21:35:18,35496983,01,TEMP,S71.1
2026/09/01 21:35:19,35496984,OK:01,TEMP,S71.1
2026/09/01 21:35:24,35502053,01,MON?
2026/09/01 21:35:24,35502054,72.1,,CONSTANT,0
2026/09/01 21:35:24,35502056,01,TEMP,S71.2
2026/09/01 21:35:24,35502057,OK:01,TEMP,S71.2
2026/09/01 21:35:30,35508137,01,TEMP,S71.3
2026/09/01 21:35:30,35508139,OK:01,TEMP,S71.3
2026/09/01 21:35:34,35512193,01,MON?
2026/09/01 21:35:34,35512202,71.1,,CONSTANT,0
2026/09/01 21:35:36,35514222,01,TEMP,S71.4
2026/09/01 21:35:36,35514224,OK:01,TEMP,S71.4
2026/09/01 21:35:42,35520305,01,TEMP,S71.5
2026/09/01 21:35:42,35520312,OK:01,TEMP,S71.5
2026/09/01 21:35:44,35522333,01,MON?
2026/09/01 21:35:44,35522334,72.0,,CONSTANT,0
2026/09/01 21:35:48,35526390,01,TEMP,S71.6
2026/09/01 21:35:48,35526397,OK:01,TEMP,S71.6
2026/09/01 21:35:54,35532474,01,MON?
2026/09/01 21:35:54,35532481,71.1,,CONSTANT,0
2026/09/01 21:35:54,35532483,01,TEMP,S71.7
2026/09/01 21:35:54,35532485,OK:01,TEMP,S71.7
2026/09/01 21:36:00,35538558,01,TEMP,S71.8
2026/09/01 21:36:00,35538560,OK:01,TEMP,S71.8
2026/09/01 21:36:04,35542614,01,MON?
2026/09/01 21:36:04,35542621,72.0,,CONSTANT,0
2026/09/01 21:36:06,35544642,01,TEMP,S71.9
2026/09/01 21:36:06,35544643,OK:01,TEMP,S71.9
2026/09/01 21:36:12,35550726,01,TEMP,S72.0
2026/09/01 21:36:12,35550727,OK:01,TEMP,S72.0
2026/09/01 21:36:14,35552754,01,MON?
2026/09/01 21:36:14,35552756,72.7,,CONSTANT,0
2026/09/01 21:36:18,35556811,01,TEMP,S72.1
2026/09/01 21:36:18,35556818,OK:01,TEMP,S72.1
2026/09/01 21:36:24,35562894,01,MON?
2026/09/01 21:36:24,35562895,71.6,,CONSTANT,0
2026/09/01 21:36:24,35562897,01,TEMP,S72.2
2026/09/01 21:36:24,35562898,OK:01,TEMP,S72.2
2026/09/01 21:36:30,35568977,01,TEMP,S72.3
2026/09/01 21:36:30,35568979,OK:01,TEMP,S72.3
2026/09/01 21:36:35,35573033,01,MON?
2026/09/01 21:36:35,35573035,72.7,,CONSTANT,0
2026/09/01 21:36:36,35574049,01,TEMP,S72.4
2026/09/01 21:36:36,35574051,OK:01,TEMP,S72.4
2026/09/01 21:36:42,35580133,01,TEMP,S72.5
2026/09/01 21:36:42,35580135,OK:01,TEMP,S72.5
2026/09/01 21:36:45,35583174,01,MON?
2026/09/01 21:36:45,35583176,72.8,,CONSTANT,0
2026/09/01 21:36:48,35586216,01,TEMP,S72.6
2026/09/01 21:36:48,35586223,OK:01,TEMP,S72.6
2026/09/01 21:36:54,35592301,01,TEMP,S72.7
2026/09/01 21:36:54,35592308,OK:01,TEMP,S72.7
2026/09/01 21:36:55,35593315,01,MON?
2026/09/01 21:36:55,35593317,73.3,,CONSTANT,0
2026/09/01 21:37:00,35598384,01,TEMP,S72.8
2026/09/01 21:37:00,35598391,OK:01,TEMP,S72.8
2026/09/01 21:37:05,35603453,01,MON?
2026/09/01 21:37:05,35603460,72.1,,CONSTANT,0
2026/09/01 21:37:06,35604468,01,TEMP,S72.9
2026/09/01 21:37:06,35604470,OK:01,TEMP,S72.9
2026/09/01 21:37:12,35610552,01,TEMP,S73.0
2026/09/01 21:37:12,35610554,OK:01,TEMP,S73.0
2026/09/01 21:37:15,35613594,01,MON?
2026/09/01 21:37:15,35613596,72.6,,CONSTANT,0
2026/09/01 21:37:18,35616636,01,TEMP,S73.1
2026/09/01 21:37:18,35616638,OK:01,TEMP,S73.1
2026/09/01 21:37:24,35622719,01,TEMP,S73.2
2026/09/01 21:37:24,35622721,OK:01,TEMP,S73.2
2026/09/01 21:37:25,35623733,01,MON?
2026/09/01 21:37:25,35623735,73.5,,CONSTANT,0
2026/09/01 21:37:30,35628804,01,TEMP,S73.3
2026/09/01 21:37:30,35628805,OK:01,TEMP,S73.3
2026/09/01 21:37:35,35633874,01,MON?
2026/09/01 21:37:35,35633876,72.3,,CONSTANT,0
2026/09/01 21:37:36,35634888,01,TEMP,S73.4
2026/09/01 21:37:36,35634891,OK:01,TEMP,S73.4
2026/09/01 21:37:42,35640971,01,TEMP,S73.5
2026/09/01 21:37:42,35640973,OK:01,TEMP,S73.5
2026/09/01 21:37:46,35644014,01,MON?
2026/09/01 21:37:46,35644016,72.5,,CONSTANT,0
2026/09/01 21:37:49,35647056,01,TEMP,S73.6
2026/09/01 21:37:49,35647063,OK:01,TEMP,S73.6
2026/09/01 21:37:54,35652126,01,TEMP,S73.7
2026/09/01 21:37:54,35652128,OK:01,TEMP,S73.7
2026/09/01 21:37:56,35654154,01,MON?
2026/09/01 21:37:56,35654158,73.7,,CONSTANT,0
2026/09/01 21:38:00,35658210,01,TEMP,S73.8
2026/09/01 21:38:00,35658218,OK:01,TEMP,S73.8
2026/09/01 21:38:06,35664294,01,MON?
2026/09/01 21:38:06,35664301,74.3,,CONSTANT,0
2026/09/01 21:38:06,35664303,01,TEMP,S73.9
2026/09/01 21:38:06,35664304,OK:01,TEMP,S73.9
2026/09/01 21:38:12,35670378,01,TEMP,S74.0
2026/09/01 21:38:12,35670380,OK:01,TEMP,S74.0
2026/09/01 21:38:16,35674434,01,MON?
2026/09/01 21:38:16,35674441,73.6,,CONSTANT,0
2026/09/01 21:38:18,35676462,01,TEMP,S74.1
2026/09/01 21:38:18,35676464,OK:01,TEMP,S74.1
2026/09/01 21:38:24,35682547,01,TEMP,S74.2
2026/09/01 21:38:24,35682554,OK:01,TEMP,S74.2
2026/09/01 21:38:26,35684574,01,MON?
2026/09/01 21:38:26,35684576,74.9,,CONSTANT,0
2026/09/01 21:38:30,35688630,01,TEMP,S74.3
2026/09/01 21:38:30,35688637,OK:01,TEMP,S74.3
2026/09/01 21:38:36,35694714,01,MON?
2026/09/01 21:38:36,35694716,74.7,,CONSTANT,0
2026/09/01 21:38:36,35694717,01,TEMP,S74.4
2026/09/01 21:38:36,35694718,OK:01,TEMP,S74.4
2026/09/01 21:38:42,35700798,01,TEMP,S74.5
2026/09/01 21:38:42,35700800,OK:01,TEMP,S74.5
2026/09/01 21:38:46,35704854,01,MON?
2026/09/01 21:38:46,35704861,74.2,,CONSTANT,0
2026/09/01 21:38:48,35706883,01,TEMP,S74.6
2026/09/01 21:38:48,35706885,OK:01,TEMP,S74.6
2026/09/01 21:38:54,35712966,01,TEMP,S74.7
2026/09/01 21:38:54,35712968,OK:01,TEMP,S74.7
2026/09/01 21:38:57,35714995,01,MON?
2026/09/01 21:38:57,35714997,74.6,,CONSTANT,0
2026/09/01 21:39:01,35719050,01,TEMP,S74.8
2026/09/01 21:39:01,35719052,OK:01,TEMP,S74.8
2026/09/01 21:39:06,35724121,01,TEMP,S74.9
2026/09/01 21:39:06,35724122,OK:01,TEMP,S74.9
2026/09/01 21:39:07,35725135,01,MON?
2026/09/01 21:39:07,35725136,75.8,,CONSTANT,0
2026/09/01 21:39:12,35730205,01,TEMP,S75.0
2026/09/01 21:39:12,35730207,OK:01,TEMP,S75.0
2026/09/01 21:39:17,35735276,01,MON?
2026/09/01 21:39:17,35735283,75.4,,CONSTANT,0
2026/09/01 21:39:18,35736290,01,TEMP,S75.1
2026/09/01 21:39:18,35736292,OK:01,TEMP,S75.1
2026/09/01 21:39:24,35742373,01,TEMP,S75.2
2026/09/01 21:39:24,35742375,OK:01,TEMP,S75.2
2026/09/01 21:39:27,35745414,01,MON?
2026/09/01 21:39:27,35745415,75.5,,CONSTANT,0
2026/09/01 21:39:30,35748457,01,TEMP,S75.3
2026/09/01 21:39:30,35748459,OK:01,TEMP,S75.3
2026/09/01 21:39:36,35754541,01,TEMP,S75.4
2026/09/01 21:39:36,35754548,OK:01,TEMP,S75.4
2026/09/01 21:39:37,35755556,01,MON?
2026/09/01 21:39:37,35755558,75.6,,CONSTANT,0
2026/09/01 21:39:42,35760624,01,TEMP,S75.5
2026/09/01 21:39:42,35760626,OK:01,TEMP,S75.5
2026/09/01 21:39:47,35765694,01,MON?
2026/09/01 21:39:47,35765696,76.1,,CONSTANT,0
2026/09/01 21:39:48,35766709,01,TEMP,S75.6
2026/09/01 21:39:48,35766711,OK:01,TEMP,S75.6
2026/09/01 21:39:54,35772793,01,TEMP,S75.7
2026/09/01 21:39:54,35772795,OK:01,TEMP,S75.7
2026/09/01 21:39:57,35775835,01,MON?
2026/09/01 21:39:57,35775837,75.0,,CONSTANT,0
2026/09/01 21:40:00,35778876,01,TEMP,S75.8
2026/09/01 21:40:00,35778878,OK:01,TEMP,S75.8
2026/09/01 21:40:06,35784961,01,TEMP,S75.9
2026/09/01 21:40:06,35784963,OK:01,TEMP,S75.9
2026/09/01 21:40:07,35785975,01,MON?
2026/09/01 21:40:07,35785977,76.5,,CONSTANT,0
2026/09/01 21:40:13,35791045,01,TEMP,S76.0
2026/09/01 21:40:13,35791047,OK:01,TEMP,S76.0
2026/09/01 21:40:18,35796115,01,MON?
2026/09/01 21:40:18,35796115,75.2,,CONSTANT,0
2026/09/01 21:40:19,35797129,01,TEMP,S76.1
2026/09/01 21:40:19,35797131,OK:01,TEMP,S76.1
2026/09/01 21:40:24,35802199,01,TEMP,S76.2
2026/09/01 21:40:24,35802201,OK:01,TEMP,S76.2
2026/09/01 21:40:28,35806255,01,MON?
2026/09/01 21:40:28,35806257,75.8,,CONSTANT,0
2026/09/01 21:40:30,35808283,01,TEMP,S76.3
2026/09/01 21:40:30,35808290,OK:01,TEMP,S76.3
2026/09/01 21:40:36,35814367,01,TEMP,S76.4
2026/09/01 21:40:36,35814374,OK:01,TEMP,S76.4
2026/09/01 21:40:38,35816395,01,MON?
2026/09/01 21:40:38,35816402,76.8,,CONSTANT,0
2026/09/01 21:40:42,35820451,01,TEMP,S76.5
2026/09/01 21:40:42,35820458,OK:01,TEMP,S76.5
2026/09/01 21:40:48,35826536,01,MON?
2026/09/01 21:40:48,35826543,76.5,,CONSTANT,0
2026/09/01 21:40:48,35826545,01,TEMP,S76.6
2026/09/01 21:40:48,35826546,OK:01,TEMP,S76.6
2026/09/01 21:40:54,35832619,01,TEMP,S76.7
2026/09/01 21:40:54,35832621,OK:01,TEMP,S76.7
2026/09/01 21:40:58,35836677,01,MON?
2026/09/01 21:40:58,35836679,76.5,,CONSTANT,0
2026/09/01 21:41:00,35838704,01,TEMP,S76.8
2026/09/01 21:41:00,35838711,OK:01,TEMP,S76.8
2026/09/01 21:41:06,35844787,01,TEMP,S76.9
2026/09/01 21:41:06,35844789,OK:01,TEMP,S76.9
2026/09/01 21:41:08,35846815,01,MON?
2026/09/01 21:41:08,35846817,75.9,,CONSTANT,0
2026/09/01 21:41:12,35850876,01,TEMP,S77.0
2026/09/01 21:41:12,35850884,OK:01,TEMP,S77.0
2026/09/01 21:41:18,35856955,01,MON?
2026/09/01 21:41:18,35856957,76.3,,CONSTANT,0
2026/09/01 21:41:18,35856958,01,TEMP,S77.1
2026/09/01 21:41:18,35856959,OK:01,TEMP,S77.1
2026/09/01 21:41:25,35863040,01,TEMP,S77.2
2026/09/01 21:41:25,35863042,OK:01,TEMP,S77.2
2026/09/01 21:41:29,35867095,01,MON?
2026/09/01 21:41:29,35867096,77.7,,CONSTANT,0
2026/09/01 21:41:31,35869123,01,TEMP,S77.3
2026/09/01 21:41:31,35869130,OK:01,TEMP,S77.3
2026/09/01 21:41:36,35874194,01,TEMP,S77.4
2026/09/01 21:41:36,35874196,OK:01,TEMP,S77.4
2026/09/01 21:41:39,35877236,01,MON?
2026/09/01 21:41:39,35877242,76.7,,CONSTANT,0
2026/09/01 21:41:42,35880278,01,TEMP,S77.5
2026/09/01 21:41:42,35880285,OK:01,TEMP,S77.5
2026/09/01 21:41:48,35886362,01,TEMP,S77.6
2026/09/01 21:41:48,35886369,OK:01,TEMP,S77.6
2026/09/01 21:41:49,35887376,01,MON?
2026/09/01 21:41:49,35887378,76.8,,CONSTANT,0
2026/09/01 21:41:54,35892446,01,TEMP,S77.7
2026/09/01 21:41:54,35892454,OK:01,TEMP,S77.7
2026/09/01 21:41:59,35897515,01,MON?
2026/09/01 21:41:59,35897523,78.7,,CONSTANT,0
2026/09/01 21:42:00,35898529,01,TEMP,S77.8
2026/09/01 21:42:00,35898531,OK:01,TEMP,S77.8
2026/09/01 21:42:06,35904614,01,TEMP,S77.9
2026/09/01 21:42:06,35904616,OK:01,TEMP,S77.9
2026/09/01 21:42:09,35907656,01,MON?
2026/09/01 21:42:09,35907657,78.5,,CONSTANT,0
2026/09/01 21:42:12,35910699,01,TEMP,S78.0
2026/09/01 21:42:12,35910701,OK:01,TEMP,S78.0
2026/09/01 21:42:18,35916782,01,TEMP,S78.1
2026/09/01 21:42:18,35916784,OK:01,TEMP,S78.1
2026/09/01 21:42:19,35917796,01,MON?
2026/09/01 21:42:19,35917798,77.7,,CONSTANT,0
2026/09/01 21:42:24,35922865,01,TEMP,S78.2
2026/09/01 21:42:24,35922867,OK:01,TEMP,S78.2
2026/09/01 21:42:29,35927936,01,MON?
2026/09/01 21:42:29,35927938,77.6,,CONSTANT,0
2026/09/01 21:42:30,35928950,01,TEMP,S78.3
2026/09/01 21:42:30,35928951,OK:01,TEMP,S78.3
2026/09/01 21:42:37,35935034,01,TEMP,S78.4
2026/09/01 21:42:37,35935035,OK:01,TEMP,S78.4
2026/09/01 21:42:40,35938075,01,MON?
2026/09/01 21:42:40,35938077,77.9,,CONSTANT,0
2026/09/01 21:42:43,35941118,01,TEMP,S78.5
2026/09/01 21:42:43,35941125,OK:01,TEMP,S78.5
2026/09/01 21:42:48,35946188,01,TEMP,S78.6
2026/09/01 21:42:48,35946190,OK:01,TEMP,S78.6
2026/09/01 21:42:50,35948216,01,MON?
2026/09/01 21:42:50,35948223,78.3,,CONSTANT,0
2026/09/01 21:42:54,35952272,01,TEMP,S78.7
2026/09/01 21:42:54,35952279,OK:01,TEMP,S78.7
2026/09/01 21:43:00,35958355,01,MON?
2026/09/01 21:43:00,35958366,78.9,,CONSTANT,0
2026/09/01 21:43:00,35958368,01,TEMP,S78.8
2026/09/01 21:43:00,35958369,OK:01,TEMP,S78.8
2026/09/01 21:43:06,35964440,01,TEMP,S78.9
2026/09/01 21:43:06,35964442,OK:01,TEMP,S78.9
2026/09/01 21:43:10,35968496,01,MON?
2026/09/01 21:43:10,35968498,78.9,,CONSTANT,0
2026/09/01 21:43:12,35970524,01,TEMP,S79.0
2026/09/01 21:43:12,35970531,OK:01,TEMP,S79.0
2026/09/01 21:43:18,35976608,01,TEMP,S79.1
2026/09/01 21:43:18,35976610,OK:01,TEMP,S79.1
2026/09/01 21:43:20,35978636,01,MON?
2026/09/01 21:43:20,35978638,79.4,,CONSTANT,0
2026/09/01 21:43:24,35982693,01,TEMP,S79.2
2026/09/01 21:43:24,35982700,OK:01,TEMP,S79.2
2026/09/01 21:43:30,35988776,01,MON?
2026/09/01 21:43:30,35988778,79.3,,CONSTANT,0
2026/09/01 21:43:30,35988779,01,TEMP,S79.3
2026/09/01 21:43:30,35988781,OK:01,TEMP,S79.3
2026/09/01 21:43:36,35994861,01,TEMP,S79.4
2026/09/01 21:43:36,35994863,OK:01,TEMP,S79.4
2026/09/01 21:43:40,35998917,01,MON?
2026/09/01 21:43:40,35998919,78.8,,CONSTANT,0
2026/09/01 21:43:42,36000944,01,TEMP,S79.5
2026/09/01 21:43:42,36000945,OK:01,TEMP,S79.5
2026/09/01 21:43:49,36007029,01,TEMP,S79.6
2026/09/01 21:43:49,36007031,OK:01,TEMP,S79.6
2026/09/01 21:43:51,36009056,01,MON?
2026/09/01 21:43:51,36009057,80.1,,CONSTANT,0
2026/09/01 21:43:55,36013114,01,TEMP,S79.7
2026/09/01 21:43:55,36013121,OK:01,TEMP,S79.7
2026/09/01 21:44:01,36019196,01,MON?
2026/09/01 21:44:01,36019198,80.3,,CONSTANT,0
2026/09/01 21:44:01,36019199,01,TEMP,S79.8
2026/09/01 21:44:01,36019200,OK:01,TEMP,S79.8
2026/09/01 21:44:06,36024267,01,TEMP,S79.9
2026/09/01 21:44:06,36024269,OK:01,TEMP,S79.9
2026/09/01 21:44:11,36029337,01,MON?
2026/09/01 21:44:11,36029339,80.5,,CONSTANT,0
2026/09/01 21:44:12,36030351,01,TEMP,S80.0
2026/09/01 21:44:12,36030363,OK:01,TEMP,S80.0
2026/09/01 21:44:15,36033394,ÇoÇbÇ…ÇÊÇÈÅBÉâÉìÉvâ^ì]èIóπ
2026/09/01 21:44:15,36033395,01,TEMP,S80.0
2026/09/01 21:44:15,36033397,OK:01,TEMP,S80.0
2026/09/01 21:44:22,36040105,01,MON?
2026/09/01 21:44:22,36040112,79.2,,CONSTANT,0
2026/09/01 21:44:32,36050246,01,MON?
2026/09/01 21:44:32,36050248,80.7,,CONSTANT,0
2026/09/01 21:44:42,36060386,01,MON?
2026/09/01 21:44:42,36060388,80.9,,CONSTANT,0
2026/09/01 21:44:52,36070527,01,MON?
2026/09/01 21:44:52,36070529,79.8,,CONSTANT,0
2026/09/01 21:45:02,36080666,01,MON?
2026/09/01 21:45:02,36080667,80.7,,CONSTANT,0
2026/09/01 21:45:12,36090806,01,MON?
2026/09/01 21:45:12,36090808,79.2,,CONSTANT,0
2026/09/01 21:45:13,36091819,01,TEMP,S80.0
2026/09/01 21:45:13,36091820,OK:01,TEMP,S80.0
2026/09/01 21:45:13,36091822,01,MODE,CONSTANT
2026/09/01 21:45:13,36091823,OK:01,MODE,CONSTANT
2026/09/01 21:45:13,36091824,01,SET,REF1
2026/09/01 21:45:13,36091826,OK:01,SET,REF1
2026/09/01 21:45:22,36100943,01,MON?
2026/09/01 21:45:22,36100944,80.9,,CONSTANT,0
2026/09/01 21:45:33,36111081,01,MON?
2026/09/01 21:45:33,36111083,80.3,,CONSTANT,0
2026/09/01 21:45:43,36121221,01,MON?
2026/09/01 21:45:43,36121223,80.0,,CONSTANT,0
2026/09/01 21:45:53,36131361,01,MON?
2026/09/01 21:45:53,36131363,80.8,,CONSTANT,0
2026/09/01 21:46:03,36141502,01,MON?
2026/09/01 21:46:03,36141504,80.7,,CONSTANT,0
2026/09/01 21:46:13,36151642,01,MON?
2026/09/01 21:46:13,36151644,79.6,,CONSTANT,0
2026/09/01 21:46:23,36161781,01,MON?
2026/09/01 21:46:23,36161783,79.1,,CONSTANT,0
2026/09/01 21:46:33,36171921,01,MON?
2026/09/01 21:46:33,36171923,80.9,,CONSTANT,0
2026/09/01 21:46:44,36182062,01,MON?
2026/09/01 21:46:44,36182064,80.1,,CONSTANT,0
2026/09/01 21:46:54,36192202,01,MON?
2026/09/01 21:46:54,36192204,79.6,,CONSTANT,0
2026/09/01 21:47:04,36202341,01,MON?
2026/09/01 21:47:04,36202343,80.9,,CONSTANT,0
2026/09/01 21:47:14,36212482,01,MON?
2026/09/01 21:47:14,36212484,79.2,,CONSTANT,0
2026/09/01 21:47:24,36222623,01,MON?
2026/09/01 21:47:24,36222624,79.0,,CONSTANT,0
2026/09/01 21:47:34,36232761,01,MON?
2026/09/01 21:47:34,36232763,80.8,,CONSTANT,0
2026/09/01 21:47:44,36242902,01,MON?
2026/09/01 21:47:44,36242904,80.9,,CONSTANT,0
2026/09/01 21:47:55,36253042,01,MON?
2026/09/01 21:47:55,36253044,79.2,,CONSTANT,0
2026/09/01 21:48:05,36263182,01,MON?
2026/09/01 21:48:05,36263184,79.9,,CONSTANT,0
2026/09/01 21:48:15,36273322,01,MON?
2026/09/01 21:48:15,36273324,80.2,,CONSTANT,0
2026/09/01 21:48:25,36283462,01,MON?
2026/09/01 21:48:25,36283469,79.8,,CONSTANT,0
2026/09/01 21:48:35,36293602,01,MON?
2026/09/01 21:48:35,36293604,79.6,,CONSTANT,0
2026/09/01 21:48:45,36303742,01,MON?
2026/09/01 21:48:45,36303744,80.9,,CONSTANT,0
2026/09/01 21:48:55,36313882,01,MON?
2026/09/01 21:48:55,36313884,80.0,,CONSTANT,0
2026/09/01 21:49:06,36324022,01,MON?
2026/09/01 21:49:06,36324024,80.0,,CONSTANT,0
2026/09/01 21:49:16,36334163,01,MON?
2026/09/01 21:49:16,36334165,81.0,,CONSTANT,0
2026/09/01 21:49:26,36344304,01,MON?
2026/09/01 21:49:26,36344311,80.0,,CONSTANT,0
2026/09/01 21:49:36,36354443,01,MON?
2026/09/01 21:49:36,36354445,80.7,,CONSTANT,0
2026/09/01 21:49:46,36364584,01,MON?
2026/09/01 21:49:46,36364586,80.8,,CONSTANT,0
2026/09/01 21:49:56,36374722,01,MON?
2026/09/01 21:49:56,36374724,79.5,,CONSTANT,0
2026/09/01 21:50:06,36384864,01,MON?
2026/09/01 21:50:06,36384866,80.5,,CONSTANT,0
2026/09/01 21:50:17,36395002,01,MON?
2026/09/01 21:50:17,36395004,80.8,,CONSTANT,0
2026/09/01 21:50:27,36405143,01,MON?
2026/09/01 21:50:27,36405145,79.1,,CONSTANT,0
2026/09/01 21:50:37,36415283,01,MON?
2026/09/01 21:50:37,36415285,81.0,,CONSTANT,0
2026/09/01 21:50:47,36425423,01,MON?
2026/09/01 21:50:47,36425425,79.9,,CONSTANT,0
2026/09/01 21:50:57,36435563,01,MON?
2026/09/01 21:50:57,36435565,79.5,,CONSTANT,0
2026/09/01 21:51:07,36445703,01,MON?
2026/09/01 21:51:07,36445705,80.2,,CONSTANT,0
2026/09/01 21:51:17,36455843,01,MON?
2026/09/01 21:51:17,36455845,79.5,,CONSTANT,0
2026/09/01 21:51:27,36465984,01,MON?
2026/09/01 21:51:28,36465986,80.5,,CONSTANT,0
2026/09/01 21:51:38,36476124,01,MON?
2026/09/01 21:51:38,36476126,79.9,,CONSTANT,0
2026/09/01 21:51:48,36486264,01,MON?
2026/09/01 21:51:48,36486266,80.0,,CONSTANT,0
2026/09/01 21:51:58,36496404,01,MON?
2026/09/01 21:51:58,36496406,79.3,,CONSTANT,0
2026/09/01 21:52:08,36506544,01,MON?
2026/09/01 21:52:08,36506546,80.4,,CONSTANT,0
2026/09/01 21:52:18,36516684,01,MON?
2026/09/01 21:52:18,36516686,79.2,,CONSTANT,0
2026/09/01 21:52:28,36526824,01,MON?
2026/09/01 21:52:28,36526825,79.5,,CONSTANT,0
2026/09/01 21:52:38,36536965,01,MON?
2026/09/01 21:52:38,36536966,80.7,,CONSTANT,0
2026/09/01 21:52:49,36547103,01,MON?
2026/09/01 21:52:49,36547104,79.9,,CONSTANT,0
2026/09/01 21:52:59,36557244,01,MON?
2026/09/01 21:52:59,36557246,79.5,,CONSTANT,0
2026/09/01 21:53:09,36567383,01,MON?
2026/09/01 21:53:09,36567384,80.2,,CONSTANT,0
2026/09/01 21:53:19,36577524,01,MON?
2026/09/01 21:53:19,36577526,80.4,,CONSTANT,0
2026/09/01 21:53:29,36587663,01,MON?
2026/09/01 21:53:29,36587665,80.4,,CONSTANT,0
2026/09/01 21:53:39,36597804,01,MON?
2026/09/01 21:53:39,36597806,79.6,,CONSTANT,0
2026/09/01 21:53:49,36607945,01,MON?
2026/09/01 21:53:49,36607946,80.0,,CONSTANT,0
2026/09/01 21:54:00,36618085,01,MON?
2026/09/01 21:54:00,36618086,79.2,,CONSTANT,0
2026/09/01 21:54:10,36628225,01,MON?
2026/09/01 21:54:10,36628227,80.4,,CONSTANT,0
2026/09/01 21:54:20,36638365,01,MON?
2026/09/01 21:54:20,36638367,80.0,,CONSTANT,0
2026/09/01 21:54:30,36648505,01,MON?
2026/09/01 21:54:30,36648507,79.2,,CONSTANT,0
2026/09/01 21:54:40,36658645,01,MON?
2026/09/01 21:54:40,36658647,79.3,,CONSTANT,0
2026/09/01 21:54:50,36668784,01,MON?
2026/09/01 21:54:50,36668785,79.3,,CONSTANT,0
2026/09/01 21:55:00,36678925,01,MON?
2026/09/01 21:55:00,36678926,79.4,,CONSTANT,0
2026/09/01 21:55:11,36689065,01,MON?
2026/09/01 21:55:11,36689066,80.9,,CONSTANT,0
2026/09/01 21:55:14,36692107,ÇoÇbÇ…ÇÊÇÈÅBÉâÉìÉvâ^ì]èIóπ
2026/09/01 21:55:14,36692108,01,TEMP,S80.0
2026/09/01 21:55:14,36692110,OK:01,TEMP,S80.0
2026/09/01 21:55:14,36692327,01,TEMP,S80.0
2026/09/01 21:55:14,36692329,OK:01,TEMP,S80.0
2026/09/01 21:55:14,36692330,01,MODE,CONSTANT
2026/09/01 21:55:14,36692332,OK:01,MODE,CONSTANT
2026/09/01 21:55:14,36692333,01,SET,REF1
2026/09/01 21:55:14,36692334,OK:01,SET,REF1
2026/09/01 21:55:16,36694353,01,TEMP,S79.9
2026/09/01 21:55:16,36694356,OK:01,TEMP,S79.9
2026/09/01 21:55:21,36699423,01,MON?
2026/09/01 21:55:21,36699424,79.8,,CONSTANT,0
2026/09/01 21:55:22,36700437,01,TEMP,S79.8
2026/09/01 21:55:22,36700445,OK:01,TEMP,S79.8
2026/09/01 21:55:28,36706521,01,TEMP,S79.7
2026/09/01 21:55:28,36706527,OK:01,TEMP,S79.7
2026/09/01 21:55:31,36709563,01,MON?
2026/09/01 21:55:31,36709565,79.2,,CONSTANT,0
2026/09/01 21:55:34,36712606,01,TEMP,S79.6
2026/09/01 21:55:34,36712607,OK:01,TEMP,S79.6
2026/09/01 21:55:40,36718689,01,TEMP,S79.5
2026/09/01 21:55:40,36718696,OK:01,TEMP,S79.5
2026/09/01 21:55:41,36719703,01,MON?
2026/09/01 21:55:41,36719704,79.8,,CONSTANT,0
2026/09/01 21:55:46,36724773,01,TEMP,S79.4
2026/09/01 21:55:46,36724775,OK:01,TEMP,S79.4
2026/09/01 21:55:51,36729845,01,MON?
2026/09/01 21:55:51,36729847,78.4,,CONSTANT,0
2026/09/01 21:55:52,36730858,01,TEMP,S79.3
2026/09/01 21:55:52,36730859,OK:01,TEMP,S79.3
2026/09/01 21:55:58,36736941,01,TEMP,S79.2
2026/09/01 21:55:58,36736942,OK:01,TEMP,S79.2
2026/09/01 21:56:02,36739984,01,MON?
2026/09/01 21:56:02,36739986,79.5,,CONSTANT,0
2026/09/01 21:56:05,36743025,01,TEMP,S79.1
2026/09/01 21:56:05,36743027,OK:01,TEMP,S79.1
2026/09/01 21:56:11,36749110,01,TEMP,S79.0
2026/09/01 21:56:11,36749111,OK:01,TEMP,S79.0
2026/09/01 21:56:12,36750124,01,MON?
2026/09/01 21:56:12,36750126,79.3,,CONSTANT,0
2026/09/01 21:56:17,36755194,01,TEMP,S78.9
2026/09/01 21:56:17,36755201,OK:01,TEMP,S78.9
2026/09/01 21:56:22,36760263,01,MON?
2026/09/01 21:56:22,36760265,79.9,,CONSTANT,0
2026/09/01 21:56:23,36761278,01,TEMP,S78.8
2026/09/01 21:56:23,36761279,OK:01,TEMP,S78.8
2026/09/01 21:56:29,36767363,01,TEMP,S78.7
2026/09/01 21:56:29,36767365,OK:01,TEMP,S78.7
2026/09/01 21:56:32,36770403,01,MON?
2026/09/01 21:56:32,36770405,78.7,,CONSTANT,0
2026/09/01 21:56:34,36772431,01,TEMP,S78.6
2026/09/01 21:56:34,36772433,OK:01,TEMP,S78.6
2026/09/01 21:56:40,36778516,01,TEMP,S78.5
2026/09/01 21:56:40,36778522,OK:01,TEMP,S78.5
2026/09/01 21:56:42,36780544,01,MON?
2026/09/01 21:56:42,36780546,78.0,,CONSTANT,0
2026/09/01 21:56:46,36784600,01,TEMP,S78.4
2026/09/01 21:56:46,36784606,OK:01,TEMP,S78.4
2026/09/01 21:56:52,36790683,01,MON?
2026/09/01 21:56:52,36790685,78.7,,CONSTANT,0
2026/09/01 21:56:52,36790686,01,TEMP,S78.3
2026/09/01 21:56:52,36790687,OK:01,TEMP,S78.3
2026/09/01 21:56:58,36796767,01,TEMP,S78.2
2026/09/01 21:56:58,36796769,OK:01,TEMP,S78.2
2026/09/01 21:57:02,36800824,01,MON?
2026/09/01 21:57:02,36800826,77.6,,CONSTANT,0
2026/09/01 21:57:04,36802852,01,TEMP,S78.1
2026/09/01 21:57:04,36802858,OK:01,TEMP,S78.1
2026/09/01 21:57:10,36808936,01,TEMP,S78.0
2026/09/01 21:57:10,36808938,OK:01,TEMP,S78.0
2026/09/01 21:57:12,36810963,01,MON?
2026/09/01 21:57:12,36810965,77.8,,CONSTANT,0
2026/09/01 21:57:17,36815019,01,TEMP,S77.9
2026/09/01 21:57:17,36815026,OK:01,TEMP,S77.9
2026/09/01 21:57:23,36821104,01,MON?
2026/09/01 21:57:23,36821106,78.5,,CONSTANT,0
2026/09/01 21:57:23,36821107,01,TEMP,S77.8
2026/09/01 21:57:23,36821108,OK:01,TEMP,S77.8
2026/09/01 21:57:29,36827188,01,TEMP,S77.7
2026/09/01 21:57:29,36827190,OK:01,TEMP,S77.7
2026/09/01 21:57:33,36831243,01,MON?
2026/09/01 21:57:33,36831245,78.5,,CONSTANT,0
2026/09/01 21:57:35,36833272,01,TEMP,S77.6
2026/09/01 21:57:35,36833274,OK:01,TEMP,S77.6
2026/09/01 21:57:41,36839356,01,TEMP,S77.5
2026/09/01 21:57:41,36839362,OK:01,TEMP,S77.5
2026/09/01 21:57:43,36841384,01,MON?
2026/09/01 21:57:43,36841386,78.5,,CONSTANT,0
2026/09/01 21:57:46,36844426,01,TEMP,S77.4
2026/09/01 21:57:46,36844433,OK:01,TEMP,S77.4
2026/09/01 21:57:52,36850510,01,TEMP,S77.3
2026/09/01 21:57:52,36850521,OK:01,TEMP,S77.3
2026/09/01 21:57:53,36851524,01,MON?
2026/09/01 21:57:53,36851526,78.3,,CONSTANT,0
2026/09/01 21:57:58,36856594,01,TEMP,S77.2
2026/09/01 21:57:58,36856595,OK:01,TEMP,S77.2
2026/09/01 21:58:03,36861664,01,MON?
2026/09/01 21:58:03,36861666,76.3,,CONSTANT,0
2026/09/01 21:58:04,36862678,01,TEMP,S77.1
2026/09/01 21:58:04,36862680,OK:01,TEMP,S77.1
2026/09/01 21:58:10,36868763,01,TEMP,S77.0
2026/09/01 21:58:10,36868765,OK:01,TEMP,S77.0
2026/09/01 21:58:13,36871804,01,MON?
2026/09/01 21:58:13,36871806,76.8,,CONSTANT,0
2026/09/01 21:58:16,36874847,01,TEMP,S76.9
2026/09/01 21:58:16,36874849,OK:01,TEMP,S76.9
2026/09/01 21:58:22,36880930,01,TEMP,S76.8
2026/09/01 21:58:22,36880932,OK:01,TEMP,S76.8
2026/09/01 21:58:23,36881945,01,MON?
2026/09/01 21:58:23,36881947,77.1,,CONSTANT,0
2026/09/01 21:58:29,36887015,01,TEMP,S76.7
2026/09/01 21:58:29,36887016,OK:01,TEMP,S76.7
2026/09/01 21:58:34,36892085,01,MON?
2026/09/01 21:58:34,36892086,76.9,,CONSTANT,0
2026/09/01 21:58:35,36893099,01,TEMP,S76.6
2026/09/01 21:58:35,36893101,OK:01,TEMP,S76.6
2026/09/01 21:58:41,36899183,01,TEMP,S76.5
2026/09/01 21:58:41,36899185,OK:01,TEMP,S76.5
2026/09/01 21:58:44,36902225,01,MON?
2026/09/01 21:58:44,36902227,75.5,,CONSTANT,0
2026/09/01 21:58:47,36905267,01,TEMP,S76.4
2026/09/01 21:58:47,36905273,OK:01,TEMP,S76.4
2026/09/01 21:58:53,36911350,01,TEMP,S76.3
2026/09/01 21:58:53,36911352,OK:01,TEMP,S76.3
2026/09/01 21:58:54,36912365,01,MON?
2026/09/01 21:58:54,36912367,76.4,,CONSTANT,0
2026/09/01 21:58:58,36916420,01,TEMP,S76.2
2026/09/01 21:58:58,36916426,OK:01,TEMP,S76.2
2026/09/01 21:59:04,36922506,01,MON?
2026/09/01 21:59:04,36922507,76.0,,CONSTANT,0
2026/09/01 21:59:04,36922508,01,TEMP,S76.1
2026/09/01 21:59:04,36922508,OK:01,TEMP,S76.1
2026/09/01 21:59:10,36928589,01,TEMP,S76.0
2026/09/01 21:59:10,36928590,OK:01,TEMP,S76.0
2026/09/01 21:59:14,36932644,01,MON?
2026/09/01 21:59:14,36932646,75.9,,CONSTANT,0
2026/09/01 21:59:16,36934673,01,TEMP,S75.9
2026/09/01 21:59:16,36934675,OK:01,TEMP,S75.9
2026/09/01 21:59:22,36940758,01,TEMP,S75.8
2026/09/01 21:59:22,36940760,OK:01,TEMP,S75.8
2026/09/01 21:59:24,36942785,01,MON?
2026/09/01 21:59:24,36942787,75.3,,CONSTANT,0
2026/09/01 21:59:28,36946841,01,TEMP,S75.7
2026/09/01 21:59:28,36946843,OK:01,TEMP,S75.7
2026/09/01 21:59:34,36952924,01,MON?
2026/09/01 21:59:34,36952930,76.0,,CONSTANT,0
2026/09/01 21:59:34,36952932,01,TEMP,S75.6
2026/09/01 21:59:34,36952933,OK:01,TEMP,S75.6
2026/09/01 21:59:41,36959009,01,TEMP,S75.5
2026/09/01 21:59:41,36959011,OK:01,TEMP,S75.5
2026/09/01 21:59:45,36963065,01,MON?
2026/09/01 21:59:45,36963067,76.5,,CONSTANT,0
2026/09/01 21:59:47,36965093,01,TEMP,S75.4
2026/09/01 21:59:47,36965094,OK:01,TEMP,S75.4
2026/09/01 21:59:53,36971176,01,TEMP,S75.3
2026/09/01 21:59:53,36971183,OK:01,TEMP,S75.3
2026/09/01 21:59:55,36973205,01,MON?
2026/09/01 21:59:55,36973207,75.3,,CONSTANT,0
2026/09/01 21:59:59,36977261,01,TEMP,S75.2
2026/09/01 21:59:59,36977267,OK:01,TEMP,S75.2
