2026/09/02 3:00:05,54983879,01,TEMP,S41.1
2026/09/02 3:00:05,54983921,OK:01,TEMP,S41.1
2026/09/02 3:00:07,54985907,01,MON?
2026/09/02 3:00:07,54985909,41.3,,CONSTANT,0
2026/09/02 3:00:11,54989963,01,TEMP,S41.0
2026/09/02 3:00:11,54989963,OK:01,TEMP,S41.0
2026/09/02 3:00:18,54996047,01,MON?
2026/09/02 3:00:18,54996049,40.1,,CONSTANT,0
2026/09/02 3:00:18,54996050,01,TEMP,S40.9
2026/09/02 3:00:18,54996052,OK:01,TEMP,S40.9
2026/09/02 3:00:24,55002131,01,TEMP,S40.8
2026/09/02 3:00:24,55002137,OK:01,TEMP,S40.8
2026/09/02 3:00:28,55006188,01,MON?
2026/09/02 3:00:28,55006190,41.0,,CONSTANT,0
2026/09/02 3:00:30,55008216,01,TEMP,S40.7
2026/09/02 3:00:30,55008222,OK:01,TEMP,S40.7
2026/09/02 3:00:36,55014300,01,TEMP,S40.6
2026/09/02 3:00:36,55014305,OK:01,TEMP,S40.6
2026/09/02 3:00:38,55016329,01,MON?
2026/09/02 3:00:38,55016335,40.6,,CONSTANT,0
2026/09/02 3:00:42,55020384,01,TEMP,S40.5
2026/09/02 3:00:42,55020390,OK:01,TEMP,S40.5
2026/09/02 3:00:48,55026468,01,MON?
2026/09/02 3:00:48,55026474,40.3,,CONSTANT,0
2026/09/02 3:00:48,55026475,01,TEMP,S40.4
2026/09/02 3:00:48,55026477,OK:01,TEMP,S40.4
2026/09/02 3:00:54,55032551,01,TEMP,S40.3
2026/09/02 3:00:54,55032557,OK:01,TEMP,S40.3
2026/09/02 3:00:58,55036609,01,MON?
2026/09/02 3:00:58,55036611,40.9,,CONSTANT,0
2026/09/02 3:01:00,55038636,01,TEMP,S40.2
2026/09/02 3:01:00,55038642,OK:01,TEMP,S40.2
2026/09/02 3:01:06,55044719,01,TEMP,S40.1
2026/09/02 3:01:06,55044721,OK:01,TEMP,S40.1
2026/09/02 3:01:08,55046747,01,MON?
2026/09/02 3:01:08,55046749,40.5,,CONSTANT,0
2026/09/02 3:01:11,55049790,01,TEMP,S40.0
2026/09/02 3:01:11,55049796,OK:01,TEMP,S40.0
2026/09/02 3:01:17,55055874,01,TEMP,S39.9
2026/09/02 3:01:17,55055874,OK:01,TEMP,S39.9
2026/09/02 3:01:18,55056888,01,MON?
2026/09/02 3:01:18,55056890,39.2,,CONSTANT,0
2026/09/02 3:01:23,55061958,01,TEMP,S39.8
2026/09/02 3:01:23,55061965,OK:01,TEMP,S39.8
2026/09/02 3:01:29,55067027,01,MON?
2026/09/02 3:01:29,55067029,40.3,,CONSTANT,0
2026/09/02 3:01:30,55068043,01,TEMP,S39.7
2026/09/02 3:01:30,55068045,OK:01,TEMP,S39.7
2026/09/02 3:01:36,55074126,01,TEMP,S39.6
2026/09/02 3:01:36,55074131,OK:01,TEMP,S39.6
2026/09/02 3:01:39,55077168,01,MON?
2026/09/02 3:01:39,55077175,40.3,,CONSTANT,0
2026/09/02 3:01:42,55080209,01,TEMP,S39.5
2026/09/02 3:01:42,55080211,OK:01,TEMP,S39.5
2026/09/02 3:01:48,55086294,01,TEMP,S39.4
2026/09/02 3:01:48,55086301,OK:01,TEMP,S39.4
2026/09/02 3:01:49,55087308,01,MON?
2026/09/02 3:01:49,55087310,39.3,,CONSTANT,0
2026/09/02 3:01:54,55092378,01,TEMP,S39.3
2026/09/02 3:01:54,55092385,OK:01,TEMP,S39.3
2026/09/02 3:01:59,55097448,01,MON?
2026/09/02 3:01:59,55097455,38.3,,CONSTANT,0
2026/09/02 3:02:00,55098461,01,TEMP,S39.2
2026/09/02 3:02:00,55098463,OK:01,TEMP,S39.2
2026/09/02 3:02:06,55104546,01,TEMP,S39.1
2026/09/02 3:02:06,55104552,OK:01,TEMP,S39.1
2026/09/02 3:02:09,55107588,01,MON?
2026/09/02 3:02:09,55107590,38.1,,CONSTANT,0
2026/09/02 3:02:12,55110630,01,TEMP,S39.0
2026/09/02 3:02:12,55110631,OK:01,TEMP,S39.0
2026/09/02 3:02:18,55116714,01,TEMP,S38.9
2026/09/02 3:02:18,55116716,OK:01,TEMP,S38.9
2026/09/02 3:02:19,55117727,01,MON?
2026/09/02 3:02:19,55117730,38.4,,CONSTANT,0
2026/09/02 3:02:24,55122798,01,TEMP,S38.8
2026/09/02 3:02:24,55122798,OK:01,TEMP,S38.8
2026/09/02 3:02:29,55127868,01,MON?
2026/09/02 3:02:29,55127870,39.6,,CONSTANT,0
2026/09/02 3:02:29,55127871,01,TEMP,S38.7
2026/09/02 3:02:29,55127872,OK:01,TEMP,S38.7
2026/09/02 3:02:35,55133952,01,TEMP,S38.6
2026/09/02 3:02:35,55133954,OK:01,TEMP,S38.6
2026/09/02 3:02:40,55138008,01,MON?
2026/09/02 3:02:40,55138010,39.1,,CONSTANT,0
2026/09/02 3:02:42,55140036,01,TEMP,S38.5
2026/09/02 3:02:42,55140043,OK:01,TEMP,S38.5
2026/09/02 3:02:48,55146120,01,TEMP,S38.4
2026/09/02 3:02:48,55146128,OK:01,TEMP,S38.4
2026/09/02 3:02:50,55148148,01,MON?
2026/09/02 3:02:50,55148155,37.7,,CONSTANT,0
2026/09/02 3:02:54,55152204,01,TEMP,S38.3
2026/09/02 3:02:54,55152211,OK:01,TEMP,S38.3
2026/09/02 3:03:00,55158288,01,MON?
2026/09/02 3:03:00,55158299,39.0,,CONSTANT,0
2026/09/02 3:03:00,55158301,01,TEMP,S38.2
2026/09/02 3:03:00,55158302,OK:01,TEMP,S38.2
2026/09/02 3:03:06,55164372,01,TEMP,S38.1
2026/09/02 3:03:06,55164374,OK:01,TEMP,S38.1
2026/09/02 3:03:10,55168428,01,MON?
2026/09/02 3:03:10,55168430,38.2,,CONSTANT,0
2026/09/02 3:03:12,55170457,01,TEMP,S38.0
2026/09/02 3:03:12,55170459,OK:01,TEMP,S38.0
2026/09/02 3:03:18,55176541,01,TEMP,S37.9
2026/09/02 3:03:18,55176543,OK:01,TEMP,S37.9
2026/09/02 3:03:20,55178569,01,MON?
2026/09/02 3:03:20,55178571,38.8,,CONSTANT,0
2026/09/02 3:03:24,55182624,01,TEMP,S37.8
2026/09/02 3:03:24,55182626,OK:01,TEMP,S37.8
2026/09/02 3:03:30,55188708,01,MON?
2026/09/02 3:03:30,55188708,38.2,,CONSTANT,0
2026/09/02 3:03:30,55188709,01,TEMP,S37.7
2026/09/02 3:03:30,55188709,OK:01,TEMP,S37.7
2026/09/02 3:03:36,55194794,01,TEMP,S37.6
2026/09/02 3:03:36,55194795,OK:01,TEMP,S37.6
2026/09/02 3:03:40,55198849,01,MON?
2026/09/02 3:03:40,55198851,38.0,,CONSTANT,0
2026/09/02 3:03:41,55199862,01,TEMP,S37.5
2026/09/02 3:03:41,55199864,OK:01,TEMP,S37.5
2026/09/02 3:03:47,55205946,01,TEMP,S37.4
2026/09/02 3:03:47,55205953,OK:01,TEMP,S37.4
2026/09/02 3:03:51,55208990,01,MON?
2026/09/02 3:03:51,55208992,37.6,,CONSTANT,0
2026/09/02 3:03:54,55212032,01,TEMP,S37.3
2026/09/02 3:03:54,55212040,OK:01,TEMP,S37.3
2026/09/02 3:04:00,55218115,01,TEMP,S37.2
2026/09/02 3:04:00,55218117,OK:01,TEMP,S37.2
2026/09/02 3:04:01,55219129,01,MON?
2026/09/02 3:04:01,55219131,37.6,,CONSTANT,0
2026/09/02 3:04:06,55224198,01,TEMP,S37.1
2026/09/02 3:04:06,55224205,OK:01,TEMP,S37.1
2026/09/02 3:04:11,55229269,01,MON?
2026/09/02 3:04:11,55229271,36.6,,CONSTANT,0
2026/09/02 3:04:12,55230283,01,TEMP,S37.0
2026/09/02 3:04:12,55230285,OK:01,TEMP,S37.0
2026/09/02 3:04:18,55236366,01,TEMP,S36.9
2026/09/02 3:04:18,55236373,OK:01,TEMP,S36.9
2026/09/02 3:04:21,55239408,01,MON?
2026/09/02 3:04:21,55239409,36.2,,CONSTANT,0
2026/09/02 3:04:24,55242450,01,TEMP,S36.8
2026/09/02 3:04:24,55242457,OK:01,TEMP,S36.8
2026/09/02 3:04:30,55248535,01,TEMP,S36.7
2026/09/02 3:04:30,55248537,OK:01,TEMP,S36.7
2026/09/02 3:04:31,55249549,01,MON?
2026/09/02 3:04:31,55249551,35.8,,CONSTANT,0
2026/09/02 3:04:36,55254619,01,TEMP,S36.6
2026/09/02 3:04:36,55254621,OK:01,TEMP,S36.6
2026/09/02 3:04:41,55259688,01,MON?
2026/09/02 3:04:41,55259690,36.4,,CONSTANT,0
2026/09/02 3:04:42,55260703,01,TEMP,S36.5
2026/09/02 3:04:42,55260705,OK:01,TEMP,S36.5
2026/09/02 3:04:48,55266787,01,TEMP,S36.4
2026/09/02 3:04:48,55266789,OK:01,TEMP,S36.4
2026/09/02 3:04:51,55269829,01,MON?
2026/09/02 3:04:51,55269829,36.5,,CONSTANT,0
2026/09/02 3:04:53,55271857,01,TEMP,S36.3
2026/09/02 3:04:53,55271861,OK:01,TEMP,S36.3
2026/09/02 3:04:59,55277941,01,TEMP,S36.2
2026/09/02 3:04:59,55277943,OK:01,TEMP,S36.2
2026/09/02 3:05:01,55279969,01,MON?
2026/09/02 3:05:01,55279971,35.8,,CONSTANT,0
2026/09/02 3:05:06,55284025,01,TEMP,S36.1
2026/09/02 3:05:06,55284029,OK:01,TEMP,S36.1
2026/09/02 3:05:12,55290109,01,MON?
2026/09/02 3:05:12,55290111,36.0,,CONSTANT,0
2026/09/02 3:05:12,55290112,01,TEMP,S36.0
2026/09/02 3:05:12,55290114,OK:01,TEMP,S36.0
2026/09/02 3:05:18,55296193,01,TEMP,S35.9
2026/09/02 3:05:18,55296195,OK:01,TEMP,S35.9
2026/09/02 3:05:22,55300250,01,MON?
2026/09/02 3:05:22,55300252,35.2,,CONSTANT,0
2026/09/02 3:05:24,55302278,01,TEMP,S35.8
2026/09/02 3:05:24,55302281,OK:01,TEMP,S35.8
2026/09/02 3:05:30,55308361,01,TEMP,S35.7
2026/09/02 3:05:30,55308363,OK:01,TEMP,S35.7
2026/09/02 3:05:32,55310389,01,MON?
2026/09/02 3:05:32,55310391,35.3,,CONSTANT,0
2026/09/02 3:05:36,55314446,01,TEMP,S35.6
2026/09/02 3:05:36,55314453,OK:01,TEMP,S35.6
2026/09/02 3:05:42,55320529,01,MON?
2026/09/02 3:05:42,55320531,35.0,,CONSTANT,0
2026/09/02 3:05:42,55320537,01,TEMP,S35.5
2026/09/02 3:05:42,55320539,OK:01,TEMP,S35.5
2026/09/02 3:05:48,55326614,01,TEMP,S35.4
2026/09/02 3:05:48,55326615,OK:01,TEMP,S35.4
2026/09/02 3:05:52,55330671,01,MON?
2026/09/02 3:05:52,55330673,35.2,,CONSTANT,0
2026/09/02 3:05:54,55332699,01,TEMP,S35.3
2026/09/02 3:05:54,55332701,OK:01,TEMP,S35.3
2026/09/02 3:06:00,55338781,01,TEMP,S35.2
2026/09/02 3:06:00,55338782,OK:01,TEMP,S35.2
2026/09/02 3:06:02,55340810,01,MON?
2026/09/02 3:06:02,55340811,34.4,,CONSTANT,0
2026/09/02 3:06:06,55344865,01,TEMP,S35.1
2026/09/02 3:06:06,55344867,OK:01,TEMP,S35.1
2026/09/02 3:06:11,55349936,01,TEMP,S35.0
2026/09/02 3:06:11,55349938,OK:01,TEMP,S35.0
2026/09/02 3:06:12,55350951,01,MON?
2026/09/02 3:06:12,55350953,34.9,,CONSTANT,0
2026/09/02 3:06:18,55356019,01,TEMP,S34.9
2026/09/02 3:06:18,55356021,OK:01,TEMP,S34.9
2026/09/02 3:06:23,55361090,01,MON?
2026/09/02 3:06:23,55361092,35.8,,CONSTANT,0
2026/09/02 3:06:24,55362104,01,TEMP,S34.8
2026/09/02 3:06:24,55362106,OK:01,TEMP,S34.8
2026/09/02 3:06:30,55368189,01,TEMP,S34.7
2026/09/02 3:06:30,55368191,OK:01,TEMP,S34.7
2026/09/02 3:06:33,55371230,01,MON?
2026/09/02 3:06:33,55371232,34.1,,CONSTANT,0
2026/09/02 3:06:36,55374272,01,TEMP,S34.6
2026/09/02 3:06:36,55374278,OK:01,TEMP,S34.6
2026/09/02 3:06:42,55380356,01,TEMP,S34.5
2026/09/02 3:06:42,55380358,OK:01,TEMP,S34.5
2026/09/02 3:06:43,55381370,01,MON?
2026/09/02 3:06:43,55381372,35.2,,CONSTANT,0
2026/09/02 3:06:48,55386441,01,TEMP,S34.4
2026/09/02 3:06:48,55386448,OK:01,TEMP,S34.4
2026/09/02 3:06:53,55391510,01,MON?
2026/09/02 3:06:53,55391512,35.3,,CONSTANT,0
2026/09/02 3:06:54,55392524,01,TEMP,S34.3
2026/09/02 3:06:54,55392526,OK:01,TEMP,S34.3
2026/09/02 3:07:00,55398607,01,TEMP,S34.2
2026/09/02 3:07:00,55398609,OK:01,TEMP,S34.2
2026/09/02 3:07:03,55401650,01,MON?
2026/09/02 3:07:03,55401652,34.9,,CONSTANT,0
2026/09/02 3:07:06,55404692,01,TEMP,S34.1
2026/09/02 3:07:06,55404699,OK:01,TEMP,S34.1
2026/09/02 3:07:12,55410776,01,TEMP,S34.0
2026/09/02 3:07:12,55410778,OK:01,TEMP,S34.0
2026/09/02 3:07:13,55411790,01,MON?
2026/09/02 3:07:13,55411792,33.9,,CONSTANT,0
2026/09/02 3:07:18,55416859,01,TEMP,S33.9
2026/09/02 3:07:18,55416866,OK:01,TEMP,S33.9
2026/09/02 3:07:23,55421930,01,MON?
2026/09/02 3:07:23,55421932,33.0,,CONSTANT,0
2026/09/02 3:07:23,55421933,01,TEMP,S33.8
2026/09/02 3:07:23,55421935,OK:01,TEMP,S33.8
2026/09/02 3:07:30,55428014,01,TEMP,S33.7
2026/09/02 3:07:30,55428016,OK:01,TEMP,S33.7
2026/09/02 3:07:34,55432070,01,MON?
2026/09/02 3:07:34,55432077,33.7,,CONSTANT,0
2026/09/02 3:07:36,55434097,01,TEMP,S33.6
2026/09/02 3:07:36,55434098,OK:01,TEMP,S33.6
2026/09/02 3:07:42,55440182,01,TEMP,S33.5
2026/09/02 3:07:42,55440184,OK:01,TEMP,S33.5
2026/09/02 3:07:44,55442210,01,MON?
2026/09/02 3:07:44,55442212,33.1,,CONSTANT,0
2026/09/02 3:07:48,55446266,01,TEMP,S33.4
2026/09/02 3:07:48,55446266,OK:01,TEMP,S33.4
2026/09/02 3:07:54,55452349,01,MON?
2026/09/02 3:07:54,55452351,34.3,,CONSTANT,0
2026/09/02 3:07:54,55452352,01,TEMP,S33.3
2026/09/02 3:07:54,55452353,OK:01,TEMP,S33.3
2026/09/02 3:08:00,55458434,01,TEMP,S33.2
2026/09/02 3:08:00,55458436,OK:01,TEMP,S33.2
2026/09/02 3:08:04,55462491,01,MON?
2026/09/02 3:08:04,55462493,32.8,,CONSTANT,0
2026/09/02 3:08:06,55464518,01,TEMP,S33.1
2026/09/02 3:08:06,55464520,OK:01,TEMP,S33.1
2026/09/02 3:08:12,55470603,01,TEMP,S33.0
2026/09/02 3:08:12,55470605,OK:01,TEMP,S33.0
2026/09/02 3:08:14,55472630,01,MON?
2026/09/02 3:08:14,55472632,32.9,,CONSTANT,0
2026/09/02 3:08:18,55476687,01,TEMP,S32.9
2026/09/02 3:08:18,55476689,OK:01,TEMP,S32.9
2026/09/02 3:08:24,55482770,01,MON?
2026/09/02 3:08:24,55482771,32.0,,CONSTANT,0
2026/09/02 3:08:24,55482773,01,TEMP,S32.8
2026/09/02 3:08:24,55482774,OK:01,TEMP,S32.8
2026/09/02 3:08:30,55488856,01,TEMP,S32.7
2026/09/02 3:08:30,55488857,OK:01,TEMP,S32.7
2026/09/02 3:08:34,55492911,01,MON?
2026/09/02 3:08:34,55492913,32.8,,CONSTANT,0
2026/09/02 3:08:36,55494938,01,TEMP,S32.6
2026/09/02 3:08:36,55494939,OK:01,TEMP,S32.6
2026/09/02 3:08:42,55500008,01,TEMP,S32.5
2026/09/02 3:08:42,55500009,OK:01,TEMP,S32.5
2026/09/02 3:08:45,55503050,01,MON?
2026/09/02 3:08:45,55503052,32.0,,CONSTANT,0
2026/09/02 3:08:48,55506094,01,TEMP,S32.4
2026/09/02 3:08:48,55506094,OK:01,TEMP,S32.4
2026/09/02 3:08:54,55512176,01,TEMP,S32.3
2026/09/02 3:08:54,55512177,OK:01,TEMP,S32.3
2026/09/02 3:08:55,55513191,01,MON?
2026/09/02 3:08:55,55513192,32.5,,CONSTANT,0
2026/09/02 3:09:00,55518260,01,TEMP,S32.2
2026/09/02 3:09:00,55518266,OK:01,TEMP,S32.2
2026/09/02 3:09:05,55523331,01,MON?
2026/09/02 3:09:05,55523332,32.7,,CONSTANT,0
2026/09/02 3:09:06,55524346,01,TEMP,S32.1
2026/09/02 3:09:06,55524348,OK:01,TEMP,S32.1
2026/09/02 3:09:12,55530429,01,TEMP,S32.0
2026/09/02 3:09:12,55530431,OK:01,TEMP,S32.0
2026/09/02 3:09:15,55533470,01,MON?
2026/09/02 3:09:15,55533472,32.4,,CONSTANT,0
2026/09/02 3:09:18,55536513,01,TEMP,S31.9
2026/09/02 3:09:18,55536521,OK:01,TEMP,S31.9
2026/09/02 3:09:24,55542598,01,TEMP,S31.8
2026/09/02 3:09:24,55542600,OK:01,TEMP,S31.8
2026/09/02 3:09:25,55543611,01,MON?
2026/09/02 3:09:25,55543612,30.9,,CONSTANT,0
2026/09/02 3:09:30,55548681,01,TEMP,S31.7
2026/09/02 3:09:30,55548688,OK:01,TEMP,S31.7
2026/09/02 3:09:35,55553750,01,MON?
2026/09/02 3:09:35,55553752,31.0,,CONSTANT,0
2026/09/02 3:09:36,55554764,01,TEMP,S31.6
2026/09/02 3:09:36,55554765,OK:01,TEMP,S31.6
2026/09/02 3:09:42,55560849,01,TEMP,S31.5
2026/09/02 3:09:42,55560850,OK:01,TEMP,S31.5
2026/09/02 3:09:45,55563891,01,MON?
2026/09/02 3:09:45,55563897,31.2,,CONSTANT,0
2026/09/02 3:09:48,55566933,01,TEMP,S31.4
2026/09/02 3:09:48,55566940,OK:01,TEMP,S31.4
2026/09/02 3:09:54,55572002,01,TEMP,S31.3
2026/09/02 3:09:54,55572003,OK:01,TEMP,S31.3
2026/09/02 3:09:56,55574030,01,MON?
2026/09/02 3:09:56,55574032,30.7,,CONSTANT,0
2026/09/02 3:10:00,55578087,01,TEMP,S31.2
2026/09/02 3:10:00,55578089,OK:01,TEMP,S31.2
2026/09/02 3:10:06,55584171,01,MON?
2026/09/02 3:10:06,55584172,31.6,,CONSTANT,0
2026/09/02 3:10:06,55584174,01,TEMP,S31.1
2026/09/02 3:10:06,55584175,OK:01,TEMP,S31.1
2026/09/02 3:10:12,55590254,01,TEMP,S31.0
2026/09/02 3:10:12,55590256,OK:01,TEMP,S31.0
2026/09/02 3:10:16,55594311,01,MON?
2026/09/02 3:10:16,55594311,30.4,,CONSTANT,0
2026/09/02 3:10:18,55596339,01,TEMP,S30.9
2026/09/02 3:10:18,55596346,OK:01,TEMP,S30.9
2026/09/02 3:10:24,55602423,01,TEMP,S30.8
2026/09/02 3:10:24,55602425,OK:01,TEMP,S30.8
2026/09/02 3:10:26,55604451,01,MON?
2026/09/02 3:10:26,55604453,31.0,,CONSTANT,0
2026/09/02 3:10:30,55608507,01,TEMP,S30.7
2026/09/02 3:10:30,55608507,OK:01,TEMP,S30.7
2026/09/02 3:10:36,55614592,01,MON?
2026/09/02 3:10:36,55614594,31.3,,CONSTANT,0
2026/09/02 3:10:36,55614595,01,TEMP,S30.6
2026/09/02 3:10:36,55614596,OK:01,TEMP,S30.6
2026/09/02 3:10:42,55620676,01,TEMP,S30.5
2026/09/02 3:10:42,55620677,OK:01,TEMP,S30.5
2026/09/02 3:10:46,55624732,01,MON?
2026/09/02 3:10:46,55624734,29.9,,CONSTANT,0
2026/09/02 3:10:48,55626760,01,TEMP,S30.4
2026/09/02 3:10:48,55626761,OK:01,TEMP,S30.4
2026/09/02 3:10:54,55632844,01,TEMP,S30.3
2026/09/02 3:10:54,55632846,OK:01,TEMP,S30.3
2026/09/02 3:10:56,55634872,01,MON?
2026/09/02 3:10:56,55634874,30.0,,CONSTANT,0
2026/09/02 3:11:00,55638927,01,TEMP,S30.2
2026/09/02 3:11:00,55638929,OK:01,TEMP,S30.2
2026/09/02 3:11:07,55645013,01,MON?
2026/09/02 3:11:07,55645013,29.7,,CONSTANT,0
2026/09/02 3:11:07,55645014,01,TEMP,S30.1
2026/09/02 3:11:07,55645014,OK:01,TEMP,S30.1
2026/09/02 3:11:12,55650082,01,TEMP,S30.0
2026/09/02 3:11:12,55650084,OK:01,TEMP,S30.0
2026/09/02 3:11:17,55655151,01,MON?
2026/09/02 3:11:17,55655158,29.0,,CONSTANT,0
2026/09/02 3:11:18,55656166,01,TEMP,S29.9
2026/09/02 3:11:18,55656166,OK:01,TEMP,S29.9
2026/09/02 3:11:24,55662249,01,TEMP,S29.8
2026/09/02 3:11:24,55662251,OK:01,TEMP,S29.8
2026/09/02 3:11:27,55665292,01,MON?
2026/09/02 3:11:27,55665293,30.5,,CONSTANT,0
2026/09/02 3:11:30,55668335,01,TEMP,S29.7
2026/09/02 3:11:30,55668337,OK:01,TEMP,S29.7
2026/09/02 3:11:36,55674417,01,TEMP,S29.6
2026/09/02 3:11:36,55674423,OK:01,TEMP,S29.6
2026/09/02 3:11:37,55675432,01,MON?
2026/09/02 3:11:37,55675434,29.0,,CONSTANT,0
2026/09/02 3:11:42,55680503,01,TEMP,S29.5
2026/09/02 3:11:42,55680510,OK:01,TEMP,S29.5
2026/09/02 3:11:47,55685572,01,MON?
2026/09/02 3:11:47,55685574,28.5,,CONSTANT,0
2026/09/02 3:11:48,55686586,01,TEMP,S29.4
2026/09/02 3:11:48,55686587,OK:01,TEMP,S29.4
2026/09/02 3:11:54,55692669,01,TEMP,S29.3
2026/09/02 3:11:54,55692669,OK:01,TEMP,S29.3
2026/09/02 3:11:57,55695711,01,MON?
2026/09/02 3:11:57,55695713,28.8,,CONSTANT,0
2026/09/02 3:12:00,55698755,01,TEMP,S29.2
2026/09/02 3:12:00,55698762,OK:01,TEMP,S29.2
2026/09/02 3:12:06,55704838,01,TEMP,S29.1
2026/09/02 3:12:06,55704840,OK:01,TEMP,S29.1
2026/09/02 3:12:07,55705852,01,MON?
2026/09/02 3:12:07,55705853,28.8,,CONSTANT,0
2026/09/02 3:12:12,55710921,01,TEMP,S29.0
2026/09/02 3:12:12,55710923,OK:01,TEMP,S29.0
2026/09/02 3:12:18,55715992,01,MON?
2026/09/02 3:12:18,55715994,28.6,,CONSTANT,0
2026/09/02 3:12:19,55717006,01,TEMP,S28.9
2026/09/02 3:12:19,55717006,OK:01,TEMP,S28.9
2026/09/02 3:12:24,55722076,01,TEMP,S28.8
2026/09/02 3:12:24,55722083,OK:01,TEMP,S28.8
2026/09/02 3:12:28,55726132,01,MON?
2026/09/02 3:12:28,55726133,29.7,,CONSTANT,0
2026/09/02 3:12:30,55728160,01,TEMP,S28.7
2026/09/02 3:12:30,55728161,OK:01,TEMP,S28.7
2026/09/02 3:12:36,55734244,01,TEMP,S28.6
2026/09/02 3:12:36,55734252,OK:01,TEMP,S28.6
2026/09/02 3:12:38,55736272,01,MON?
2026/09/02 3:12:38,55736274,28.9,,CONSTANT,0
2026/09/02 3:12:42,55740328,01,TEMP,S28.5
2026/09/02 3:12:42,55740330,OK:01,TEMP,S28.5
2026/09/02 3:12:48,55746412,01,MON?
2026/09/02 3:12:48,55746413,27.8,,CONSTANT,0
2026/09/02 3:12:48,55746415,01,TEMP,S28.4
2026/09/02 3:12:48,55746416,OK:01,TEMP,S28.4
2026/09/02 3:12:54,55752496,01,TEMP,S28.3
2026/09/02 3:12:54,55752497,OK:01,TEMP,S28.3
2026/09/02 3:12:58,55756552,01,MON?
2026/09/02 3:12:58,55756554,27.6,,CONSTANT,0
2026/09/02 3:13:00,55758580,01,TEMP,S28.2
2026/09/02 3:13:00,55758582,OK:01,TEMP,S28.2
2026/09/02 3:13:06,55764664,01,TEMP,S28.1
2026/09/02 3:13:06,55764666,OK:01,TEMP,S28.1
2026/09/02 3:13:08,55766693,01,MON?
2026/09/02 3:13:08,55766695,27.6,,CONSTANT,0
2026/09/02 3:13:12,55770749,01,TEMP,S28.0
2026/09/02 3:13:12,55770750,OK:01,TEMP,S28.0
2026/09/02 3:13:18,55776833,01,MON?
2026/09/02 3:13:18,55776835,28.5,,CONSTANT,0
2026/09/02 3:13:18,55776837,01,TEMP,S27.9
2026/09/02 3:13:18,55776838,OK:01,TEMP,S27.9
2026/09/02 3:13:24,55782917,01,TEMP,S27.8
2026/09/02 3:13:24,55782917,OK:01,TEMP,S27.8
2026/09/02 3:13:28,55786973,01,MON?
2026/09/02 3:13:28,55786975,27.6,,CONSTANT,0
2026/09/02 3:13:31,55789001,01,TEMP,S27.7
2026/09/02 3:13:31,55789003,OK:01,TEMP,S27.7
2026/09/02 3:13:37,55795085,01,TEMP,S27.6
2026/09/02 3:13:37,55795087,OK:01,TEMP,S27.6
2026/09/02 3:13:39,55797112,01,MON?
2026/09/02 3:13:39,55797116,27.1,,CONSTANT,0
2026/09/02 3:13:42,55800155,01,TEMP,S27.5
2026/09/02 3:13:42,55800162,OK:01,TEMP,S27.5
2026/09/02 3:13:48,55806240,01,TEMP,S27.4
2026/09/02 3:13:48,55806242,OK:01,TEMP,S27.4
2026/09/02 3:13:49,55807253,01,MON?
2026/09/02 3:13:49,55807255,27.5,,CONSTANT,0
2026/09/02 3:13:54,55812322,01,TEMP,S27.3
2026/09/02 3:13:54,55812330,OK:01,TEMP,S27.3
2026/09/02 3:13:59,55817392,01,MON?
2026/09/02 3:13:59,55817394,26.8,,CONSTANT,0
2026/09/02 3:14:00,55818406,01,TEMP,S27.2
2026/09/02 3:14:00,55818408,OK:01,TEMP,S27.2
2026/09/02 3:14:06,55824492,01,TEMP,S27.1
2026/09/02 3:14:06,55824494,OK:01,TEMP,S27.1
2026/09/02 3:14:09,55827532,01,MON?
2026/09/02 3:14:09,55827534,27.3,,CONSTANT,0
2026/09/02 3:14:12,55830575,01,TEMP,S27.0
2026/09/02 3:14:12,55830582,OK:01,TEMP,S27.0
2026/09/02 3:14:18,55836659,01,TEMP,S26.9
2026/09/02 3:14:18,55836661,OK:01,TEMP,S26.9
2026/09/02 3:14:19,55837674,01,MON?
2026/09/02 3:14:19,55837676,26.9,,CONSTANT,0
2026/09/02 3:14:24,55842743,01,TEMP,S26.8
2026/09/02 3:14:24,55842744,OK:01,TEMP,S26.8
2026/09/02 3:14:29,55847812,01,MON?
2026/09/02 3:14:29,55847814,26.5,,CONSTANT,0
2026/09/02 3:14:30,55848826,01,TEMP,S26.7
2026/09/02 3:14:30,55848827,OK:01,TEMP,S26.7
2026/09/02 3:14:36,55854911,01,TEMP,S26.6
2026/09/02 3:14:36,55854913,OK:01,TEMP,S26.6
2026/09/02 3:14:39,55857954,01,MON?
2026/09/02 3:14:39,55857955,27.5,,CONSTANT,0
2026/09/02 3:14:43,55860995,01,TEMP,S26.5
2026/09/02 3:14:43,55861003,OK:01,TEMP,S26.5
2026/09/02 3:14:49,55867078,01,TEMP,S26.4
2026/09/02 3:14:49,55867089,OK:01,TEMP,S26.4
2026/09/02 3:14:50,55868092,01,MON?
2026/09/02 3:14:50,55868094,25.7,,CONSTANT,0
2026/09/02 3:14:54,55872149,01,TEMP,S26.3
2026/09/02 3:14:54,55872156,OK:01,TEMP,S26.3
2026/09/02 3:15:00,55878233,01,MON?
2026/09/02 3:15:00,55878235,26.4,,CONSTANT,0
2026/09/02 3:15:00,55878236,01,TEMP,S26.2
2026/09/02 3:15:00,55878237,OK:01,TEMP,S26.2
2026/09/02 3:15:06,55884317,01,TEMP,S26.1
2026/09/02 3:15:06,55884319,OK:01,TEMP,S26.1
2026/09/02 3:15:10,55888372,01,MON?
2026/09/02 3:15:10,55888374,25.9,,CONSTANT,0
2026/09/02 3:15:12,55890401,01,TEMP,S26.0
2026/09/02 3:15:12,55890403,OK:01,TEMP,S26.0
2026/09/02 3:15:18,55896485,01,TEMP,S25.9
2026/09/02 3:15:18,55896492,OK:01,TEMP,S25.9
2026/09/02 3:15:20,55898513,01,MON?
2026/09/02 3:15:20,55898514,26.6,,CONSTANT,0
2026/09/02 3:15:24,55902569,01,TEMP,S25.8
2026/09/02 3:15:24,55902571,OK:01,TEMP,S25.8
2026/09/02 3:15:30,55908653,01,MON?
2026/09/02 3:15:30,55908655,25.0,,CONSTANT,0
2026/09/02 3:15:30,55908656,01,TEMP,S25.7
2026/09/02 3:15:30,55908657,OK:01,TEMP,S25.7
2026/09/02 3:15:36,55914737,01,TEMP,S25.6
2026/09/02 3:15:36,55914739,OK:01,TEMP,S25.6
2026/09/02 3:15:40,55918793,01,MON?
2026/09/02 3:15:40,55918795,24.8,,CONSTANT,0
2026/09/02 3:15:42,55920821,01,TEMP,S25.5
2026/09/02 3:15:42,55920822,OK:01,TEMP,S25.5
2026/09/02 3:15:48,55926906,01,TEMP,S25.4
2026/09/02 3:15:48,55926908,OK:01,TEMP,S25.4
2026/09/02 3:15:50,55928933,01,MON?
2026/09/02 3:15:50,55928933,24.9,,CONSTANT,0
2026/09/02 3:15:55,55932990,01,TEMP,S25.3
2026/09/02 3:15:55,55932991,OK:01,TEMP,S25.3
2026/09/02 3:16:01,55939073,01,MON?
2026/09/02 3:16:01,55939080,25.3,,CONSTANT,0
2026/09/02 3:16:01,55939082,01,TEMP,S25.2
2026/09/02 3:16:01,55939083,OK:01,TEMP,S25.2
2026/09/02 3:16:06,55944144,01,TEMP,S25.1
2026/09/02 3:16:06,55944146,OK:01,TEMP,S25.1
2026/09/02 3:16:11,55949214,01,MON?
2026/09/02 3:16:11,55949216,25.1,,CONSTANT,0
2026/09/02 3:16:12,55950228,01,TEMP,S25.0
2026/09/02 3:16:12,55950229,OK:01,TEMP,S25.0
2026/09/02 3:16:15,55953269,ÇoÇbÇ…ÇÊÇÈÅBÉâÉìÉvâ^ì]èIóπ
2026/09/02 3:16:15,55953270,01,TEMP,S25.0
2026/09/02 3:16:15,55953272,OK:01,TEMP,S25.0
2026/09/02 3:16:21,55959560,01,MON?
2026/09/02 3:16:21,55959567,24.4,,CONSTANT,0
2026/09/02 3:16:31,55969699,01,MON?
2026/09/02 3:16:31,55969700,24.4,,CONSTANT,0
2026/09/02 3:16:41,55979841,01,MON?
2026/09/02 3:16:41,55979842,25.8,,CONSTANT,0
2026/09/02 3:16:51,55989979,01,MON?
2026/09/02 3:16:51,55989980,25.5,,CONSTANT,0
2026/09/02 3:17:02,56000120,01,MON?
2026/09/02 3:17:02,56000121,24.4,,CONSTANT,0
2026/09/02 3:17:12,56010261,01,MON?
2026/09/02 3:17:12,56010263,24.1,,CONSTANT,0
2026/09/02 3:17:15,56013304,èÄîıäÆóπâèú
2026/09/02 3:17:17,56015341,IP:192.168.1.12 SEND(D) OUTP OFF
