2026/09/02 0:00:05,44183961,01,MON?
2026/09/02 0:00:06,44184008,80.5,,CONSTANT,0
2026/09/02 0:00:16,44194101,01,MON?
2026/09/02 0:00:16,44194103,79.7,,CONSTANT,0
2026/09/02 0:00:26,44204242,01,MON?
2026/09/02 0:00:26,44204248,79.7,,CONSTANT,0
2026/09/02 0:00:36,44214381,01,MON?
2026/09/02 0:00:36,44214383,80.2,,CONSTANT,0
2026/09/02 0:00:46,44224521,01,MON?
2026/09/02 0:00:46,44224527,79.5,,CONSTANT,0
2026/09/02 0:00:56,44234661,01,MON?
2026/09/02 0:00:56,44234663,79.3,,CONSTANT,0
2026/09/02 0:01:06,44244802,01,MON?
2026/09/02 0:01:06,44244804,79.2,,CONSTANT,0
2026/09/02 0:01:16,44254942,01,MON?
2026/09/02 0:01:16,44254944,79.1,,CONSTANT,0
2026/09/02 0:01:27,44265083,01,MON?
2026/09/02 0:01:27,44265085,80.6,,CONSTANT,0
2026/09/02 0:01:37,44275222,01,MON?
2026/09/02 0:01:37,44275224,79.1,,CONSTANT,0
2026/09/02 0:01:47,44285362,01,MON?
2026/09/02 0:01:47,44285364,80.4,,CONSTANT,0
2026/09/02 0:01:57,44295501,01,MON?
2026/09/02 0:01:57,44295503,80.0,,CONSTANT,0
2026/09/02 0:02:07,44305642,01,MON?
2026/09/02 0:02:07,44305644,80.6,,CONSTANT,0
2026/09/02 0:02:17,44315782,01,MON?
2026/09/02 0:02:17,44315784,80.3,,CONSTANT,0
2026/09/02 0:02:27,44325922,01,MON?
2026/09/02 0:02:27,44325924,80.9,,CONSTANT,0
2026/09/02 0:02:38,44336062,01,MON?
2026/09/02 0:02:38,44336064,80.5,,CONSTANT,0
2026/09/02 0:02:48,44346202,01,MON?
2026/09/02 0:02:48,44346208,79.2,,CONSTANT,0
2026/09/02 0:02:58,44356342,01,MON?
2026/09/02 0:02:58,44356344,79.6,,CONSTANT,0
2026/09/02 0:03:08,44366483,01,MON?
2026/09/02 0:03:08,44366489,80.9,,CONSTANT,0
2026/09/02 0:03:18,44376622,01,MON?
2026/09/02 0:03:18,44376624,79.2,,CONSTANT,0
2026/09/02 0:03:28,44386764,01,MON?
2026/09/02 0:03:28,44386766,80.3,,CONSTANT,0
2026/09/02 0:03:38,44396902,01,MON?
2026/09/02 0:03:38,44396904,80.0,,CONSTANT,0
2026/09/02 0:03:49,44407043,01,MON?
2026/09/02 0:03:49,44407043,79.9,,CONSTANT,0
2026/09/02 0:03:59,44417182,01,MON?
2026/09/02 0:03:59,44417184,80.0,,CONSTANT,0
2026/09/02 0:04:09,44427324,01,MON?
2026/09/02 0:04:09,44427326,80.4,,CONSTANT,0
2026/09/02 0:04:19,44437462,01,MON?
2026/09/02 0:04:19,44437464,80.2,,CONSTANT,0
2026/09/02 0:04:29,44447603,01,MON?
2026/09/02 0:04:29,44447604,80.4,,CONSTANT,0
2026/09/02 0:04:39,44457743,01,MON?
2026/09/02 0:04:39,44457745,80.6,,CONSTANT,0
2026/09/02 0:04:49,44467883,01,MON?
2026/09/02 0:04:49,44467885,79.0,,CONSTANT,0
2026/09/02 0:05:00,44478023,01,MON?
2026/09/02 0:05:00,44478025,80.4,,CONSTANT,0
2026/09/02 0:05:10,44488163,01,MON?
2026/09/02 0:05:10,44488169,80.8,,CONSTANT,0
2026/09/02 0:05:20,44498303,01,MON?
2026/09/02 0:05:20,44498309,79.3,,CONSTANT,0
2026/09/02 0:05:30,44508443,01,MON?
2026/09/02 0:05:30,44508447,80.7,,CONSTANT,0
2026/09/02 0:05:40,44518584,01,MON?
2026/09/02 0:05:40,44518591,80.2,,CONSTANT,0
2026/09/02 0:05:50,44528723,01,MON?
2026/09/02 0:05:50,44528725,80.1,,CONSTANT,0
2026/09/02 0:06:00,44538864,01,MON?
2026/09/02 0:06:00,44538866,80.4,,CONSTANT,0
2026/09/02 0:06:11,44549004,01,MON?
2026/09/02 0:06:11,44549006,79.6,,CONSTANT,0
2026/09/02 0:06:21,44559143,01,MON?
2026/09/02 0:06:21,44559145,79.6,,CONSTANT,0
2026/09/02 0:06:31,44569283,01,MON?
2026/09/02 0:06:31,44569285,80.0,,CONSTANT,0
2026/09/02 0:06:41,44579425,01,MON?
2026/09/02 0:06:41,44579427,80.3,,CONSTANT,0
2026/09/02 0:06:51,44589563,01,MON?
2026/09/02 0:06:51,44589565,80.0,,CONSTANT,0
2026/09/02 0:07:01,44599704,01,MON?
2026/09/02 0:07:01,44599706,79.1,,CONSTANT,0
2026/09/02 0:07:11,44609843,01,MON?
2026/09/02 0:07:11,44609844,80.6,,CONSTANT,0
2026/09/02 0:07:14,44612886,ÇoÇbÇ…ÇÊÇÈÅBÉâÉìÉvâ^ì]èIóπ
2026/09/02 0:07:14,44612888,01,TEMP,S80.0
2026/09/02 0:07:14,44612889,OK:01,TEMP,S80.0
2026/09/02 0:07:22,44620221,01,MON?
2026/09/02 0:07:22,44620228,80.7,,CONSTANT,0
2026/09/02 0:07:32,44630361,01,MON?
2026/09/02 0:07:32,44630368,80.0,,CONSTANT,0
2026/09/02 0:07:42,44640501,01,MON?
2026/09/02 0:07:42,44640507,80.5,,CONSTANT,0
2026/09/02 0:07:52,44650640,01,MON?
2026/09/02 0:07:52,44650641,80.0,,CONSTANT,0
2026/09/02 0:08:02,44660781,01,MON?
2026/09/02 0:08:02,44660783,79.1,,CONSTANT,0
2026/09/02 0:08:12,44670922,01,MON?
2026/09/02 0:08:12,44670924,79.6,,CONSTANT,0
2026/09/02 0:08:13,44671944,01,TEMP,S80.0
2026/09/02 0:08:13,44671945,OK:01,TEMP,S80.0
2026/09/02 0:08:13,44671947,01,MODE,CONSTANT
2026/09/02 0:08:13,44671948,OK:01,MODE,CONSTANT
2026/09/02 0:08:13,44671950,01,SET,REF1
2026/09/02 0:08:13,44671951,OK:01,SET,REF1
2026/09/02 0:08:15,44673960,01,TEMP,S79.9
2026/09/02 0:08:15,44673962,OK:01,TEMP,S79.9
2026/09/02 0:08:22,44680044,01,TEMP,S79.8
2026/09/02 0:08:22,44680046,OK:01,TEMP,S79.8
2026/09/02 0:08:23,44681059,01,MON?
2026/09/02 0:08:23,44681061,78.9,,CONSTANT,0
2026/09/02 0:08:28,44686128,01,TEMP,S79.7
2026/09/02 0:08:28,44686135,OK:01,TEMP,S79.7
2026/09/02 0:08:33,44691199,01,MON?
2026/09/02 0:08:33,44691206,80.2,,CONSTANT,0
2026/09/02 0:08:34,44692213,01,TEMP,S79.6
2026/09/02 0:08:34,44692215,OK:01,TEMP,S79.6
2026/09/02 0:08:40,44698296,01,TEMP,S79.5
2026/09/02 0:08:40,44698303,OK:01,TEMP,S79.5
2026/09/02 0:08:43,44701339,01,MON?
2026/09/02 0:08:43,44701346,79.2,,CONSTANT,0
2026/09/02 0:08:46,44704382,01,TEMP,S79.4
2026/09/02 0:08:46,44704384,OK:01,TEMP,S79.4
2026/09/02 0:08:52,44710464,01,TEMP,S79.3
2026/09/02 0:08:52,44710468,OK:01,TEMP,S79.3
2026/09/02 0:08:53,44711478,01,MON?
2026/09/02 0:08:53,44711480,79.7,,CONSTANT,0
2026/09/02 0:08:58,44716548,01,TEMP,S79.2
2026/09/02 0:08:58,44716555,OK:01,TEMP,S79.2
2026/09/02 0:09:03,44721619,01,MON?
2026/09/02 0:09:03,44721621,79.5,,CONSTANT,0
2026/09/02 0:09:04,44722633,01,TEMP,S79.1
2026/09/02 0:09:04,44722633,OK:01,TEMP,S79.1
2026/09/02 0:09:10,44728717,01,TEMP,S79.0
2026/09/02 0:09:10,44728719,OK:01,TEMP,S79.0
2026/09/02 0:09:13,44731759,01,MON?
2026/09/02 0:09:13,44731761,78.6,,CONSTANT,0
2026/09/02 0:09:16,44734800,01,TEMP,S78.9
2026/09/02 0:09:16,44734801,OK:01,TEMP,S78.9
2026/09/02 0:09:22,44740886,01,TEMP,S78.8
2026/09/02 0:09:22,44740888,OK:01,TEMP,S78.8
2026/09/02 0:09:23,44741900,01,MON?
2026/09/02 0:09:23,44741902,78.8,,CONSTANT,0
2026/09/02 0:09:28,44746969,01,TEMP,S78.7
2026/09/02 0:09:28,44746971,OK:01,TEMP,S78.7
2026/09/02 0:09:34,44752038,01,MON?
2026/09/02 0:09:34,44752040,78.2,,CONSTANT,0
2026/09/02 0:09:34,44752041,01,TEMP,S78.6
2026/09/02 0:09:34,44752043,OK:01,TEMP,S78.6
2026/09/02 0:09:40,44758123,01,TEMP,S78.5
2026/09/02 0:09:40,44758129,OK:01,TEMP,S78.5
2026/09/02 0:09:44,44762179,01,MON?
2026/09/02 0:09:44,44762186,78.4,,CONSTANT,0
2026/09/02 0:09:46,44764207,01,TEMP,S78.4
2026/09/02 0:09:46,44764210,OK:01,TEMP,S78.4
2026/09/02 0:09:52,44770291,01,TEMP,S78.3
2026/09/02 0:09:52,44770302,OK:01,TEMP,S78.3
2026/09/02 0:09:54,44772319,01,MON?
2026/09/02 0:09:54,44772321,78.7,,CONSTANT,0
2026/09/02 0:09:58,44776375,01,TEMP,S78.2
2026/09/02 0:09:58,44776377,OK:01,TEMP,S78.2
2026/09/02 0:10:04,44782459,01,MON?
2026/09/02 0:10:04,44782466,78.0,,CONSTANT,0
2026/09/02 0:10:04,44782468,01,TEMP,S78.1
2026/09/02 0:10:04,44782469,OK:01,TEMP,S78.1
2026/09/02 0:10:10,44788543,01,TEMP,S78.0
2026/09/02 0:10:10,44788545,OK:01,TEMP,S78.0
2026/09/02 0:10:14,44792599,01,MON?
2026/09/02 0:10:14,44792600,78.7,,CONSTANT,0
2026/09/02 0:10:16,44794627,01,TEMP,S77.9
2026/09/02 0:10:16,44794629,OK:01,TEMP,S77.9
2026/09/02 0:10:22,44800711,01,TEMP,S77.8
2026/09/02 0:10:22,44800718,OK:01,TEMP,S77.8
2026/09/02 0:10:24,44802739,01,MON?
2026/09/02 0:10:24,44802741,77.4,,CONSTANT,0
2026/09/02 0:10:28,44806795,01,TEMP,S77.7
2026/09/02 0:10:28,44806802,OK:01,TEMP,S77.7
2026/09/02 0:10:34,44812879,01,MON?
2026/09/02 0:10:34,44812881,77.6,,CONSTANT,0
2026/09/02 0:10:34,44812882,01,TEMP,S77.6
2026/09/02 0:10:34,44812884,OK:01,TEMP,S77.6
2026/09/02 0:10:40,44818964,01,TEMP,S77.5
2026/09/02 0:10:40,44818964,OK:01,TEMP,S77.5
2026/09/02 0:10:45,44823021,01,MON?
2026/09/02 0:10:45,44823023,77.5,,CONSTANT,0
2026/09/02 0:10:46,44824034,01,TEMP,S77.4
2026/09/02 0:10:46,44824034,OK:01,TEMP,S77.4
2026/09/02 0:10:52,44830118,01,TEMP,S77.3
2026/09/02 0:10:52,44830125,OK:01,TEMP,S77.3
2026/09/02 0:10:55,44833159,01,MON?
2026/09/02 0:10:55,44833161,76.6,,CONSTANT,0
2026/09/02 0:10:58,44836201,01,TEMP,S77.2
2026/09/02 0:10:58,44836203,OK:01,TEMP,S77.2
2026/09/02 0:11:04,44842287,01,TEMP,S77.1
2026/09/02 0:11:04,44842294,OK:01,TEMP,S77.1
2026/09/02 0:11:05,44843299,01,MON?
2026/09/02 0:11:05,44843301,77.8,,CONSTANT,0
2026/09/02 0:11:10,44848369,01,TEMP,S77.0
2026/09/02 0:11:10,44848377,OK:01,TEMP,S77.0
2026/09/02 0:11:15,44853439,01,MON?
2026/09/02 0:11:15,44853441,76.7,,CONSTANT,0
2026/09/02 0:11:16,44854453,01,TEMP,S76.9
2026/09/02 0:11:16,44854455,OK:01,TEMP,S76.9
2026/09/02 0:11:22,44860539,01,TEMP,S76.8
2026/09/02 0:11:22,44860541,OK:01,TEMP,S76.8
2026/09/02 0:11:25,44863579,01,MON?
2026/09/02 0:11:25,44863581,76.2,,CONSTANT,0
2026/09/02 0:11:28,44866622,01,TEMP,S76.7
2026/09/02 0:11:28,44866624,OK:01,TEMP,S76.7
2026/09/02 0:11:34,44872706,01,TEMP,S76.6
2026/09/02 0:11:34,44872715,OK:01,TEMP,S76.6
2026/09/02 0:11:35,44873719,01,MON?
2026/09/02 0:11:35,44873720,75.9,,CONSTANT,0
2026/09/02 0:11:40,44878791,01,TEMP,S76.5
2026/09/02 0:11:40,44878793,OK:01,TEMP,S76.5
2026/09/02 0:11:45,44883860,01,MON?
2026/09/02 0:11:45,44883862,76.3,,CONSTANT,0
2026/09/02 0:11:46,44884874,01,TEMP,S76.4
2026/09/02 0:11:46,44884876,OK:01,TEMP,S76.4
2026/09/02 0:11:52,44890957,01,TEMP,S76.3
2026/09/02 0:11:52,44890964,OK:01,TEMP,S76.3
2026/09/02 0:11:56,44894001,01,MON?
2026/09/02 0:11:56,44894003,76.6,,CONSTANT,0
2026/09/02 0:11:59,44897042,01,TEMP,S76.2
2026/09/02 0:11:59,44897049,OK:01,TEMP,S76.2
2026/09/02 0:12:04,44902113,01,TEMP,S76.1
2026/09/02 0:12:04,44902115,OK:01,TEMP,S76.1
2026/09/02 0:12:06,44904139,01,MON?
2026/09/02 0:12:06,44904141,76.4,,CONSTANT,0
2026/09/02 0:12:10,44908195,01,TEMP,S76.0
2026/09/02 0:12:10,44908203,OK:01,TEMP,S76.0
2026/09/02 0:12:16,44914280,01,MON?
2026/09/02 0:12:16,44914288,75.4,,CONSTANT,0
2026/09/02 0:12:16,44914289,01,TEMP,S75.9
2026/09/02 0:12:16,44914290,OK:01,TEMP,S75.9
2026/09/02 0:12:22,44920364,01,TEMP,S75.8
2026/09/02 0:12:22,44920370,OK:01,TEMP,S75.8
2026/09/02 0:12:26,44924419,01,MON?
2026/09/02 0:12:26,44924426,75.7,,CONSTANT,0
2026/09/02 0:12:28,44926447,01,TEMP,S75.7
2026/09/02 0:12:28,44926454,OK:01,TEMP,S75.7
2026/09/02 0:12:34,44932532,01,TEMP,S75.6
2026/09/02 0:12:34,44932539,OK:01,TEMP,S75.6
2026/09/02 0:12:36,44934560,01,MON?
2026/09/02 0:12:36,44934562,76.1,,CONSTANT,0
2026/09/02 0:12:40,44938616,01,TEMP,S75.5
2026/09/02 0:12:40,44938624,OK:01,TEMP,S75.5
2026/09/02 0:12:46,44944699,01,MON?
2026/09/02 0:12:46,44944699,76.0,,CONSTANT,0
2026/09/02 0:12:46,44944700,01,TEMP,S75.4
2026/09/02 0:12:46,44944700,OK:01,TEMP,S75.4
2026/09/02 0:12:52,44950784,01,TEMP,S75.3
2026/09/02 0:12:52,44950784,OK:01,TEMP,S75.3
2026/09/02 0:12:56,44954840,01,MON?
2026/09/02 0:12:56,44954842,76.2,,CONSTANT,0
2026/09/02 0:12:58,44956868,01,TEMP,S75.2
2026/09/02 0:12:58,44956868,OK:01,TEMP,S75.2
2026/09/02 0:13:04,44962952,01,TEMP,S75.1
2026/09/02 0:13:04,44962959,OK:01,TEMP,S75.1
2026/09/02 0:13:06,44964980,01,MON?
2026/09/02 0:13:06,44964982,75.2,,CONSTANT,0
2026/09/02 0:13:11,44969036,01,TEMP,S75.0
2026/09/02 0:13:11,44969038,OK:01,TEMP,S75.0
2026/09/02 0:13:16,44974106,01,TEMP,S74.9
2026/09/02 0:13:16,44974108,OK:01,TEMP,S74.9
2026/09/02 0:13:17,44975120,01,MON?
2026/09/02 0:13:17,44975122,75.5,,CONSTANT,0
2026/09/02 0:13:22,44980191,01,TEMP,S74.8
2026/09/02 0:13:22,44980198,OK:01,TEMP,S74.8
2026/09/02 0:13:27,44985261,01,MON?
2026/09/02 0:13:27,44985263,75.1,,CONSTANT,0
2026/09/02 0:13:28,44986275,01,TEMP,S74.7
2026/09/02 0:13:28,44986277,OK:01,TEMP,S74.7
2026/09/02 0:13:34,44992358,01,TEMP,S74.6
2026/09/02 0:13:34,44992365,OK:01,TEMP,S74.6
2026/09/02 0:13:37,44995401,01,MON?
2026/09/02 0:13:37,44995404,74.2,,CONSTANT,0
2026/09/02 0:13:40,44998443,01,TEMP,S74.5
2026/09/02 0:13:40,44998444,OK:01,TEMP,S74.5
2026/09/02 0:13:46,45004526,01,TEMP,S74.4
2026/09/02 0:13:46,45004537,OK:01,TEMP,S74.4
2026/09/02 0:13:47,45005541,01,MON?
2026/09/02 0:13:47,45005543,74.7,,CONSTANT,0
2026/09/02 0:13:52,45010611,01,TEMP,S74.3
2026/09/02 0:13:52,45010613,OK:01,TEMP,S74.3
2026/09/02 0:13:57,45015682,01,MON?
2026/09/02 0:13:57,45015683,74.6,,CONSTANT,0
2026/09/02 0:13:58,45016696,01,TEMP,S74.2
2026/09/02 0:13:58,45016697,OK:01,TEMP,S74.2
2026/09/02 0:14:04,45022779,01,TEMP,S74.1
2026/09/02 0:14:04,45022786,OK:01,TEMP,S74.1
2026/09/02 0:14:07,45025820,01,MON?
2026/09/02 0:14:07,45025821,74.9,,CONSTANT,0
2026/09/02 0:14:10,45028863,01,TEMP,S74.0
2026/09/02 0:14:10,45028865,OK:01,TEMP,S74.0
2026/09/02 0:14:16,45034948,01,TEMP,S73.9
2026/09/02 0:14:16,45034950,OK:01,TEMP,S73.9
2026/09/02 0:14:17,45035961,01,MON?
2026/09/02 0:14:17,45035963,74.5,,CONSTANT,0
2026/09/02 0:14:23,45041030,01,TEMP,S73.8
2026/09/02 0:14:23,45041032,OK:01,TEMP,S73.8
2026/09/02 0:14:28,45046100,01,MON?
2026/09/02 0:14:28,45046107,73.6,,CONSTANT,0
2026/09/02 0:14:29,45047115,01,TEMP,S73.7
2026/09/02 0:14:29,45047117,OK:01,TEMP,S73.7
2026/09/02 0:14:34,45052186,01,TEMP,S73.6
2026/09/02 0:14:34,45052192,OK:01,TEMP,S73.6
2026/09/02 0:14:38,45056241,01,MON?
2026/09/02 0:14:38,45056248,73.1,,CONSTANT,0
2026/09/02 0:14:40,45058270,01,TEMP,S73.5
2026/09/02 0:14:40,45058273,OK:01,TEMP,S73.5
2026/09/02 0:14:46,45064352,01,TEMP,S73.4
2026/09/02 0:14:46,45064359,OK:01,TEMP,S73.4
2026/09/02 0:14:48,45066380,01,MON?
2026/09/02 0:14:48,45066382,74.0,,CONSTANT,0
2026/09/02 0:14:52,45070437,01,TEMP,S73.3
2026/09/02 0:14:52,45070445,OK:01,TEMP,S73.3
2026/09/02 0:14:58,45076521,01,MON?
2026/09/02 0:14:58,45076528,73.7,,CONSTANT,0
2026/09/02 0:14:58,45076529,01,TEMP,S73.2
2026/09/02 0:14:58,45076530,OK:01,TEMP,S73.2
2026/09/02 0:15:04,45082604,01,TEMP,S73.1
2026/09/02 0:15:04,45082606,OK:01,TEMP,S73.1
2026/09/02 0:15:08,45086661,01,MON?
2026/09/02 0:15:08,45086663,73.2,,CONSTANT,0
2026/09/02 0:15:10,45088689,01,TEMP,S73.0
2026/09/02 0:15:10,45088690,OK:01,TEMP,S73.0
2026/09/02 0:15:16,45094774,01,TEMP,S72.9
2026/09/02 0:15:16,45094776,OK:01,TEMP,S72.9
2026/09/02 0:15:18,45096801,01,MON?
2026/09/02 0:15:18,45096803,72.3,,CONSTANT,0
2026/09/02 0:15:22,45100856,01,TEMP,S72.8
2026/09/02 0:15:22,45100857,OK:01,TEMP,S72.8
2026/09/02 0:15:28,45106941,01,MON?
2026/09/02 0:15:28,45106948,73.4,,CONSTANT,0
2026/09/02 0:15:28,45106950,01,TEMP,S72.7
2026/09/02 0:15:28,45106951,OK:01,TEMP,S72.7
2026/09/02 0:15:35,45113025,01,TEMP,S72.6
2026/09/02 0:15:35,45113026,OK:01,TEMP,S72.6
2026/09/02 0:15:39,45117081,01,MON?
2026/09/02 0:15:39,45117083,72.8,,CONSTANT,0
2026/09/02 0:15:41,45119108,01,TEMP,S72.5
2026/09/02 0:15:41,45119109,OK:01,TEMP,S72.5
2026/09/02 0:15:46,45124179,01,TEMP,S72.4
2026/09/02 0:15:46,45124181,OK:01,TEMP,S72.4
2026/09/02 0:15:49,45127221,01,MON?
2026/09/02 0:15:49,45127228,71.7,,CONSTANT,0
2026/09/02 0:15:52,45130264,01,TEMP,S72.3
2026/09/02 0:15:52,45130265,OK:01,TEMP,S72.3
2026/09/02 0:15:58,45136347,01,TEMP,S72.2
2026/09/02 0:15:58,45136355,OK:01,TEMP,S72.2
2026/09/02 0:15:59,45137362,01,MON?
2026/09/02 0:15:59,45137364,72.5,,CONSTANT,0
2026/09/02 0:16:04,45142431,01,TEMP,S72.1
2026/09/02 0:16:04,45142438,OK:01,TEMP,S72.1
2026/09/02 0:16:09,45147501,01,MON?
2026/09/02 0:16:09,45147503,71.4,,CONSTANT,0
2026/09/02 0:16:10,45148516,01,TEMP,S72.0
2026/09/02 0:16:10,45148518,OK:01,TEMP,S72.0
2026/09/02 0:16:16,45154600,01,TEMP,S71.9
2026/09/02 0:16:16,45154607,OK:01,TEMP,S71.9
2026/09/02 0:16:19,45157643,01,MON?
2026/09/02 0:16:19,45157644,72.2,,CONSTANT,0
2026/09/02 0:16:22,45160684,01,TEMP,S71.8
2026/09/02 0:16:22,45160686,OK:01,TEMP,S71.8
2026/09/02 0:16:28,45166767,01,TEMP,S71.7
2026/09/02 0:16:28,45166769,OK:01,TEMP,S71.7
2026/09/02 0:16:29,45167781,01,MON?
2026/09/02 0:16:29,45167783,71.4,,CONSTANT,0
2026/09/02 0:16:34,45172853,01,TEMP,S71.6
2026/09/02 0:16:34,45172854,OK:01,TEMP,S71.6
2026/09/02 0:16:39,45177921,01,MON?
2026/09/02 0:16:39,45177923,71.1,,CONSTANT,0
2026/09/02 0:16:40,45178936,01,TEMP,S71.5
2026/09/02 0:16:40,45178938,OK:01,TEMP,S71.5
2026/09/02 0:16:47,45185019,01,TEMP,S71.4
2026/09/02 0:16:47,45185022,OK:01,TEMP,S71.4
2026/09/02 0:16:50,45188062,01,MON?
2026/09/02 0:16:50,45188063,70.6,,CONSTANT,0
2026/09/02 0:16:53,45191104,01,TEMP,S71.3
2026/09/02 0:16:53,45191111,OK:01,TEMP,S71.3
2026/09/02 0:16:59,45197188,01,TEMP,S71.2
2026/09/02 0:16:59,45197188,OK:01,TEMP,S71.2
2026/09/02 0:17:00,45198201,01,MON?
2026/09/02 0:17:00,45198201,71.2,,CONSTANT,0
2026/09/02 0:17:04,45202257,01,TEMP,S71.1
2026/09/02 0:17:04,45202264,OK:01,TEMP,S71.1
2026/09/02 0:17:10,45208342,01,MON?
2026/09/02 0:17:10,45208349,70.9,,CONSTANT,0
2026/09/02 0:17:10,45208351,01,TEMP,S71.0
2026/09/02 0:17:10,45208352,OK:01,TEMP,S71.0
2026/09/02 0:17:16,45214426,01,TEMP,S70.9
2026/09/02 0:17:16,45214433,OK:01,TEMP,S70.9
2026/09/02 0:17:20,45218481,01,MON?
2026/09/02 0:17:20,45218488,70.3,,CONSTANT,0
2026/09/02 0:17:22,45220509,01,TEMP,S70.8
2026/09/02 0:17:22,45220510,OK:01,TEMP,S70.8
2026/09/02 0:17:28,45226594,01,TEMP,S70.7
2026/09/02 0:17:28,45226596,OK:01,TEMP,S70.7
2026/09/02 0:17:30,45228622,01,MON?
2026/09/02 0:17:30,45228623,71.7,,CONSTANT,0
2026/09/02 0:17:34,45232678,01,TEMP,S70.6
2026/09/02 0:17:34,45232685,OK:01,TEMP,S70.6
2026/09/02 0:17:40,45238761,01,MON?
2026/09/02 0:17:40,45238763,71.5,,CONSTANT,0
2026/09/02 0:17:40,45238764,01,TEMP,S70.5
2026/09/02 0:17:40,45238765,OK:01,TEMP,S70.5
2026/09/02 0:17:46,45244846,01,TEMP,S70.4
2026/09/02 0:17:46,45244848,OK:01,TEMP,S70.4
2026/09/02 0:17:50,45248902,01,MON?
2026/09/02 0:17:50,45248904,69.5,,CONSTANT,0
2026/09/02 0:17:52,45250930,01,TEMP,S70.3
2026/09/02 0:17:52,45250930,OK:01,TEMP,S70.3
2026/09/02 0:17:59,45257013,01,TEMP,S70.2
2026/09/02 0:17:59,45257020,OK:01,TEMP,S70.2
2026/09/02 0:18:01,45259041,01,MON?
2026/09/02 0:18:01,45259043,69.9,,CONSTANT,0
2026/09/02 0:18:05,45263098,01,TEMP,S70.1
2026/09/02 0:18:05,45263105,OK:01,TEMP,S70.1
2026/09/02 0:18:11,45269182,01,MON?
2026/09/02 0:18:11,45269184,69.6,,CONSTANT,0
2026/09/02 0:18:11,45269185,01,TEMP,S70.0
2026/09/02 0:18:11,45269186,OK:01,TEMP,S70.0
2026/09/02 0:18:16,45274253,01,TEMP,S69.9
2026/09/02 0:18:16,45274254,OK:01,TEMP,S69.9
2026/09/02 0:18:21,45279322,01,MON?
2026/09/02 0:18:21,45279325,70.5,,CONSTANT,0
2026/09/02 0:18:22,45280336,01,TEMP,S69.8
2026/09/02 0:18:22,45280338,OK:01,TEMP,S69.8
2026/09/02 0:18:28,45286421,01,TEMP,S69.7
2026/09/02 0:18:28,45286428,OK:01,TEMP,S69.7
2026/09/02 0:18:31,45289462,01,MON?
2026/09/02 0:18:31,45289468,69.0,,CONSTANT,0
2026/09/02 0:18:34,45292504,01,TEMP,S69.6
2026/09/02 0:18:34,45292504,OK:01,TEMP,S69.6
2026/09/02 0:18:40,45298588,01,TEMP,S69.5
2026/09/02 0:18:40,45298595,OK:01,TEMP,S69.5
2026/09/02 0:18:41,45299603,01,MON?
2026/09/02 0:18:41,45299605,70.0,,CONSTANT,0
2026/09/02 0:18:46,45304673,01,TEMP,S69.4
2026/09/02 0:18:46,45304674,OK:01,TEMP,S69.4
2026/09/02 0:18:51,45309742,01,MON?
2026/09/02 0:18:51,45309744,69.7,,CONSTANT,0
2026/09/02 0:18:52,45310757,01,TEMP,S69.3
2026/09/02 0:18:52,45310759,OK:01,TEMP,S69.3
2026/09/02 0:18:58,45316840,01,TEMP,S69.2
2026/09/02 0:18:58,45316841,OK:01,TEMP,S69.2
2026/09/02 0:19:01,45319883,01,MON?
2026/09/02 0:19:01,45319883,68.3,,CONSTANT,0
2026/09/02 0:19:04,45322924,01,TEMP,S69.1
2026/09/02 0:19:04,45322926,OK:01,TEMP,S69.1
2026/09/02 0:19:11,45329009,01,TEMP,S69.0
2026/09/02 0:19:11,45329018,OK:01,TEMP,S69.0
2026/09/02 0:19:12,45330024,01,MON?
2026/09/02 0:19:12,45330025,68.3,,CONSTANT,0
2026/09/02 0:19:17,45335093,01,TEMP,S68.9
2026/09/02 0:19:17,45335100,OK:01,TEMP,S68.9
2026/09/02 0:19:22,45340162,01,MON?
2026/09/02 0:19:22,45340164,69.8,,CONSTANT,0
2026/09/02 0:19:23,45341177,01,TEMP,S68.8
2026/09/02 0:19:23,45341179,OK:01,TEMP,S68.8
2026/09/02 0:19:28,45346246,01,TEMP,S68.7
2026/09/02 0:19:28,45346247,OK:01,TEMP,S68.7
2026/09/02 0:19:32,45350303,01,MON?
2026/09/02 0:19:32,45350307,68.0,,CONSTANT,0
2026/09/02 0:19:34,45352332,01,TEMP,S68.6
2026/09/02 0:19:34,45352333,OK:01,TEMP,S68.6
2026/09/02 0:19:40,45358415,01,TEMP,S68.5
2026/09/02 0:19:40,45358422,OK:01,TEMP,S68.5
2026/09/02 0:19:42,45360443,01,MON?
2026/09/02 0:19:42,45360444,68.0,,CONSTANT,0
2026/09/02 0:19:46,45364499,01,TEMP,S68.4
2026/09/02 0:19:46,45364501,OK:01,TEMP,S68.4
2026/09/02 0:19:52,45370584,01,MON?
2026/09/02 0:19:52,45370586,68.3,,CONSTANT,0
2026/09/02 0:19:52,45370588,01,TEMP,S68.3
2026/09/02 0:19:52,45370593,OK:01,TEMP,S68.3
2026/09/02 0:19:58,45376666,01,TEMP,S68.2
2026/09/02 0:19:58,45376667,OK:01,TEMP,S68.2
2026/09/02 0:20:02,45380722,01,MON?
2026/09/02 0:20:02,45380724,68.9,,CONSTANT,0
2026/09/02 0:20:04,45382751,01,TEMP,S68.1
2026/09/02 0:20:04,45382753,OK:01,TEMP,S68.1
2026/09/02 0:20:10,45388835,01,TEMP,S68.0
2026/09/02 0:20:10,45388841,OK:01,TEMP,S68.0
2026/09/02 0:20:12,45390863,01,MON?
2026/09/02 0:20:12,45390865,68.2,,CONSTANT,0
2026/09/02 0:20:16,45394918,01,TEMP,S67.9
2026/09/02 0:20:16,45394919,OK:01,TEMP,S67.9
2026/09/02 0:20:23,45401003,01,MON?
2026/09/02 0:20:23,45401004,68.6,,CONSTANT,0
2026/09/02 0:20:23,45401006,01,TEMP,S67.8
2026/09/02 0:20:23,45401007,OK:01,TEMP,S67.8
2026/09/02 0:20:29,45407087,01,TEMP,S67.7
2026/09/02 0:20:29,45407089,OK:01,TEMP,S67.7
2026/09/02 0:20:33,45411143,01,MON?
2026/09/02 0:20:33,45411145,68.5,,CONSTANT,0
2026/09/02 0:20:35,45413171,01,TEMP,S67.6
2026/09/02 0:20:35,45413173,OK:01,TEMP,S67.6
2026/09/02 0:20:41,45419255,01,TEMP,S67.5
2026/09/02 0:20:41,45419262,OK:01,TEMP,S67.5
2026/09/02 0:20:43,45421283,01,MON?
2026/09/02 0:20:43,45421283,68.0,,CONSTANT,0
2026/09/02 0:20:46,45424325,01,TEMP,S67.4
2026/09/02 0:20:46,45424332,OK:01,TEMP,S67.4
2026/09/02 0:20:52,45430409,01,TEMP,S67.3
2026/09/02 0:20:52,45430412,OK:01,TEMP,S67.3
2026/09/02 0:20:53,45431423,01,MON?
2026/09/02 0:20:53,45431425,67.1,,CONSTANT,0
2026/09/02 0:20:58,45436493,01,TEMP,S67.2
2026/09/02 0:20:58,45436500,OK:01,TEMP,S67.2
2026/09/02 0:21:03,45441564,01,MON?
2026/09/02 0:21:03,45441566,67.1,,CONSTANT,0
2026/09/02 0:21:04,45442578,01,TEMP,S67.1
2026/09/02 0:21:04,45442580,OK:01,TEMP,S67.1
2026/09/02 0:21:10,45448661,01,TEMP,S67.0
2026/09/02 0:21:10,45448663,OK:01,TEMP,S67.0
2026/09/02 0:21:13,45451704,01,MON?
2026/09/02 0:21:13,45451706,67.3,,CONSTANT,0
2026/09/02 0:21:16,45454745,01,TEMP,S66.9
2026/09/02 0:21:16,45454747,OK:01,TEMP,S66.9
2026/09/02 0:21:22,45460830,01,TEMP,S66.8
2026/09/02 0:21:22,45460837,OK:01,TEMP,S66.8
2026/09/02 0:21:23,45461843,01,MON?
2026/09/02 0:21:23,45461845,67.0,,CONSTANT,0
2026/09/02 0:21:28,45466914,01,TEMP,S66.7
2026/09/02 0:21:28,45466916,OK:01,TEMP,S66.7
2026/09/02 0:21:34,45471985,01,MON?
2026/09/02 0:21:34,45471985,67.0,,CONSTANT,0
2026/09/02 0:21:35,45472999,01,TEMP,S66.6
2026/09/02 0:21:35,45473001,OK:01,TEMP,S66.6
2026/09/02 0:21:41,45479081,01,TEMP,S66.5
2026/09/02 0:21:41,45479082,OK:01,TEMP,S66.5
2026/09/02 0:21:44,45482123,01,MON?
2026/09/02 0:21:44,45482125,67.5,,CONSTANT,0
2026/09/02 0:21:47,45485166,01,TEMP,S66.4
2026/09/02 0:21:47,45485166,OK:01,TEMP,S66.4
2026/09/02 0:21:53,45491250,01,TEMP,S66.3
2026/09/02 0:21:53,45491257,OK:01,TEMP,S66.3
2026/09/02 0:21:54,45492265,01,MON?
2026/09/02 0:21:54,45492267,66.8,,CONSTANT,0
2026/09/02 0:21:58,45496320,01,TEMP,S66.2
2026/09/02 0:21:58,45496326,OK:01,TEMP,S66.2
2026/09/02 0:22:04,45502403,01,MON?
2026/09/02 0:22:04,45502411,67.2,,CONSTANT,0
2026/09/02 0:22:04,45502413,01,TEMP,S66.1
2026/09/02 0:22:04,45502414,OK:01,TEMP,S66.1
2026/09/02 0:22:10,45508489,01,TEMP,S66.0
2026/09/02 0:22:10,45508491,OK:01,TEMP,S66.0
2026/09/02 0:22:14,45512545,01,MON?
2026/09/02 0:22:14,45512547,65.5,,CONSTANT,0
2026/09/02 0:22:16,45514572,01,TEMP,S65.9
2026/09/02 0:22:16,45514572,OK:01,TEMP,S65.9
2026/09/02 0:22:22,45520655,01,TEMP,S65.8
2026/09/02 0:22:22,45520662,OK:01,TEMP,S65.8
2026/09/02 0:22:24,45522684,01,MON?
2026/09/02 0:22:24,45522686,65.3,,CONSTANT,0
2026/09/02 0:22:28,45526741,01,TEMP,S65.7
2026/09/02 0:22:28,45526750,OK:01,TEMP,S65.7
2026/09/02 0:22:34,45532823,01,MON?
2026/09/02 0:22:34,45532825,65.3,,CONSTANT,0
2026/09/02 0:22:34,45532826,01,TEMP,S65.6
2026/09/02 0:22:34,45532827,OK:01,TEMP,S65.6
2026/09/02 0:22:40,45538907,01,TEMP,S65.5
2026/09/02 0:22:40,45538909,OK:01,TEMP,S65.5
2026/09/02 0:22:44,45542964,01,MON?
2026/09/02 0:22:44,45542964,64.6,,CONSTANT,0
2026/09/02 0:22:47,45544992,01,TEMP,S65.4
2026/09/02 0:22:47,45544994,OK:01,TEMP,S65.4
2026/09/02 0:22:53,45551076,01,TEMP,S65.3
2026/09/02 0:22:53,45551083,OK:01,TEMP,S65.3
2026/09/02 0:22:55,45553103,01,MON?
2026/09/02 0:22:55,45553105,66.0,,CONSTANT,0
2026/09/02 0:22:59,45557160,01,TEMP,S65.2
2026/09/02 0:22:59,45557167,OK:01,TEMP,S65.2
2026/09/02 0:23:05,45563244,01,MON?
2026/09/02 0:23:05,45563246,65.8,,CONSTANT,0
2026/09/02 0:23:05,45563247,01,TEMP,S65.1
2026/09/02 0:23:05,45563248,OK:01,TEMP,S65.1
2026/09/02 0:23:11,45569328,01,TEMP,S65.0
2026/09/02 0:23:11,45569329,OK:01,TEMP,S65.0
2026/09/02 0:23:15,45573383,01,MON?
2026/09/02 0:23:15,45573390,65.8,,CONSTANT,0
2026/09/02 0:23:16,45574398,01,TEMP,S64.9
2026/09/02 0:23:16,45574400,OK:01,TEMP,S64.9
2026/09/02 0:23:22,45580482,01,TEMP,S64.8
2026/09/02 0:23:22,45580489,OK:01,TEMP,S64.8
2026/09/02 0:23:25,45583524,01,MON?
2026/09/02 0:23:25,45583525,65.2,,CONSTANT,0
2026/09/02 0:23:28,45586566,01,TEMP,S64.7
2026/09/02 0:23:28,45586568,OK:01,TEMP,S64.7
2026/09/02 0:23:34,45592650,01,TEMP,S64.6
2026/09/02 0:23:34,45592657,OK:01,TEMP,S64.6
2026/09/02 0:23:35,45593665,01,MON?
2026/09/02 0:23:35,45593667,65.5,,CONSTANT,0
2026/09/02 0:23:40,45598734,01,TEMP,S64.5
2026/09/02 0:23:40,45598736,OK:01,TEMP,S64.5
2026/09/02 0:23:45,45603804,01,MON?
2026/09/02 0:23:45,45603806,63.6,,CONSTANT,0
2026/09/02 0:23:46,45604819,01,TEMP,S64.4
2026/09/02 0:23:46,45604821,OK:01,TEMP,S64.4
2026/09/02 0:23:52,45610903,01,TEMP,S64.3
2026/09/02 0:23:52,45610903,OK:01,TEMP,S64.3
2026/09/02 0:23:55,45613944,01,MON?
2026/09/02 0:23:55,45613945,64.5,,CONSTANT,0
2026/09/02 0:23:59,45616987,01,TEMP,S64.2
2026/09/02 0:23:59,45616989,OK:01,TEMP,S64.2
2026/09/02 0:24:05,45623071,01,TEMP,S64.1
2026/09/02 0:24:05,45623077,OK:01,TEMP,S64.1
2026/09/02 0:24:06,45624084,01,MON?
2026/09/02 0:24:06,45624085,63.8,,CONSTANT,0
2026/09/02 0:24:11,45629156,01,TEMP,S64.0
2026/09/02 0:24:11,45629163,OK:01,TEMP,S64.0
2026/09/02 0:24:16,45634225,01,MON?
2026/09/02 0:24:16,45634227,64.2,,CONSTANT,0
2026/09/02 0:24:17,45635238,01,TEMP,S63.9
2026/09/02 0:24:17,45635240,OK:01,TEMP,S63.9
2026/09/02 0:24:23,45641322,01,TEMP,S63.8
2026/09/02 0:24:23,45641324,OK:01,TEMP,S63.8
2026/09/02 0:24:26,45644366,01,MON?
2026/09/02 0:24:26,45644367,63.6,,CONSTANT,0
2026/09/02 0:24:28,45646394,01,TEMP,S63.7
2026/09/02 0:24:28,45646405,OK:01,TEMP,S63.7
2026/09/02 0:24:34,45652477,01,TEMP,S63.6
2026/09/02 0:24:34,45652484,OK:01,TEMP,S63.6
2026/09/02 0:24:36,45654505,01,MON?
2026/09/02 0:24:36,45654507,64.5,,CONSTANT,0
2026/09/02 0:24:40,45658560,01,TEMP,S63.5
2026/09/02 0:24:40,45658562,OK:01,TEMP,S63.5
2026/09/02 0:24:46,45664646,01,MON?
2026/09/02 0:24:46,45664648,62.6,,CONSTANT,0
2026/09/02 0:24:46,45664649,01,TEMP,S63.4
2026/09/02 0:24:46,45664650,OK:01,TEMP,S63.4
2026/09/02 0:24:52,45670729,01,TEMP,S63.3
2026/09/02 0:24:52,45670731,OK:01,TEMP,S63.3
2026/09/02 0:24:56,45674784,01,MON?
2026/09/02 0:24:56,45674786,63.1,,CONSTANT,0
2026/09/02 0:24:58,45676812,01,TEMP,S63.2
2026/09/02 0:24:58,45676812,OK:01,TEMP,S63.2
2026/09/02 0:25:04,45682897,01,TEMP,S63.1
2026/09/02 0:25:04,45682900,OK:01,TEMP,S63.1
2026/09/02 0:25:06,45684926,01,MON?
2026/09/02 0:25:06,45684928,62.4,,CONSTANT,0
2026/09/02 0:25:10,45688981,01,TEMP,S63.0
2026/09/02 0:25:10,45688981,OK:01,TEMP,S63.0
2026/09/02 0:25:17,45695064,01,MON?
2026/09/02 0:25:17,45695071,62.0,,CONSTANT,0
2026/09/02 0:25:17,45695073,01,TEMP,S62.9
2026/09/02 0:25:17,45695074,OK:01,TEMP,S62.9
2026/09/02 0:25:23,45701149,01,TEMP,S62.8
2026/09/02 0:25:23,45701151,OK:01,TEMP,S62.8
2026/09/02 0:25:27,45705205,01,MON?
2026/09/02 0:25:27,45705207,63.0,,CONSTANT,0
2026/09/02 0:25:29,45707233,01,TEMP,S62.7
2026/09/02 0:25:29,45707234,OK:01,TEMP,S62.7
2026/09/02 0:25:35,45713316,01,TEMP,S62.6
2026/09/02 0:25:35,45713323,OK:01,TEMP,S62.6
2026/09/02 0:25:37,45715345,01,MON?
2026/09/02 0:25:37,45715347,62.9,,CONSTANT,0
2026/09/02 0:25:41,45719401,01,TEMP,S62.5
2026/09/02 0:25:41,45719403,OK:01,TEMP,S62.5
2026/09/02 0:25:46,45724471,01,TEMP,S62.4
2026/09/02 0:25:46,45724473,OK:01,TEMP,S62.4
2026/09/02 0:25:47,45725485,01,MON?
2026/09/02 0:25:47,45725487,63.4,,CONSTANT,0
2026/09/02 0:25:52,45730554,01,TEMP,S62.3
2026/09/02 0:25:52,45730554,OK:01,TEMP,S62.3
2026/09/02 0:25:57,45735625,01,MON?
2026/09/02 0:25:57,45735625,62.0,,CONSTANT,0
2026/09/02 0:25:58,45736639,01,TEMP,S62.2
2026/09/02 0:25:58,45736641,OK:01,TEMP,S62.2
2026/09/02 0:26:04,45742723,01,TEMP,S62.1
2026/09/02 0:26:04,45742723,OK:01,TEMP,S62.1
2026/09/02 0:26:07,45745765,01,MON?
2026/09/02 0:26:07,45745767,61.9,,CONSTANT,0
2026/09/02 0:26:10,45748807,01,TEMP,S62.0
2026/09/02 0:26:10,45748809,OK:01,TEMP,S62.0
2026/09/02 0:26:16,45754891,01,TEMP,S61.9
2026/09/02 0:26:16,45754898,OK:01,TEMP,S61.9
2026/09/02 0:26:17,45755905,01,MON?
2026/09/02 0:26:17,45755907,62.8,,CONSTANT,0
2026/09/02 0:26:22,45760975,01,TEMP,S61.8
2026/09/02 0:26:22,45760977,OK:01,TEMP,S61.8
2026/09/02 0:26:28,45766045,01,MON?
2026/09/02 0:26:28,45766046,61.2,,CONSTANT,0
2026/09/02 0:26:29,45767061,01,TEMP,S61.7
2026/09/02 0:26:29,45767063,OK:01,TEMP,S61.7
2026/09/02 0:26:35,45773143,01,TEMP,S61.6
2026/09/02 0:26:35,45773147,OK:01,TEMP,S61.6
2026/09/02 0:26:38,45776186,01,MON?
2026/09/02 0:26:38,45776188,61.0,,CONSTANT,0
2026/09/02 0:26:41,45779227,01,TEMP,S61.5
2026/09/02 0:26:41,45779234,OK:01,TEMP,S61.5
2026/09/02 0:26:47,45785313,01,TEMP,S61.4
2026/09/02 0:26:47,45785314,OK:01,TEMP,S61.4
2026/09/02 0:26:48,45786326,01,MON?
2026/09/02 0:26:48,45786326,62.3,,CONSTANT,0
2026/09/02 0:26:53,45791396,01,TEMP,S61.3
2026/09/02 0:26:53,45791403,OK:01,TEMP,S61.3
2026/09/02 0:26:58,45796465,01,MON?
2026/09/02 0:26:58,45796466,61.5,,CONSTANT,0
2026/09/02 0:26:58,45796467,01,TEMP,S61.2
2026/09/02 0:26:58,45796467,OK:01,TEMP,S61.2
2026/09/02 0:27:04,45802551,01,TEMP,S61.1
2026/09/02 0:27:04,45802558,OK:01,TEMP,S61.1
2026/09/02 0:27:08,45806607,01,MON?
2026/09/02 0:27:08,45806607,62.0,,CONSTANT,0
2026/09/02 0:27:10,45808634,01,TEMP,S61.0
2026/09/02 0:27:10,45808636,OK:01,TEMP,S61.0
2026/09/02 0:27:16,45814718,01,TEMP,S60.9
2026/09/02 0:27:16,45814725,OK:01,TEMP,S60.9
2026/09/02 0:27:18,45816745,01,MON?
2026/09/02 0:27:18,45816751,60.7,,CONSTANT,0
2026/09/02 0:27:22,45820803,01,TEMP,S60.8
2026/09/02 0:27:22,45820805,OK:01,TEMP,S60.8
2026/09/02 0:27:28,45826887,01,MON?
2026/09/02 0:27:28,45826893,60.0,,CONSTANT,0
2026/09/02 0:27:28,45826895,01,TEMP,S60.7
2026/09/02 0:27:28,45826896,OK:01,TEMP,S60.7
2026/09/02 0:27:34,45832969,01,TEMP,S60.6
2026/09/02 0:27:34,45832970,OK:01,TEMP,S60.6
2026/09/02 0:27:39,45837026,01,MON?
2026/09/02 0:27:39,45837028,61.3,,CONSTANT,0
2026/09/02 0:27:41,45839054,01,TEMP,S60.5
2026/09/02 0:27:41,45839056,OK:01,TEMP,S60.5
2026/09/02 0:27:47,45845138,01,TEMP,S60.4
2026/09/02 0:27:47,45845140,OK:01,TEMP,S60.4
2026/09/02 0:27:49,45847166,01,MON?
2026/09/02 0:27:49,45847168,60.5,,CONSTANT,0
2026/09/02 0:27:53,45851221,01,TEMP,S60.3
2026/09/02 0:27:53,45851223,OK:01,TEMP,S60.3
2026/09/02 0:27:59,45857306,01,MON?
2026/09/02 0:27:59,45857308,60.1,,CONSTANT,0
2026/09/02 0:27:59,45857309,01,TEMP,S60.2
2026/09/02 0:27:59,45857311,OK:01,TEMP,S60.2
2026/09/02 0:28:05,45863390,01,TEMP,S60.1
2026/09/02 0:28:05,45863392,OK:01,TEMP,S60.1
2026/09/02 0:28:09,45867445,01,MON?
2026/09/02 0:28:09,45867446,60.9,,CONSTANT,0
2026/09/02 0:28:11,45869473,01,TEMP,S60.0
2026/09/02 0:28:11,45869473,OK:01,TEMP,S60.0
2026/09/02 0:28:16,45874544,01,TEMP,S59.9
2026/09/02 0:28:16,45874551,OK:01,TEMP,S59.9
2026/09/02 0:28:19,45877586,01,MON?
2026/09/02 0:28:19,45877593,60.8,,CONSTANT,0
2026/09/02 0:28:22,45880628,01,TEMP,S59.8
2026/09/02 0:28:22,45880630,OK:01,TEMP,S59.8
2026/09/02 0:28:28,45886712,01,TEMP,S59.7
2026/09/02 0:28:28,45886719,OK:01,TEMP,S59.7
2026/09/02 0:28:29,45887725,01,MON?
2026/09/02 0:28:29,45887727,60.7,,CONSTANT,0
2026/09/02 0:28:34,45892796,01,TEMP,S59.6
2026/09/02 0:28:34,45892798,OK:01,TEMP,S59.6
2026/09/02 0:28:39,45897866,01,MON?
2026/09/02 0:28:39,45897866,58.8,,CONSTANT,0
2026/09/02 0:28:40,45898880,01,TEMP,S59.5
2026/09/02 0:28:40,45898881,OK:01,TEMP,S59.5
2026/09/02 0:28:46,45904964,01,TEMP,S59.4
2026/09/02 0:28:46,45904970,OK:01,TEMP,S59.4
2026/09/02 0:28:50,45908006,01,MON?
2026/09/02 0:28:50,45908008,60.4,,CONSTANT,0
2026/09/02 0:28:53,45911049,01,TEMP,S59.3
2026/09/02 0:28:53,45911055,OK:01,TEMP,S59.3
2026/09/02 0:28:59,45917133,01,TEMP,S59.2
2026/09/02 0:28:59,45917135,OK:01,TEMP,S59.2
2026/09/02 0:29:00,45918147,01,MON?
2026/09/02 0:29:00,45918149,59.9,,CONSTANT,0
2026/09/02 0:29:05,45923217,01,TEMP,S59.1
2026/09/02 0:29:05,45923225,OK:01,TEMP,S59.1
2026/09/02 0:29:10,45928286,01,MON?
2026/09/02 0:29:10,45928287,58.7,,CONSTANT,0
2026/09/02 0:29:11,45929301,01,TEMP,S59.0
2026/09/02 0:29:11,45929303,OK:01,TEMP,S59.0
2026/09/02 0:29:17,45935384,01,TEMP,S58.9
2026/09/02 0:29:17,45935390,OK:01,TEMP,S58.9
2026/09/02 0:29:20,45938427,01,MON?
2026/09/02 0:29:20,45938429,58.8,,CONSTANT,0
2026/09/02 0:29:23,45941469,01,TEMP,S58.8
2026/09/02 0:29:23,45941472,OK:01,TEMP,S58.8
2026/09/02 0:29:28,45946538,01,TEMP,S58.7
2026/09/02 0:29:28,45946545,OK:01,TEMP,S58.7
2026/09/02 0:29:30,45948567,01,MON?
2026/09/02 0:29:30,45948569,57.8,,CONSTANT,0
2026/09/02 0:29:34,45952623,01,TEMP,S58.6
2026/09/02 0:29:34,45952625,OK:01,TEMP,S58.6
2026/09/02 0:29:40,45958706,01,MON?
2026/09/02 0:29:40,45958708,59.3,,CONSTANT,0
2026/09/02 0:29:40,45958709,01,TEMP,S58.5
2026/09/02 0:29:40,45958710,OK:01,TEMP,S58.5
2026/09/02 0:29:46,45964791,01,TEMP,S58.4
2026/09/02 0:29:46,45964793,OK:01,TEMP,S58.4
2026/09/02 0:29:50,45968846,01,MON?
2026/09/02 0:29:50,45968846,57.6,,CONSTANT,0
2026/09/02 0:29:52,45970875,01,TEMP,S58.3
2026/09/02 0:29:52,45970876,OK:01,TEMP,S58.3
2026/09/02 0:29:58,45976959,01,TEMP,S58.2
2026/09/02 0:29:58,45976968,OK:01,TEMP,S58.2
2026/09/02 0:30:01,45978988,01,MON?
2026/09/02 0:30:01,45978990,59.0,,CONSTANT,0
2026/09/02 0:30:05,45983044,01,TEMP,S58.1
2026/09/02 0:30:05,45983047,OK:01,TEMP,S58.1
2026/09/02 0:30:11,45989127,01,MON?
2026/09/02 0:30:11,45989129,58.0,,CONSTANT,0
2026/09/02 0:30:11,45989130,01,TEMP,S58.0
2026/09/02 0:30:11,45989132,OK:01,TEMP,S58.0
2026/09/02 0:30:17,45995212,01,TEMP,S57.9
2026/09/02 0:30:17,45995214,OK:01,TEMP,S57.9
2026/09/02 0:30:21,45999267,01,MON?
2026/09/02 0:30:21,45999269,58.6,,CONSTANT,0
2026/09/02 0:30:23,46001295,01,TEMP,S57.8
2026/09/02 0:30:23,46001297,OK:01,TEMP,S57.8
2026/09/02 0:30:29,46007378,01,TEMP,S57.7
2026/09/02 0:30:29,46007385,OK:01,TEMP,S57.7
2026/09/02 0:30:31,46009406,01,MON?
2026/09/02 0:30:31,46009408,57.3,,CONSTANT,0
2026/09/02 0:30:35,46013463,01,TEMP,S57.6
2026/09/02 0:30:35,46013470,OK:01,TEMP,S57.6
2026/09/02 0:30:41,46019547,01,MON?
2026/09/02 0:30:41,46019549,57.6,,CONSTANT,0
2026/09/02 0:30:41,46019550,01,TEMP,S57.5
2026/09/02 0:30:41,46019551,OK:01,TEMP,S57.5
2026/09/02 0:30:46,46024616,01,TEMP,S57.4
2026/09/02 0:30:46,46024617,OK:01,TEMP,S57.4
2026/09/02 0:30:51,46029687,01,MON?
2026/09/02 0:30:51,46029687,57.0,,CONSTANT,0
2026/09/02 0:30:52,46030701,01,TEMP,S57.3
2026/09/02 0:30:52,46030703,OK:01,TEMP,S57.3
2026/09/02 0:30:58,46036785,01,TEMP,S57.2
2026/09/02 0:30:58,46036791,OK:01,TEMP,S57.2
2026/09/02 0:31:01,46039827,01,MON?
2026/09/02 0:31:01,46039829,57.9,,CONSTANT,0
2026/09/02 0:31:04,46042869,01,TEMP,S57.1
2026/09/02 0:31:04,46042871,OK:01,TEMP,S57.1
2026/09/02 0:31:10,46048953,01,TEMP,S57.0
2026/09/02 0:31:10,46048961,OK:01,TEMP,S57.0
2026/09/02 0:31:11,46049967,01,MON?
2026/09/02 0:31:11,46049968,56.3,,CONSTANT,0
2026/09/02 0:31:17,46055037,01,TEMP,S56.9
2026/09/02 0:31:17,46055039,OK:01,TEMP,S56.9
2026/09/02 0:31:22,46060107,01,MON?
2026/09/02 0:31:22,46060114,56.0,,CONSTANT,0
2026/09/02 0:31:23,46061121,01,TEMP,S56.8
2026/09/02 0:31:23,46061122,OK:01,TEMP,S56.8
2026/09/02 0:31:29,46067206,01,TEMP,S56.7
2026/09/02 0:31:29,46067213,OK:01,TEMP,S56.7
2026/09/02 0:31:32,46070248,01,MON?
2026/09/02 0:31:32,46070250,57.6,,CONSTANT,0
2026/09/02 0:31:35,46073289,01,TEMP,S56.6
2026/09/02 0:31:35,46073297,OK:01,TEMP,S56.6
2026/09/02 0:31:41,46079374,01,TEMP,S56.5
2026/09/02 0:31:41,46079374,OK:01,TEMP,S56.5
2026/09/02 0:31:42,46080388,01,MON?
2026/09/02 0:31:42,46080390,57.1,,CONSTANT,0
2026/09/02 0:31:47,46085457,01,TEMP,S56.4
2026/09/02 0:31:47,46085464,OK:01,TEMP,S56.4
2026/09/02 0:31:52,46090527,01,MON?
2026/09/02 0:31:52,46090529,56.8,,CONSTANT,0
2026/09/02 0:31:53,46091541,01,TEMP,S56.3
2026/09/02 0:31:53,46091543,OK:01,TEMP,S56.3
2026/09/02 0:31:58,46096611,01,TEMP,S56.2
2026/09/02 0:31:58,46096613,OK:01,TEMP,S56.2
2026/09/02 0:32:02,46100668,01,MON?
2026/09/02 0:32:02,46100670,56.2,,CONSTANT,0
2026/09/02 0:32:04,46102696,01,TEMP,S56.1
2026/09/02 0:32:04,46102697,OK:01,TEMP,S56.1
2026/09/02 0:32:10,46108779,01,TEMP,S56.0
2026/09/02 0:32:10,46108786,OK:01,TEMP,S56.0
2026/09/02 0:32:12,46110807,01,MON?
2026/09/02 0:32:12,46110809,56.4,,CONSTANT,0
2026/09/02 0:32:16,46114863,01,TEMP,S55.9
2026/09/02 0:32:16,46114870,OK:01,TEMP,S55.9
2026/09/02 0:32:22,46120948,01,MON?
2026/09/02 0:32:22,46120955,55.2,,CONSTANT,0
2026/09/02 0:32:22,46120957,01,TEMP,S55.8
2026/09/02 0:32:22,46120959,OK:01,TEMP,S55.8
2026/09/02 0:32:29,46127032,01,TEMP,S55.7
2026/09/02 0:32:29,46127034,OK:01,TEMP,S55.7
2026/09/02 0:32:33,46131087,01,MON?
2026/09/02 0:32:33,46131089,55.2,,CONSTANT,0
2026/09/02 0:32:35,46133115,01,TEMP,S55.6
2026/09/02 0:32:35,46133115,OK:01,TEMP,S55.6
2026/09/02 0:32:41,46139201,01,TEMP,S55.5
2026/09/02 0:32:41,46139208,OK:01,TEMP,S55.5
2026/09/02 0:32:43,46141228,01,MON?
2026/09/02 0:32:43,46141229,55.7,,CONSTANT,0
2026/09/02 0:32:47,46145283,01,TEMP,S55.4
2026/09/02 0:32:47,46145285,OK:01,TEMP,S55.4
2026/09/02 0:32:53,46151368,01,MON?
2026/09/02 0:32:53,46151370,55.6,,CONSTANT,0
2026/09/02 0:32:53,46151371,01,TEMP,S55.3
2026/09/02 0:32:53,46151372,OK:01,TEMP,S55.3
2026/09/02 0:32:59,46157452,01,TEMP,S55.2
2026/09/02 0:32:59,46157453,OK:01,TEMP,S55.2
2026/09/02 0:33:03,46161508,01,MON?
2026/09/02 0:33:03,46161510,54.5,,CONSTANT,0
2026/09/02 0:33:05,46163535,01,TEMP,S55.1
2026/09/02 0:33:05,46163537,OK:01,TEMP,S55.1
2026/09/02 0:33:11,46169620,01,TEMP,S55.0
2026/09/02 0:33:11,46169622,OK:01,TEMP,S55.0
2026/09/02 0:33:13,46171648,01,MON?
2026/09/02 0:33:13,46171650,55.3,,CONSTANT,0
2026/09/02 0:33:16,46174690,01,TEMP,S54.9
2026/09/02 0:33:16,46174691,OK:01,TEMP,S54.9
2026/09/02 0:33:22,46180774,01,TEMP,S54.8
2026/09/02 0:33:22,46180776,OK:01,TEMP,S54.8
2026/09/02 0:33:23,46181788,01,MON?
2026/09/02 0:33:23,46181790,54.9,,CONSTANT,0
2026/09/02 0:33:28,46186858,01,TEMP,S54.7
2026/09/02 0:33:28,46186858,OK:01,TEMP,S54.7
2026/09/02 0:33:33,46191929,01,MON?
2026/09/02 0:33:33,46191931,55.6,,CONSTANT,0
2026/09/02 0:33:34,46192942,01,TEMP,S54.6
2026/09/02 0:33:34,46192944,OK:01,TEMP,S54.6
2026/09/02 0:33:41,46199026,01,TEMP,S54.5
2026/09/02 0:33:41,46199033,OK:01,TEMP,S54.5
2026/09/02 0:33:44,46202067,01,MON?
2026/09/02 0:33:44,46202069,55.2,,CONSTANT,0
2026/09/02 0:33:47,46205110,01,TEMP,S54.4
2026/09/02 0:33:47,46205117,OK:01,TEMP,S54.4
2026/09/02 0:33:53,46211194,01,TEMP,S54.3
2026/09/02 0:33:53,46211196,OK:01,TEMP,S54.3
2026/09/02 0:33:54,46212208,01,MON?
2026/09/02 0:33:54,46212210,54.5,,CONSTANT,0
2026/09/02 0:33:59,46217278,01,TEMP,S54.2
2026/09/02 0:33:59,46217285,OK:01,TEMP,S54.2
2026/09/02 0:34:04,46222349,01,MON?
2026/09/02 0:34:04,46222350,55.1,,CONSTANT,0
2026/09/02 0:34:05,46223363,01,TEMP,S54.1
2026/09/02 0:34:05,46223365,OK:01,TEMP,S54.1
2026/09/02 0:34:11,46229447,01,TEMP,S54.0
2026/09/02 0:34:11,46229449,OK:01,TEMP,S54.0
2026/09/02 0:34:14,46232488,01,MON?
2026/09/02 0:34:14,46232489,54.6,,CONSTANT,0
2026/09/02 0:34:17,46235531,01,TEMP,S53.9
2026/09/02 0:34:17,46235538,OK:01,TEMP,S53.9
2026/09/02 0:34:23,46241615,01,TEMP,S53.8
2026/09/02 0:34:23,46241615,OK:01,TEMP,S53.8
2026/09/02 0:34:24,46242628,01,MON?
2026/09/02 0:34:24,46242629,54.4,,CONSTANT,0
2026/09/02 0:34:28,46246684,01,TEMP,S53.7
2026/09/02 0:34:28,46246691,OK:01,TEMP,S53.7
2026/09/02 0:34:34,46252768,01,MON?
2026/09/02 0:34:34,46252768,52.9,,CONSTANT,0
2026/09/02 0:34:34,46252769,01,TEMP,S53.6
2026/09/02 0:34:34,46252769,OK:01,TEMP,S53.6
2026/09/02 0:34:40,46258854,01,TEMP,S53.5
2026/09/02 0:34:40,46258856,OK:01,TEMP,S53.5
2026/09/02 0:34:44,46262909,01,MON?
2026/09/02 0:34:44,46262910,53.6,,CONSTANT,0
2026/09/02 0:34:46,46264937,01,TEMP,S53.4
2026/09/02 0:34:46,46264939,OK:01,TEMP,S53.4
2026/09/02 0:34:53,46271020,01,TEMP,S53.3
2026/09/02 0:34:53,46271022,OK:01,TEMP,S53.3
2026/09/02 0:34:55,46273048,01,MON?
2026/09/02 0:34:55,46273049,53.6,,CONSTANT,0
2026/09/02 0:34:59,46277105,01,TEMP,S53.2
2026/09/02 0:34:59,46277110,OK:01,TEMP,S53.2
2026/09/02 0:35:05,46283188,01,MON?
2026/09/02 0:35:05,46283190,52.3,,CONSTANT,0
2026/09/02 0:35:05,46283191,01,TEMP,S53.1
2026/09/02 0:35:05,46283192,OK:01,TEMP,S53.1
2026/09/02 0:35:11,46289273,01,TEMP,S53.0
2026/09/02 0:35:11,46289275,OK:01,TEMP,S53.0
2026/09/02 0:35:15,46293330,01,MON?
2026/09/02 0:35:15,46293332,52.4,,CONSTANT,0
2026/09/02 0:35:17,46295357,01,TEMP,S52.9
2026/09/02 0:35:17,46295364,OK:01,TEMP,S52.9
2026/09/02 0:35:23,46301440,01,TEMP,S52.8
2026/09/02 0:35:23,46301442,OK:01,TEMP,S52.8
2026/09/02 0:35:25,46303468,01,MON?
2026/09/02 0:35:25,46303470,53.6,,CONSTANT,0
2026/09/02 0:35:29,46307525,01,TEMP,S52.7
2026/09/02 0:35:29,46307528,OK:01,TEMP,S52.7
2026/09/02 0:35:35,46313609,01,MON?
2026/09/02 0:35:35,46313609,53.2,,CONSTANT,0
2026/09/02 0:35:35,46313610,01,TEMP,S52.6
2026/09/02 0:35:35,46313611,OK:01,TEMP,S52.6
2026/09/02 0:35:40,46318679,01,TEMP,S52.5
2026/09/02 0:35:40,46318681,OK:01,TEMP,S52.5
2026/09/02 0:35:45,46323748,01,MON?
2026/09/02 0:35:45,46323750,52.5,,CONSTANT,0
2026/09/02 0:35:46,46324762,01,TEMP,S52.4
2026/09/02 0:35:46,46324764,OK:01,TEMP,S52.4
2026/09/02 0:35:52,46330847,01,TEMP,S52.3
2026/09/02 0:35:52,46330854,OK:01,TEMP,S52.3
2026/09/02 0:35:55,46333889,01,MON?
2026/09/02 0:35:55,46333890,53.3,,CONSTANT,0
2026/09/02 0:35:58,46336931,01,TEMP,S52.2
2026/09/02 0:35:58,46336933,OK:01,TEMP,S52.2
2026/09/02 0:36:05,46343014,01,TEMP,S52.1
2026/09/02 0:36:05,46343016,OK:01,TEMP,S52.1
2026/09/02 0:36:06,46344029,01,MON?
2026/09/02 0:36:06,46344031,51.6,,CONSTANT,0
2026/09/02 0:36:11,46349099,01,TEMP,S52.0
2026/09/02 0:36:11,46349106,OK:01,TEMP,S52.0
2026/09/02 0:36:16,46354169,01,MON?
2026/09/02 0:36:16,46354169,51.0,,CONSTANT,0
2026/09/02 0:36:17,46355183,01,TEMP,S51.9
2026/09/02 0:36:17,46355184,OK:01,TEMP,S51.9
2026/09/02 0:36:23,46361267,01,TEMP,S51.8
2026/09/02 0:36:23,46361274,OK:01,TEMP,S51.8
2026/09/02 0:36:26,46364309,01,MON?
2026/09/02 0:36:26,46364311,51.3,,CONSTANT,0
2026/09/02 0:36:29,46367351,01,TEMP,S51.7
2026/09/02 0:36:29,46367353,OK:01,TEMP,S51.7
2026/09/02 0:36:35,46373435,01,TEMP,S51.6
2026/09/02 0:36:35,46373437,OK:01,TEMP,S51.6
2026/09/02 0:36:36,46374450,01,MON?
2026/09/02 0:36:36,46374451,52.6,,CONSTANT,0
2026/09/02 0:36:41,46379520,01,TEMP,S51.5
2026/09/02 0:36:41,46379527,OK:01,TEMP,S51.5
2026/09/02 0:36:46,46384589,01,MON?
2026/09/02 0:36:46,46384590,51.5,,CONSTANT,0
2026/09/02 0:36:47,46385603,01,TEMP,S51.4
2026/09/02 0:36:47,46385605,OK:01,TEMP,S51.4
2026/09/02 0:36:53,46391687,01,TEMP,S51.3
2026/09/02 0:36:53,46391689,OK:01,TEMP,S51.3
2026/09/02 0:36:56,46394729,01,MON?
2026/09/02 0:36:56,46394731,50.4,,CONSTANT,0
2026/09/02 0:36:58,46396759,01,TEMP,S51.2
2026/09/02 0:36:58,46396761,OK:01,TEMP,S51.2
2026/09/02 0:37:04,46402841,01,TEMP,S51.1
2026/09/02 0:37:04,46402844,OK:01,TEMP,S51.1
2026/09/02 0:37:06,46404870,01,MON?
2026/09/02 0:37:06,46404872,51.5,,CONSTANT,0
2026/09/02 0:37:10,46408926,01,TEMP,S51.0
2026/09/02 0:37:10,46408928,OK:01,TEMP,S51.0
2026/09/02 0:37:17,46415011,01,MON?
2026/09/02 0:37:17,46415013,51.5,,CONSTANT,0
2026/09/02 0:37:17,46415014,01,TEMP,S50.9
2026/09/02 0:37:17,46415015,OK:01,TEMP,S50.9
2026/09/02 0:37:23,46421093,01,TEMP,S50.8
2026/09/02 0:37:23,46421094,OK:01,TEMP,S50.8
2026/09/02 0:37:27,46425149,01,MON?
2026/09/02 0:37:27,46425150,50.0,,CONSTANT,0
2026/09/02 0:37:29,46427178,01,TEMP,S50.7
2026/09/02 0:37:29,46427180,OK:01,TEMP,S50.7
2026/09/02 0:37:35,46433262,01,TEMP,S50.6
2026/09/02 0:37:35,46433269,OK:01,TEMP,S50.6
2026/09/02 0:37:37,46435291,01,MON?
2026/09/02 0:37:37,46435291,50.2,,CONSTANT,0
2026/09/02 0:37:41,46439346,01,TEMP,S50.5
2026/09/02 0:37:41,46439354,OK:01,TEMP,S50.5
2026/09/02 0:37:47,46445430,01,MON?
2026/09/02 0:37:47,46445431,49.9,,CONSTANT,0
2026/09/02 0:37:47,46445433,01,TEMP,S50.4
2026/09/02 0:37:47,46445435,OK:01,TEMP,S50.4
2026/09/02 0:37:53,46451514,01,TEMP,S50.3
2026/09/02 0:37:53,46451516,OK:01,TEMP,S50.3
2026/09/02 0:37:57,46455570,01,MON?
2026/09/02 0:37:57,46455572,49.5,,CONSTANT,0
2026/09/02 0:37:59,46457598,01,TEMP,S50.2
2026/09/02 0:37:59,46457600,OK:01,TEMP,S50.2
2026/09/02 0:38:05,46463682,01,TEMP,S50.1
2026/09/02 0:38:05,46463684,OK:01,TEMP,S50.1
2026/09/02 0:38:07,46465709,01,MON?
2026/09/02 0:38:07,46465710,49.9,,CONSTANT,0
2026/09/02 0:38:10,46468752,01,TEMP,S50.0
2026/09/02 0:38:10,46468752,OK:01,TEMP,S50.0
2026/09/02 0:38:16,46474836,01,TEMP,S49.9
2026/09/02 0:38:16,46474838,OK:01,TEMP,S49.9
2026/09/02 0:38:17,46475850,01,MON?
2026/09/02 0:38:17,46475852,50.4,,CONSTANT,0
2026/09/02 0:38:22,46480919,01,TEMP,S49.8
2026/09/02 0:38:22,46480921,OK:01,TEMP,S49.8
2026/09/02 0:38:28,46485990,01,MON?
2026/09/02 0:38:28,46485992,49.7,,CONSTANT,0
2026/09/02 0:38:29,46487004,01,TEMP,S49.7
2026/09/02 0:38:29,46487005,OK:01,TEMP,S49.7
2026/09/02 0:38:35,46493088,01,TEMP,S49.6
2026/09/02 0:38:35,46493095,OK:01,TEMP,S49.6
2026/09/02 0:38:38,46496130,01,MON?
2026/09/02 0:38:38,46496131,50.3,,CONSTANT,0
2026/09/02 0:38:41,46499171,01,TEMP,S49.5
2026/09/02 0:38:41,46499176,OK:01,TEMP,S49.5
2026/09/02 0:38:47,46505256,01,TEMP,S49.4
2026/09/02 0:38:47,46505257,OK:01,TEMP,S49.4
2026/09/02 0:38:48,46506270,01,MON?
2026/09/02 0:38:48,46506271,50.2,,CONSTANT,0
2026/09/02 0:38:53,46511340,01,TEMP,S49.3
2026/09/02 0:38:53,46511347,OK:01,TEMP,S49.3
2026/09/02 0:38:58,46516410,01,MON?
2026/09/02 0:38:58,46516412,49.5,,CONSTANT,0
2026/09/02 0:38:59,46517423,01,TEMP,S49.2
2026/09/02 0:38:59,46517425,OK:01,TEMP,S49.2
2026/09/02 0:39:05,46523508,01,TEMP,S49.1
2026/09/02 0:39:05,46523515,OK:01,TEMP,S49.1
2026/09/02 0:39:08,46526550,01,MON?
2026/09/02 0:39:08,46526551,48.5,,CONSTANT,0
2026/09/02 0:39:11,46529593,01,TEMP,S49.0
2026/09/02 0:39:11,46529596,OK:01,TEMP,S49.0
2026/09/02 0:39:17,46535676,01,TEMP,S48.9
2026/09/02 0:39:17,46535678,OK:01,TEMP,S48.9
2026/09/02 0:39:18,46536691,01,MON?
2026/09/02 0:39:18,46536693,49.1,,CONSTANT,0
2026/09/02 0:39:23,46541761,01,TEMP,S48.8
2026/09/02 0:39:23,46541768,OK:01,TEMP,S48.8
2026/09/02 0:39:28,46546831,01,MON?
2026/09/02 0:39:28,46546831,47.9,,CONSTANT,0
2026/09/02 0:39:28,46546832,01,TEMP,S48.7
2026/09/02 0:39:28,46546832,OK:01,TEMP,S48.7
2026/09/02 0:39:34,46552914,01,TEMP,S48.6
2026/09/02 0:39:34,46552916,OK:01,TEMP,S48.6
2026/09/02 0:39:38,46556971,01,MON?
2026/09/02 0:39:38,46556973,47.8,,CONSTANT,0
2026/09/02 0:39:41,46558998,01,TEMP,S48.5
2026/09/02 0:39:41,46559000,OK:01,TEMP,S48.5
2026/09/02 0:39:47,46565083,01,TEMP,S48.4
2026/09/02 0:39:47,46565092,OK:01,TEMP,S48.4
2026/09/02 0:39:49,46567110,01,MON?
2026/09/02 0:39:49,46567111,47.7,,CONSTANT,0
2026/09/02 0:39:53,46571168,01,TEMP,S48.3
2026/09/02 0:39:53,46571170,OK:01,TEMP,S48.3
2026/09/02 0:39:59,46577250,01,MON?
2026/09/02 0:39:59,46577252,48.3,,CONSTANT,0
2026/09/02 0:39:59,46577253,01,TEMP,S48.2
2026/09/02 0:39:59,46577254,OK:01,TEMP,S48.2
2026/09/02 0:40:05,46583335,01,TEMP,S48.1
2026/09/02 0:40:05,46583337,OK:01,TEMP,S48.1
2026/09/02 0:40:09,46587391,01,MON?
2026/09/02 0:40:09,46587393,48.0,,CONSTANT,0
2026/09/02 0:40:11,46589419,01,TEMP,S48.0
2026/09/02 0:40:11,46589419,OK:01,TEMP,S48.0
2026/09/02 0:40:17,46595504,01,TEMP,S47.9
2026/09/02 0:40:17,46595511,OK:01,TEMP,S47.9
2026/09/02 0:40:19,46597531,01,MON?
2026/09/02 0:40:19,46597533,48.8,,CONSTANT,0
2026/09/02 0:40:23,46601587,01,TEMP,S47.8
2026/09/02 0:40:23,46601589,OK:01,TEMP,S47.8
2026/09/02 0:40:29,46607672,01,MON?
2026/09/02 0:40:29,46607674,47.2,,CONSTANT,0
2026/09/02 0:40:29,46607675,01,TEMP,S47.7
2026/09/02 0:40:29,46607676,OK:01,TEMP,S47.7
2026/09/02 0:40:35,46613755,01,TEMP,S47.6
2026/09/02 0:40:35,46613757,OK:01,TEMP,S47.6
2026/09/02 0:40:39,46617811,01,MON?
2026/09/02 0:40:39,46617811,48.0,,CONSTANT,0
2026/09/02 0:40:40,46618825,01,TEMP,S47.5
2026/09/02 0:40:40,46618826,OK:01,TEMP,S47.5
2026/09/02 0:40:46,46624909,01,TEMP,S47.4
2026/09/02 0:40:46,46624916,OK:01,TEMP,S47.4
2026/09/02 0:40:49,46627951,01,MON?
2026/09/02 0:40:49,46627953,48.1,,CONSTANT,0
2026/09/02 0:40:53,46630993,01,TEMP,S47.3
2026/09/02 0:40:53,46630993,OK:01,TEMP,S47.3
2026/09/02 0:40:59,46637076,01,TEMP,S47.2
2026/09/02 0:40:59,46637080,OK:01,TEMP,S47.2
2026/09/02 0:41:00,46638090,01,MON?
2026/09/02 0:41:00,46638092,46.9,,CONSTANT,0
2026/09/02 0:41:05,46643161,01,TEMP,S47.1
2026/09/02 0:41:05,46643166,OK:01,TEMP,S47.1
2026/09/02 0:41:10,46648231,01,MON?
2026/09/02 0:41:10,46648232,46.8,,CONSTANT,0
2026/09/02 0:41:11,46649245,01,TEMP,S47.0
2026/09/02 0:41:11,46649247,OK:01,TEMP,S47.0
2026/09/02 0:41:17,46655328,01,TEMP,S46.9
2026/09/02 0:41:17,46655335,OK:01,TEMP,S46.9
2026/09/02 0:41:20,46658371,01,MON?
2026/09/02 0:41:20,46658372,46.4,,CONSTANT,0
2026/09/02 0:41:23,46661413,01,TEMP,S46.8
2026/09/02 0:41:23,46661417,OK:01,TEMP,S46.8
2026/09/02 0:41:29,46667497,01,TEMP,S46.7
2026/09/02 0:41:29,46667505,OK:01,TEMP,S46.7
2026/09/02 0:41:30,46668511,01,MON?
2026/09/02 0:41:30,46668513,47.1,,CONSTANT,0
2026/09/02 0:41:35,46673581,01,TEMP,S46.6
2026/09/02 0:41:35,46673581,OK:01,TEMP,S46.6
2026/09/02 0:41:40,46678651,01,MON?
2026/09/02 0:41:40,46678653,46.4,,CONSTANT,0
2026/09/02 0:41:41,46679665,01,TEMP,S46.5
2026/09/02 0:41:41,46679667,OK:01,TEMP,S46.5
2026/09/02 0:41:47,46685750,01,TEMP,S46.4
2026/09/02 0:41:47,46685752,OK:01,TEMP,S46.4
2026/09/02 0:41:50,46688792,01,MON?
2026/09/02 0:41:50,46688792,47.3,,CONSTANT,0
2026/09/02 0:41:53,46691833,01,TEMP,S46.3
2026/09/02 0:41:53,46691834,OK:01,TEMP,S46.3
2026/09/02 0:41:58,46696903,01,TEMP,S46.2
2026/09/02 0:41:58,46696905,OK:01,TEMP,S46.2
2026/09/02 0:42:00,46698932,01,MON?
2026/09/02 0:42:00,46698934,46.8,,CONSTANT,0
2026/09/02 0:42:05,46702988,01,TEMP,S46.1
2026/09/02 0:42:05,46702990,OK:01,TEMP,S46.1
2026/09/02 0:42:11,46709072,01,MON?
2026/09/02 0:42:11,46709074,45.7,,CONSTANT,0
2026/09/02 0:42:11,46709075,01,TEMP,S46.0
2026/09/02 0:42:11,46709076,OK:01,TEMP,S46.0
2026/09/02 0:42:17,46715156,01,TEMP,S45.9
2026/09/02 0:42:17,46715158,OK:01,TEMP,S45.9
2026/09/02 0:42:21,46719212,01,MON?
2026/09/02 0:42:21,46719214,46.1,,CONSTANT,0
2026/09/02 0:42:23,46721240,01,TEMP,S45.8
2026/09/02 0:42:23,46721242,OK:01,TEMP,S45.8
2026/09/02 0:42:29,46727323,01,TEMP,S45.7
2026/09/02 0:42:29,46727329,OK:01,TEMP,S45.7
2026/09/02 0:42:31,46729352,01,MON?
2026/09/02 0:42:31,46729354,45.3,,CONSTANT,0
2026/09/02 0:42:35,46733408,01,TEMP,S45.6
2026/09/02 0:42:35,46733416,OK:01,TEMP,S45.6
2026/09/02 0:42:41,46739492,01,MON?
2026/09/02 0:42:41,46739494,46.2,,CONSTANT,0
2026/09/02 0:42:41,46739495,01,TEMP,S45.5
2026/09/02 0:42:41,46739497,OK:01,TEMP,S45.5
2026/09/02 0:42:47,46745575,01,TEMP,S45.4
2026/09/02 0:42:47,46745576,OK:01,TEMP,S45.4
2026/09/02 0:42:51,46749632,01,MON?
2026/09/02 0:42:51,46749634,45.1,,CONSTANT,0
2026/09/02 0:42:53,46751660,01,TEMP,S45.3
2026/09/02 0:42:53,46751661,OK:01,TEMP,S45.3
2026/09/02 0:42:59,46757744,01,TEMP,S45.2
2026/09/02 0:42:59,46757744,OK:01,TEMP,S45.2
2026/09/02 0:43:01,46759772,01,MON?
2026/09/02 0:43:01,46759773,44.8,,CONSTANT,0
2026/09/02 0:43:05,46763828,01,TEMP,S45.1
2026/09/02 0:43:05,46763830,OK:01,TEMP,S45.1
2026/09/02 0:43:10,46768898,01,TEMP,S45.0
2026/09/02 0:43:10,46768900,OK:01,TEMP,S45.0
2026/09/02 0:43:11,46769912,01,MON?
2026/09/02 0:43:11,46769913,45.5,,CONSTANT,0
2026/09/02 0:43:16,46774982,01,TEMP,S44.9
2026/09/02 0:43:17,46774984,OK:01,TEMP,S44.9
2026/09/02 0:43:22,46780051,01,MON?
2026/09/02 0:43:22,46780053,44.6,,CONSTANT,0
2026/09/02 0:43:23,46781066,01,TEMP,S44.8
2026/09/02 0:43:23,46781068,OK:01,TEMP,S44.8
2026/09/02 0:43:29,46787150,01,TEMP,S44.7
2026/09/02 0:43:29,46787157,OK:01,TEMP,S44.7
2026/09/02 0:43:32,46790192,01,MON?
2026/09/02 0:43:32,46790194,43.9,,CONSTANT,0
2026/09/02 0:43:35,46793233,01,TEMP,S44.6
2026/09/02 0:43:35,46793238,OK:01,TEMP,S44.6
2026/09/02 0:43:41,46799318,01,TEMP,S44.5
2026/09/02 0:43:41,46799319,OK:01,TEMP,S44.5
2026/09/02 0:43:42,46800332,01,MON?
2026/09/02 0:43:42,46800334,45.2,,CONSTANT,0
2026/09/02 0:43:47,46805402,01,TEMP,S44.4
2026/09/02 0:43:47,46805409,OK:01,TEMP,S44.4
2026/09/02 0:43:52,46810472,01,MON?
2026/09/02 0:43:52,46810472,43.7,,CONSTANT,0
2026/09/02 0:43:53,46811486,01,TEMP,S44.3
2026/09/02 0:43:53,46811486,OK:01,TEMP,S44.3
2026/09/02 0:43:59,46817570,01,TEMP,S44.2
2026/09/02 0:43:59,46817577,OK:01,TEMP,S44.2
2026/09/02 0:44:02,46820612,01,MON?
2026/09/02 0:44:02,46820614,43.9,,CONSTANT,0
2026/09/02 0:44:05,46823654,01,TEMP,S44.1
2026/09/02 0:44:05,46823654,OK:01,TEMP,S44.1
2026/09/02 0:44:11,46829738,01,TEMP,S44.0
2026/09/02 0:44:11,46829740,OK:01,TEMP,S44.0
2026/09/02 0:44:12,46830752,01,MON?
2026/09/02 0:44:12,46830754,44.9,,CONSTANT,0
2026/09/02 0:44:17,46835822,01,TEMP,S43.9
2026/09/02 0:44:17,46835829,OK:01,TEMP,S43.9
2026/09/02 0:44:22,46840892,01,MON?
2026/09/02 0:44:22,46840893,43.4,,CONSTANT,0
2026/09/02 0:44:23,46841907,01,TEMP,S43.8
2026/09/02 0:44:23,46841909,OK:01,TEMP,S43.8
2026/09/02 0:44:28,46846976,01,TEMP,S43.7
2026/09/02 0:44:28,46846978,OK:01,TEMP,S43.7
2026/09/02 0:44:33,46851033,01,MON?
2026/09/02 0:44:33,46851035,43.5,,CONSTANT,0
2026/09/02 0:44:35,46853060,01,TEMP,S43.6
2026/09/02 0:44:35,46853060,OK:01,TEMP,S43.6
2026/09/02 0:44:41,46859149,01,TEMP,S43.5
2026/09/02 0:44:41,46859156,OK:01,TEMP,S43.5
2026/09/02 0:44:43,46861178,01,MON?
2026/09/02 0:44:43,46861179,43.7,,CONSTANT,0
2026/09/02 0:44:47,46865239,01,TEMP,S43.4
2026/09/02 0:44:47,46865246,OK:01,TEMP,S43.4
2026/09/02 0:44:53,46871317,01,MON?
2026/09/02 0:44:53,46871319,44.0,,CONSTANT,0
2026/09/02 0:44:53,46871320,01,TEMP,S43.3
2026/09/02 0:44:53,46871322,OK:01,TEMP,S43.3
2026/09/02 0:44:59,46877401,01,TEMP,S43.2
2026/09/02 0:44:59,46877403,OK:01,TEMP,S43.2
2026/09/02 0:45:03,46881456,01,MON?
2026/09/02 0:45:03,46881457,43.9,,CONSTANT,0
2026/09/02 0:45:05,46883482,01,TEMP,S43.1
2026/09/02 0:45:05,46883483,OK:01,TEMP,S43.1
2026/09/02 0:45:11,46889569,01,TEMP,S43.0
2026/09/02 0:45:11,46889570,OK:01,TEMP,S43.0
2026/09/02 0:45:13,46891596,01,MON?
2026/09/02 0:45:13,46891598,43.8,,CONSTANT,0
2026/09/02 0:45:17,46895659,01,TEMP,S42.9
2026/09/02 0:45:17,46895660,OK:01,TEMP,S42.9
2026/09/02 0:45:23,46901736,01,MON?
2026/09/02 0:45:23,46901737,42.5,,CONSTANT,0
2026/09/02 0:45:23,46901739,01,TEMP,S42.8
2026/09/02 0:45:23,46901740,OK:01,TEMP,S42.8
2026/09/02 0:45:29,46907821,01,TEMP,S42.7
2026/09/02 0:45:29,46907822,OK:01,TEMP,S42.7
2026/09/02 0:45:33,46911875,01,MON?
2026/09/02 0:45:33,46911876,41.8,,CONSTANT,0
2026/09/02 0:45:35,46913903,01,TEMP,S42.6
2026/09/02 0:45:35,46913904,OK:01,TEMP,S42.6
2026/09/02 0:45:40,46918974,01,TEMP,S42.5
2026/09/02 0:45:40,46918975,OK:01,TEMP,S42.5
2026/09/02 0:45:44,46922017,01,MON?
2026/09/02 0:45:44,46922018,42.1,,CONSTANT,0
2026/09/02 0:45:47,46925060,01,TEMP,S42.4
2026/09/02 0:45:47,46925067,OK:01,TEMP,S42.4
2026/09/02 0:45:53,46931142,01,TEMP,S42.3
2026/09/02 0:45:53,46931143,OK:01,TEMP,S42.3
2026/09/02 0:45:54,46932157,01,MON?
2026/09/02 0:45:54,46932158,42.2,,CONSTANT,0
2026/09/02 0:45:59,46937226,01,TEMP,S42.2
2026/09/02 0:45:59,46937233,OK:01,TEMP,S42.2
2026/09/02 0:46:04,46942296,01,MON?
2026/09/02 0:46:04,46942298,41.8,,CONSTANT,0
2026/09/02 0:46:05,46943312,01,TEMP,S42.1
2026/09/02 0:46:05,46943314,OK:01,TEMP,S42.1
2026/09/02 0:46:11,46949395,01,TEMP,S42.0
2026/09/02 0:46:11,46949396,OK:01,TEMP,S42.0
2026/09/02 0:46:14,46952435,01,MON?
2026/09/02 0:46:14,46952437,41.9,,CONSTANT,0
2026/09/02 0:46:17,46955476,01,TEMP,S41.9
2026/09/02 0:46:17,46955480,OK:01,TEMP,S41.9
2026/09/02 0:46:23,46961563,01,TEMP,S41.8
2026/09/02 0:46:23,46961564,OK:01,TEMP,S41.8
2026/09/02 0:46:24,46962581,01,MON?
2026/09/02 0:46:24,46962582,41.7,,CONSTANT,0
2026/09/02 0:46:29,46967644,01,TEMP,S41.7
2026/09/02 0:46:29,46967646,OK:01,TEMP,S41.7
2026/09/02 0:46:34,46972716,01,MON?
2026/09/02 0:46:34,46972717,41.4,,CONSTANT,0
2026/09/02 0:46:35,46973732,01,TEMP,S41.6
2026/09/02 0:46:35,46973733,OK:01,TEMP,S41.6
2026/09/02 0:46:41,46979815,01,TEMP,S41.5
2026/09/02 0:46:41,46979816,OK:01,TEMP,S41.5
2026/09/02 0:46:44,46982857,01,MON?
2026/09/02 0:46:44,46982859,41.3,,CONSTANT,0
2026/09/02 0:46:47,46985899,01,TEMP,S41.4
2026/09/02 0:46:47,46985905,OK:01,TEMP,S41.4
2026/09/02 0:46:53,46991983,01,TEMP,S41.3
2026/09/02 0:46:53,46991984,OK:01,TEMP,S41.3
2026/09/02 0:46:55,46993000,01,MON?
2026/09/02 0:46:55,46993001,40.7,,CONSTANT,0
2026/09/02 0:46:59,46997063,01,TEMP,S41.2
2026/09/02 0:46:59,46997074,OK:01,TEMP,S41.2
2026/09/02 0:47:05,47003139,01,MON?
2026/09/02 0:47:05,47003141,41.0,,CONSTANT,0
2026/09/02 0:47:05,47003142,01,TEMP,S41.1
2026/09/02 0:47:05,47003143,OK:01,TEMP,S41.1
2026/09/02 0:47:11,47009222,01,TEMP,S41.0
2026/09/02 0:47:11,47009223,OK:01,TEMP,S41.0
2026/09/02 0:47:15,47013278,01,MON?
2026/09/02 0:47:15,47013279,41.0,,CONSTANT,0
2026/09/02 0:47:17,47015305,01,TEMP,S40.9
2026/09/02 0:47:17,47015307,OK:01,TEMP,S40.9
2026/09/02 0:47:23,47021390,01,TEMP,S40.8
2026/09/02 0:47:23,47021398,OK:01,TEMP,S40.8
2026/09/02 0:47:25,47023415,01,MON?
2026/09/02 0:47:25,47023415,41.0,,CONSTANT,0
2026/09/02 0:47:29,47027481,01,TEMP,S40.7
2026/09/02 0:47:29,47027486,OK:01,TEMP,S40.7
2026/09/02 0:47:35,47033557,01,MON?
2026/09/02 0:47:35,47033558,41.5,,CONSTANT,0
2026/09/02 0:47:35,47033560,01,TEMP,S40.6
2026/09/02 0:47:35,47033561,OK:01,TEMP,S40.6
2026/09/02 0:47:41,47039642,01,TEMP,S40.5
2026/09/02 0:47:41,47039643,OK:01,TEMP,S40.5
2026/09/02 0:47:45,47043707,01,MON?
2026/09/02 0:47:45,47043708,40.2,,CONSTANT,0
2026/09/02 0:47:47,47045735,01,TEMP,S40.4
2026/09/02 0:47:47,47045737,OK:01,TEMP,S40.4
2026/09/02 0:47:53,47051805,01,TEMP,S40.3
2026/09/02 0:47:53,47051807,OK:01,TEMP,S40.3
2026/09/02 0:47:55,47053834,01,MON?
2026/09/02 0:47:55,47053836,39.9,,CONSTANT,0
2026/09/02 0:47:59,47057895,01,TEMP,S40.2
2026/09/02 0:47:59,47057896,OK:01,TEMP,S40.2
2026/09/02 0:48:05,47063974,01,MON?
2026/09/02 0:48:05,47063974,39.4,,CONSTANT,0
2026/09/02 0:48:05,47063975,01,TEMP,S40.1
2026/09/02 0:48:05,47063975,OK:01,TEMP,S40.1
2026/09/02 0:48:11,47069043,01,TEMP,S40.0
2026/09/02 0:48:11,47069045,OK:01,TEMP,S40.0
2026/09/02 0:48:16,47074113,01,MON?
2026/09/02 0:48:16,47074114,40.2,,CONSTANT,0
2026/09/02 0:48:17,47075128,01,TEMP,S39.9
2026/09/02 0:48:17,47075130,OK:01,TEMP,S39.9
2026/09/02 0:48:23,47081212,01,TEMP,S39.8
2026/09/02 0:48:23,47081219,OK:01,TEMP,S39.8
2026/09/02 0:48:26,47084255,01,MON?
2026/09/02 0:48:26,47084257,39.4,,CONSTANT,0
2026/09/02 0:48:29,47087297,01,TEMP,S39.7
2026/09/02 0:48:29,47087304,OK:01,TEMP,S39.7
2026/09/02 0:48:35,47093379,01,TEMP,S39.6
2026/09/02 0:48:35,47093386,OK:01,TEMP,S39.6
2026/09/02 0:48:36,47094393,01,MON?
2026/09/02 0:48:36,47094395,39.8,,CONSTANT,0
2026/09/02 0:48:41,47099464,01,TEMP,S39.5
2026/09/02 0:48:41,47099471,OK:01,TEMP,S39.5
2026/09/02 0:48:46,47104534,01,MON?
2026/09/02 0:48:46,47104536,40.4,,CONSTANT,0
2026/09/02 0:48:47,47105548,01,TEMP,S39.4
2026/09/02 0:48:47,47105554,OK:01,TEMP,S39.4
2026/09/02 0:48:53,47111631,01,TEMP,S39.3
2026/09/02 0:48:53,47111633,OK:01,TEMP,S39.3
2026/09/02 0:48:56,47114674,01,MON?
2026/09/02 0:48:56,47114675,40.2,,CONSTANT,0
2026/09/02 0:48:59,47117716,01,TEMP,S39.2
2026/09/02 0:48:59,47117718,OK:01,TEMP,S39.2
2026/09/02 0:49:05,47123800,01,TEMP,S39.1
2026/09/02 0:49:05,47123802,OK:01,TEMP,S39.1
2026/09/02 0:49:06,47124814,01,MON?
2026/09/02 0:49:06,47124815,39.0,,CONSTANT,0
2026/09/02 0:49:11,47129883,01,TEMP,S39.0
2026/09/02 0:49:11,47129890,OK:01,TEMP,S39.0
2026/09/02 0:49:16,47134954,01,MON?
2026/09/02 0:49:16,47134955,39.9,,CONSTANT,0
2026/09/02 0:49:17,47135968,01,TEMP,S38.9
2026/09/02 0:49:17,47135970,OK:01,TEMP,S38.9
2026/09/02 0:49:24,47142052,01,TEMP,S38.8
2026/09/02 0:49:24,47142054,OK:01,TEMP,S38.8
2026/09/02 0:49:27,47145094,01,MON?
2026/09/02 0:49:27,47145101,38.1,,CONSTANT,0
2026/09/02 0:49:29,47147121,01,TEMP,S38.7
2026/09/02 0:49:29,47147123,OK:01,TEMP,S38.7
2026/09/02 0:49:35,47153206,01,TEMP,S38.6
2026/09/02 0:49:35,47153215,OK:01,TEMP,S38.6
2026/09/02 0:49:37,47155234,01,MON?
2026/09/02 0:49:37,47155234,38.1,,CONSTANT,0
2026/09/02 0:49:41,47159290,01,TEMP,S38.5
2026/09/02 0:49:41,47159297,OK:01,TEMP,S38.5
2026/09/02 0:49:47,47165375,01,MON?
2026/09/02 0:49:47,47165377,38.9,,CONSTANT,0
2026/09/02 0:49:47,47165378,01,TEMP,S38.4
2026/09/02 0:49:47,47165379,OK:01,TEMP,S38.4
2026/09/02 0:49:53,47171459,01,TEMP,S38.3
2026/09/02 0:49:53,47171460,OK:01,TEMP,S38.3
2026/09/02 0:49:57,47175514,01,MON?
2026/09/02 0:49:57,47175514,38.5,,CONSTANT,0
2026/09/02 0:49:59,47177542,01,TEMP,S38.2
2026/09/02 0:49:59,47177543,OK:01,TEMP,S38.2
2026/09/02 0:50:05,47183627,01,TEMP,S38.1
2026/09/02 0:50:05,47183629,OK:01,TEMP,S38.1
2026/09/02 0:50:07,47185655,01,MON?
2026/09/02 0:50:07,47185657,37.2,,CONSTANT,0
2026/09/02 0:50:11,47189710,01,TEMP,S38.0
2026/09/02 0:50:11,47189710,OK:01,TEMP,S38.0
2026/09/02 0:50:17,47195794,01,MON?
2026/09/02 0:50:17,47195796,38.3,,CONSTANT,0
2026/09/02 0:50:17,47195797,01,TEMP,S37.9
2026/09/02 0:50:17,47195799,OK:01,TEMP,S37.9
2026/09/02 0:50:23,47201880,01,TEMP,S37.8
2026/09/02 0:50:23,47201882,OK:01,TEMP,S37.8
2026/09/02 0:50:27,47205935,01,MON?
2026/09/02 0:50:27,47205937,37.8,,CONSTANT,0
2026/09/02 0:50:29,47207962,01,TEMP,S37.7
2026/09/02 0:50:29,47207964,OK:01,TEMP,S37.7
2026/09/02 0:50:36,47214047,01,TEMP,S37.6
2026/09/02 0:50:36,47214048,OK:01,TEMP,S37.6
2026/09/02 0:50:38,47216075,01,MON?
2026/09/02 0:50:38,47216077,37.0,,CONSTANT,0
2026/09/02 0:50:41,47219118,01,TEMP,S37.5
2026/09/02 0:50:41,47219120,OK:01,TEMP,S37.5
2026/09/02 0:50:47,47225202,01,TEMP,S37.4
2026/09/02 0:50:47,47225204,OK:01,TEMP,S37.4
2026/09/02 0:50:48,47226214,01,MON?
2026/09/02 0:50:48,47226215,38.2,,CONSTANT,0
2026/09/02 0:50:53,47231285,01,TEMP,S37.3
2026/09/02 0:50:53,47231292,OK:01,TEMP,S37.3
2026/09/02 0:50:58,47236355,01,MON?
2026/09/02 0:50:58,47236357,37.5,,CONSTANT,0
2026/09/02 0:50:59,47237370,01,TEMP,S37.2
2026/09/02 0:50:59,47237372,OK:01,TEMP,S37.2
2026/09/02 0:51:05,47243454,01,TEMP,S37.1
2026/09/02 0:51:05,47243461,OK:01,TEMP,S37.1
2026/09/02 0:51:08,47246494,01,MON?
2026/09/02 0:51:08,47246495,37.6,,CONSTANT,0
2026/09/02 0:51:11,47249536,01,TEMP,S37.0
2026/09/02 0:51:11,47249543,OK:01,TEMP,S37.0
2026/09/02 0:51:17,47255621,01,TEMP,S36.9
2026/09/02 0:51:17,47255623,OK:01,TEMP,S36.9
2026/09/02 0:51:18,47256635,01,MON?
2026/09/02 0:51:18,47256637,37.7,,CONSTANT,0
2026/09/02 0:51:23,47261705,01,TEMP,S36.8
2026/09/02 0:51:23,47261709,OK:01,TEMP,S36.8
2026/09/02 0:51:28,47266774,01,MON?
2026/09/02 0:51:28,47266776,37.7,,CONSTANT,0
2026/09/02 0:51:29,47267788,01,TEMP,S36.7
2026/09/02 0:51:29,47267790,OK:01,TEMP,S36.7
2026/09/02 0:51:35,47273873,01,TEMP,S36.6
2026/09/02 0:51:35,47273874,OK:01,TEMP,S36.6
2026/09/02 0:51:38,47276915,01,MON?
2026/09/02 0:51:38,47276916,36.2,,CONSTANT,0
2026/09/02 0:51:41,47279957,01,TEMP,S36.5
2026/09/02 0:51:41,47279959,OK:01,TEMP,S36.5
2026/09/02 0:51:48,47286040,01,TEMP,S36.4
2026/09/02 0:51:48,47286042,OK:01,TEMP,S36.4
2026/09/02 0:51:49,47287054,01,MON?
2026/09/02 0:51:49,47287056,37.1,,CONSTANT,0
2026/09/02 0:51:54,47292125,01,TEMP,S36.3
2026/09/02 0:51:54,47292132,OK:01,TEMP,S36.3
2026/09/02 0:51:59,47297195,01,MON?
2026/09/02 0:51:59,47297202,35.3,,CONSTANT,0
2026/09/02 0:51:59,47297204,01,TEMP,S36.2
2026/09/02 0:51:59,47297205,OK:01,TEMP,S36.2
2026/09/02 0:52:05,47303279,01,TEMP,S36.1
2026/09/02 0:52:05,47303280,OK:01,TEMP,S36.1
2026/09/02 0:52:09,47307335,01,MON?
2026/09/02 0:52:09,47307337,36.0,,CONSTANT,0
2026/09/02 0:52:11,47309363,01,TEMP,S36.0
2026/09/02 0:52:11,47309370,OK:01,TEMP,S36.0
2026/09/02 0:52:17,47315447,01,TEMP,S35.9
2026/09/02 0:52:17,47315449,OK:01,TEMP,S35.9
2026/09/02 0:52:19,47317476,01,MON?
2026/09/02 0:52:19,47317478,35.2,,CONSTANT,0
2026/09/02 0:52:23,47321531,01,TEMP,S35.8
2026/09/02 0:52:23,47321536,OK:01,TEMP,S35.8
2026/09/02 0:52:29,47327615,01,MON?
2026/09/02 0:52:29,47327617,35.4,,CONSTANT,0
2026/09/02 0:52:29,47327618,01,TEMP,S35.7
2026/09/02 0:52:29,47327619,OK:01,TEMP,S35.7
2026/09/02 0:52:35,47333699,01,TEMP,S35.6
2026/09/02 0:52:35,47333701,OK:01,TEMP,S35.6
2026/09/02 0:52:39,47337755,01,MON?
2026/09/02 0:52:39,47337757,36.5,,CONSTANT,0
2026/09/02 0:52:41,47339783,01,TEMP,S35.5
2026/09/02 0:52:41,47339785,OK:01,TEMP,S35.5
2026/09/02 0:52:47,47345867,01,TEMP,S35.4
2026/09/02 0:52:47,47345867,OK:01,TEMP,S35.4
2026/09/02 0:52:49,47347895,01,MON?
2026/09/02 0:52:49,47347897,34.7,,CONSTANT,0
2026/09/02 0:52:53,47351951,01,TEMP,S35.3
2026/09/02 0:52:53,47351953,OK:01,TEMP,S35.3
2026/09/02 0:53:00,47358036,01,MON?
2026/09/02 0:53:00,47358038,35.1,,CONSTANT,0
2026/09/02 0:53:00,47358039,01,TEMP,S35.2
2026/09/02 0:53:00,47358041,OK:01,TEMP,S35.2
2026/09/02 0:53:06,47364120,01,TEMP,S35.1
2026/09/02 0:53:06,47364127,OK:01,TEMP,S35.1
2026/09/02 0:53:10,47368175,01,MON?
2026/09/02 0:53:10,47368177,34.6,,CONSTANT,0
2026/09/02 0:53:11,47369189,01,TEMP,S35.0
2026/09/02 0:53:11,47369191,OK:01,TEMP,S35.0
2026/09/02 0:53:17,47375275,01,TEMP,S34.9
2026/09/02 0:53:17,47375281,OK:01,TEMP,S34.9
2026/09/02 0:53:20,47378317,01,MON?
2026/09/02 0:53:20,47378319,35.6,,CONSTANT,0
2026/09/02 0:53:23,47381358,01,TEMP,S34.8
2026/09/02 0:53:23,47381360,OK:01,TEMP,S34.8
2026/09/02 0:53:29,47387441,01,TEMP,S34.7
2026/09/02 0:53:29,47387455,OK:01,TEMP,S34.7
2026/09/02 0:53:30,47388456,01,MON?
2026/09/02 0:53:30,47388458,34.8,,CONSTANT,0
2026/09/02 0:53:35,47393527,01,TEMP,S34.6
2026/09/02 0:53:35,47393533,OK:01,TEMP,S34.6
2026/09/02 0:53:40,47398597,01,MON?
2026/09/02 0:53:40,47398597,34.7,,CONSTANT,0
2026/09/02 0:53:41,47399610,01,TEMP,S34.5
2026/09/02 0:53:41,47399610,OK:01,TEMP,S34.5
2026/09/02 0:53:47,47405693,01,TEMP,S34.4
2026/09/02 0:53:47,47405695,OK:01,TEMP,S34.4
2026/09/02 0:53:50,47408735,01,MON?
2026/09/02 0:53:50,47408737,33.8,,CONSTANT,0
2026/09/02 0:53:53,47411778,01,TEMP,S34.3
2026/09/02 0:53:53,47411779,OK:01,TEMP,S34.3
2026/09/02 0:53:59,47417862,01,TEMP,S34.2
2026/09/02 0:53:59,47417863,OK:01,TEMP,S34.2
2026/09/02 0:54:00,47418876,01,MON?
2026/09/02 0:54:00,47418878,34.3,,CONSTANT,0
2026/09/02 0:54:05,47423945,01,TEMP,S34.1
2026/09/02 0:54:05,47423951,OK:01,TEMP,S34.1
2026/09/02 0:54:11,47429016,01,MON?
2026/09/02 0:54:11,47429017,34.5,,CONSTANT,0
2026/09/02 0:54:12,47430030,01,TEMP,S34.0
2026/09/02 0:54:12,47430038,OK:01,TEMP,S34.0
2026/09/02 0:54:18,47436114,01,TEMP,S33.9
2026/09/02 0:54:18,47436121,OK:01,TEMP,S33.9
2026/09/02 0:54:21,47439156,01,MON?
2026/09/02 0:54:21,47439163,33.1,,CONSTANT,0
2026/09/02 0:54:24,47442198,01,TEMP,S33.8
2026/09/02 0:54:24,47442198,OK:01,TEMP,S33.8
2026/09/02 0:54:29,47447268,01,TEMP,S33.7
2026/09/02 0:54:29,47447275,OK:01,TEMP,S33.7
2026/09/02 0:54:31,47449296,01,MON?
2026/09/02 0:54:31,47449298,33.3,,CONSTANT,0
2026/09/02 0:54:35,47453352,01,TEMP,S33.6
2026/09/02 0:54:35,47453358,OK:01,TEMP,S33.6
2026/09/02 0:54:41,47459436,01,MON?
2026/09/02 0:54:41,47459438,33.4,,CONSTANT,0
2026/09/02 0:54:41,47459439,01,TEMP,S33.5
2026/09/02 0:54:41,47459441,OK:01,TEMP,S33.5
2026/09/02 0:54:47,47465520,01,TEMP,S33.4
2026/09/02 0:54:47,47465521,OK:01,TEMP,S33.4
2026/09/02 0:54:51,47469576,01,MON?
2026/09/02 0:54:51,47469577,33.7,,CONSTANT,0
2026/09/02 0:54:53,47471605,01,TEMP,S33.3
2026/09/02 0:54:53,47471607,OK:01,TEMP,S33.3
2026/09/02 0:54:59,47477689,01,TEMP,S33.2
2026/09/02 0:54:59,47477691,OK:01,TEMP,S33.2
2026/09/02 0:55:01,47479717,01,MON?
2026/09/02 0:55:01,47479718,33.4,,CONSTANT,0
2026/09/02 0:55:05,47483773,01,TEMP,S33.1
2026/09/02 0:55:05,47483773,OK:01,TEMP,S33.1
2026/09/02 0:55:11,47489856,01,MON?
2026/09/02 0:55:11,47489858,33.0,,CONSTANT,0
2026/09/02 0:55:11,47489859,01,TEMP,S33.0
2026/09/02 0:55:11,47489860,OK:01,TEMP,S33.0
2026/09/02 0:55:17,47495941,01,TEMP,S32.9
2026/09/02 0:55:17,47495942,OK:01,TEMP,S32.9
2026/09/02 0:55:22,47499997,01,MON?
2026/09/02 0:55:22,47499999,33.6,,CONSTANT,0
2026/09/02 0:55:24,47502025,01,TEMP,S32.8
2026/09/02 0:55:24,47502032,OK:01,TEMP,S32.8
2026/09/02 0:55:30,47508109,01,TEMP,S32.7
2026/09/02 0:55:30,47508116,OK:01,TEMP,S32.7
2026/09/02 0:55:32,47510136,01,MON?
2026/09/02 0:55:32,47510138,32.5,,CONSTANT,0
2026/09/02 0:55:36,47514192,01,TEMP,S32.6
2026/09/02 0:55:36,47514199,OK:01,TEMP,S32.6
2026/09/02 0:55:41,47519264,01,TEMP,S32.5
2026/09/02 0:55:41,47519270,OK:01,TEMP,S32.5
2026/09/02 0:55:42,47520278,01,MON?
2026/09/02 0:55:42,47520280,32.1,,CONSTANT,0
2026/09/02 0:55:47,47525346,01,TEMP,S32.4
2026/09/02 0:55:47,47525348,OK:01,TEMP,S32.4
2026/09/02 0:55:52,47530417,01,MON?
2026/09/02 0:55:52,47530419,33.2,,CONSTANT,0
2026/09/02 0:55:53,47531431,01,TEMP,S32.3
2026/09/02 0:55:53,47531433,OK:01,TEMP,S32.3
2026/09/02 0:55:59,47537515,01,TEMP,S32.2
2026/09/02 0:55:59,47537517,OK:01,TEMP,S32.2
2026/09/02 0:56:02,47540557,01,MON?
2026/09/02 0:56:02,47540557,31.3,,CONSTANT,0
2026/09/02 0:56:05,47543599,01,TEMP,S32.1
2026/09/02 0:56:05,47543601,OK:01,TEMP,S32.1
2026/09/02 0:56:11,47549683,01,TEMP,S32.0
2026/09/02 0:56:11,47549685,OK:01,TEMP,S32.0
2026/09/02 0:56:12,47550697,01,MON?
2026/09/02 0:56:12,47550699,31.6,,CONSTANT,0
2026/09/02 0:56:17,47555767,01,TEMP,S31.9
2026/09/02 0:56:17,47555770,OK:01,TEMP,S31.9
2026/09/02 0:56:22,47560836,01,MON?
2026/09/02 0:56:22,47560838,30.9,,CONSTANT,0
2026/09/02 0:56:23,47561850,01,TEMP,S31.8
2026/09/02 0:56:23,47561851,OK:01,TEMP,S31.8
2026/09/02 0:56:29,47567935,01,TEMP,S31.7
2026/09/02 0:56:29,47567936,OK:01,TEMP,S31.7
2026/09/02 0:56:32,47570977,01,MON?
2026/09/02 0:56:32,47570978,32.3,,CONSTANT,0
2026/09/02 0:56:36,47574019,01,TEMP,S31.6
2026/09/02 0:56:36,47574021,OK:01,TEMP,S31.6
2026/09/02 0:56:42,47580103,01,TEMP,S31.5
2026/09/02 0:56:42,47580110,OK:01,TEMP,S31.5
2026/09/02 0:56:43,47581116,01,MON?
2026/09/02 0:56:43,47581117,32.0,,CONSTANT,0
2026/09/02 0:56:48,47586187,01,TEMP,S31.4
2026/09/02 0:56:48,47586193,OK:01,TEMP,S31.4
2026/09/02 0:56:53,47591257,01,MON?
2026/09/02 0:56:53,47591259,31.9,,CONSTANT,0
2026/09/02 0:56:54,47592271,01,TEMP,S31.3
2026/09/02 0:56:54,47592272,OK:01,TEMP,S31.3
2026/09/02 0:56:59,47597341,01,TEMP,S31.2
2026/09/02 0:56:59,47597344,OK:01,TEMP,S31.2
2026/09/02 0:57:03,47601396,01,MON?
2026/09/02 0:57:03,47601398,31.9,,CONSTANT,0
2026/09/02 0:57:05,47603425,01,TEMP,S31.1
2026/09/02 0:57:05,47603427,OK:01,TEMP,S31.1
2026/09/02 0:57:11,47609509,01,TEMP,S31.0
2026/09/02 0:57:11,47609516,OK:01,TEMP,S31.0
2026/09/02 0:57:13,47611537,01,MON?
2026/09/02 0:57:13,47611537,31.7,,CONSTANT,0
2026/09/02 0:57:17,47615593,01,TEMP,S30.9
2026/09/02 0:57:17,47615595,OK:01,TEMP,S30.9
2026/09/02 0:57:23,47621678,01,MON?
2026/09/02 0:57:23,47621680,30.2,,CONSTANT,0
2026/09/02 0:57:23,47621681,01,TEMP,S30.8
2026/09/02 0:57:23,47621682,OK:01,TEMP,S30.8
2026/09/02 0:57:29,47627762,01,TEMP,S30.7
2026/09/02 0:57:29,47627764,OK:01,TEMP,S30.7
2026/09/02 0:57:33,47631820,01,MON?
2026/09/02 0:57:33,47631822,30.8,,CONSTANT,0
2026/09/02 0:57:35,47633846,01,TEMP,S30.6
2026/09/02 0:57:35,47633848,OK:01,TEMP,S30.6
2026/09/02 0:57:41,47639929,01,TEMP,S30.5
2026/09/02 0:57:41,47639931,OK:01,TEMP,S30.5
2026/09/02 0:57:43,47641958,01,MON?
2026/09/02 0:57:43,47641960,31.0,,CONSTANT,0
2026/09/02 0:57:48,47646013,01,TEMP,S30.4
2026/09/02 0:57:48,47646015,OK:01,TEMP,S30.4
2026/09/02 0:57:54,47652098,01,MON?
2026/09/02 0:57:54,47652101,30.0,,CONSTANT,0
2026/09/02 0:57:54,47652102,01,TEMP,S30.3
2026/09/02 0:57:54,47652103,OK:01,TEMP,S30.3
2026/09/02 0:58:00,47658183,01,TEMP,S30.2
2026/09/02 0:58:00,47658190,OK:01,TEMP,S30.2
2026/09/02 0:58:04,47662237,01,MON?
2026/09/02 0:58:04,47662243,30.5,,CONSTANT,0
2026/09/02 0:58:06,47664266,01,TEMP,S30.1
2026/09/02 0:58:06,47664267,OK:01,TEMP,S30.1
2026/09/02 0:58:11,47669336,01,TEMP,S30.0
2026/09/02 0:58:11,47669343,OK:01,TEMP,S30.0
2026/09/02 0:58:14,47672378,01,MON?
2026/09/02 0:58:14,47672380,29.8,,CONSTANT,0
2026/09/02 0:58:17,47675421,01,TEMP,S29.9
2026/09/02 0:58:17,47675428,OK:01,TEMP,S29.9
2026/09/02 0:58:23,47681503,01,TEMP,S29.8
2026/09/02 0:58:23,47681504,OK:01,TEMP,S29.8
2026/09/02 0:58:24,47682517,01,MON?
2026/09/02 0:58:24,47682519,29.3,,CONSTANT,0
2026/09/02 0:58:29,47687588,01,TEMP,S29.7
2026/09/02 0:58:29,47687595,OK:01,TEMP,S29.7
2026/09/02 0:58:34,47692658,01,MON?
2026/09/02 0:58:34,47692660,29.5,,CONSTANT,0
2026/09/02 0:58:35,47693672,01,TEMP,S29.6
2026/09/02 0:58:35,47693673,OK:01,TEMP,S29.6
2026/09/02 0:58:41,47699755,01,TEMP,S29.5
2026/09/02 0:58:41,47699757,OK:01,TEMP,S29.5
2026/09/02 0:58:44,47702797,01,MON?
2026/09/02 0:58:44,47702799,30.5,,CONSTANT,0
2026/09/02 0:58:47,47705839,01,TEMP,S29.4
2026/09/02 0:58:47,47705840,OK:01,TEMP,S29.4
2026/09/02 0:58:53,47711924,01,TEMP,S29.3
2026/09/02 0:58:53,47711925,OK:01,TEMP,S29.3
2026/09/02 0:58:54,47712939,01,MON?
2026/09/02 0:58:54,47712940,29.4,,CONSTANT,0
2026/09/02 0:59:00,47718007,01,TEMP,S29.2
2026/09/02 0:59:00,47718013,OK:01,TEMP,S29.2
2026/09/02 0:59:05,47723077,01,MON?
2026/09/02 0:59:05,47723077,28.5,,CONSTANT,0
2026/09/02 0:59:06,47724091,01,TEMP,S29.1
2026/09/02 0:59:06,47724091,OK:01,TEMP,S29.1
2026/09/02 0:59:12,47730176,01,TEMP,S29.0
2026/09/02 0:59:12,47730183,OK:01,TEMP,S29.0
2026/09/02 0:59:15,47733218,01,MON?
2026/09/02 0:59:15,47733224,29.4,,CONSTANT,0
2026/09/02 0:59:18,47736260,01,TEMP,S28.9
2026/09/02 0:59:18,47736262,OK:01,TEMP,S28.9
2026/09/02 0:59:24,47742344,01,TEMP,S28.8
2026/09/02 0:59:24,47742350,OK:01,TEMP,S28.8
2026/09/02 0:59:25,47743358,01,MON?
2026/09/02 0:59:25,47743360,29.0,,CONSTANT,0
2026/09/02 0:59:29,47747414,01,TEMP,S28.7
2026/09/02 0:59:29,47747420,OK:01,TEMP,S28.7
2026/09/02 0:59:35,47753498,01,MON?
2026/09/02 0:59:35,47753499,27.8,,CONSTANT,0
2026/09/02 0:59:35,47753501,01,TEMP,S28.6
2026/09/02 0:59:35,47753502,OK:01,TEMP,S28.6
2026/09/02 0:59:41,47759581,01,TEMP,S28.5
2026/09/02 0:59:41,47759583,OK:01,TEMP,S28.5
2026/09/02 0:59:45,47763638,01,MON?
2026/09/02 0:59:45,47763638,27.6,,CONSTANT,0
2026/09/02 0:59:47,47765666,01,TEMP,S28.4
2026/09/02 0:59:47,47765667,OK:01,TEMP,S28.4
2026/09/02 0:59:53,47771750,01,TEMP,S28.3
2026/09/02 0:59:53,47771752,OK:01,TEMP,S28.3
2026/09/02 0:59:55,47773778,01,MON?
2026/09/02 0:59:55,47773779,28.0,,CONSTANT,0
2026/09/02 0:59:59,47777834,01,TEMP,S28.2
2026/09/02 0:59:59,47777834,OK:01,TEMP,S28.2
