2026/09/02 1:00:05,47783919,01,MON?
2026/09/02 1:00:05,47783950,27.8,,CONSTANT,0
2026/09/02 1:00:05,47783951,01,TEMP,S28.1
2026/09/02 1:00:05,47783951,OK:01,TEMP,S28.1
2026/09/02 1:00:12,47790002,01,TEMP,S28.0
2026/09/02 1:00:12,47790004,OK:01,TEMP,S28.0
2026/09/02 1:00:16,47794059,01,MON?
2026/09/02 1:00:16,47794061,28.7,,CONSTANT,0
2026/09/02 1:00:18,47796087,01,TEMP,S27.9
2026/09/02 1:00:18,47796094,OK:01,TEMP,S27.9
2026/09/02 1:00:24,47802170,01,TEMP,S27.8
2026/09/02 1:00:24,47802177,OK:01,TEMP,S27.8
2026/09/02 1:00:26,47804198,01,MON?
2026/09/02 1:00:26,47804200,27.6,,CONSTANT,0
2026/09/02 1:00:30,47808254,01,TEMP,S27.7
2026/09/02 1:00:30,47808256,OK:01,TEMP,S27.7
2026/09/02 1:00:36,47814339,01,MON?
2026/09/02 1:00:36,47814341,27.6,,CONSTANT,0
2026/09/02 1:00:36,47814342,01,TEMP,S27.6
2026/09/02 1:00:36,47814344,OK:01,TEMP,S27.6
2026/09/02 1:00:41,47819409,01,TEMP,S27.5
2026/09/02 1:00:41,47819415,OK:01,TEMP,S27.5
2026/09/02 1:00:46,47824479,01,MON?
2026/09/02 1:00:46,47824481,27.7,,CONSTANT,0
2026/09/02 1:00:47,47825492,01,TEMP,S27.4
2026/09/02 1:00:47,47825494,OK:01,TEMP,S27.4
2026/09/02 1:00:53,47831577,01,TEMP,S27.3
2026/09/02 1:00:53,47831579,OK:01,TEMP,S27.3
2026/09/02 1:00:56,47834620,01,MON?
2026/09/02 1:00:56,47834620,27.5,,CONSTANT,0
2026/09/02 1:00:59,47837660,01,TEMP,S27.2
2026/09/02 1:00:59,47837662,OK:01,TEMP,S27.2
2026/09/02 1:01:05,47843745,01,TEMP,S27.1
2026/09/02 1:01:05,47843747,OK:01,TEMP,S27.1
2026/09/02 1:01:06,47844758,01,MON?
2026/09/02 1:01:06,47844760,26.2,,CONSTANT,0
2026/09/02 1:01:11,47849830,01,TEMP,S27.0
2026/09/02 1:01:11,47849835,OK:01,TEMP,S27.0
2026/09/02 1:01:16,47854899,01,MON?
2026/09/02 1:01:16,47854901,26.0,,CONSTANT,0
2026/09/02 1:01:17,47855913,01,TEMP,S26.9
2026/09/02 1:01:17,47855915,OK:01,TEMP,S26.9
2026/09/02 1:01:24,47861996,01,TEMP,S26.8
2026/09/02 1:01:24,47861998,OK:01,TEMP,S26.8
2026/09/02 1:01:27,47865040,01,MON?
2026/09/02 1:01:27,47865047,27.7,,CONSTANT,0
2026/09/02 1:01:30,47868082,01,TEMP,S26.7
2026/09/02 1:01:30,47868084,OK:01,TEMP,S26.7
2026/09/02 1:01:36,47874165,01,TEMP,S26.6
2026/09/02 1:01:36,47874172,OK:01,TEMP,S26.6
2026/09/02 1:01:37,47875179,01,MON?
2026/09/02 1:01:37,47875181,26.6,,CONSTANT,0
2026/09/02 1:01:42,47880248,01,TEMP,S26.5
2026/09/02 1:01:42,47880254,OK:01,TEMP,S26.5
2026/09/02 1:01:47,47885319,01,MON?
2026/09/02 1:01:47,47885322,26.6,,CONSTANT,0
2026/09/02 1:01:48,47886333,01,TEMP,S26.4
2026/09/02 1:01:48,47886335,OK:01,TEMP,S26.4
2026/09/02 1:01:53,47891403,01,TEMP,S26.3
2026/09/02 1:01:53,47891410,OK:01,TEMP,S26.3
2026/09/02 1:01:57,47895458,01,MON?
2026/09/02 1:01:57,47895460,25.3,,CONSTANT,0
2026/09/02 1:01:59,47897486,01,TEMP,S26.2
2026/09/02 1:01:59,47897488,OK:01,TEMP,S26.2
2026/09/02 1:02:05,47903571,01,TEMP,S26.1
2026/09/02 1:02:05,47903572,OK:01,TEMP,S26.1
2026/09/02 1:02:07,47905599,01,MON?
2026/09/02 1:02:07,47905600,26.1,,CONSTANT,0
2026/09/02 1:02:11,47909655,01,TEMP,S26.0
2026/09/02 1:02:11,47909657,OK:01,TEMP,S26.0
2026/09/02 1:02:17,47915738,01,MON?
2026/09/02 1:02:17,47915738,26.5,,CONSTANT,0
2026/09/02 1:02:17,47915739,01,TEMP,S25.9
2026/09/02 1:02:17,47915739,OK:01,TEMP,S25.9
2026/09/02 1:02:23,47921823,01,TEMP,S25.8
2026/09/02 1:02:23,47921825,OK:01,TEMP,S25.8
2026/09/02 1:02:27,47925879,01,MON?
2026/09/02 1:02:27,47925881,26.5,,CONSTANT,0
2026/09/02 1:02:29,47927907,01,TEMP,S25.7
2026/09/02 1:02:29,47927909,OK:01,TEMP,S25.7
2026/09/02 1:02:36,47933992,01,TEMP,S25.6
2026/09/02 1:02:36,47933992,OK:01,TEMP,S25.6
2026/09/02 1:02:38,47936020,01,MON?
2026/09/02 1:02:38,47936022,26.0,,CONSTANT,0
2026/09/02 1:02:42,47940075,01,TEMP,S25.5
2026/09/02 1:02:42,47940082,OK:01,TEMP,S25.5
2026/09/02 1:02:48,47946159,01,MON?
2026/09/02 1:02:48,47946161,24.6,,CONSTANT,0
2026/09/02 1:02:48,47946163,01,TEMP,S25.4
2026/09/02 1:02:48,47946164,OK:01,TEMP,S25.4
2026/09/02 1:02:54,47952244,01,TEMP,S25.3
2026/09/02 1:02:54,47952250,OK:01,TEMP,S25.3
2026/09/02 1:02:58,47956300,01,MON?
2026/09/02 1:02:58,47956306,25.1,,CONSTANT,0
2026/09/02 1:03:00,47958328,01,TEMP,S25.2
2026/09/02 1:03:00,47958335,OK:01,TEMP,S25.2
2026/09/02 1:03:06,47964412,01,TEMP,S25.1
2026/09/02 1:03:06,47964419,OK:01,TEMP,S25.1
2026/09/02 1:03:08,47966439,01,MON?
2026/09/02 1:03:08,47966441,25.9,,CONSTANT,0
2026/09/02 1:03:11,47969482,01,TEMP,S25.0
2026/09/02 1:03:11,47969489,OK:01,TEMP,S25.0
2026/09/02 1:03:14,47972524,ÇoÇbÇ…ÇÊÇÈÅBÉâÉìÉvâ^ì]èIóπ
2026/09/02 1:03:14,47972526,01,TEMP,S25.0
2026/09/02 1:03:14,47972527,OK:01,TEMP,S25.0
2026/09/02 1:03:14,47972619,01,TEMP,S25.0
2026/09/02 1:03:14,47972620,OK:01,TEMP,S25.0
2026/09/02 1:03:14,47972621,01,MODE,CONSTANT
2026/09/02 1:03:14,47972622,OK:01,MODE,CONSTANT
2026/09/02 1:03:14,47972623,01,SET,REF1
2026/09/02 1:03:14,47972624,OK:01,SET,REF1
2026/09/02 1:03:18,47976681,01,MON?
2026/09/02 1:03:18,47976683,25.9,,CONSTANT,0
2026/09/02 1:03:28,47986814,01,MON?
2026/09/02 1:03:28,47986816,25.4,,CONSTANT,0
2026/09/02 1:03:38,47996957,01,MON?
2026/09/02 1:03:38,47996959,24.9,,CONSTANT,0
2026/09/02 1:03:49,48007096,01,MON?
2026/09/02 1:03:49,48007097,24.4,,CONSTANT,0
2026/09/02 1:03:59,48017237,01,MON?
2026/09/02 1:03:59,48017239,24.2,,CONSTANT,0
2026/09/02 1:04:09,48027374,01,MON?
2026/09/02 1:04:09,48027375,24.4,,CONSTANT,0
2026/09/02 1:04:19,48037517,01,MON?
2026/09/02 1:04:19,48037518,25.0,,CONSTANT,0
2026/09/02 1:04:29,48047656,01,MON?
2026/09/02 1:04:29,48047658,25.1,,CONSTANT,0
2026/09/02 1:04:39,48057799,01,MON?
2026/09/02 1:04:39,48057800,24.8,,CONSTANT,0
2026/09/02 1:04:49,48067938,01,MON?
2026/09/02 1:04:49,48067939,24.6,,CONSTANT,0
2026/09/02 1:05:00,48078083,01,MON?
2026/09/02 1:05:00,48078085,25.5,,CONSTANT,0
2026/09/02 1:05:10,48088217,01,MON?
2026/09/02 1:05:10,48088224,25.9,,CONSTANT,0
2026/09/02 1:05:20,48098356,01,MON?
2026/09/02 1:05:20,48098361,25.5,,CONSTANT,0
2026/09/02 1:05:30,48108497,01,MON?
2026/09/02 1:05:30,48108499,24.7,,CONSTANT,0
2026/09/02 1:05:40,48118638,01,MON?
2026/09/02 1:05:40,48118639,25.9,,CONSTANT,0
2026/09/02 1:05:50,48128776,01,MON?
2026/09/02 1:05:50,48128776,24.5,,CONSTANT,0
2026/09/02 1:06:00,48138915,01,MON?
2026/09/02 1:06:00,48138916,24.8,,CONSTANT,0
2026/09/02 1:06:11,48149058,01,MON?
2026/09/02 1:06:11,48149060,25.9,,CONSTANT,0
2026/09/02 1:06:21,48159198,01,MON?
2026/09/02 1:06:21,48159199,26.0,,CONSTANT,0
2026/09/02 1:06:31,48169343,01,MON?
2026/09/02 1:06:31,48169345,25.9,,CONSTANT,0
2026/09/02 1:06:41,48179479,01,MON?
2026/09/02 1:06:41,48179481,24.5,,CONSTANT,0
2026/09/02 1:06:51,48189616,01,MON?
2026/09/02 1:06:51,48189617,24.3,,CONSTANT,0
2026/09/02 1:07:01,48199756,01,MON?
2026/09/02 1:07:01,48199758,24.9,,CONSTANT,0
2026/09/02 1:07:11,48209895,01,MON?
2026/09/02 1:07:11,48209897,24.8,,CONSTANT,0
2026/09/02 1:07:22,48220035,01,MON?
2026/09/02 1:07:22,48220037,24.2,,CONSTANT,0
2026/09/02 1:07:32,48230174,01,MON?
2026/09/02 1:07:32,48230181,26.0,,CONSTANT,0
2026/09/02 1:07:42,48240315,01,MON?
2026/09/02 1:07:42,48240317,24.3,,CONSTANT,0
2026/09/02 1:07:52,48250455,01,MON?
2026/09/02 1:07:52,48250462,25.0,,CONSTANT,0
2026/09/02 1:08:02,48260595,01,MON?
2026/09/02 1:08:02,48260603,24.9,,CONSTANT,0
2026/09/02 1:08:12,48270735,01,MON?
2026/09/02 1:08:12,48270736,24.0,,CONSTANT,0
2026/09/02 1:08:22,48280875,01,MON?
2026/09/02 1:08:22,48280877,25.0,,CONSTANT,0
2026/09/02 1:08:33,48291015,01,MON?
2026/09/02 1:08:33,48291017,24.2,,CONSTANT,0
2026/09/02 1:08:43,48301154,01,MON?
2026/09/02 1:08:43,48301156,25.4,,CONSTANT,0
2026/09/02 1:08:53,48311295,01,MON?
2026/09/02 1:08:53,48311297,25.9,,CONSTANT,0
2026/09/02 1:09:03,48321435,01,MON?
2026/09/02 1:09:03,48321437,25.3,,CONSTANT,0
2026/09/02 1:09:13,48331576,01,MON?
2026/09/02 1:09:13,48331576,25.9,,CONSTANT,0
2026/09/02 1:09:23,48341715,01,MON?
2026/09/02 1:09:23,48341717,25.1,,CONSTANT,0
2026/09/02 1:09:33,48351856,01,MON?
2026/09/02 1:09:33,48351858,25.5,,CONSTANT,0
2026/09/02 1:09:44,48361995,01,MON?
2026/09/02 1:09:44,48361997,25.4,,CONSTANT,0
2026/09/02 1:09:54,48372137,01,MON?
2026/09/02 1:09:54,48372139,24.2,,CONSTANT,0
2026/09/02 1:10:04,48382276,01,MON?
2026/09/02 1:10:04,48382284,25.8,,CONSTANT,0
2026/09/02 1:10:14,48392416,01,MON?
2026/09/02 1:10:14,48392423,24.2,,CONSTANT,0
2026/09/02 1:10:24,48402555,01,MON?
2026/09/02 1:10:24,48402562,25.8,,CONSTANT,0
2026/09/02 1:10:34,48412696,01,MON?
2026/09/02 1:10:34,48412698,25.5,,CONSTANT,0
2026/09/02 1:10:44,48422835,01,MON?
2026/09/02 1:10:44,48422835,25.0,,CONSTANT,0
2026/09/02 1:10:54,48432976,01,MON?
2026/09/02 1:10:54,48432978,25.9,,CONSTANT,0
2026/09/02 1:11:05,48443116,01,MON?
2026/09/02 1:11:05,48443118,24.5,,CONSTANT,0
2026/09/02 1:11:15,48453256,01,MON?
2026/09/02 1:11:15,48453258,25.5,,CONSTANT,0
2026/09/02 1:11:25,48463396,01,MON?
2026/09/02 1:11:25,48463398,24.3,,CONSTANT,0
2026/09/02 1:11:35,48473536,01,MON?
2026/09/02 1:11:35,48473537,24.9,,CONSTANT,0
2026/09/02 1:11:45,48483676,01,MON?
2026/09/02 1:11:45,48483678,24.4,,CONSTANT,0
2026/09/02 1:11:55,48493816,01,MON?
2026/09/02 1:11:55,48493818,25.8,,CONSTANT,0
2026/09/02 1:12:05,48503957,01,MON?
2026/09/02 1:12:05,48503959,24.0,,CONSTANT,0
2026/09/02 1:12:16,48514098,01,MON?
2026/09/02 1:12:16,48514100,26.0,,CONSTANT,0
2026/09/02 1:12:26,48524237,01,MON?
2026/09/02 1:12:26,48524244,24.2,,CONSTANT,0
2026/09/02 1:12:36,48534377,01,MON?
2026/09/02 1:12:36,48534384,26.0,,CONSTANT,0
2026/09/02 1:12:46,48544517,01,MON?
2026/09/02 1:12:46,48544524,24.0,,CONSTANT,0
2026/09/02 1:12:56,48554658,01,MON?
2026/09/02 1:12:56,48554660,25.8,,CONSTANT,0
2026/09/02 1:13:06,48564797,01,MON?
2026/09/02 1:13:06,48564799,25.5,,CONSTANT,0
2026/09/02 1:13:14,48572909,ÇoÇbÇ…ÇÊÇÈÅBÉâÉìÉvâ^ì]èIóπ
2026/09/02 1:13:14,48572910,01,TEMP,S25.0
2026/09/02 1:13:14,48572911,OK:01,TEMP,S25.0
2026/09/02 1:13:16,48574971,01,MON?
2026/09/02 1:13:16,48574972,24.5,,CONSTANT,0
2026/09/02 1:13:27,48585111,01,MON?
2026/09/02 1:13:27,48585119,25.5,,CONSTANT,0
2026/09/02 1:13:37,48595251,01,MON?
2026/09/02 1:13:37,48595253,25.7,,CONSTANT,0
2026/09/02 1:13:47,48605392,01,MON?
2026/09/02 1:13:47,48605394,25.6,,CONSTANT,0
2026/09/02 1:13:57,48615532,01,MON?
2026/09/02 1:13:57,48615534,25.7,,CONSTANT,0
2026/09/02 1:14:07,48625671,01,MON?
2026/09/02 1:14:07,48625673,24.4,,CONSTANT,0
2026/09/02 1:14:14,48632771,01,TEMP,S25.0
2026/09/02 1:14:14,48632772,OK:01,TEMP,S25.0
2026/09/02 1:14:14,48632774,01,MODE,CONSTANT
2026/09/02 1:14:14,48632775,OK:01,MODE,CONSTANT
2026/09/02 1:14:14,48632777,01,SET,REF1
2026/09/02 1:14:14,48632778,OK:01,SET,REF1
2026/09/02 1:14:16,48634796,01,TEMP,S25.1
2026/09/02 1:14:16,48634797,OK:01,TEMP,S25.1
2026/09/02 1:14:17,48635810,01,MON?
2026/09/02 1:14:17,48635810,25.7,,CONSTANT,0
2026/09/02 1:14:22,48640879,01,TEMP,S25.2
2026/09/02 1:14:22,48640881,OK:01,TEMP,S25.2
2026/09/02 1:14:27,48645949,01,MON?
2026/09/02 1:14:27,48645950,25.8,,CONSTANT,0
2026/09/02 1:14:28,48646963,01,TEMP,S25.3
2026/09/02 1:14:28,48646964,OK:01,TEMP,S25.3
2026/09/02 1:14:35,48653047,01,TEMP,S25.4
2026/09/02 1:14:35,48653054,OK:01,TEMP,S25.4
2026/09/02 1:14:38,48656090,01,MON?
2026/09/02 1:14:38,48656092,25.8,,CONSTANT,0
2026/09/02 1:14:41,48659130,01,TEMP,S25.5
2026/09/02 1:14:41,48659137,OK:01,TEMP,S25.5
2026/09/02 1:14:47,48665215,01,TEMP,S25.6
2026/09/02 1:14:47,48665216,OK:01,TEMP,S25.6
2026/09/02 1:14:48,48666229,01,MON?
2026/09/02 1:14:48,48666231,24.6,,CONSTANT,0
2026/09/02 1:14:53,48671299,01,TEMP,S25.7
2026/09/02 1:14:53,48671306,OK:01,TEMP,S25.7
2026/09/02 1:14:58,48676369,01,MON?
2026/09/02 1:14:58,48676371,25.5,,CONSTANT,0
2026/09/02 1:14:59,48677384,01,TEMP,S25.8
2026/09/02 1:14:59,48677386,OK:01,TEMP,S25.8
2026/09/02 1:15:05,48683466,01,TEMP,S25.9
2026/09/02 1:15:05,48683473,OK:01,TEMP,S25.9
2026/09/02 1:15:08,48686509,01,MON?
2026/09/02 1:15:08,48686511,25.8,,CONSTANT,0
2026/09/02 1:15:11,48689551,01,TEMP,S26.0
2026/09/02 1:15:11,48689553,OK:01,TEMP,S26.0
2026/09/02 1:15:17,48695635,01,TEMP,S26.1
2026/09/02 1:15:17,48695637,OK:01,TEMP,S26.1
2026/09/02 1:15:18,48696649,01,MON?
2026/09/02 1:15:18,48696651,27.0,,CONSTANT,0
2026/09/02 1:15:23,48701718,01,TEMP,S26.2
2026/09/02 1:15:23,48701720,OK:01,TEMP,S26.2
2026/09/02 1:15:28,48706789,01,MON?
2026/09/02 1:15:28,48706791,26.3,,CONSTANT,0
2026/09/02 1:15:29,48707803,01,TEMP,S26.3
2026/09/02 1:15:29,48707804,OK:01,TEMP,S26.3
2026/09/02 1:15:34,48712873,01,TEMP,S26.4
2026/09/02 1:15:34,48712875,OK:01,TEMP,S26.4
2026/09/02 1:15:38,48716929,01,MON?
2026/09/02 1:15:38,48716931,26.2,,CONSTANT,0
2026/09/02 1:15:40,48718956,01,TEMP,S26.5
2026/09/02 1:15:40,48718958,OK:01,TEMP,S26.5
2026/09/02 1:15:47,48725041,01,TEMP,S26.6
2026/09/02 1:15:47,48725043,OK:01,TEMP,S26.6
2026/09/02 1:15:49,48727069,01,MON?
2026/09/02 1:15:49,48727071,27.0,,CONSTANT,0
2026/09/02 1:15:53,48731125,01,TEMP,S26.7
2026/09/02 1:15:53,48731127,OK:01,TEMP,S26.7
2026/09/02 1:15:59,48737209,01,MON?
2026/09/02 1:15:59,48737211,27.1,,CONSTANT,0
2026/09/02 1:15:59,48737212,01,TEMP,S26.8
2026/09/02 1:15:59,48737214,OK:01,TEMP,S26.8
2026/09/02 1:16:05,48743293,01,TEMP,S26.9
2026/09/02 1:16:05,48743294,OK:01,TEMP,S26.9
2026/09/02 1:16:09,48747350,01,MON?
2026/09/02 1:16:09,48747352,26.9,,CONSTANT,0
2026/09/02 1:16:11,48749378,01,TEMP,S27.0
2026/09/02 1:16:11,48749380,OK:01,TEMP,S27.0
2026/09/02 1:16:17,48755461,01,TEMP,S27.1
2026/09/02 1:16:17,48755468,OK:01,TEMP,S27.1
2026/09/02 1:16:19,48757491,01,MON?
2026/09/02 1:16:19,48757492,27.3,,CONSTANT,0
2026/09/02 1:16:23,48761545,01,TEMP,S27.2
2026/09/02 1:16:23,48761552,OK:01,TEMP,S27.2
2026/09/02 1:16:29,48767630,01,MON?
2026/09/02 1:16:29,48767630,27.6,,CONSTANT,0
2026/09/02 1:16:29,48767631,01,TEMP,S27.3
2026/09/02 1:16:29,48767631,OK:01,TEMP,S27.3
2026/09/02 1:16:35,48773714,01,TEMP,S27.4
2026/09/02 1:16:35,48773716,OK:01,TEMP,S27.4
2026/09/02 1:16:39,48777770,01,MON?
2026/09/02 1:16:39,48777772,26.9,,CONSTANT,0
2026/09/02 1:16:41,48779797,01,TEMP,S27.5
2026/09/02 1:16:41,48779799,OK:01,TEMP,S27.5
2026/09/02 1:16:46,48784868,01,TEMP,S27.6
2026/09/02 1:16:46,48784870,OK:01,TEMP,S27.6
2026/09/02 1:16:49,48787909,01,MON?
2026/09/02 1:16:49,48787911,26.6,,CONSTANT,0
2026/09/02 1:16:52,48790952,01,TEMP,S27.7
2026/09/02 1:16:52,48790954,OK:01,TEMP,S27.7
2026/09/02 1:16:59,48797036,01,TEMP,S27.8
2026/09/02 1:16:59,48797038,OK:01,TEMP,S27.8
2026/09/02 1:17:00,48798049,01,MON?
2026/09/02 1:17:00,48798050,28.0,,CONSTANT,0
2026/09/02 1:17:05,48803120,01,TEMP,S27.9
2026/09/02 1:17:05,48803127,OK:01,TEMP,S27.9
2026/09/02 1:17:10,48808189,01,MON?
2026/09/02 1:17:10,48808196,28.9,,CONSTANT,0
2026/09/02 1:17:11,48809204,01,TEMP,S28.0
2026/09/02 1:17:11,48809206,OK:01,TEMP,S28.0
2026/09/02 1:17:17,48815288,01,TEMP,S28.1
2026/09/02 1:17:17,48815295,OK:01,TEMP,S28.1
2026/09/02 1:17:20,48818329,01,MON?
2026/09/02 1:17:20,48818331,28.7,,CONSTANT,0
2026/09/02 1:17:23,48821371,01,TEMP,S28.2
2026/09/02 1:17:23,48821379,OK:01,TEMP,S28.2
2026/09/02 1:17:29,48827456,01,TEMP,S28.3
2026/09/02 1:17:29,48827457,OK:01,TEMP,S28.3
2026/09/02 1:17:30,48828470,01,MON?
2026/09/02 1:17:30,48828472,28.7,,CONSTANT,0
2026/09/02 1:17:35,48833540,01,TEMP,S28.4
2026/09/02 1:17:35,48833545,OK:01,TEMP,S28.4
2026/09/02 1:17:40,48838609,01,MON?
2026/09/02 1:17:40,48838610,28.6,,CONSTANT,0
2026/09/02 1:17:41,48839623,01,TEMP,S28.5
2026/09/02 1:17:41,48839625,OK:01,TEMP,S28.5
2026/09/02 1:17:47,48845708,01,TEMP,S28.6
2026/09/02 1:17:47,48845711,OK:01,TEMP,S28.6
2026/09/02 1:17:50,48848750,01,MON?
2026/09/02 1:17:50,48848751,28.8,,CONSTANT,0
2026/09/02 1:17:53,48851792,01,TEMP,S28.7
2026/09/02 1:17:53,48851794,OK:01,TEMP,S28.7
2026/09/02 1:17:59,48857875,01,TEMP,S28.8
2026/09/02 1:17:59,48857877,OK:01,TEMP,S28.8
2026/09/02 1:18:00,48858889,01,MON?
2026/09/02 1:18:00,48858890,28.4,,CONSTANT,0
2026/09/02 1:18:04,48862946,01,TEMP,S28.9
2026/09/02 1:18:04,48862948,OK:01,TEMP,S28.9
2026/09/02 1:18:11,48869030,01,MON?
2026/09/02 1:18:11,48869032,28.2,,CONSTANT,0
2026/09/02 1:18:11,48869033,01,TEMP,S29.0
2026/09/02 1:18:11,48869035,OK:01,TEMP,S29.0
2026/09/02 1:18:17,48875114,01,TEMP,S29.1
2026/09/02 1:18:17,48875121,OK:01,TEMP,S29.1
2026/09/02 1:18:21,48879170,01,MON?
2026/09/02 1:18:21,48879177,29.6,,CONSTANT,0
2026/09/02 1:18:23,48881198,01,TEMP,S29.2
2026/09/02 1:18:23,48881205,OK:01,TEMP,S29.2
2026/09/02 1:18:29,48887282,01,TEMP,S29.3
2026/09/02 1:18:29,48887284,OK:01,TEMP,S29.3
2026/09/02 1:18:31,48889310,01,MON?
2026/09/02 1:18:31,48889311,28.7,,CONSTANT,0
2026/09/02 1:18:35,48893366,01,TEMP,S29.4
2026/09/02 1:18:35,48893374,OK:01,TEMP,S29.4
2026/09/02 1:18:41,48899450,01,MON?
2026/09/02 1:18:41,48899454,29.6,,CONSTANT,0
2026/09/02 1:18:41,48899455,01,TEMP,S29.5
2026/09/02 1:18:41,48899456,OK:01,TEMP,S29.5
2026/09/02 1:18:47,48905534,01,TEMP,S29.6
2026/09/02 1:18:47,48905542,OK:01,TEMP,S29.6
2026/09/02 1:18:51,48909590,01,MON?
2026/09/02 1:18:51,48909592,30.1,,CONSTANT,0
2026/09/02 1:18:53,48911618,01,TEMP,S29.7
2026/09/02 1:18:53,48911620,OK:01,TEMP,S29.7
2026/09/02 1:18:59,48917703,01,TEMP,S29.8
2026/09/02 1:18:59,48917710,OK:01,TEMP,S29.8
2026/09/02 1:19:01,48919731,01,MON?
2026/09/02 1:19:01,48919732,30.1,,CONSTANT,0
2026/09/02 1:19:05,48923787,01,TEMP,S29.9
2026/09/02 1:19:05,48923794,OK:01,TEMP,S29.9
2026/09/02 1:19:11,48929870,01,MON?
2026/09/02 1:19:11,48929871,29.0,,CONSTANT,0
2026/09/02 1:19:11,48929872,01,TEMP,S30.0
2026/09/02 1:19:11,48929872,OK:01,TEMP,S30.0
2026/09/02 1:19:16,48934941,01,TEMP,S30.1
2026/09/02 1:19:16,48934943,OK:01,TEMP,S30.1
2026/09/02 1:19:22,48940010,01,MON?
2026/09/02 1:19:22,48940012,29.2,,CONSTANT,0
2026/09/02 1:19:23,48941024,01,TEMP,S30.2
2026/09/02 1:19:23,48941026,OK:01,TEMP,S30.2
2026/09/02 1:19:29,48947109,01,TEMP,S30.3
2026/09/02 1:19:29,48947116,OK:01,TEMP,S30.3
2026/09/02 1:19:32,48950152,01,MON?
2026/09/02 1:19:32,48950159,30.9,,CONSTANT,0
2026/09/02 1:19:35,48953194,01,TEMP,S30.4
2026/09/02 1:19:35,48953196,OK:01,TEMP,S30.4
2026/09/02 1:19:41,48959276,01,TEMP,S30.5
2026/09/02 1:19:41,48959284,OK:01,TEMP,S30.5
2026/09/02 1:19:42,48960290,01,MON?
2026/09/02 1:19:42,48960292,30.2,,CONSTANT,0
2026/09/02 1:19:47,48965361,01,TEMP,S30.6
2026/09/02 1:19:47,48965363,OK:01,TEMP,S30.6
2026/09/02 1:19:52,48970431,01,MON?
2026/09/02 1:19:52,48970439,30.0,,CONSTANT,0
2026/09/02 1:19:53,48971446,01,TEMP,S30.7
2026/09/02 1:19:53,48971448,OK:01,TEMP,S30.7
2026/09/02 1:19:59,48977528,01,TEMP,S30.8
2026/09/02 1:19:59,48977535,OK:01,TEMP,S30.8
2026/09/02 1:20:02,48980571,01,MON?
2026/09/02 1:20:02,48980572,30.5,,CONSTANT,0
2026/09/02 1:20:05,48983612,01,TEMP,S30.9
2026/09/02 1:20:05,48983615,OK:01,TEMP,S30.9
2026/09/02 1:20:11,48989698,01,TEMP,S31.0
2026/09/02 1:20:11,48989700,OK:01,TEMP,S31.0
2026/09/02 1:20:12,48990711,01,MON?
2026/09/02 1:20:12,48990713,31.9,,CONSTANT,0
2026/09/02 1:20:17,48995780,01,TEMP,S31.1
2026/09/02 1:20:17,48995782,OK:01,TEMP,S31.1
2026/09/02 1:20:22,49000850,01,MON?
2026/09/02 1:20:22,49000852,31.9,,CONSTANT,0
2026/09/02 1:20:23,49001865,01,TEMP,S31.2
2026/09/02 1:20:23,49001866,OK:01,TEMP,S31.2
2026/09/02 1:20:28,49006935,01,TEMP,S31.3
2026/09/02 1:20:28,49006937,OK:01,TEMP,S31.3
2026/09/02 1:20:33,49010991,01,MON?
2026/09/02 1:20:33,49010993,32.1,,CONSTANT,0
2026/09/02 1:20:35,49013019,01,TEMP,S31.4
2026/09/02 1:20:35,49013026,OK:01,TEMP,S31.4
2026/09/02 1:20:41,49019103,01,TEMP,S31.5
2026/09/02 1:20:41,49019110,OK:01,TEMP,S31.5
2026/09/02 1:20:43,49021131,01,MON?
2026/09/02 1:20:43,49021132,30.9,,CONSTANT,0
2026/09/02 1:20:47,49025187,01,TEMP,S31.6
2026/09/02 1:20:47,49025194,OK:01,TEMP,S31.6
2026/09/02 1:20:53,49031271,01,MON?
2026/09/02 1:20:53,49031276,32.1,,CONSTANT,0
2026/09/02 1:20:53,49031277,01,TEMP,S31.7
2026/09/02 1:20:53,49031278,OK:01,TEMP,S31.7
2026/09/02 1:20:59,49037355,01,TEMP,S31.8
2026/09/02 1:20:59,49037363,OK:01,TEMP,S31.8
2026/09/02 1:21:03,49041411,01,MON?
2026/09/02 1:21:03,49041418,30.9,,CONSTANT,0
2026/09/02 1:21:05,49043439,01,TEMP,S31.9
2026/09/02 1:21:05,49043445,OK:01,TEMP,S31.9
2026/09/02 1:21:11,49049523,01,TEMP,S32.0
2026/09/02 1:21:11,49049528,OK:01,TEMP,S32.0
2026/09/02 1:21:13,49051551,01,MON?
2026/09/02 1:21:13,49051552,31.8,,CONSTANT,0
2026/09/02 1:21:17,49055607,01,TEMP,S32.1
2026/09/02 1:21:17,49055614,OK:01,TEMP,S32.1
2026/09/02 1:21:23,49061692,01,MON?
2026/09/02 1:21:23,49061694,31.2,,CONSTANT,0
2026/09/02 1:21:23,49061695,01,TEMP,S32.2
2026/09/02 1:21:23,49061696,OK:01,TEMP,S32.2
2026/09/02 1:21:29,49067775,01,TEMP,S32.3
2026/09/02 1:21:29,49067777,OK:01,TEMP,S32.3
2026/09/02 1:21:33,49071832,01,MON?
2026/09/02 1:21:33,49071834,31.7,,CONSTANT,0
2026/09/02 1:21:35,49073859,01,TEMP,S32.4
2026/09/02 1:21:35,49073860,OK:01,TEMP,S32.4
2026/09/02 1:21:41,49079944,01,TEMP,S32.5
2026/09/02 1:21:41,49079952,OK:01,TEMP,S32.5
2026/09/02 1:21:43,49081971,01,MON?
2026/09/02 1:21:43,49081972,31.5,,CONSTANT,0
2026/09/02 1:21:47,49085014,01,TEMP,S32.6
2026/09/02 1:21:47,49085018,OK:01,TEMP,S32.6
2026/09/02 1:21:53,49091099,01,TEMP,S32.7
2026/09/02 1:21:53,49091106,OK:01,TEMP,S32.7
2026/09/02 1:21:54,49092113,01,MON?
2026/09/02 1:21:54,49092113,32.9,,CONSTANT,0
2026/09/02 1:21:59,49097182,01,TEMP,S32.8
2026/09/02 1:21:59,49097189,OK:01,TEMP,S32.8
2026/09/02 1:22:04,49102252,01,MON?
2026/09/02 1:22:04,49102256,33.1,,CONSTANT,0
2026/09/02 1:22:05,49103266,01,TEMP,S32.9
2026/09/02 1:22:05,49103268,OK:01,TEMP,S32.9
2026/09/02 1:22:11,49109351,01,TEMP,S33.0
2026/09/02 1:22:11,49109358,OK:01,TEMP,S33.0
2026/09/02 1:22:14,49112392,01,MON?
2026/09/02 1:22:14,49112399,33.8,,CONSTANT,0
2026/09/02 1:22:17,49115433,01,TEMP,S33.1
2026/09/02 1:22:17,49115434,OK:01,TEMP,S33.1
2026/09/02 1:22:23,49121517,01,TEMP,S33.2
2026/09/02 1:22:23,49121525,OK:01,TEMP,S33.2
2026/09/02 1:22:24,49122532,01,MON?
2026/09/02 1:22:24,49122534,32.9,,CONSTANT,0
2026/09/02 1:22:29,49127603,01,TEMP,S33.3
2026/09/02 1:22:29,49127605,OK:01,TEMP,S33.3
2026/09/02 1:22:34,49132672,01,MON?
2026/09/02 1:22:34,49132674,34.2,,CONSTANT,0
2026/09/02 1:22:35,49133685,01,TEMP,S33.4
2026/09/02 1:22:35,49133688,OK:01,TEMP,S33.4
2026/09/02 1:22:41,49139769,01,TEMP,S33.5
2026/09/02 1:22:41,49139776,OK:01,TEMP,S33.5
2026/09/02 1:22:44,49142812,01,MON?
2026/09/02 1:22:44,49142813,33.2,,CONSTANT,0
2026/09/02 1:22:47,49145855,01,TEMP,S33.6
2026/09/02 1:22:47,49145857,OK:01,TEMP,S33.6
2026/09/02 1:22:53,49151937,01,TEMP,S33.7
2026/09/02 1:22:53,49151939,OK:01,TEMP,S33.7
2026/09/02 1:22:54,49152951,01,MON?
2026/09/02 1:22:54,49152953,34.1,,CONSTANT,0
2026/09/02 1:22:59,49157007,01,TEMP,S33.8
2026/09/02 1:22:59,49157007,OK:01,TEMP,S33.8
2026/09/02 1:23:05,49163092,01,MON?
2026/09/02 1:23:05,49163099,33.3,,CONSTANT,0
2026/09/02 1:23:05,49163100,01,TEMP,S33.9
2026/09/02 1:23:05,49163102,OK:01,TEMP,S33.9
2026/09/02 1:23:11,49169176,01,TEMP,S34.0
2026/09/02 1:23:11,49169183,OK:01,TEMP,S34.0
2026/09/02 1:23:15,49173231,01,MON?
2026/09/02 1:23:15,49173242,33.6,,CONSTANT,0
2026/09/02 1:23:17,49175259,01,TEMP,S34.1
2026/09/02 1:23:17,49175265,OK:01,TEMP,S34.1
2026/09/02 1:23:23,49181344,01,TEMP,S34.2
2026/09/02 1:23:23,49181351,OK:01,TEMP,S34.2
2026/09/02 1:23:25,49183372,01,MON?
2026/09/02 1:23:25,49183374,34.1,,CONSTANT,0
2026/09/02 1:23:29,49187428,01,TEMP,S34.3
2026/09/02 1:23:29,49187434,OK:01,TEMP,S34.3
2026/09/02 1:23:35,49193512,01,MON?
2026/09/02 1:23:35,49193519,34.8,,CONSTANT,0
2026/09/02 1:23:35,49193520,01,TEMP,S34.4
2026/09/02 1:23:35,49193522,OK:01,TEMP,S34.4
2026/09/02 1:23:41,49199596,01,TEMP,S34.5
2026/09/02 1:23:41,49199598,OK:01,TEMP,S34.5
2026/09/02 1:23:45,49203652,01,MON?
2026/09/02 1:23:45,49203654,33.9,,CONSTANT,0
2026/09/02 1:23:47,49205680,01,TEMP,S34.6
2026/09/02 1:23:47,49205682,OK:01,TEMP,S34.6
2026/09/02 1:23:53,49211764,01,TEMP,S34.7
2026/09/02 1:23:53,49211771,OK:01,TEMP,S34.7
2026/09/02 1:23:55,49213793,01,MON?
2026/09/02 1:23:55,49213795,34.1,,CONSTANT,0
2026/09/02 1:23:59,49217849,01,TEMP,S34.8
2026/09/02 1:23:59,49217856,OK:01,TEMP,S34.8
2026/09/02 1:24:05,49223933,01,MON?
2026/09/02 1:24:05,49223935,35.3,,CONSTANT,0
2026/09/02 1:24:05,49223936,01,TEMP,S34.9
2026/09/02 1:24:05,49223937,OK:01,TEMP,S34.9
2026/09/02 1:24:12,49230018,01,TEMP,S35.0
2026/09/02 1:24:12,49230020,OK:01,TEMP,S35.0
2026/09/02 1:24:16,49234072,01,MON?
2026/09/02 1:24:16,49234074,35.2,,CONSTANT,0
2026/09/02 1:24:17,49235086,01,TEMP,S35.1
2026/09/02 1:24:17,49235087,OK:01,TEMP,S35.1
2026/09/02 1:24:23,49241171,01,TEMP,S35.2
2026/09/02 1:24:23,49241178,OK:01,TEMP,S35.2
2026/09/02 1:24:26,49244212,01,MON?
2026/09/02 1:24:26,49244213,35.6,,CONSTANT,0
2026/09/02 1:24:29,49247255,01,TEMP,S35.3
2026/09/02 1:24:29,49247262,OK:01,TEMP,S35.3
2026/09/02 1:24:35,49253338,01,TEMP,S35.4
2026/09/02 1:24:35,49253345,OK:01,TEMP,S35.4
2026/09/02 1:24:36,49254352,01,MON?
2026/09/02 1:24:36,49254354,35.6,,CONSTANT,0
2026/09/02 1:24:41,49259422,01,TEMP,S35.5
2026/09/02 1:24:41,49259427,OK:01,TEMP,S35.5
2026/09/02 1:24:46,49264493,01,MON?
2026/09/02 1:24:46,49264497,35.6,,CONSTANT,0
2026/09/02 1:24:47,49265507,01,TEMP,S35.6
2026/09/02 1:24:47,49265509,OK:01,TEMP,S35.6
2026/09/02 1:24:53,49271591,01,TEMP,S35.7
2026/09/02 1:24:53,49271598,OK:01,TEMP,S35.7
2026/09/02 1:24:56,49274632,01,MON?
2026/09/02 1:24:56,49274633,35.4,,CONSTANT,0
2026/09/02 1:24:59,49277674,01,TEMP,S35.8
2026/09/02 1:24:59,49277676,OK:01,TEMP,S35.8
2026/09/02 1:25:05,49283759,01,TEMP,S35.9
2026/09/02 1:25:05,49283761,OK:01,TEMP,S35.9
2026/09/02 1:25:06,49284773,01,MON?
2026/09/02 1:25:06,49284775,35.2,,CONSTANT,0
2026/09/02 1:25:11,49289842,01,TEMP,S36.0
2026/09/02 1:25:11,49289842,OK:01,TEMP,S36.0
2026/09/02 1:25:16,49294913,01,MON?
2026/09/02 1:25:16,49294915,35.2,,CONSTANT,0
2026/09/02 1:25:17,49295927,01,TEMP,S36.1
2026/09/02 1:25:17,49295929,OK:01,TEMP,S36.1
2026/09/02 1:25:24,49302012,01,TEMP,S36.2
2026/09/02 1:25:24,49302019,OK:01,TEMP,S36.2
2026/09/02 1:25:27,49305054,01,MON?
2026/09/02 1:25:27,49305055,35.4,,CONSTANT,0
2026/09/02 1:25:29,49307081,01,TEMP,S36.3
2026/09/02 1:25:29,49307088,OK:01,TEMP,S36.3
2026/09/02 1:25:35,49313164,01,TEMP,S36.4
2026/09/02 1:25:35,49313171,OK:01,TEMP,S36.4
2026/09/02 1:25:37,49315192,01,MON?
2026/09/02 1:25:37,49315194,35.7,,CONSTANT,0
2026/09/02 1:25:41,49319249,01,TEMP,S36.5
2026/09/02 1:25:41,49319256,OK:01,TEMP,S36.5
2026/09/02 1:25:47,49325333,01,MON?
2026/09/02 1:25:47,49325335,36.9,,CONSTANT,0
2026/09/02 1:25:47,49325336,01,TEMP,S36.6
2026/09/02 1:25:47,49325338,OK:01,TEMP,S36.6
2026/09/02 1:25:53,49331416,01,TEMP,S36.7
2026/09/02 1:25:53,49331423,OK:01,TEMP,S36.7
2026/09/02 1:25:57,49335473,01,MON?
2026/09/02 1:25:57,49335480,37.1,,CONSTANT,0
2026/09/02 1:25:59,49337501,01,TEMP,S36.8
2026/09/02 1:25:59,49337508,OK:01,TEMP,S36.8
2026/09/02 1:26:05,49343585,01,TEMP,S36.9
2026/09/02 1:26:05,49343587,OK:01,TEMP,S36.9
2026/09/02 1:26:07,49345613,01,MON?
2026/09/02 1:26:07,49345615,36.4,,CONSTANT,0
2026/09/02 1:26:11,49349668,01,TEMP,S37.0
2026/09/02 1:26:11,49349670,OK:01,TEMP,S37.0
2026/09/02 1:26:17,49355753,01,MON?
2026/09/02 1:26:17,49355753,36.4,,CONSTANT,0
2026/09/02 1:26:17,49355754,01,TEMP,S37.1
2026/09/02 1:26:17,49355754,OK:01,TEMP,S37.1
2026/09/02 1:26:23,49361837,01,TEMP,S37.2
2026/09/02 1:26:23,49361839,OK:01,TEMP,S37.2
2026/09/02 1:26:27,49365893,01,MON?
2026/09/02 1:26:27,49365895,36.6,,CONSTANT,0
2026/09/02 1:26:29,49367921,01,TEMP,S37.3
2026/09/02 1:26:29,49367923,OK:01,TEMP,S37.3
2026/09/02 1:26:36,49374006,01,TEMP,S37.4
2026/09/02 1:26:36,49374008,OK:01,TEMP,S37.4
2026/09/02 1:26:38,49376033,01,MON?
2026/09/02 1:26:38,49376035,38.3,,CONSTANT,0
2026/09/02 1:26:42,49380090,01,TEMP,S37.5
2026/09/02 1:26:42,49380097,OK:01,TEMP,S37.5
2026/09/02 1:26:47,49385159,01,TEMP,S37.6
2026/09/02 1:26:47,49385161,OK:01,TEMP,S37.6
2026/09/02 1:26:48,49386175,01,MON?
2026/09/02 1:26:48,49386177,37.0,,CONSTANT,0
2026/09/02 1:26:53,49391244,01,TEMP,S37.7
2026/09/02 1:26:53,49391250,OK:01,TEMP,S37.7
2026/09/02 1:26:58,49396314,01,MON?
2026/09/02 1:26:58,49396321,37.4,,CONSTANT,0
2026/09/02 1:26:59,49397328,01,TEMP,S37.8
2026/09/02 1:26:59,49397330,OK:01,TEMP,S37.8
2026/09/02 1:27:05,49403412,01,TEMP,S37.9
2026/09/02 1:27:05,49403419,OK:01,TEMP,S37.9
2026/09/02 1:27:08,49406454,01,MON?
2026/09/02 1:27:08,49406460,38.4,,CONSTANT,0
2026/09/02 1:27:11,49409495,01,TEMP,S38.0
2026/09/02 1:27:11,49409497,OK:01,TEMP,S38.0
2026/09/02 1:27:17,49415580,01,TEMP,S38.1
2026/09/02 1:27:17,49415582,OK:01,TEMP,S38.1
2026/09/02 1:27:18,49416593,01,MON?
2026/09/02 1:27:18,49416595,37.2,,CONSTANT,0
2026/09/02 1:27:23,49421665,01,TEMP,S38.2
2026/09/02 1:27:23,49421667,OK:01,TEMP,S38.2
2026/09/02 1:27:28,49426735,01,MON?
2026/09/02 1:27:28,49426737,37.4,,CONSTANT,0
2026/09/02 1:27:29,49427748,01,TEMP,S38.3
2026/09/02 1:27:29,49427750,OK:01,TEMP,S38.3
2026/09/02 1:27:35,49433831,01,TEMP,S38.4
2026/09/02 1:27:35,49433838,OK:01,TEMP,S38.4
2026/09/02 1:27:38,49436874,01,MON?
2026/09/02 1:27:38,49436876,38.5,,CONSTANT,0
2026/09/02 1:27:41,49439917,01,TEMP,S38.5
2026/09/02 1:27:41,49439919,OK:01,TEMP,S38.5
2026/09/02 1:27:48,49446001,01,TEMP,S38.6
2026/09/02 1:27:48,49446003,OK:01,TEMP,S38.6
2026/09/02 1:27:49,49447014,01,MON?
2026/09/02 1:27:49,49447016,39.3,,CONSTANT,0
2026/09/02 1:27:54,49452084,01,TEMP,S38.7
2026/09/02 1:27:54,49452091,OK:01,TEMP,S38.7
2026/09/02 1:27:59,49457155,01,MON?
2026/09/02 1:27:59,49457157,39.4,,CONSTANT,0
2026/09/02 1:27:59,49457158,01,TEMP,S38.8
2026/09/02 1:27:59,49457159,OK:01,TEMP,S38.8
2026/09/02 1:28:05,49463238,01,TEMP,S38.9
2026/09/02 1:28:05,49463241,OK:01,TEMP,S38.9
2026/09/02 1:28:09,49467293,01,MON?
2026/09/02 1:28:09,49467300,39.4,,CONSTANT,0
2026/09/02 1:28:11,49469321,01,TEMP,S39.0
2026/09/02 1:28:11,49469328,OK:01,TEMP,S39.0
2026/09/02 1:28:17,49475406,01,TEMP,S39.1
2026/09/02 1:28:17,49475414,OK:01,TEMP,S39.1
2026/09/02 1:28:19,49477434,01,MON?
2026/09/02 1:28:19,49477435,38.5,,CONSTANT,0
2026/09/02 1:28:23,49481490,01,TEMP,S39.2
2026/09/02 1:28:23,49481497,OK:01,TEMP,S39.2
2026/09/02 1:28:29,49487573,01,MON?
2026/09/02 1:28:29,49487574,38.7,,CONSTANT,0
2026/09/02 1:28:29,49487574,01,TEMP,S39.3
2026/09/02 1:28:29,49487575,OK:01,TEMP,S39.3
2026/09/02 1:28:35,49493658,01,TEMP,S39.4
2026/09/02 1:28:35,49493659,OK:01,TEMP,S39.4
2026/09/02 1:28:39,49497714,01,MON?
2026/09/02 1:28:39,49497716,38.5,,CONSTANT,0
2026/09/02 1:28:41,49499742,01,TEMP,S39.5
2026/09/02 1:28:41,49499743,OK:01,TEMP,S39.5
2026/09/02 1:28:47,49505825,01,TEMP,S39.6
2026/09/02 1:28:47,49505827,OK:01,TEMP,S39.6
2026/09/02 1:28:49,49507853,01,MON?
2026/09/02 1:28:49,49507854,38.7,,CONSTANT,0
2026/09/02 1:28:53,49511910,01,TEMP,S39.7
2026/09/02 1:28:53,49511917,OK:01,TEMP,S39.7
2026/09/02 1:29:00,49517994,01,MON?
2026/09/02 1:29:00,49517996,39.5,,CONSTANT,0
2026/09/02 1:29:00,49517997,01,TEMP,S39.8
2026/09/02 1:29:00,49517998,OK:01,TEMP,S39.8
2026/09/02 1:29:06,49524078,01,TEMP,S39.9
2026/09/02 1:29:06,49524080,OK:01,TEMP,S39.9
2026/09/02 1:29:10,49528134,01,MON?
2026/09/02 1:29:10,49528141,39.7,,CONSTANT,0
2026/09/02 1:29:12,49530163,01,TEMP,S40.0
2026/09/02 1:29:12,49530163,OK:01,TEMP,S40.0
2026/09/02 1:29:17,49535233,01,TEMP,S40.1
2026/09/02 1:29:17,49535234,OK:01,TEMP,S40.1
2026/09/02 1:29:20,49538274,01,MON?
2026/09/02 1:29:20,49538281,39.4,,CONSTANT,0
2026/09/02 1:29:23,49541317,01,TEMP,S40.2
2026/09/02 1:29:23,49541319,OK:01,TEMP,S40.2
2026/09/02 1:29:29,49547401,01,TEMP,S40.3
2026/09/02 1:29:29,49547403,OK:01,TEMP,S40.3
2026/09/02 1:29:30,49548414,01,MON?
2026/09/02 1:29:30,49548415,40.4,,CONSTANT,0
2026/09/02 1:29:35,49553484,01,TEMP,S40.4
2026/09/02 1:29:35,49553486,OK:01,TEMP,S40.4
2026/09/02 1:29:40,49558555,01,MON?
2026/09/02 1:29:40,49558557,41.1,,CONSTANT,0
2026/09/02 1:29:41,49559569,01,TEMP,S40.5
2026/09/02 1:29:41,49559571,OK:01,TEMP,S40.5
2026/09/02 1:29:47,49565653,01,TEMP,S40.6
2026/09/02 1:29:47,49565659,OK:01,TEMP,S40.6
2026/09/02 1:29:50,49568695,01,MON?
2026/09/02 1:29:50,49568697,40.0,,CONSTANT,0
2026/09/02 1:29:53,49571737,01,TEMP,S40.7
2026/09/02 1:29:53,49571739,OK:01,TEMP,S40.7
2026/09/02 1:29:59,49577820,01,TEMP,S40.8
2026/09/02 1:29:59,49577822,OK:01,TEMP,S40.8
2026/09/02 1:30:00,49578836,01,MON?
2026/09/02 1:30:00,49578838,41.5,,CONSTANT,0
2026/09/02 1:30:05,49583905,01,TEMP,S40.9
2026/09/02 1:30:05,49583907,OK:01,TEMP,S40.9
2026/09/02 1:30:10,49588974,01,MON?
2026/09/02 1:30:10,49588976,41.4,,CONSTANT,0
2026/09/02 1:30:12,49589989,01,TEMP,S41.0
2026/09/02 1:30:12,49589990,OK:01,TEMP,S41.0
2026/09/02 1:30:18,49596073,01,TEMP,S41.1
2026/09/02 1:30:18,49596080,OK:01,TEMP,S41.1
2026/09/02 1:30:21,49599115,01,MON?
2026/09/02 1:30:21,49599117,42.0,,CONSTANT,0
2026/09/02 1:30:24,49602157,01,TEMP,S41.2
2026/09/02 1:30:24,49602158,OK:01,TEMP,S41.2
2026/09/02 1:30:29,49607227,01,TEMP,S41.3
2026/09/02 1:30:29,49607228,OK:01,TEMP,S41.3
2026/09/02 1:30:31,49609254,01,MON?
2026/09/02 1:30:31,49609256,42.2,,CONSTANT,0
2026/09/02 1:30:35,49613312,01,TEMP,S41.4
2026/09/02 1:30:35,49613319,OK:01,TEMP,S41.4
2026/09/02 1:30:41,49619395,01,MON?
2026/09/02 1:30:41,49619404,41.7,,CONSTANT,0
2026/09/02 1:30:41,49619405,01,TEMP,S41.5
2026/09/02 1:30:41,49619407,OK:01,TEMP,S41.5
2026/09/02 1:30:47,49625478,01,TEMP,S41.6
2026/09/02 1:30:47,49625485,OK:01,TEMP,S41.6
2026/09/02 1:30:51,49629534,01,MON?
2026/09/02 1:30:51,49629536,41.9,,CONSTANT,0
2026/09/02 1:30:53,49631563,01,TEMP,S41.7
2026/09/02 1:30:53,49631565,OK:01,TEMP,S41.7
2026/09/02 1:30:59,49637647,01,TEMP,S41.8
2026/09/02 1:30:59,49637649,OK:01,TEMP,S41.8
2026/09/02 1:31:01,49639675,01,MON?
2026/09/02 1:31:01,49639677,41.3,,CONSTANT,0
2026/09/02 1:31:05,49643730,01,TEMP,S41.9
2026/09/02 1:31:05,49643737,OK:01,TEMP,S41.9
2026/09/02 1:31:11,49649815,01,MON?
2026/09/02 1:31:11,49649817,41.5,,CONSTANT,0
2026/09/02 1:31:11,49649818,01,TEMP,S42.0
2026/09/02 1:31:11,49649819,OK:01,TEMP,S42.0
2026/09/02 1:31:17,49655899,01,TEMP,S42.1
2026/09/02 1:31:17,49655901,OK:01,TEMP,S42.1
2026/09/02 1:31:21,49659955,01,MON?
2026/09/02 1:31:21,49659957,41.2,,CONSTANT,0
2026/09/02 1:31:23,49661983,01,TEMP,S42.2
2026/09/02 1:31:24,49661985,OK:01,TEMP,S42.2
2026/09/02 1:31:30,49668067,01,TEMP,S42.3
2026/09/02 1:31:30,49668069,OK:01,TEMP,S42.3
2026/09/02 1:31:32,49670095,01,MON?
2026/09/02 1:31:32,49670097,41.3,,CONSTANT,0
2026/09/02 1:31:36,49674151,01,TEMP,S42.4
2026/09/02 1:31:36,49674158,OK:01,TEMP,S42.4
2026/09/02 1:31:42,49680235,01,MON?
2026/09/02 1:31:42,49680236,42.4,,CONSTANT,0
2026/09/02 1:31:42,49680236,01,TEMP,S42.5
2026/09/02 1:31:42,49680237,OK:01,TEMP,S42.5
2026/09/02 1:31:47,49685305,01,TEMP,S42.6
2026/09/02 1:31:47,49685306,OK:01,TEMP,S42.6
2026/09/02 1:31:52,49690375,01,MON?
2026/09/02 1:31:52,49690382,43.1,,CONSTANT,0
2026/09/02 1:31:53,49691389,01,TEMP,S42.7
2026/09/02 1:31:53,49691390,OK:01,TEMP,S42.7
2026/09/02 1:31:59,49697474,01,TEMP,S42.8
2026/09/02 1:31:59,49697482,OK:01,TEMP,S42.8
2026/09/02 1:32:02,49700516,01,MON?
2026/09/02 1:32:02,49700517,42.0,,CONSTANT,0
2026/09/02 1:32:05,49703557,01,TEMP,S42.9
2026/09/02 1:32:05,49703558,OK:01,TEMP,S42.9
2026/09/02 1:32:11,49709642,01,TEMP,S43.0
2026/09/02 1:32:11,49709649,OK:01,TEMP,S43.0
2026/09/02 1:32:12,49710656,01,MON?
2026/09/02 1:32:12,49710657,43.3,,CONSTANT,0
2026/09/02 1:32:17,49715726,01,TEMP,S43.1
2026/09/02 1:32:17,49715728,OK:01,TEMP,S43.1
2026/09/02 1:32:22,49720796,01,MON?
2026/09/02 1:32:22,49720798,42.7,,CONSTANT,0
2026/09/02 1:32:23,49721810,01,TEMP,S43.2
2026/09/02 1:32:23,49721812,OK:01,TEMP,S43.2
2026/09/02 1:32:29,49727893,01,TEMP,S43.3
2026/09/02 1:32:29,49727895,OK:01,TEMP,S43.3
2026/09/02 1:32:32,49730935,01,MON?
2026/09/02 1:32:32,49730937,43.8,,CONSTANT,0
2026/09/02 1:32:35,49733977,01,TEMP,S43.4
2026/09/02 1:32:35,49733979,OK:01,TEMP,S43.4
2026/09/02 1:32:42,49740062,01,TEMP,S43.5
2026/09/02 1:32:42,49740063,OK:01,TEMP,S43.5
2026/09/02 1:32:43,49741077,01,MON?
2026/09/02 1:32:43,49741079,43.6,,CONSTANT,0
2026/09/02 1:32:48,49746146,01,TEMP,S43.6
2026/09/02 1:32:48,49746148,OK:01,TEMP,S43.6
2026/09/02 1:32:53,49751216,01,MON?
2026/09/02 1:32:53,49751218,44.4,,CONSTANT,0
2026/09/02 1:32:54,49752230,01,TEMP,S43.7
2026/09/02 1:32:54,49752231,OK:01,TEMP,S43.7
2026/09/02 1:32:59,49757301,01,TEMP,S43.8
2026/09/02 1:32:59,49757303,OK:01,TEMP,S43.8
2026/09/02 1:33:03,49761357,01,MON?
2026/09/02 1:33:03,49761364,44.1,,CONSTANT,0
2026/09/02 1:33:05,49763383,01,TEMP,S43.9
2026/09/02 1:33:05,49763385,OK:01,TEMP,S43.9
2026/09/02 1:33:11,49769468,01,TEMP,S44.0
2026/09/02 1:33:11,49769473,OK:01,TEMP,S44.0
2026/09/02 1:33:13,49771496,01,MON?
2026/09/02 1:33:13,49771498,43.4,,CONSTANT,0
2026/09/02 1:33:17,49775552,01,TEMP,S44.1
2026/09/02 1:33:17,49775559,OK:01,TEMP,S44.1
2026/09/02 1:33:23,49781635,01,MON?
2026/09/02 1:33:23,49781637,44.4,,CONSTANT,0
2026/09/02 1:33:23,49781638,01,TEMP,S44.2
2026/09/02 1:33:23,49781639,OK:01,TEMP,S44.2
2026/09/02 1:33:29,49787719,01,TEMP,S44.3
2026/09/02 1:33:29,49787721,OK:01,TEMP,S44.3
2026/09/02 1:33:33,49791776,01,MON?
2026/09/02 1:33:33,49791778,43.4,,CONSTANT,0
2026/09/02 1:33:35,49793804,01,TEMP,S44.4
2026/09/02 1:33:35,49793806,OK:01,TEMP,S44.4
2026/09/02 1:33:41,49799888,01,TEMP,S44.5
2026/09/02 1:33:41,49799899,OK:01,TEMP,S44.5
2026/09/02 1:33:43,49801915,01,MON?
2026/09/02 1:33:43,49801917,44.8,,CONSTANT,0
2026/09/02 1:33:47,49805972,01,TEMP,S44.6
2026/09/02 1:33:47,49805979,OK:01,TEMP,S44.6
2026/09/02 1:33:54,49812056,01,MON?
2026/09/02 1:33:54,49812057,44.7,,CONSTANT,0
2026/09/02 1:33:54,49812058,01,TEMP,S44.7
2026/09/02 1:33:54,49812058,OK:01,TEMP,S44.7
2026/09/02 1:34:00,49818140,01,TEMP,S44.8
2026/09/02 1:34:00,49818141,OK:01,TEMP,S44.8
2026/09/02 1:34:04,49822195,01,MON?
2026/09/02 1:34:04,49822196,44.7,,CONSTANT,0
2026/09/02 1:34:06,49824224,01,TEMP,S44.9
2026/09/02 1:34:06,49824225,OK:01,TEMP,S44.9
2026/09/02 1:34:11,49829294,01,TEMP,S45.0
2026/09/02 1:34:11,49829300,OK:01,TEMP,S45.0
2026/09/02 1:34:14,49832336,01,MON?
2026/09/02 1:34:14,49832343,44.1,,CONSTANT,0
2026/09/02 1:34:17,49835378,01,TEMP,S45.1
2026/09/02 1:34:17,49835380,OK:01,TEMP,S45.1
2026/09/02 1:34:23,49841463,01,TEMP,S45.2
2026/09/02 1:34:23,49841470,OK:01,TEMP,S45.2
2026/09/02 1:34:24,49842477,01,MON?
2026/09/02 1:34:24,49842479,44.5,,CONSTANT,0
2026/09/02 1:34:29,49847547,01,TEMP,S45.3
2026/09/02 1:34:29,49847549,OK:01,TEMP,S45.3
2026/09/02 1:34:34,49852616,01,MON?
2026/09/02 1:34:34,49852618,45.7,,CONSTANT,0
2026/09/02 1:34:35,49853631,01,TEMP,S45.4
2026/09/02 1:34:35,49853631,OK:01,TEMP,S45.4
2026/09/02 1:34:41,49859716,01,TEMP,S45.5
2026/09/02 1:34:41,49859717,OK:01,TEMP,S45.5
2026/09/02 1:34:44,49862757,01,MON?
2026/09/02 1:34:44,49862759,45.3,,CONSTANT,0
2026/09/02 1:34:47,49865799,01,TEMP,S45.6
2026/09/02 1:34:47,49865800,OK:01,TEMP,S45.6
2026/09/02 1:34:53,49871882,01,TEMP,S45.7
2026/09/02 1:34:53,49871883,OK:01,TEMP,S45.7
2026/09/02 1:34:54,49872897,01,MON?
2026/09/02 1:34:54,49872899,45.6,,CONSTANT,0
2026/09/02 1:34:59,49877968,01,TEMP,S45.8
2026/09/02 1:34:59,49877968,OK:01,TEMP,S45.8
2026/09/02 1:35:05,49883036,01,MON?
2026/09/02 1:35:05,49883038,45.5,,CONSTANT,0
2026/09/02 1:35:06,49884051,01,TEMP,S45.9
2026/09/02 1:35:06,49884052,OK:01,TEMP,S45.9
2026/09/02 1:35:12,49890135,01,TEMP,S46.0
2026/09/02 1:35:12,49890137,OK:01,TEMP,S46.0
2026/09/02 1:35:15,49893178,01,MON?
2026/09/02 1:35:15,49893180,45.3,,CONSTANT,0
2026/09/02 1:35:18,49896220,01,TEMP,S46.1
2026/09/02 1:35:18,49896226,OK:01,TEMP,S46.1
2026/09/02 1:35:24,49902302,01,TEMP,S46.2
2026/09/02 1:35:24,49902309,OK:01,TEMP,S46.2
2026/09/02 1:35:25,49903317,01,MON?
2026/09/02 1:35:25,49903319,46.5,,CONSTANT,0
2026/09/02 1:35:29,49907372,01,TEMP,S46.3
2026/09/02 1:35:29,49907379,OK:01,TEMP,S46.3
2026/09/02 1:35:35,49913458,01,MON?
2026/09/02 1:35:35,49913465,46.4,,CONSTANT,0
2026/09/02 1:35:35,49913467,01,TEMP,S46.4
2026/09/02 1:35:35,49913468,OK:01,TEMP,S46.4
2026/09/02 1:35:41,49919540,01,TEMP,S46.5
2026/09/02 1:35:41,49919541,OK:01,TEMP,S46.5
2026/09/02 1:35:45,49923597,01,MON?
2026/09/02 1:35:45,49923598,45.7,,CONSTANT,0
2026/09/02 1:35:47,49925625,01,TEMP,S46.6
2026/09/02 1:35:47,49925625,OK:01,TEMP,S46.6
2026/09/02 1:35:53,49931709,01,TEMP,S46.7
2026/09/02 1:35:53,49931711,OK:01,TEMP,S46.7
2026/09/02 1:35:55,49933737,01,MON?
2026/09/02 1:35:55,49933739,46.2,,CONSTANT,0
2026/09/02 1:35:59,49937793,01,TEMP,S46.8
2026/09/02 1:35:59,49937800,OK:01,TEMP,S46.8
2026/09/02 1:36:05,49943876,01,MON?
2026/09/02 1:36:05,49943877,47.0,,CONSTANT,0
2026/09/02 1:36:05,49943877,01,TEMP,S46.9
2026/09/02 1:36:05,49943878,OK:01,TEMP,S46.9
2026/09/02 1:36:11,49949961,01,TEMP,S47.0
2026/09/02 1:36:11,49949963,OK:01,TEMP,S47.0
2026/09/02 1:36:16,49954017,01,MON?
2026/09/02 1:36:16,49954019,46.1,,CONSTANT,0
2026/09/02 1:36:18,49956045,01,TEMP,S47.1
2026/09/02 1:36:18,49956047,OK:01,TEMP,S47.1
2026/09/02 1:36:24,49962128,01,TEMP,S47.2
2026/09/02 1:36:24,49962135,OK:01,TEMP,S47.2
2026/09/02 1:36:26,49964157,01,MON?
2026/09/02 1:36:26,49964159,48.1,,CONSTANT,0
2026/09/02 1:36:30,49968213,01,TEMP,S47.3
2026/09/02 1:36:30,49968220,OK:01,TEMP,S47.3
2026/09/02 1:36:36,49974297,01,MON?
2026/09/02 1:36:36,49974299,48.3,,CONSTANT,0
2026/09/02 1:36:36,49974300,01,TEMP,S47.4
2026/09/02 1:36:36,49974301,OK:01,TEMP,S47.4
2026/09/02 1:36:41,49979366,01,TEMP,S47.5
2026/09/02 1:36:41,49979368,OK:01,TEMP,S47.5
2026/09/02 1:36:46,49984437,01,MON?
2026/09/02 1:36:46,49984444,48.1,,CONSTANT,0
2026/09/02 1:36:47,49985451,01,TEMP,S47.6
2026/09/02 1:36:47,49985452,OK:01,TEMP,S47.6
2026/09/02 1:36:53,49991535,01,TEMP,S47.7
2026/09/02 1:36:53,49991542,OK:01,TEMP,S47.7
2026/09/02 1:36:56,49994577,01,MON?
2026/09/02 1:36:56,49994579,47.4,,CONSTANT,0
2026/09/02 1:36:59,49997620,01,TEMP,S47.8
2026/09/02 1:36:59,49997621,OK:01,TEMP,S47.8
2026/09/02 1:37:05,50003704,01,TEMP,S47.9
2026/09/02 1:37:05,50003708,OK:01,TEMP,S47.9
2026/09/02 1:37:06,50004717,01,MON?
2026/09/02 1:37:06,50004719,47.0,,CONSTANT,0
2026/09/02 1:37:11,50009788,01,TEMP,S48.0
2026/09/02 1:37:11,50009788,OK:01,TEMP,S48.0
2026/09/02 1:37:16,50014857,01,MON?
2026/09/02 1:37:16,50014858,48.2,,CONSTANT,0
2026/09/02 1:37:17,50015873,01,TEMP,S48.1
2026/09/02 1:37:17,50015875,OK:01,TEMP,S48.1
2026/09/02 1:37:23,50021955,01,TEMP,S48.2
2026/09/02 1:37:23,50021957,OK:01,TEMP,S48.2
2026/09/02 1:37:27,50024997,01,MON?
2026/09/02 1:37:27,50024999,47.4,,CONSTANT,0
2026/09/02 1:37:30,50028039,01,TEMP,S48.3
2026/09/02 1:37:30,50028046,OK:01,TEMP,S48.3
2026/09/02 1:37:36,50034124,01,TEMP,S48.4
2026/09/02 1:37:36,50034125,OK:01,TEMP,S48.4
2026/09/02 1:37:37,50035139,01,MON?
2026/09/02 1:37:37,50035141,48.4,,CONSTANT,0
2026/09/02 1:37:42,50040208,01,TEMP,S48.5
2026/09/02 1:37:42,50040215,OK:01,TEMP,S48.5
2026/09/02 1:37:47,50045278,01,MON?
2026/09/02 1:37:47,50045279,48.3,,CONSTANT,0
2026/09/02 1:37:48,50046292,01,TEMP,S48.6
2026/09/02 1:37:48,50046292,OK:01,TEMP,S48.6
2026/09/02 1:37:54,50052376,01,TEMP,S48.7
2026/09/02 1:37:54,50052378,OK:01,TEMP,S48.7
2026/09/02 1:37:57,50055418,01,MON?
2026/09/02 1:37:57,50055420,49.2,,CONSTANT,0
2026/09/02 1:37:59,50057445,01,TEMP,S48.8
2026/09/02 1:37:59,50057447,OK:01,TEMP,S48.8
2026/09/02 1:38:05,50063529,01,TEMP,S48.9
2026/09/02 1:38:05,50063536,OK:01,TEMP,S48.9
2026/09/02 1:38:07,50065557,01,MON?
2026/09/02 1:38:07,50065559,49.8,,CONSTANT,0
2026/09/02 1:38:11,50069614,01,TEMP,S49.0
2026/09/02 1:38:11,50069616,OK:01,TEMP,S49.0
2026/09/02 1:38:17,50075699,01,MON?
2026/09/02 1:38:17,50075709,49.5,,CONSTANT,0
2026/09/02 1:38:17,50075711,01,TEMP,S49.1
2026/09/02 1:38:17,50075712,OK:01,TEMP,S49.1
2026/09/02 1:38:23,50081781,01,TEMP,S49.2
2026/09/02 1:38:23,50081782,OK:01,TEMP,S49.2
2026/09/02 1:38:27,50085838,01,MON?
2026/09/02 1:38:27,50085840,48.5,,CONSTANT,0
2026/09/02 1:38:29,50087866,01,TEMP,S49.3
2026/09/02 1:38:29,50087868,OK:01,TEMP,S49.3
2026/09/02 1:38:35,50093950,01,TEMP,S49.4
2026/09/02 1:38:35,50093957,OK:01,TEMP,S49.4
2026/09/02 1:38:37,50095978,01,MON?
2026/09/02 1:38:37,50095980,49.7,,CONSTANT,0
2026/09/02 1:38:42,50100033,01,TEMP,S49.5
2026/09/02 1:38:42,50100035,OK:01,TEMP,S49.5
2026/09/02 1:38:48,50106118,01,MON?
2026/09/02 1:38:48,50106125,48.7,,CONSTANT,0
2026/09/02 1:38:48,50106127,01,TEMP,S49.6
2026/09/02 1:38:48,50106128,OK:01,TEMP,S49.6
2026/09/02 1:38:54,50112202,01,TEMP,S49.7
2026/09/02 1:38:54,50112204,OK:01,TEMP,S49.7
2026/09/02 1:38:58,50116257,01,MON?
2026/09/02 1:38:58,50116258,49.8,,CONSTANT,0
2026/09/02 1:39:00,50118285,01,TEMP,S49.8
2026/09/02 1:39:00,50118287,OK:01,TEMP,S49.8
2026/09/02 1:39:06,50124370,01,TEMP,S49.9
2026/09/02 1:39:06,50124377,OK:01,TEMP,S49.9
2026/09/02 1:39:08,50126398,01,MON?
2026/09/02 1:39:08,50126400,50.2,,CONSTANT,0
2026/09/02 1:39:11,50129440,01,TEMP,S50.0
2026/09/02 1:39:11,50129441,OK:01,TEMP,S50.0
2026/09/02 1:39:17,50135524,01,TEMP,S50.1
2026/09/02 1:39:17,50135531,OK:01,TEMP,S50.1
2026/09/02 1:39:18,50136537,01,MON?
2026/09/02 1:39:18,50136539,49.9,,CONSTANT,0
2026/09/02 1:39:23,50141608,01,TEMP,S50.2
2026/09/02 1:39:23,50141609,OK:01,TEMP,S50.2
2026/09/02 1:39:28,50146678,01,MON?
2026/09/02 1:39:28,50146680,50.6,,CONSTANT,0
2026/09/02 1:39:29,50147692,01,TEMP,S50.3
2026/09/02 1:39:29,50147694,OK:01,TEMP,S50.3
2026/09/02 1:39:35,50153777,01,TEMP,S50.4
2026/09/02 1:39:35,50153784,OK:01,TEMP,S50.4
2026/09/02 1:39:38,50156818,01,MON?
2026/09/02 1:39:38,50156820,49.9,,CONSTANT,0
2026/09/02 1:39:41,50159861,01,TEMP,S50.5
2026/09/02 1:39:41,50159862,OK:01,TEMP,S50.5
2026/09/02 1:39:47,50165945,01,TEMP,S50.6
2026/09/02 1:39:47,50165952,OK:01,TEMP,S50.6
2026/09/02 1:39:48,50166959,01,MON?
2026/09/02 1:39:48,50166961,50.3,,CONSTANT,0
2026/09/02 1:39:54,50172029,01,TEMP,S50.7
2026/09/02 1:39:54,50172030,OK:01,TEMP,S50.7
2026/09/02 1:39:59,50177098,01,MON?
2026/09/02 1:39:59,50177100,50.3,,CONSTANT,0
2026/09/02 1:40:00,50178112,01,TEMP,S50.8
2026/09/02 1:40:00,50178114,OK:01,TEMP,S50.8
2026/09/02 1:40:06,50184197,01,TEMP,S50.9
2026/09/02 1:40:06,50184204,OK:01,TEMP,S50.9
2026/09/02 1:40:09,50187239,01,MON?
2026/09/02 1:40:09,50187240,51.7,,CONSTANT,0
2026/09/02 1:40:12,50190282,01,TEMP,S51.0
2026/09/02 1:40:12,50190289,OK:01,TEMP,S51.0
2026/09/02 1:40:18,50196365,01,TEMP,S51.1
2026/09/02 1:40:18,50196373,OK:01,TEMP,S51.1
2026/09/02 1:40:19,50197378,01,MON?
2026/09/02 1:40:19,50197380,50.6,,CONSTANT,0
2026/09/02 1:40:24,50202449,01,TEMP,S51.2
2026/09/02 1:40:24,50202456,OK:01,TEMP,S51.2
2026/09/02 1:40:29,50207520,01,MON?
2026/09/02 1:40:29,50207520,51.4,,CONSTANT,0
2026/09/02 1:40:29,50207521,01,TEMP,S51.3
2026/09/02 1:40:29,50207521,OK:01,TEMP,S51.3
2026/09/02 1:40:35,50213604,01,TEMP,S51.4
2026/09/02 1:40:35,50213606,OK:01,TEMP,S51.4
2026/09/02 1:40:39,50217659,01,MON?
2026/09/02 1:40:39,50217659,52.0,,CONSTANT,0
2026/09/02 1:40:41,50219687,01,TEMP,S51.5
2026/09/02 1:40:41,50219689,OK:01,TEMP,S51.5
2026/09/02 1:40:47,50225771,01,TEMP,S51.6
2026/09/02 1:40:47,50225778,OK:01,TEMP,S51.6
2026/09/02 1:40:49,50227799,01,MON?
2026/09/02 1:40:49,50227801,51.9,,CONSTANT,0
2026/09/02 1:40:53,50231855,01,TEMP,S51.7
2026/09/02 1:40:53,50231857,OK:01,TEMP,S51.7
2026/09/02 1:40:59,50237939,01,MON?
2026/09/02 1:40:59,50237941,51.0,,CONSTANT,0
2026/09/02 1:40:59,50237942,01,TEMP,S51.8
2026/09/02 1:40:59,50237943,OK:01,TEMP,S51.8
2026/09/02 1:41:06,50244023,01,TEMP,S51.9
2026/09/02 1:41:06,50244025,OK:01,TEMP,S51.9
2026/09/02 1:41:10,50248079,01,MON?
2026/09/02 1:41:10,50248080,52.7,,CONSTANT,0
2026/09/02 1:41:12,50250107,01,TEMP,S52.0
2026/09/02 1:41:12,50250109,OK:01,TEMP,S52.0
2026/09/02 1:41:18,50256190,01,TEMP,S52.1
2026/09/02 1:41:18,50256196,OK:01,TEMP,S52.1
2026/09/02 1:41:20,50258218,01,MON?
2026/09/02 1:41:20,50258219,51.2,,CONSTANT,0
2026/09/02 1:41:24,50262275,01,TEMP,S52.2
2026/09/02 1:41:24,50262277,OK:01,TEMP,S52.2
2026/09/02 1:41:30,50268359,01,MON?
2026/09/02 1:41:30,50268360,52.2,,CONSTANT,0
2026/09/02 1:41:30,50268362,01,TEMP,S52.3
2026/09/02 1:41:30,50268364,OK:01,TEMP,S52.3
2026/09/02 1:41:36,50274442,01,TEMP,S52.4
2026/09/02 1:41:36,50274442,OK:01,TEMP,S52.4
2026/09/02 1:41:40,50278499,01,MON?
2026/09/02 1:41:40,50278501,51.7,,CONSTANT,0
2026/09/02 1:41:41,50279513,01,TEMP,S52.5
2026/09/02 1:41:41,50279515,OK:01,TEMP,S52.5
2026/09/02 1:41:47,50285597,01,TEMP,S52.6
2026/09/02 1:41:47,50285604,OK:01,TEMP,S52.6
2026/09/02 1:41:50,50288639,01,MON?
2026/09/02 1:41:50,50288640,53.4,,CONSTANT,0
2026/09/02 1:41:53,50291681,01,TEMP,S52.7
2026/09/02 1:41:53,50291683,OK:01,TEMP,S52.7
2026/09/02 1:41:59,50297765,01,TEMP,S52.8
2026/09/02 1:41:59,50297772,OK:01,TEMP,S52.8
2026/09/02 1:42:00,50298779,01,MON?
2026/09/02 1:42:00,50298779,52.4,,CONSTANT,0
2026/09/02 1:42:05,50303849,01,TEMP,S52.9
2026/09/02 1:42:05,50303851,OK:01,TEMP,S52.9
2026/09/02 1:42:10,50308919,01,MON?
2026/09/02 1:42:10,50308919,52.4,,CONSTANT,0
2026/09/02 1:42:11,50309933,01,TEMP,S53.0
2026/09/02 1:42:11,50309934,OK:01,TEMP,S53.0
2026/09/02 1:42:18,50316018,01,TEMP,S53.1
2026/09/02 1:42:18,50316025,OK:01,TEMP,S53.1
2026/09/02 1:42:21,50319060,01,MON?
2026/09/02 1:42:21,50319062,52.1,,CONSTANT,0
2026/09/02 1:42:24,50322102,01,TEMP,S53.2
2026/09/02 1:42:24,50322103,OK:01,TEMP,S53.2
2026/09/02 1:42:30,50328185,01,TEMP,S53.3
2026/09/02 1:42:30,50328192,OK:01,TEMP,S53.3
2026/09/02 1:42:31,50329199,01,MON?
2026/09/02 1:42:31,50329201,52.7,,CONSTANT,0
2026/09/02 1:42:36,50334270,01,TEMP,S53.4
2026/09/02 1:42:36,50334274,OK:01,TEMP,S53.4
2026/09/02 1:42:41,50339339,01,MON?
2026/09/02 1:42:41,50339341,53.2,,CONSTANT,0
2026/09/02 1:42:42,50340353,01,TEMP,S53.5
2026/09/02 1:42:42,50340355,OK:01,TEMP,S53.5
2026/09/02 1:42:48,50346437,01,TEMP,S53.6
2026/09/02 1:42:48,50346444,OK:01,TEMP,S53.6
2026/09/02 1:42:51,50349481,01,MON?
2026/09/02 1:42:51,50349482,54.0,,CONSTANT,0
2026/09/02 1:42:54,50352521,01,TEMP,S53.7
2026/09/02 1:42:54,50352522,OK:01,TEMP,S53.7
2026/09/02 1:42:59,50357592,01,TEMP,S53.8
2026/09/02 1:42:59,50357594,OK:01,TEMP,S53.8
2026/09/02 1:43:01,50359620,01,MON?
2026/09/02 1:43:01,50359622,53.1,,CONSTANT,0
2026/09/02 1:43:05,50363675,01,TEMP,S53.9
2026/09/02 1:43:05,50363677,OK:01,TEMP,S53.9
2026/09/02 1:43:11,50369760,01,MON?
2026/09/02 1:43:11,50369767,54.2,,CONSTANT,0
2026/09/02 1:43:11,50369769,01,TEMP,S54.0
2026/09/02 1:43:11,50369770,OK:01,TEMP,S54.0
2026/09/02 1:43:17,50375844,01,TEMP,S54.1
2026/09/02 1:43:17,50375846,OK:01,TEMP,S54.1
2026/09/02 1:43:21,50379899,01,MON?
2026/09/02 1:43:21,50379900,53.2,,CONSTANT,0
2026/09/02 1:43:23,50381928,01,TEMP,S54.2
2026/09/02 1:43:23,50381930,OK:01,TEMP,S54.2
2026/09/02 1:43:30,50388013,01,TEMP,S54.3
2026/09/02 1:43:30,50388015,OK:01,TEMP,S54.3
2026/09/02 1:43:32,50390041,01,MON?
2026/09/02 1:43:32,50390043,53.6,,CONSTANT,0
2026/09/02 1:43:36,50394096,01,TEMP,S54.4
2026/09/02 1:43:36,50394103,OK:01,TEMP,S54.4
2026/09/02 1:43:42,50400180,01,MON?
2026/09/02 1:43:42,50400187,55.4,,CONSTANT,0
2026/09/02 1:43:42,50400188,01,TEMP,S54.5
2026/09/02 1:43:42,50400190,OK:01,TEMP,S54.5
2026/09/02 1:43:48,50406264,01,TEMP,S54.6
2026/09/02 1:43:48,50406271,OK:01,TEMP,S54.6
2026/09/02 1:43:52,50410320,01,MON?
2026/09/02 1:43:52,50410327,54.1,,CONSTANT,0
2026/09/02 1:43:54,50412347,01,TEMP,S54.7
2026/09/02 1:43:54,50412354,OK:01,TEMP,S54.7
2026/09/02 1:44:00,50418432,01,TEMP,S54.8
2026/09/02 1:44:00,50418440,OK:01,TEMP,S54.8
2026/09/02 1:44:02,50420460,01,MON?
2026/09/02 1:44:02,50420461,55.5,,CONSTANT,0
2026/09/02 1:44:06,50424516,01,TEMP,S54.9
2026/09/02 1:44:06,50424523,OK:01,TEMP,S54.9
2026/09/02 1:44:11,50429586,01,TEMP,S55.0
2026/09/02 1:44:11,50429588,OK:01,TEMP,S55.0
2026/09/02 1:44:12,50430600,01,MON?
2026/09/02 1:44:12,50430602,55.9,,CONSTANT,0
2026/09/02 1:44:17,50435670,01,TEMP,S55.1
2026/09/02 1:44:17,50435677,OK:01,TEMP,S55.1
2026/09/02 1:44:22,50440740,01,MON?
2026/09/02 1:44:22,50440741,54.8,,CONSTANT,0
2026/09/02 1:44:23,50441754,01,TEMP,S55.2
2026/09/02 1:44:23,50441756,OK:01,TEMP,S55.2
2026/09/02 1:44:29,50447838,01,TEMP,S55.3
2026/09/02 1:44:29,50447840,OK:01,TEMP,S55.3
2026/09/02 1:44:32,50450880,01,MON?
2026/09/02 1:44:32,50450881,55.5,,CONSTANT,0
2026/09/02 1:44:35,50453922,01,TEMP,S55.4
2026/09/02 1:44:35,50453924,OK:01,TEMP,S55.4
2026/09/02 1:44:42,50460006,01,TEMP,S55.5
2026/09/02 1:44:42,50460008,OK:01,TEMP,S55.5
2026/09/02 1:44:43,50461020,01,MON?
2026/09/02 1:44:43,50461022,55.2,,CONSTANT,0
2026/09/02 1:44:48,50466090,01,TEMP,S55.6
2026/09/02 1:44:48,50466092,OK:01,TEMP,S55.6
2026/09/02 1:44:53,50471161,01,MON?
2026/09/02 1:44:53,50471170,55.3,,CONSTANT,0
2026/09/02 1:44:54,50472175,01,TEMP,S55.7
2026/09/02 1:44:54,50472175,OK:01,TEMP,S55.7
2026/09/02 1:45:00,50478258,01,TEMP,S55.8
2026/09/02 1:45:00,50478258,OK:01,TEMP,S55.8
2026/09/02 1:45:03,50481301,01,MON?
2026/09/02 1:45:03,50481301,54.8,,CONSTANT,0
2026/09/02 1:45:06,50484342,01,TEMP,S55.9
2026/09/02 1:45:06,50484344,OK:01,TEMP,S55.9
2026/09/02 1:45:12,50490427,01,TEMP,S56.0
2026/09/02 1:45:12,50490434,OK:01,TEMP,S56.0
2026/09/02 1:45:13,50491441,01,MON?
2026/09/02 1:45:13,50491443,56.3,,CONSTANT,0
2026/09/02 1:45:18,50496511,01,TEMP,S56.1
2026/09/02 1:45:18,50496518,OK:01,TEMP,S56.1
2026/09/02 1:45:23,50501581,01,MON?
2026/09/02 1:45:23,50501582,57.1,,CONSTANT,0
2026/09/02 1:45:23,50501584,01,TEMP,S56.2
2026/09/02 1:45:23,50501586,OK:01,TEMP,S56.2
2026/09/02 1:45:29,50507666,01,TEMP,S56.3
2026/09/02 1:45:29,50507668,OK:01,TEMP,S56.3
2026/09/02 1:45:33,50511720,01,MON?
2026/09/02 1:45:33,50511720,56.9,,CONSTANT,0
2026/09/02 1:45:35,50513748,01,TEMP,S56.4
2026/09/02 1:45:35,50513749,OK:01,TEMP,S56.4
2026/09/02 1:45:41,50519832,01,TEMP,S56.5
2026/09/02 1:45:41,50519834,OK:01,TEMP,S56.5
2026/09/02 1:45:43,50521860,01,MON?
2026/09/02 1:45:43,50521860,56.3,,CONSTANT,0
2026/09/02 1:45:47,50525918,01,TEMP,S56.6
2026/09/02 1:45:47,50525920,OK:01,TEMP,S56.6
2026/09/02 1:45:54,50532001,01,MON?
2026/09/02 1:45:54,50532001,56.7,,CONSTANT,0
2026/09/02 1:45:54,50532002,01,TEMP,S56.7
2026/09/02 1:45:54,50532002,OK:01,TEMP,S56.7
2026/09/02 1:46:00,50538084,01,TEMP,S56.8
2026/09/02 1:46:00,50538088,OK:01,TEMP,S56.8
2026/09/02 1:46:04,50542141,01,MON?
2026/09/02 1:46:04,50542141,57.7,,CONSTANT,0
2026/09/02 1:46:06,50544169,01,TEMP,S56.9
2026/09/02 1:46:06,50544170,OK:01,TEMP,S56.9
2026/09/02 1:46:12,50550253,01,TEMP,S57.0
2026/09/02 1:46:12,50550260,OK:01,TEMP,S57.0
2026/09/02 1:46:14,50552281,01,MON?
2026/09/02 1:46:14,50552283,56.8,,CONSTANT,0
2026/09/02 1:46:18,50556336,01,TEMP,S57.1
2026/09/02 1:46:18,50556343,OK:01,TEMP,S57.1
2026/09/02 1:46:24,50562421,01,MON?
2026/09/02 1:46:24,50562429,56.6,,CONSTANT,0
2026/09/02 1:46:24,50562430,01,TEMP,S57.2
2026/09/02 1:46:24,50562432,OK:01,TEMP,S57.2
2026/09/02 1:46:30,50568505,01,TEMP,S57.3
2026/09/02 1:46:30,50568507,OK:01,TEMP,S57.3
2026/09/02 1:46:34,50572560,01,MON?
2026/09/02 1:46:34,50572562,56.6,,CONSTANT,0
2026/09/02 1:46:36,50574588,01,TEMP,S57.4
2026/09/02 1:46:36,50574590,OK:01,TEMP,S57.4
2026/09/02 1:46:41,50579659,01,TEMP,S57.5
2026/09/02 1:46:41,50579666,OK:01,TEMP,S57.5
2026/09/02 1:46:44,50582701,01,MON?
2026/09/02 1:46:44,50582703,57.6,,CONSTANT,0
2026/09/02 1:46:47,50585743,01,TEMP,S57.6
2026/09/02 1:46:47,50585744,OK:01,TEMP,S57.6
2026/09/02 1:46:53,50591826,01,TEMP,S57.7
2026/09/02 1:46:53,50591828,OK:01,TEMP,S57.7
2026/09/02 1:46:54,50592841,01,MON?
2026/09/02 1:46:54,50592843,57.7,,CONSTANT,0
2026/09/02 1:46:59,50597911,01,TEMP,S57.8
2026/09/02 1:46:59,50597913,OK:01,TEMP,S57.8
2026/09/02 1:47:04,50602981,01,MON?
2026/09/02 1:47:04,50602982,58.5,,CONSTANT,0
2026/09/02 1:47:06,50603995,01,TEMP,S57.9
2026/09/02 1:47:06,50603997,OK:01,TEMP,S57.9
2026/09/02 1:47:12,50610079,01,TEMP,S58.0
2026/09/02 1:47:12,50610086,OK:01,TEMP,S58.0
2026/09/02 1:47:15,50613121,01,MON?
2026/09/02 1:47:15,50613125,58.0,,CONSTANT,0
2026/09/02 1:47:18,50616163,01,TEMP,S58.1
2026/09/02 1:47:18,50616165,OK:01,TEMP,S58.1
2026/09/02 1:47:24,50622247,01,TEMP,S58.2
2026/09/02 1:47:24,50622254,OK:01,TEMP,S58.2
2026/09/02 1:47:25,50623261,01,MON?
2026/09/02 1:47:25,50623263,58.4,,CONSTANT,0
2026/09/02 1:47:30,50628332,01,TEMP,S58.3
2026/09/02 1:47:30,50628334,OK:01,TEMP,S58.3
2026/09/02 1:47:35,50633401,01,MON?
2026/09/02 1:47:35,50633408,57.8,,CONSTANT,0
2026/09/02 1:47:36,50634415,01,TEMP,S58.4
2026/09/02 1:47:36,50634417,OK:01,TEMP,S58.4
2026/09/02 1:47:42,50640499,01,TEMP,S58.5
2026/09/02 1:47:42,50640505,OK:01,TEMP,S58.5
2026/09/02 1:47:45,50643542,01,MON?
2026/09/02 1:47:45,50643544,59.0,,CONSTANT,0
2026/09/02 1:47:48,50646585,01,TEMP,S58.6
2026/09/02 1:47:48,50646587,OK:01,TEMP,S58.6
2026/09/02 1:47:53,50651653,01,TEMP,S58.7
2026/09/02 1:47:53,50651654,OK:01,TEMP,S58.7
2026/09/02 1:47:55,50653681,01,MON?
2026/09/02 1:47:55,50653682,58.0,,CONSTANT,0
2026/09/02 1:47:59,50657737,01,TEMP,S58.8
2026/09/02 1:47:59,50657738,OK:01,TEMP,S58.8
2026/09/02 1:48:05,50663822,01,MON?
2026/09/02 1:48:05,50663822,58.4,,CONSTANT,0
2026/09/02 1:48:05,50663823,01,TEMP,S58.9
2026/09/02 1:48:05,50663823,OK:01,TEMP,S58.9
2026/09/02 1:48:11,50669905,01,TEMP,S59.0
2026/09/02 1:48:11,50669906,OK:01,TEMP,S59.0
2026/09/02 1:48:15,50673962,01,MON?
2026/09/02 1:48:15,50673964,58.2,,CONSTANT,0
2026/09/02 1:48:18,50675990,01,TEMP,S59.1
2026/09/02 1:48:18,50675991,OK:01,TEMP,S59.1
2026/09/02 1:48:24,50682074,01,TEMP,S59.2
2026/09/02 1:48:24,50682081,OK:01,TEMP,S59.2
2026/09/02 1:48:26,50684103,01,MON?
2026/09/02 1:48:26,50684104,59.6,,CONSTANT,0
2026/09/02 1:48:30,50688157,01,TEMP,S59.3
2026/09/02 1:48:30,50688164,OK:01,TEMP,S59.3
2026/09/02 1:48:36,50694241,01,MON?
2026/09/02 1:48:36,50694248,60.1,,CONSTANT,0
2026/09/02 1:48:36,50694250,01,TEMP,S59.4
2026/09/02 1:48:36,50694251,OK:01,TEMP,S59.4
2026/09/02 1:48:42,50700326,01,TEMP,S59.5
2026/09/02 1:48:42,50700333,OK:01,TEMP,S59.5
2026/09/02 1:48:46,50704383,01,MON?
2026/09/02 1:48:46,50704389,60.5,,CONSTANT,0
2026/09/02 1:48:48,50706410,01,TEMP,S59.6
2026/09/02 1:48:48,50706417,OK:01,TEMP,S59.6
2026/09/02 1:48:54,50712493,01,TEMP,S59.7
2026/09/02 1:48:54,50712500,OK:01,TEMP,S59.7
2026/09/02 1:48:56,50714522,01,MON?
2026/09/02 1:48:56,50714524,59.1,,CONSTANT,0
2026/09/02 1:49:00,50718578,01,TEMP,S59.8
2026/09/02 1:49:00,50718585,OK:01,TEMP,S59.8
2026/09/02 1:49:06,50724662,01,MON?
2026/09/02 1:49:06,50724663,59.1,,CONSTANT,0
2026/09/02 1:49:06,50724664,01,TEMP,S59.9
2026/09/02 1:49:06,50724665,OK:01,TEMP,S59.9
2026/09/02 1:49:11,50729731,01,TEMP,S60.0
2026/09/02 1:49:11,50729732,OK:01,TEMP,S60.0
2026/09/02 1:49:16,50734802,01,MON?
2026/09/02 1:49:16,50734804,61.0,,CONSTANT,0
2026/09/02 1:49:17,50735816,01,TEMP,S60.1
2026/09/02 1:49:17,50735818,OK:01,TEMP,S60.1
2026/09/02 1:49:23,50741900,01,TEMP,S60.2
2026/09/02 1:49:23,50741900,OK:01,TEMP,S60.2
2026/09/02 1:49:26,50744942,01,MON?
2026/09/02 1:49:26,50744944,60.4,,CONSTANT,0
2026/09/02 1:49:29,50747983,01,TEMP,S60.3
2026/09/02 1:49:30,50747985,OK:01,TEMP,S60.3
2026/09/02 1:49:36,50754068,01,TEMP,S60.4
2026/09/02 1:49:36,50754076,OK:01,TEMP,S60.4
2026/09/02 1:49:37,50755082,01,MON?
2026/09/02 1:49:37,50755084,60.4,,CONSTANT,0
2026/09/02 1:49:42,50760152,01,TEMP,S60.5
2026/09/02 1:49:42,50760159,OK:01,TEMP,S60.5
2026/09/02 1:49:47,50765222,01,MON?
2026/09/02 1:49:47,50765229,59.6,,CONSTANT,0
2026/09/02 1:49:48,50766235,01,TEMP,S60.6
2026/09/02 1:49:48,50766237,OK:01,TEMP,S60.6
2026/09/02 1:49:54,50772320,01,TEMP,S60.7
2026/09/02 1:49:54,50772326,OK:01,TEMP,S60.7
2026/09/02 1:49:57,50775363,01,MON?
2026/09/02 1:49:57,50775370,61.0,,CONSTANT,0
2026/09/02 1:50:00,50778405,01,TEMP,S60.8
2026/09/02 1:50:00,50778407,OK:01,TEMP,S60.8
2026/09/02 1:50:06,50784489,01,TEMP,S60.9
2026/09/02 1:50:06,50784496,OK:01,TEMP,S60.9
2026/09/02 1:50:07,50785503,01,MON?
2026/09/02 1:50:07,50785504,61.0,,CONSTANT,0
2026/09/02 1:50:12,50790572,01,TEMP,S61.0
2026/09/02 1:50:12,50790574,OK:01,TEMP,S61.0
2026/09/02 1:50:17,50795642,01,MON?
2026/09/02 1:50:17,50795642,60.7,,CONSTANT,0
2026/09/02 1:50:18,50796656,01,TEMP,S61.1
2026/09/02 1:50:18,50796656,OK:01,TEMP,S61.1
2026/09/02 1:50:23,50801726,01,TEMP,S61.2
2026/09/02 1:50:23,50801733,OK:01,TEMP,S61.2
2026/09/02 1:50:27,50805783,01,MON?
2026/09/02 1:50:27,50805785,61.0,,CONSTANT,0
2026/09/02 1:50:29,50807811,01,TEMP,S61.3
2026/09/02 1:50:29,50807813,OK:01,TEMP,S61.3
2026/09/02 1:50:35,50813894,01,TEMP,S61.4
2026/09/02 1:50:35,50813895,OK:01,TEMP,S61.4
2026/09/02 1:50:37,50815923,01,MON?
2026/09/02 1:50:37,50815925,62.0,,CONSTANT,0
2026/09/02 1:50:41,50819979,01,TEMP,S61.5
2026/09/02 1:50:41,50819981,OK:01,TEMP,S61.5
2026/09/02 1:50:48,50826062,01,MON?
2026/09/02 1:50:48,50826064,61.2,,CONSTANT,0
2026/09/02 1:50:48,50826065,01,TEMP,S61.6
2026/09/02 1:50:48,50826066,OK:01,TEMP,S61.6
2026/09/02 1:50:54,50832147,01,TEMP,S61.7
2026/09/02 1:50:54,50832154,OK:01,TEMP,S61.7
2026/09/02 1:50:58,50836202,01,MON?
2026/09/02 1:50:58,50836209,60.9,,CONSTANT,0
2026/09/02 1:51:00,50838232,01,TEMP,S61.8
2026/09/02 1:51:00,50838239,OK:01,TEMP,S61.8
2026/09/02 1:51:06,50844316,01,TEMP,S61.9
2026/09/02 1:51:06,50844323,OK:01,TEMP,S61.9
2026/09/02 1:51:08,50846343,01,MON?
2026/09/02 1:51:08,50846345,61.3,,CONSTANT,0
2026/09/02 1:51:12,50850398,01,TEMP,S62.0
2026/09/02 1:51:12,50850405,OK:01,TEMP,S62.0
2026/09/02 1:51:18,50856483,01,MON?
2026/09/02 1:51:18,50856491,62.4,,CONSTANT,0
2026/09/02 1:51:18,50856493,01,TEMP,S62.1
2026/09/02 1:51:18,50856494,OK:01,TEMP,S62.1
2026/09/02 1:51:24,50862567,01,TEMP,S62.2
2026/09/02 1:51:24,50862568,OK:01,TEMP,S62.2
2026/09/02 1:51:28,50866622,01,MON?
2026/09/02 1:51:28,50866624,63.2,,CONSTANT,0
2026/09/02 1:51:30,50868650,01,TEMP,S62.3
2026/09/02 1:51:30,50868656,OK:01,TEMP,S62.3
2026/09/02 1:51:36,50874735,01,TEMP,S62.4
2026/09/02 1:51:36,50874742,OK:01,TEMP,S62.4
2026/09/02 1:51:38,50876763,01,MON?
2026/09/02 1:51:38,50876764,62.4,,CONSTANT,0
2026/09/02 1:51:41,50879805,01,TEMP,S62.5
2026/09/02 1:51:41,50879812,OK:01,TEMP,S62.5
2026/09/02 1:51:47,50885888,01,TEMP,S62.6
2026/09/02 1:51:47,50885890,OK:01,TEMP,S62.6
2026/09/02 1:51:48,50886902,01,MON?
2026/09/02 1:51:48,50886904,63.4,,CONSTANT,0
2026/09/02 1:51:53,50891973,01,TEMP,S62.7
2026/09/02 1:51:53,50891980,OK:01,TEMP,S62.7
2026/09/02 1:51:59,50897043,01,MON?
2026/09/02 1:51:59,50897045,63.1,,CONSTANT,0
2026/09/02 1:52:00,50898057,01,TEMP,S62.8
2026/09/02 1:52:00,50898057,OK:01,TEMP,S62.8
2026/09/02 1:52:06,50904140,01,TEMP,S62.9
2026/09/02 1:52:06,50904147,OK:01,TEMP,S62.9
2026/09/02 1:52:09,50907183,01,MON?
2026/09/02 1:52:09,50907190,62.0,,CONSTANT,0
2026/09/02 1:52:12,50910225,01,TEMP,S63.0
2026/09/02 1:52:12,50910227,OK:01,TEMP,S63.0
2026/09/02 1:52:18,50916309,01,TEMP,S63.1
2026/09/02 1:52:18,50916316,OK:01,TEMP,S63.1
2026/09/02 1:52:19,50917323,01,MON?
2026/09/02 1:52:19,50917330,62.3,,CONSTANT,0
2026/09/02 1:52:24,50922393,01,TEMP,S63.2
2026/09/02 1:52:24,50922401,OK:01,TEMP,S63.2
2026/09/02 1:52:29,50927463,01,MON?
2026/09/02 1:52:29,50927464,64.2,,CONSTANT,0
2026/09/02 1:52:30,50928477,01,TEMP,S63.3
2026/09/02 1:52:30,50928478,OK:01,TEMP,S63.3
2026/09/02 1:52:36,50934561,01,TEMP,S63.4
2026/09/02 1:52:36,50934569,OK:01,TEMP,S63.4
2026/09/02 1:52:39,50937604,01,MON?
2026/09/02 1:52:39,50937606,63.3,,CONSTANT,0
2026/09/02 1:52:42,50940645,01,TEMP,S63.5
2026/09/02 1:52:42,50940647,OK:01,TEMP,S63.5
2026/09/02 1:52:48,50946730,01,TEMP,S63.6
2026/09/02 1:52:48,50946732,OK:01,TEMP,S63.6
2026/09/02 1:52:49,50947744,01,MON?
2026/09/02 1:52:49,50947745,63.3,,CONSTANT,0
2026/09/02 1:52:53,50951799,01,TEMP,S63.7
2026/09/02 1:52:53,50951801,OK:01,TEMP,S63.7
2026/09/02 1:52:59,50957883,01,MON?
2026/09/02 1:52:59,50957885,64.6,,CONSTANT,0
2026/09/02 1:52:59,50957886,01,TEMP,S63.8
2026/09/02 1:52:59,50957888,OK:01,TEMP,S63.8
2026/09/02 1:53:05,50963967,01,TEMP,S63.9
2026/09/02 1:53:05,50963969,OK:01,TEMP,S63.9
2026/09/02 1:53:10,50968024,01,MON?
2026/09/02 1:53:10,50968026,64.5,,CONSTANT,0
2026/09/02 1:53:12,50970051,01,TEMP,S64.0
2026/09/02 1:53:12,50970055,OK:01,TEMP,S64.0
2026/09/02 1:53:18,50976135,01,TEMP,S64.1
2026/09/02 1:53:18,50976142,OK:01,TEMP,S64.1
2026/09/02 1:53:20,50978165,01,MON?
2026/09/02 1:53:20,50978167,64.3,,CONSTANT,0
2026/09/02 1:53:24,50982221,01,TEMP,S64.2
2026/09/02 1:53:24,50982228,OK:01,TEMP,S64.2
2026/09/02 1:53:30,50988303,01,MON?
2026/09/02 1:53:30,50988311,64.2,,CONSTANT,0
2026/09/02 1:53:30,50988312,01,TEMP,S64.3
2026/09/02 1:53:30,50988314,OK:01,TEMP,S64.3
2026/09/02 1:53:36,50994388,01,TEMP,S64.4
2026/09/02 1:53:36,50994396,OK:01,TEMP,S64.4
2026/09/02 1:53:40,50998445,01,MON?
2026/09/02 1:53:40,50998452,64.0,,CONSTANT,0
2026/09/02 1:53:42,51000473,01,TEMP,S64.5
2026/09/02 1:53:42,51000480,OK:01,TEMP,S64.5
2026/09/02 1:53:48,51006555,01,TEMP,S64.6
2026/09/02 1:53:48,51006562,OK:01,TEMP,S64.6
2026/09/02 1:53:50,51008583,01,MON?
2026/09/02 1:53:50,51008585,65.5,,CONSTANT,0
2026/09/02 1:53:54,51012641,01,TEMP,S64.7
2026/09/02 1:53:54,51012648,OK:01,TEMP,S64.7
2026/09/02 1:54:00,51018725,01,MON?
2026/09/02 1:54:00,51018727,65.7,,CONSTANT,0
2026/09/02 1:54:00,51018728,01,TEMP,S64.8
2026/09/02 1:54:00,51018729,OK:01,TEMP,S64.8
2026/09/02 1:54:06,51024807,01,TEMP,S64.9
2026/09/02 1:54:06,51024808,OK:01,TEMP,S64.9
2026/09/02 1:54:10,51028863,01,MON?
2026/09/02 1:54:10,51028865,64.4,,CONSTANT,0
2026/09/02 1:54:11,51029878,01,TEMP,S65.0
2026/09/02 1:54:11,51029880,OK:01,TEMP,S65.0
2026/09/02 1:54:17,51035962,01,TEMP,S65.1
2026/09/02 1:54:17,51035964,OK:01,TEMP,S65.1
2026/09/02 1:54:21,51039004,01,MON?
2026/09/02 1:54:21,51039005,64.2,,CONSTANT,0
2026/09/02 1:54:24,51042045,01,TEMP,S65.2
2026/09/02 1:54:24,51042051,OK:01,TEMP,S65.2
2026/09/02 1:54:30,51048130,01,TEMP,S65.3
2026/09/02 1:54:30,51048132,OK:01,TEMP,S65.3
2026/09/02 1:54:31,51049144,01,MON?
2026/09/02 1:54:31,51049146,65.9,,CONSTANT,0
2026/09/02 1:54:36,51054214,01,TEMP,S65.4
2026/09/02 1:54:36,51054221,OK:01,TEMP,S65.4
2026/09/02 1:54:41,51059284,01,MON?
2026/09/02 1:54:41,51059289,65.3,,CONSTANT,0
2026/09/02 1:54:42,51060298,01,TEMP,S65.5
2026/09/02 1:54:42,51060299,OK:01,TEMP,S65.5
2026/09/02 1:54:48,51066382,01,TEMP,S65.6
2026/09/02 1:54:48,51066389,OK:01,TEMP,S65.6
2026/09/02 1:54:51,51069424,01,MON?
2026/09/02 1:54:51,51069425,66.2,,CONSTANT,0
2026/09/02 1:54:54,51072466,01,TEMP,S65.7
2026/09/02 1:54:54,51072473,OK:01,TEMP,S65.7
2026/09/02 1:55:00,51078550,01,TEMP,S65.8
2026/09/02 1:55:00,51078556,OK:01,TEMP,S65.8
2026/09/02 1:55:01,51079564,01,MON?
2026/09/02 1:55:01,51079566,65.1,,CONSTANT,0
2026/09/02 1:55:06,51084634,01,TEMP,S65.9
2026/09/02 1:55:06,51084636,OK:01,TEMP,S65.9
2026/09/02 1:55:11,51089704,01,MON?
2026/09/02 1:55:11,51089706,65.6,,CONSTANT,0
2026/09/02 1:55:12,51090719,01,TEMP,S66.0
2026/09/02 1:55:12,51090721,OK:01,TEMP,S66.0
2026/09/02 1:55:18,51096803,01,TEMP,S66.1
2026/09/02 1:55:18,51096805,OK:01,TEMP,S66.1
2026/09/02 1:55:21,51099845,01,MON?
2026/09/02 1:55:21,51099846,67.0,,CONSTANT,0
2026/09/02 1:55:23,51101872,01,TEMP,S66.2
2026/09/02 1:55:23,51101874,OK:01,TEMP,S66.2
2026/09/02 1:55:29,51107957,01,TEMP,S66.3
2026/09/02 1:55:29,51107959,OK:01,TEMP,S66.3
2026/09/02 1:55:32,51109984,01,MON?
2026/09/02 1:55:32,51109986,65.7,,CONSTANT,0
2026/09/02 1:55:36,51114041,01,TEMP,S66.4
2026/09/02 1:55:36,51114043,OK:01,TEMP,S66.4
2026/09/02 1:55:42,51120125,01,MON?
2026/09/02 1:55:42,51120132,66.8,,CONSTANT,0
2026/09/02 1:55:42,51120133,01,TEMP,S66.5
2026/09/02 1:55:42,51120134,OK:01,TEMP,S66.5
2026/09/02 1:55:48,51126209,01,TEMP,S66.6
2026/09/02 1:55:48,51126212,OK:01,TEMP,S66.6
2026/09/02 1:55:52,51130264,01,MON?
2026/09/02 1:55:52,51130271,65.8,,CONSTANT,0
2026/09/02 1:55:54,51132292,01,TEMP,S66.7
2026/09/02 1:55:54,51132298,OK:01,TEMP,S66.7
2026/09/02 1:56:00,51138378,01,TEMP,S66.8
2026/09/02 1:56:00,51138383,OK:01,TEMP,S66.8
2026/09/02 1:56:02,51140404,01,MON?
2026/09/02 1:56:02,51140405,67.1,,CONSTANT,0
2026/09/02 1:56:06,51144460,01,TEMP,S66.9
2026/09/02 1:56:06,51144466,OK:01,TEMP,S66.9
2026/09/02 1:56:12,51150544,01,MON?
2026/09/02 1:56:12,51150546,66.0,,CONSTANT,0
2026/09/02 1:56:12,51150547,01,TEMP,S67.0
2026/09/02 1:56:12,51150548,OK:01,TEMP,S67.0
2026/09/02 1:56:18,51156630,01,TEMP,S67.1
2026/09/02 1:56:18,51156631,OK:01,TEMP,S67.1
2026/09/02 1:56:22,51160684,01,MON?
2026/09/02 1:56:22,51160686,67.6,,CONSTANT,0
2026/09/02 1:56:24,51162712,01,TEMP,S67.2
2026/09/02 1:56:24,51162714,OK:01,TEMP,S67.2
2026/09/02 1:56:30,51168797,01,TEMP,S67.3
2026/09/02 1:56:30,51168803,OK:01,TEMP,S67.3
2026/09/02 1:56:32,51170826,01,MON?
2026/09/02 1:56:32,51170827,66.6,,CONSTANT,0
2026/09/02 1:56:36,51174881,01,TEMP,S67.4
2026/09/02 1:56:36,51174887,OK:01,TEMP,S67.4
2026/09/02 1:56:41,51179950,01,TEMP,S67.5
2026/09/02 1:56:41,51179952,OK:01,TEMP,S67.5
2026/09/02 1:56:42,51180964,01,MON?
2026/09/02 1:56:42,51180966,67.9,,CONSTANT,0
2026/09/02 1:56:48,51186034,01,TEMP,S67.6
2026/09/02 1:56:48,51186036,OK:01,TEMP,S67.6
2026/09/02 1:56:53,51191105,01,MON?
2026/09/02 1:56:53,51191112,67.4,,CONSTANT,0
2026/09/02 1:56:54,51192119,01,TEMP,S67.7
2026/09/02 1:56:54,51192121,OK:01,TEMP,S67.7
2026/09/02 1:57:00,51198203,01,TEMP,S67.8
2026/09/02 1:57:00,51198205,OK:01,TEMP,S67.8
2026/09/02 1:57:03,51201244,01,MON?
2026/09/02 1:57:03,51201245,67.6,,CONSTANT,0
2026/09/02 1:57:06,51204287,01,TEMP,S67.9
2026/09/02 1:57:06,51204293,OK:01,TEMP,S67.9
2026/09/02 1:57:12,51210371,01,TEMP,S68.0
2026/09/02 1:57:12,51210378,OK:01,TEMP,S68.0
2026/09/02 1:57:13,51211385,01,MON?
2026/09/02 1:57:13,51211387,68.3,,CONSTANT,0
2026/09/02 1:57:18,51216455,01,TEMP,S68.1
2026/09/02 1:57:18,51216462,OK:01,TEMP,S68.1
2026/09/02 1:57:23,51221525,01,MON?
2026/09/02 1:57:23,51221532,67.9,,CONSTANT,0
2026/09/02 1:57:24,51222539,01,TEMP,S68.2
2026/09/02 1:57:24,51222541,OK:01,TEMP,S68.2
2026/09/02 1:57:30,51228623,01,TEMP,S68.3
2026/09/02 1:57:30,51228629,OK:01,TEMP,S68.3
2026/09/02 1:57:33,51231665,01,MON?
2026/09/02 1:57:33,51231666,67.7,,CONSTANT,0
2026/09/02 1:57:36,51234707,01,TEMP,S68.4
2026/09/02 1:57:36,51234709,OK:01,TEMP,S68.4
2026/09/02 1:57:42,51240791,01,TEMP,S68.5
2026/09/02 1:57:42,51240793,OK:01,TEMP,S68.5
2026/09/02 1:57:43,51241805,01,MON?
2026/09/02 1:57:43,51241806,69.2,,CONSTANT,0
2026/09/02 1:57:48,51246876,01,TEMP,S68.6
2026/09/02 1:57:48,51246878,OK:01,TEMP,S68.6
2026/09/02 1:57:53,51251946,01,MON?
2026/09/02 1:57:53,51251948,68.3,,CONSTANT,0
2026/09/02 1:57:53,51251949,01,TEMP,S68.7
2026/09/02 1:57:53,51251951,OK:01,TEMP,S68.7
2026/09/02 1:58:00,51258031,01,TEMP,S68.8
2026/09/02 1:58:00,51258038,OK:01,TEMP,S68.8
2026/09/02 1:58:04,51262086,01,MON?
2026/09/02 1:58:04,51262092,68.9,,CONSTANT,0
2026/09/02 1:58:06,51264113,01,TEMP,S68.9
2026/09/02 1:58:06,51264120,OK:01,TEMP,S68.9
2026/09/02 1:58:12,51270198,01,TEMP,S69.0
2026/09/02 1:58:12,51270202,OK:01,TEMP,S69.0
2026/09/02 1:58:14,51272225,01,MON?
2026/09/02 1:58:14,51272227,68.9,,CONSTANT,0
2026/09/02 1:58:18,51276282,01,TEMP,S69.1
2026/09/02 1:58:18,51276292,OK:01,TEMP,S69.1
2026/09/02 1:58:24,51282365,01,MON?
2026/09/02 1:58:24,51282367,68.2,,CONSTANT,0
2026/09/02 1:58:24,51282368,01,TEMP,S69.2
2026/09/02 1:58:24,51282368,OK:01,TEMP,S69.2
2026/09/02 1:58:30,51288449,01,TEMP,S69.3
2026/09/02 1:58:30,51288455,OK:01,TEMP,S69.3
2026/09/02 1:58:34,51292506,01,MON?
2026/09/02 1:58:34,51292513,68.4,,CONSTANT,0
2026/09/02 1:58:36,51294534,01,TEMP,S69.4
2026/09/02 1:58:36,51294536,OK:01,TEMP,S69.4
2026/09/02 1:58:42,51300618,01,TEMP,S69.5
2026/09/02 1:58:42,51300625,OK:01,TEMP,S69.5
2026/09/02 1:58:44,51302645,01,MON?
2026/09/02 1:58:44,51302647,69.3,,CONSTANT,0
2026/09/02 1:58:48,51306706,01,TEMP,S69.6
2026/09/02 1:58:48,51306713,OK:01,TEMP,S69.6
2026/09/02 1:58:54,51312786,01,MON?
2026/09/02 1:58:54,51312788,69.9,,CONSTANT,0
2026/09/02 1:58:54,51312789,01,TEMP,S69.7
2026/09/02 1:58:54,51312790,OK:01,TEMP,S69.7
2026/09/02 1:59:00,51318870,01,TEMP,S69.8
2026/09/02 1:59:00,51318870,OK:01,TEMP,S69.8
2026/09/02 1:59:04,51322926,01,MON?
2026/09/02 1:59:04,51322926,70.4,,CONSTANT,0
2026/09/02 1:59:05,51323940,01,TEMP,S69.9
2026/09/02 1:59:05,51323942,OK:01,TEMP,S69.9
2026/09/02 1:59:12,51330024,01,TEMP,S70.0
2026/09/02 1:59:12,51330026,OK:01,TEMP,S70.0
2026/09/02 1:59:15,51333066,01,MON?
2026/09/02 1:59:15,51333067,70.3,,CONSTANT,0
2026/09/02 1:59:18,51336108,01,TEMP,S70.1
2026/09/02 1:59:18,51336113,OK:01,TEMP,S70.1
2026/09/02 1:59:24,51342191,01,TEMP,S70.2
2026/09/02 1:59:24,51342197,OK:01,TEMP,S70.2
2026/09/02 1:59:25,51343205,01,MON?
2026/09/02 1:59:25,51343207,69.2,,CONSTANT,0
2026/09/02 1:59:30,51348276,01,TEMP,S70.3
2026/09/02 1:59:30,51348283,OK:01,TEMP,S70.3
2026/09/02 1:59:35,51353346,01,MON?
2026/09/02 1:59:35,51353353,71.2,,CONSTANT,0
2026/09/02 1:59:36,51354360,01,TEMP,S70.4
2026/09/02 1:59:36,51354361,OK:01,TEMP,S70.4
2026/09/02 1:59:42,51360443,01,TEMP,S70.5
2026/09/02 1:59:42,51360449,OK:01,TEMP,S70.5
2026/09/02 1:59:45,51363486,01,MON?
2026/09/02 1:59:45,51363492,71.3,,CONSTANT,0
2026/09/02 1:59:48,51366528,01,TEMP,S70.6
2026/09/02 1:59:48,51366530,OK:01,TEMP,S70.6
2026/09/02 1:59:54,51372612,01,TEMP,S70.7
2026/09/02 1:59:54,51372619,OK:01,TEMP,S70.7
2026/09/02 1:59:55,51373626,01,MON?
2026/09/02 1:59:55,51373628,70.0,,CONSTANT,0
