2026/09/01 20:00:04,29782199,01,MON?
2026/09/01 20:00:04,29782237,62.4,,CONSTANT,0
2026/09/01 20:00:05,29783213,01,TEMP,S62.1
2026/09/01 20:00:05,29783214,OK:01,TEMP,S62.1
2026/09/01 20:00:11,29789298,01,TEMP,S62.0
2026/09/01 20:00:11,29789298,OK:01,TEMP,S62.0
2026/09/01 20:00:14,29792339,01,MON?
2026/09/01 20:00:14,29792340,62.0,,CONSTANT,0
2026/09/01 20:00:17,29795381,01,TEMP,S61.9
2026/09/01 20:00:17,29795381,OK:01,TEMP,S61.9
2026/09/01 20:00:23,29801464,01,TEMP,S61.8
2026/09/01 20:00:23,29801466,OK:01,TEMP,S61.8
2026/09/01 20:00:24,29802478,01,MON?
2026/09/01 20:00:24,29802479,61.9,,CONSTANT,0
2026/09/01 20:00:29,29807550,01,TEMP,S61.7
2026/09/01 20:00:29,29807552,OK:01,TEMP,S61.7
2026/09/01 20:00:34,29812619,01,MON?
2026/09/01 20:00:34,29812619,60.7,,CONSTANT,0
2026/09/01 20:00:35,29813632,01,TEMP,S61.6
2026/09/01 20:00:35,29813632,OK:01,TEMP,S61.6
2026/09/01 20:00:41,29819717,01,TEMP,S61.5
2026/09/01 20:00:41,29819718,OK:01,TEMP,S61.5
2026/09/01 20:00:44,29822760,01,MON?
2026/09/01 20:00:44,29822761,61.6,,CONSTANT,0
2026/09/01 20:00:47,29825801,01,TEMP,S61.4
2026/09/01 20:00:47,29825804,OK:01,TEMP,S61.4
2026/09/01 20:00:53,29831884,01,TEMP,S61.3
2026/09/01 20:00:53,29831884,OK:01,TEMP,S61.3
2026/09/01 20:00:54,29832899,01,MON?
2026/09/01 20:00:54,29832899,60.6,,CONSTANT,0
2026/09/01 20:00:59,29837968,01,TEMP,S61.2
2026/09/01 20:00:59,29837972,OK:01,TEMP,S61.2
2026/09/01 20:01:05,29843039,01,MON?
2026/09/01 20:01:05,29843040,60.7,,CONSTANT,0
2026/09/01 20:01:05,29843040,01,TEMP,S61.1
2026/09/01 20:01:05,29843041,OK:01,TEMP,S61.1
2026/09/01 20:01:11,29849123,01,TEMP,S61.0
2026/09/01 20:01:11,29849124,OK:01,TEMP,S61.0
2026/09/01 20:01:15,29853178,01,MON?
2026/09/01 20:01:15,29853181,60.1,,CONSTANT,0
2026/09/01 20:01:17,29855206,01,TEMP,S60.9
2026/09/01 20:01:17,29855207,OK:01,TEMP,S60.9
2026/09/01 20:01:23,29861291,01,TEMP,S60.8
2026/09/01 20:01:23,29861291,OK:01,TEMP,S60.8
2026/09/01 20:01:25,29863319,01,MON?
2026/09/01 20:01:25,29863319,61.0,,CONSTANT,0
2026/09/01 20:01:29,29867375,01,TEMP,S60.7
2026/09/01 20:01:29,29867378,OK:01,TEMP,S60.7
2026/09/01 20:01:35,29873458,01,MON?
2026/09/01 20:01:35,29873458,60.1,,CONSTANT,0
2026/09/01 20:01:35,29873459,01,TEMP,S60.6
2026/09/01 20:01:35,29873459,OK:01,TEMP,S60.6
2026/09/01 20:01:41,29879543,01,TEMP,S60.5
2026/09/01 20:01:41,29879544,OK:01,TEMP,S60.5
2026/09/01 20:01:45,29883599,01,MON?
2026/09/01 20:01:45,29883600,61.1,,CONSTANT,0
2026/09/01 20:01:47,29885627,01,TEMP,S60.4
2026/09/01 20:01:47,29885628,OK:01,TEMP,S60.4
2026/09/01 20:01:53,29891711,01,TEMP,S60.3
2026/09/01 20:01:53,29891711,OK:01,TEMP,S60.3
2026/09/01 20:01:55,29893739,01,MON?
2026/09/01 20:01:55,29893740,59.5,,CONSTANT,0
2026/09/01 20:01:59,29897796,01,TEMP,S60.2
2026/09/01 20:01:59,29897796,OK:01,TEMP,S60.2
2026/09/01 20:02:05,29903879,01,MON?
2026/09/01 20:02:05,29903879,60.9,,CONSTANT,0
2026/09/01 20:02:05,29903880,01,TEMP,S60.1
2026/09/01 20:02:05,29903881,OK:01,TEMP,S60.1
2026/09/01 20:02:11,29909965,01,TEMP,S60.0
2026/09/01 20:02:11,29909966,OK:01,TEMP,S60.0
2026/09/01 20:02:16,29914019,01,MON?
2026/09/01 20:02:16,29914020,59.7,,CONSTANT,0
2026/09/01 20:02:17,29915034,01,TEMP,S59.9
2026/09/01 20:02:17,29915035,OK:01,TEMP,S59.9
2026/09/01 20:02:23,29921118,01,TEMP,S59.8
2026/09/01 20:02:23,29921118,OK:01,TEMP,S59.8
2026/09/01 20:02:26,29924160,01,MON?
2026/09/01 20:02:26,29924161,59.4,,CONSTANT,0
2026/09/01 20:02:29,29927203,01,TEMP,S59.7
2026/09/01 20:02:29,29927206,OK:01,TEMP,S59.7
2026/09/01 20:02:35,29933285,01,TEMP,S59.6
2026/09/01 20:02:35,29933286,OK:01,TEMP,S59.6
2026/09/01 20:02:36,29934300,01,MON?
2026/09/01 20:02:36,29934301,60.0,,CONSTANT,0
2026/09/01 20:02:41,29939369,01,TEMP,S59.5
2026/09/01 20:02:41,29939373,OK:01,TEMP,S59.5
2026/09/01 20:02:46,29944440,01,MON?
2026/09/01 20:02:46,29944442,58.6,,CONSTANT,0
2026/09/01 20:02:47,29945454,01,TEMP,S59.4
2026/09/01 20:02:47,29945454,OK:01,TEMP,S59.4
2026/09/01 20:02:53,29951538,01,TEMP,S59.3
2026/09/01 20:02:53,29951539,OK:01,TEMP,S59.3
2026/09/01 20:02:56,29954580,01,MON?
2026/09/01 20:02:56,29954580,59.4,,CONSTANT,0
2026/09/01 20:02:59,29957622,01,TEMP,S59.2
2026/09/01 20:02:59,29957624,OK:01,TEMP,S59.2
2026/09/01 20:03:05,29963707,01,TEMP,S59.1
2026/09/01 20:03:05,29963707,OK:01,TEMP,S59.1
2026/09/01 20:03:06,29964721,01,MON?
2026/09/01 20:03:06,29964722,58.9,,CONSTANT,0
2026/09/01 20:03:11,29969789,01,TEMP,S59.0
2026/09/01 20:03:11,29969792,OK:01,TEMP,S59.0
2026/09/01 20:03:16,29974859,01,MON?
2026/09/01 20:03:16,29974860,59.1,,CONSTANT,0
2026/09/01 20:03:17,29975874,01,TEMP,S58.9
2026/09/01 20:03:17,29975875,OK:01,TEMP,S58.9
2026/09/01 20:03:23,29981958,01,TEMP,S58.8
2026/09/01 20:03:23,29981959,OK:01,TEMP,S58.8
2026/09/01 20:03:27,29985001,01,MON?
2026/09/01 20:03:27,29985001,58.4,,CONSTANT,0
2026/09/01 20:03:30,29988042,01,TEMP,S58.7
2026/09/01 20:03:30,29988052,OK:01,TEMP,S58.7
2026/09/01 20:03:35,29993111,01,TEMP,S58.6
2026/09/01 20:03:35,29993115,OK:01,TEMP,S58.6
2026/09/01 20:03:37,29995139,01,MON?
2026/09/01 20:03:37,29995139,59.5,,CONSTANT,0
2026/09/01 20:03:41,29999196,01,TEMP,S58.5
2026/09/01 20:03:41,29999198,OK:01,TEMP,S58.5
2026/09/01 20:03:47,30005280,01,MON?
2026/09/01 20:03:47,30005280,59.0,,CONSTANT,0
2026/09/01 20:03:47,30005281,01,TEMP,S58.4
2026/09/01 20:03:47,30005282,OK:01,TEMP,S58.4
2026/09/01 20:03:53,30011363,01,TEMP,S58.3
2026/09/01 20:03:53,30011364,OK:01,TEMP,S58.3
2026/09/01 20:03:57,30015420,01,MON?
2026/09/01 20:03:57,30015424,59.3,,CONSTANT,0
2026/09/01 20:03:59,30017448,01,TEMP,S58.2
2026/09/01 20:03:59,30017448,OK:01,TEMP,S58.2
2026/09/01 20:04:05,30023532,01,TEMP,S58.1
2026/09/01 20:04:05,30023532,OK:01,TEMP,S58.1
2026/09/01 20:04:07,30025560,01,MON?
2026/09/01 20:04:07,30025561,57.5,,CONSTANT,0
2026/09/01 20:04:11,30029615,01,TEMP,S58.0
2026/09/01 20:04:11,30029615,OK:01,TEMP,S58.0
2026/09/01 20:04:17,30035700,01,MON?
2026/09/01 20:04:17,30035701,57.4,,CONSTANT,0
2026/09/01 20:04:17,30035701,01,TEMP,S57.9
2026/09/01 20:04:17,30035702,OK:01,TEMP,S57.9
2026/09/01 20:04:23,30041784,01,TEMP,S57.8
2026/09/01 20:04:23,30041785,OK:01,TEMP,S57.8
2026/09/01 20:04:27,30045840,01,MON?
2026/09/01 20:04:27,30045841,58.7,,CONSTANT,0
2026/09/01 20:04:29,30047868,01,TEMP,S57.7
2026/09/01 20:04:29,30047869,OK:01,TEMP,S57.7
2026/09/01 20:04:35,30053952,01,TEMP,S57.6
2026/09/01 20:04:35,30053952,OK:01,TEMP,S57.6
2026/09/01 20:04:37,30055980,01,MON?
2026/09/01 20:04:37,30055981,58.6,,CONSTANT,0
2026/09/01 20:04:42,30060036,01,TEMP,S57.5
2026/09/01 20:04:42,30060036,OK:01,TEMP,S57.5
2026/09/01 20:04:47,30065106,01,TEMP,S57.4
2026/09/01 20:04:47,30065108,OK:01,TEMP,S57.4
2026/09/01 20:04:48,30066121,01,MON?
2026/09/01 20:04:48,30066121,58.4,,CONSTANT,0
2026/09/01 20:04:53,30071191,01,TEMP,S57.3
2026/09/01 20:04:53,30071193,OK:01,TEMP,S57.3
2026/09/01 20:04:58,30076260,01,MON?
2026/09/01 20:04:58,30076260,56.8,,CONSTANT,0
2026/09/01 20:04:59,30077275,01,TEMP,S57.2
2026/09/01 20:04:59,30077275,OK:01,TEMP,S57.2
2026/09/01 20:05:05,30083359,01,TEMP,S57.1
2026/09/01 20:05:05,30083359,OK:01,TEMP,S57.1
2026/09/01 20:05:08,30086401,01,MON?
2026/09/01 20:05:08,30086402,57.2,,CONSTANT,0
2026/09/01 20:05:11,30089443,01,TEMP,S57.0
2026/09/01 20:05:11,30089447,OK:01,TEMP,S57.0
2026/09/01 20:05:17,30095526,01,TEMP,S56.9
2026/09/01 20:05:17,30095526,OK:01,TEMP,S56.9
2026/09/01 20:05:18,30096541,01,MON?
2026/09/01 20:05:18,30096541,57.8,,CONSTANT,0
2026/09/01 20:05:23,30101612,01,TEMP,S56.8
2026/09/01 20:05:23,30101612,OK:01,TEMP,S56.8
2026/09/01 20:05:28,30106681,01,MON?
2026/09/01 20:05:28,30106682,57.2,,CONSTANT,0
2026/09/01 20:05:29,30107694,01,TEMP,S56.7
2026/09/01 20:05:29,30107697,OK:01,TEMP,S56.7
2026/09/01 20:05:35,30113779,01,TEMP,S56.6
2026/09/01 20:05:35,30113779,OK:01,TEMP,S56.6
2026/09/01 20:05:38,30116820,01,MON?
2026/09/01 20:05:38,30116821,56.9,,CONSTANT,0
2026/09/01 20:05:41,30119863,01,TEMP,S56.5
2026/09/01 20:05:41,30119864,OK:01,TEMP,S56.5
2026/09/01 20:05:47,30125948,01,TEMP,S56.4
2026/09/01 20:05:47,30125949,OK:01,TEMP,S56.4
2026/09/01 20:05:48,30126960,01,MON?
2026/09/01 20:05:48,30126961,55.8,,CONSTANT,0
2026/09/01 20:05:54,30132030,01,TEMP,S56.3
2026/09/01 20:05:54,30132031,OK:01,TEMP,S56.3
2026/09/01 20:05:59,30137103,01,MON?
2026/09/01 20:05:59,30137109,56.0,,CONSTANT,0
2026/09/01 20:05:59,30137110,01,TEMP,S56.2
2026/09/01 20:05:59,30137111,OK:01,TEMP,S56.2
2026/09/01 20:06:05,30143185,01,TEMP,S56.1
2026/09/01 20:06:05,30143186,OK:01,TEMP,S56.1
2026/09/01 20:06:09,30147240,01,MON?
2026/09/01 20:06:09,30147240,56.3,,CONSTANT,0
2026/09/01 20:06:11,30149268,01,TEMP,S56.0
2026/09/01 20:06:11,30149269,OK:01,TEMP,S56.0
2026/09/01 20:06:17,30155354,01,TEMP,S55.9
2026/09/01 20:06:17,30155355,OK:01,TEMP,S55.9
2026/09/01 20:06:19,30157381,01,MON?
2026/09/01 20:06:19,30157382,56.2,,CONSTANT,0
2026/09/01 20:06:23,30161437,01,TEMP,S55.8
2026/09/01 20:06:23,30161437,OK:01,TEMP,S55.8
2026/09/01 20:06:29,30167520,01,MON?
2026/09/01 20:06:29,30167520,54.9,,CONSTANT,0
2026/09/01 20:06:29,30167521,01,TEMP,S55.7
2026/09/01 20:06:29,30167521,OK:01,TEMP,S55.7
2026/09/01 20:06:35,30173605,01,TEMP,S55.6
2026/09/01 20:06:35,30173605,OK:01,TEMP,S55.6
2026/09/01 20:06:39,30177661,01,MON?
2026/09/01 20:06:39,30177662,56.5,,CONSTANT,0
2026/09/01 20:06:41,30179689,01,TEMP,S55.5
2026/09/01 20:06:41,30179689,OK:01,TEMP,S55.5
2026/09/01 20:06:47,30185772,01,TEMP,S55.4
2026/09/01 20:06:47,30185772,OK:01,TEMP,S55.4
2026/09/01 20:06:49,30187800,01,MON?
2026/09/01 20:06:49,30187801,54.9,,CONSTANT,0
2026/09/01 20:06:53,30191857,01,TEMP,S55.3
2026/09/01 20:06:53,30191858,OK:01,TEMP,S55.3
2026/09/01 20:06:59,30197941,01,MON?
2026/09/01 20:06:59,30197942,54.4,,CONSTANT,0
2026/09/01 20:06:59,30197943,01,TEMP,S55.2
2026/09/01 20:06:59,30197944,OK:01,TEMP,S55.2
2026/09/01 20:07:06,30204025,01,TEMP,S55.1
2026/09/01 20:07:06,30204026,OK:01,TEMP,S55.1
2026/09/01 20:07:10,30208081,01,MON?
2026/09/01 20:07:10,30208084,55.2,,CONSTANT,0
2026/09/01 20:07:12,30210110,01,TEMP,S55.0
2026/09/01 20:07:12,30210113,OK:01,TEMP,S55.0
2026/09/01 20:07:17,30215179,01,TEMP,S54.9
2026/09/01 20:07:17,30215182,OK:01,TEMP,S54.9
2026/09/01 20:07:20,30218221,01,MON?
2026/09/01 20:07:20,30218223,54.9,,CONSTANT,0
2026/09/01 20:07:23,30221264,01,TEMP,S54.8
2026/09/01 20:07:23,30221276,OK:01,TEMP,S54.8
2026/09/01 20:07:29,30227348,01,TEMP,S54.7
2026/09/01 20:07:29,30227348,OK:01,TEMP,S54.7
2026/09/01 20:07:30,30228362,01,MON?
2026/09/01 20:07:30,30228362,55.7,,CONSTANT,0
2026/09/01 20:07:35,30233432,01,TEMP,S54.6
2026/09/01 20:07:35,30233434,OK:01,TEMP,S54.6
2026/09/01 20:07:40,30238502,01,MON?
2026/09/01 20:07:40,30238502,54.6,,CONSTANT,0
2026/09/01 20:07:41,30239515,01,TEMP,S54.5
2026/09/01 20:07:41,30239516,OK:01,TEMP,S54.5
2026/09/01 20:07:47,30245600,01,TEMP,S54.4
2026/09/01 20:07:47,30245601,OK:01,TEMP,S54.4
2026/09/01 20:07:50,30248642,01,MON?
2026/09/01 20:07:50,30248642,54.0,,CONSTANT,0
2026/09/01 20:07:53,30251683,01,TEMP,S54.3
2026/09/01 20:07:53,30251683,OK:01,TEMP,S54.3
2026/09/01 20:07:59,30257767,01,TEMP,S54.2
2026/09/01 20:07:59,30257767,OK:01,TEMP,S54.2
2026/09/01 20:08:00,30258783,01,MON?
2026/09/01 20:08:00,30258783,54.1,,CONSTANT,0
2026/09/01 20:08:05,30263852,01,TEMP,S54.1
2026/09/01 20:08:05,30263852,OK:01,TEMP,S54.1
2026/09/01 20:08:10,30268921,01,MON?
2026/09/01 20:08:10,30268921,54.4,,CONSTANT,0
2026/09/01 20:08:11,30269935,01,TEMP,S54.0
2026/09/01 20:08:11,30269935,OK:01,TEMP,S54.0
2026/09/01 20:08:18,30276019,01,TEMP,S53.9
2026/09/01 20:08:18,30276019,OK:01,TEMP,S53.9
2026/09/01 20:08:21,30279063,01,MON?
2026/09/01 20:08:21,30279065,52.9,,CONSTANT,0
2026/09/01 20:08:24,30282104,01,TEMP,S53.8
2026/09/01 20:08:24,30282104,OK:01,TEMP,S53.8
2026/09/01 20:08:29,30287174,01,TEMP,S53.7
2026/09/01 20:08:29,30287176,OK:01,TEMP,S53.7
2026/09/01 20:08:31,30289201,01,MON?
2026/09/01 20:08:31,30289201,53.1,,CONSTANT,0
2026/09/01 20:08:35,30293258,01,TEMP,S53.6
2026/09/01 20:08:35,30293258,OK:01,TEMP,S53.6
2026/09/01 20:08:41,30299342,01,MON?
2026/09/01 20:08:41,30299342,53.7,,CONSTANT,0
2026/09/01 20:08:41,30299343,01,TEMP,S53.5
2026/09/01 20:08:41,30299343,OK:01,TEMP,S53.5
2026/09/01 20:08:47,30305425,01,TEMP,S53.4
2026/09/01 20:08:47,30305425,OK:01,TEMP,S53.4
2026/09/01 20:08:51,30309481,01,MON?
2026/09/01 20:08:51,30309484,53.6,,CONSTANT,0
2026/09/01 20:08:53,30311510,01,TEMP,S53.3
2026/09/01 20:08:53,30311511,OK:01,TEMP,S53.3
2026/09/01 20:08:59,30317594,01,TEMP,S53.2
2026/09/01 20:08:59,30317594,OK:01,TEMP,S53.2
2026/09/01 20:09:01,30319622,01,MON?
2026/09/01 20:09:01,30319622,53.3,,CONSTANT,0
2026/09/01 20:09:05,30323677,01,TEMP,S53.1
2026/09/01 20:09:05,30323677,OK:01,TEMP,S53.1
2026/09/01 20:09:11,30329762,01,MON?
2026/09/01 20:09:11,30329763,53.7,,CONSTANT,0
2026/09/01 20:09:11,30329764,01,TEMP,S53.0
2026/09/01 20:09:11,30329764,OK:01,TEMP,S53.0
2026/09/01 20:09:17,30335846,01,TEMP,S52.9
2026/09/01 20:09:17,30335847,OK:01,TEMP,S52.9
2026/09/01 20:09:21,30339902,01,MON?
2026/09/01 20:09:21,30339902,53.6,,CONSTANT,0
2026/09/01 20:09:23,30341930,01,TEMP,S52.8
2026/09/01 20:09:23,30341931,OK:01,TEMP,S52.8
2026/09/01 20:09:30,30348014,01,TEMP,S52.7
2026/09/01 20:09:30,30348014,OK:01,TEMP,S52.7
2026/09/01 20:09:32,30350042,01,MON?
2026/09/01 20:09:32,30350045,53.1,,CONSTANT,0
2026/09/01 20:09:36,30354098,01,TEMP,S52.6
2026/09/01 20:09:36,30354100,OK:01,TEMP,S52.6
2026/09/01 20:09:42,30360182,01,MON?
2026/09/01 20:09:42,30360184,52.9,,CONSTANT,0
2026/09/01 20:09:42,30360185,01,TEMP,S52.5
2026/09/01 20:09:42,30360185,OK:01,TEMP,S52.5
2026/09/01 20:09:47,30365253,01,TEMP,S52.4
2026/09/01 20:09:47,30365256,OK:01,TEMP,S52.4
2026/09/01 20:09:52,30370323,01,MON?
2026/09/01 20:09:52,30370326,52.4,,CONSTANT,0
2026/09/01 20:09:53,30371336,01,TEMP,S52.3
2026/09/01 20:09:53,30371337,OK:01,TEMP,S52.3
2026/09/01 20:09:59,30377421,01,TEMP,S52.2
2026/09/01 20:09:59,30377424,OK:01,TEMP,S52.2
2026/09/01 20:10:02,30380463,01,MON?
2026/09/01 20:10:02,30380464,51.6,,CONSTANT,0
2026/09/01 20:10:05,30383504,01,TEMP,S52.1
2026/09/01 20:10:05,30383510,OK:01,TEMP,S52.1
2026/09/01 20:10:11,30389589,01,TEMP,S52.0
2026/09/01 20:10:11,30389589,OK:01,TEMP,S52.0
2026/09/01 20:10:12,30390603,01,MON?
2026/09/01 20:10:12,30390604,52.1,,CONSTANT,0
2026/09/01 20:10:17,30395672,01,TEMP,S51.9
2026/09/01 20:10:17,30395672,OK:01,TEMP,S51.9
2026/09/01 20:10:22,30400743,01,MON?
2026/09/01 20:10:22,30400744,51.3,,CONSTANT,0
2026/09/01 20:10:23,30401758,01,TEMP,S51.8
2026/09/01 20:10:23,30401759,OK:01,TEMP,S51.8
2026/09/01 20:10:29,30407840,01,TEMP,S51.7
2026/09/01 20:10:29,30407841,OK:01,TEMP,S51.7
2026/09/01 20:10:32,30410882,01,MON?
2026/09/01 20:10:32,30410882,52.6,,CONSTANT,0
2026/09/01 20:10:35,30413925,01,TEMP,S51.6
2026/09/01 20:10:35,30413925,OK:01,TEMP,S51.6
2026/09/01 20:10:42,30420010,01,TEMP,S51.5
2026/09/01 20:10:42,30420010,OK:01,TEMP,S51.5
2026/09/01 20:10:43,30421023,01,MON?
2026/09/01 20:10:43,30421023,52.3,,CONSTANT,0
2026/09/01 20:10:48,30426093,01,TEMP,S51.4
2026/09/01 20:10:48,30426093,OK:01,TEMP,S51.4
2026/09/01 20:10:53,30431162,01,MON?
2026/09/01 20:10:53,30431165,52.4,,CONSTANT,0
2026/09/01 20:10:54,30432176,01,TEMP,S51.3
2026/09/01 20:10:54,30432177,OK:01,TEMP,S51.3
2026/09/01 20:10:59,30437247,01,TEMP,S51.2
2026/09/01 20:10:59,30437250,OK:01,TEMP,S51.2
2026/09/01 20:11:03,30441303,01,MON?
2026/09/01 20:11:03,30441303,51.3,,CONSTANT,0
2026/09/01 20:11:05,30443331,01,TEMP,S51.1
2026/09/01 20:11:05,30443331,OK:01,TEMP,S51.1
2026/09/01 20:11:11,30449415,01,TEMP,S51.0
2026/09/01 20:11:11,30449416,OK:01,TEMP,S51.0
2026/09/01 20:11:13,30451444,01,MON?
2026/09/01 20:11:13,30451444,50.4,,CONSTANT,0
2026/09/01 20:11:17,30455499,01,TEMP,S50.9
2026/09/01 20:11:17,30455500,OK:01,TEMP,S50.9
2026/09/01 20:11:23,30461582,01,MON?
2026/09/01 20:11:23,30461582,50.5,,CONSTANT,0
2026/09/01 20:11:23,30461583,01,TEMP,S50.8
2026/09/01 20:11:23,30461584,OK:01,TEMP,S50.8
2026/09/01 20:11:29,30467666,01,TEMP,S50.7
2026/09/01 20:11:29,30467666,OK:01,TEMP,S50.7
2026/09/01 20:11:33,30471723,01,MON?
2026/09/01 20:11:33,30471724,51.4,,CONSTANT,0
2026/09/01 20:11:35,30473751,01,TEMP,S50.6
2026/09/01 20:11:35,30473751,OK:01,TEMP,S50.6
2026/09/01 20:11:41,30479836,01,TEMP,S50.5
2026/09/01 20:11:41,30479837,OK:01,TEMP,S50.5
2026/09/01 20:11:43,30481862,01,MON?
2026/09/01 20:11:43,30481863,49.7,,CONSTANT,0
2026/09/01 20:11:47,30485918,01,TEMP,S50.4
2026/09/01 20:11:47,30485918,OK:01,TEMP,S50.4
2026/09/01 20:11:54,30492003,01,MON?
2026/09/01 20:11:54,30492003,51.2,,CONSTANT,0
2026/09/01 20:11:54,30492004,01,TEMP,S50.3
2026/09/01 20:11:54,30492005,OK:01,TEMP,S50.3
2026/09/01 20:12:00,30498087,01,TEMP,S50.2
2026/09/01 20:12:00,30498090,OK:01,TEMP,S50.2
2026/09/01 20:12:04,30502142,01,MON?
2026/09/01 20:12:04,30502145,49.5,,CONSTANT,0
2026/09/01 20:12:06,30504171,01,TEMP,S50.1
2026/09/01 20:12:06,30504179,OK:01,TEMP,S50.1
2026/09/01 20:12:12,30510255,01,TEMP,S50.0
2026/09/01 20:12:12,30510259,OK:01,TEMP,S50.0
2026/09/01 20:12:14,30512283,01,MON?
2026/09/01 20:12:14,30512284,50.8,,CONSTANT,0
2026/09/01 20:12:17,30515325,01,TEMP,S49.9
2026/09/01 20:12:17,30515326,OK:01,TEMP,S49.9
2026/09/01 20:12:23,30521409,01,TEMP,S49.8
2026/09/01 20:12:23,30521409,OK:01,TEMP,S49.8
2026/09/01 20:12:24,30522423,01,MON?
2026/09/01 20:12:24,30522424,49.1,,CONSTANT,0
2026/09/01 20:12:29,30527494,01,TEMP,S49.7
2026/09/01 20:12:29,30527496,OK:01,TEMP,S49.7
2026/09/01 20:12:34,30532564,01,MON?
2026/09/01 20:12:34,30532564,49.6,,CONSTANT,0
2026/09/01 20:12:35,30533577,01,TEMP,S49.6
2026/09/01 20:12:35,30533577,OK:01,TEMP,S49.6
2026/09/01 20:12:41,30539663,01,TEMP,S49.5
2026/09/01 20:12:41,30539663,OK:01,TEMP,S49.5
2026/09/01 20:12:44,30542704,01,MON?
2026/09/01 20:12:44,30542704,50.1,,CONSTANT,0
2026/09/01 20:12:47,30545748,01,TEMP,S49.4
2026/09/01 20:12:47,30545749,OK:01,TEMP,S49.4
2026/09/01 20:12:53,30551829,01,TEMP,S49.3
2026/09/01 20:12:53,30551829,OK:01,TEMP,S49.3
2026/09/01 20:12:54,30552843,01,MON?
2026/09/01 20:12:54,30552844,50.0,,CONSTANT,0
2026/09/01 20:12:59,30557914,01,TEMP,S49.2
2026/09/01 20:12:59,30557917,OK:01,TEMP,S49.2
2026/09/01 20:13:05,30562984,01,MON?
2026/09/01 20:13:05,30562985,49.8,,CONSTANT,0
2026/09/01 20:13:06,30563997,01,TEMP,S49.1
2026/09/01 20:13:06,30563998,OK:01,TEMP,S49.1
2026/09/01 20:13:12,30570081,01,TEMP,S49.0
2026/09/01 20:13:12,30570083,OK:01,TEMP,S49.0
2026/09/01 20:13:15,30573123,01,MON?
2026/09/01 20:13:15,30573126,48.1,,CONSTANT,0
2026/09/01 20:13:18,30576167,01,TEMP,S48.9
2026/09/01 20:13:18,30576167,OK:01,TEMP,S48.9
2026/09/01 20:13:24,30582250,01,TEMP,S48.8
2026/09/01 20:13:24,30582252,OK:01,TEMP,S48.8
2026/09/01 20:13:25,30583263,01,MON?
2026/09/01 20:13:25,30583263,48.1,,CONSTANT,0
2026/09/01 20:13:29,30587320,01,TEMP,S48.7
2026/09/01 20:13:29,30587323,OK:01,TEMP,S48.7
2026/09/01 20:13:35,30593405,01,MON?
2026/09/01 20:13:35,30593405,48.6,,CONSTANT,0
2026/09/01 20:13:35,30593406,01,TEMP,S48.6
2026/09/01 20:13:35,30593406,OK:01,TEMP,S48.6
2026/09/01 20:13:41,30599488,01,TEMP,S48.5
2026/09/01 20:13:41,30599488,OK:01,TEMP,S48.5
2026/09/01 20:13:45,30603543,01,MON?
2026/09/01 20:13:45,30603543,49.2,,CONSTANT,0
2026/09/01 20:13:47,30605571,01,TEMP,S48.4
2026/09/01 20:13:47,30605571,OK:01,TEMP,S48.4
2026/09/01 20:13:53,30611656,01,TEMP,S48.3
2026/09/01 20:13:53,30611658,OK:01,TEMP,S48.3
2026/09/01 20:13:55,30613684,01,MON?
2026/09/01 20:13:55,30613684,48.7,,CONSTANT,0
2026/09/01 20:13:59,30617740,01,TEMP,S48.2
2026/09/01 20:13:59,30617741,OK:01,TEMP,S48.2
2026/09/01 20:14:05,30623823,01,MON?
2026/09/01 20:14:05,30623823,49.0,,CONSTANT,0
2026/09/01 20:14:05,30623824,01,TEMP,S48.1
2026/09/01 20:14:05,30623825,OK:01,TEMP,S48.1
2026/09/01 20:14:11,30629908,01,TEMP,S48.0
2026/09/01 20:14:11,30629908,OK:01,TEMP,S48.0
2026/09/01 20:14:15,30633964,01,MON?
2026/09/01 20:14:15,30633964,48.3,,CONSTANT,0
2026/09/01 20:14:18,30635992,01,TEMP,S47.9
2026/09/01 20:14:18,30635993,OK:01,TEMP,S47.9
2026/09/01 20:14:24,30642075,01,TEMP,S47.8
2026/09/01 20:14:24,30642077,OK:01,TEMP,S47.8
2026/09/01 20:14:26,30644104,01,MON?
2026/09/01 20:14:26,30644104,47.4,,CONSTANT,0
2026/09/01 20:14:30,30648160,01,TEMP,S47.7
2026/09/01 20:14:30,30648164,OK:01,TEMP,S47.7
2026/09/01 20:14:36,30654244,01,MON?
2026/09/01 20:14:36,30654244,48.4,,CONSTANT,0
2026/09/01 20:14:36,30654245,01,TEMP,S47.6
2026/09/01 20:14:36,30654245,OK:01,TEMP,S47.6
2026/09/01 20:14:41,30659313,01,TEMP,S47.5
2026/09/01 20:14:41,30659316,OK:01,TEMP,S47.5
2026/09/01 20:14:46,30664384,01,MON?
2026/09/01 20:14:46,30664385,48.3,,CONSTANT,0
2026/09/01 20:14:47,30665398,01,TEMP,S47.4
2026/09/01 20:14:47,30665399,OK:01,TEMP,S47.4
2026/09/01 20:14:53,30671482,01,TEMP,S47.3
2026/09/01 20:14:53,30671485,OK:01,TEMP,S47.3
2026/09/01 20:14:56,30674524,01,MON?
2026/09/01 20:14:56,30674524,46.6,,CONSTANT,0
2026/09/01 20:14:59,30677566,01,TEMP,S47.2
2026/09/01 20:14:59,30677566,OK:01,TEMP,S47.2
2026/09/01 20:15:05,30683651,01,TEMP,S47.1
2026/09/01 20:15:05,30683651,OK:01,TEMP,S47.1
2026/09/01 20:15:06,30684665,01,MON?
2026/09/01 20:15:06,30684665,47.9,,CONSTANT,0
2026/09/01 20:15:11,30689734,01,TEMP,S47.0
2026/09/01 20:15:11,30689735,OK:01,TEMP,S47.0
2026/09/01 20:15:16,30694805,01,MON?
2026/09/01 20:15:16,30694806,46.4,,CONSTANT,0
2026/09/01 20:15:17,30695819,01,TEMP,S46.9
2026/09/01 20:15:17,30695820,OK:01,TEMP,S46.9
2026/09/01 20:15:23,30701902,01,TEMP,S46.8
2026/09/01 20:15:23,30701903,OK:01,TEMP,S46.8
2026/09/01 20:15:26,30704945,01,MON?
2026/09/01 20:15:26,30704946,47.3,,CONSTANT,0
2026/09/01 20:15:30,30707987,01,TEMP,S46.7
2026/09/01 20:15:30,30707988,OK:01,TEMP,S46.7
2026/09/01 20:15:36,30714071,01,TEMP,S46.6
2026/09/01 20:15:36,30714076,OK:01,TEMP,S46.6
2026/09/01 20:15:37,30715085,01,MON?
2026/09/01 20:15:37,30715086,46.0,,CONSTANT,0
2026/09/01 20:15:42,30720154,01,TEMP,S46.5
2026/09/01 20:15:42,30720156,OK:01,TEMP,S46.5
2026/09/01 20:15:47,30725224,01,MON?
2026/09/01 20:15:47,30725227,46.0,,CONSTANT,0
2026/09/01 20:15:48,30726238,01,TEMP,S46.4
2026/09/01 20:15:48,30726239,OK:01,TEMP,S46.4
2026/09/01 20:15:54,30732324,01,TEMP,S46.3
2026/09/01 20:15:54,30732327,OK:01,TEMP,S46.3
2026/09/01 20:15:57,30735365,01,MON?
2026/09/01 20:15:57,30735367,45.8,,CONSTANT,0
2026/09/01 20:15:59,30737393,01,TEMP,S46.2
2026/09/01 20:15:59,30737394,OK:01,TEMP,S46.2
2026/09/01 20:16:05,30743477,01,TEMP,S46.1
2026/09/01 20:16:05,30743478,OK:01,TEMP,S46.1
2026/09/01 20:16:07,30745505,01,MON?
2026/09/01 20:16:07,30745505,46.3,,CONSTANT,0
2026/09/01 20:16:11,30749562,01,TEMP,S46.0
2026/09/01 20:16:11,30749566,OK:01,TEMP,S46.0
2026/09/01 20:16:17,30755645,01,MON?
2026/09/01 20:16:17,30755645,46.2,,CONSTANT,0
2026/09/01 20:16:17,30755646,01,TEMP,S45.9
2026/09/01 20:16:17,30755646,OK:01,TEMP,S45.9
2026/09/01 20:16:23,30761728,01,TEMP,S45.8
2026/09/01 20:16:23,30761729,OK:01,TEMP,S45.8
2026/09/01 20:16:27,30765784,01,MON?
2026/09/01 20:16:27,30765784,46.4,,CONSTANT,0
2026/09/01 20:16:29,30767813,01,TEMP,S45.7
2026/09/01 20:16:29,30767813,OK:01,TEMP,S45.7
2026/09/01 20:16:35,30773897,01,TEMP,S45.6
2026/09/01 20:16:35,30773898,OK:01,TEMP,S45.6
2026/09/01 20:16:37,30775925,01,MON?
2026/09/01 20:16:37,30775926,45.2,,CONSTANT,0
2026/09/01 20:16:41,30779980,01,TEMP,S45.5
2026/09/01 20:16:41,30779980,OK:01,TEMP,S45.5
2026/09/01 20:16:48,30786065,01,MON?
2026/09/01 20:16:48,30786065,45.2,,CONSTANT,0
2026/09/01 20:16:48,30786066,01,TEMP,S45.4
2026/09/01 20:16:48,30786067,OK:01,TEMP,S45.4
2026/09/01 20:16:54,30792149,01,TEMP,S45.3
2026/09/01 20:16:54,30792152,OK:01,TEMP,S45.3
2026/09/01 20:16:58,30796204,01,MON?
2026/09/01 20:16:58,30796207,44.6,,CONSTANT,0
2026/09/01 20:17:00,30798232,01,TEMP,S45.2
2026/09/01 20:17:00,30798236,OK:01,TEMP,S45.2
2026/09/01 20:17:06,30804317,01,TEMP,S45.1
2026/09/01 20:17:06,30804321,OK:01,TEMP,S45.1
2026/09/01 20:17:08,30806345,01,MON?
2026/09/01 20:17:08,30806345,45.1,,CONSTANT,0
2026/09/01 20:17:11,30809387,01,TEMP,S45.0
2026/09/01 20:17:11,30809389,OK:01,TEMP,S45.0
2026/09/01 20:17:17,30815471,01,TEMP,S44.9
2026/09/01 20:17:17,30815472,OK:01,TEMP,S44.9
2026/09/01 20:17:18,30816484,01,MON?
2026/09/01 20:17:18,30816485,44.5,,CONSTANT,0
2026/09/01 20:17:23,30821555,01,TEMP,S44.8
2026/09/01 20:17:23,30821557,OK:01,TEMP,S44.8
2026/09/01 20:17:28,30826625,01,MON?
2026/09/01 20:17:28,30826625,44.9,,CONSTANT,0
2026/09/01 20:17:29,30827639,01,TEMP,S44.7
2026/09/01 20:17:29,30827640,OK:01,TEMP,S44.7
2026/09/01 20:17:35,30833724,01,TEMP,S44.6
2026/09/01 20:17:35,30833725,OK:01,TEMP,S44.6
2026/09/01 20:17:38,30836766,01,MON?
2026/09/01 20:17:38,30836766,45.1,,CONSTANT,0
2026/09/01 20:17:41,30839808,01,TEMP,S44.5
2026/09/01 20:17:41,30839809,OK:01,TEMP,S44.5
2026/09/01 20:17:47,30845891,01,TEMP,S44.4
2026/09/01 20:17:47,30845891,OK:01,TEMP,S44.4
2026/09/01 20:17:48,30846905,01,MON?
2026/09/01 20:17:48,30846906,43.8,,CONSTANT,0
2026/09/01 20:17:53,30851975,01,TEMP,S44.3
2026/09/01 20:17:53,30851977,OK:01,TEMP,S44.3
2026/09/01 20:17:59,30857046,01,MON?
2026/09/01 20:17:59,30857046,43.7,,CONSTANT,0
2026/09/01 20:18:00,30858059,01,TEMP,S44.2
2026/09/01 20:18:00,30858060,OK:01,TEMP,S44.2
2026/09/01 20:18:06,30864143,01,TEMP,S44.1
2026/09/01 20:18:06,30864144,OK:01,TEMP,S44.1
2026/09/01 20:18:09,30867185,01,MON?
2026/09/01 20:18:09,30867187,44.5,,CONSTANT,0
2026/09/01 20:18:12,30870230,01,TEMP,S44.0
2026/09/01 20:18:12,30870231,OK:01,TEMP,S44.0
2026/09/01 20:18:18,30876311,01,TEMP,S43.9
2026/09/01 20:18:18,30876315,OK:01,TEMP,S43.9
2026/09/01 20:18:19,30877326,01,MON?
2026/09/01 20:18:19,30877326,44.2,,CONSTANT,0
2026/09/01 20:18:24,30882396,01,TEMP,S43.8
2026/09/01 20:18:24,30882398,OK:01,TEMP,S43.8
2026/09/01 20:18:29,30887466,01,MON?
2026/09/01 20:18:29,30887469,44.0,,CONSTANT,0
2026/09/01 20:18:29,30887470,01,TEMP,S43.7
2026/09/01 20:18:29,30887471,OK:01,TEMP,S43.7
2026/09/01 20:18:35,30893550,01,TEMP,S43.6
2026/09/01 20:18:35,30893551,OK:01,TEMP,S43.6
2026/09/01 20:18:39,30897606,01,MON?
2026/09/01 20:18:39,30897606,42.9,,CONSTANT,0
2026/09/01 20:18:41,30899634,01,TEMP,S43.5
2026/09/01 20:18:41,30899634,OK:01,TEMP,S43.5
2026/09/01 20:18:47,30905718,01,TEMP,S43.4
2026/09/01 20:18:47,30905719,OK:01,TEMP,S43.4
2026/09/01 20:18:49,30907747,01,MON?
2026/09/01 20:18:49,30907747,43.3,,CONSTANT,0
2026/09/01 20:18:53,30911803,01,TEMP,S43.3
2026/09/01 20:18:53,30911804,OK:01,TEMP,S43.3
2026/09/01 20:18:59,30917885,01,MON?
2026/09/01 20:18:59,30917885,44.0,,CONSTANT,0
2026/09/01 20:18:59,30917886,01,TEMP,S43.2
2026/09/01 20:18:59,30917886,OK:01,TEMP,S43.2
2026/09/01 20:19:05,30923970,01,TEMP,S43.1
2026/09/01 20:19:05,30923970,OK:01,TEMP,S43.1
2026/09/01 20:19:10,30928026,01,MON?
2026/09/01 20:19:10,30928026,43.7,,CONSTANT,0
2026/09/01 20:19:12,30930054,01,TEMP,S43.0
2026/09/01 20:19:12,30930057,OK:01,TEMP,S43.0
2026/09/01 20:19:18,30936137,01,TEMP,S42.9
2026/09/01 20:19:18,30936139,OK:01,TEMP,S42.9
2026/09/01 20:19:20,30938165,01,MON?
2026/09/01 20:19:20,30938165,42.4,,CONSTANT,0
2026/09/01 20:19:24,30942222,01,TEMP,S42.8
2026/09/01 20:19:24,30942226,OK:01,TEMP,S42.8
2026/09/01 20:19:30,30948306,01,MON?
2026/09/01 20:19:30,30948308,42.5,,CONSTANT,0
2026/09/01 20:19:30,30948309,01,TEMP,S42.7
2026/09/01 20:19:30,30948309,OK:01,TEMP,S42.7
2026/09/01 20:19:36,30954389,01,TEMP,S42.6
2026/09/01 20:19:36,30954392,OK:01,TEMP,S42.6
2026/09/01 20:19:40,30958446,01,MON?
2026/09/01 20:19:40,30958448,42.7,,CONSTANT,0
2026/09/01 20:19:41,30959460,01,TEMP,S42.5
2026/09/01 20:19:41,30959461,OK:01,TEMP,S42.5
2026/09/01 20:19:47,30965544,01,TEMP,S42.4
2026/09/01 20:19:47,30965549,OK:01,TEMP,S42.4
2026/09/01 20:19:50,30968586,01,MON?
2026/09/01 20:19:50,30968588,42.2,,CONSTANT,0
2026/09/01 20:19:53,30971630,01,TEMP,S42.3
2026/09/01 20:19:53,30971631,OK:01,TEMP,S42.3
2026/09/01 20:19:59,30977712,01,TEMP,S42.2
2026/09/01 20:19:59,30977712,OK:01,TEMP,S42.2
2026/09/01 20:20:00,30978726,01,MON?
2026/09/01 20:20:00,30978726,42.9,,CONSTANT,0
2026/09/01 20:20:05,30983796,01,TEMP,S42.1
2026/09/01 20:20:05,30983796,OK:01,TEMP,S42.1
2026/09/01 20:20:10,30988867,01,MON?
2026/09/01 20:20:10,30988867,41.6,,CONSTANT,0
2026/09/01 20:20:11,30989881,01,TEMP,S42.0
2026/09/01 20:20:11,30989882,OK:01,TEMP,S42.0
2026/09/01 20:20:17,30995964,01,TEMP,S41.9
2026/09/01 20:20:17,30995965,OK:01,TEMP,S41.9
2026/09/01 20:20:21,30999006,01,MON?
2026/09/01 20:20:21,30999008,42.0,,CONSTANT,0
2026/09/01 20:20:24,31002051,01,TEMP,S41.8
2026/09/01 20:20:24,31002055,OK:01,TEMP,S41.8
2026/09/01 20:20:30,31008132,01,TEMP,S41.7
2026/09/01 20:20:30,31008139,OK:01,TEMP,S41.7
2026/09/01 20:20:31,31009147,01,MON?
2026/09/01 20:20:31,31009147,40.9,,CONSTANT,0
2026/09/01 20:20:36,31014217,01,TEMP,S41.6
2026/09/01 20:20:36,31014219,OK:01,TEMP,S41.6
2026/09/01 20:20:41,31019287,01,MON?
2026/09/01 20:20:41,31019289,40.9,,CONSTANT,0
2026/09/01 20:20:42,31020301,01,TEMP,S41.5
2026/09/01 20:20:42,31020301,OK:01,TEMP,S41.5
2026/09/01 20:20:48,31026385,01,TEMP,S41.4
2026/09/01 20:20:48,31026388,OK:01,TEMP,S41.4
2026/09/01 20:20:51,31029427,01,MON?
2026/09/01 20:20:51,31029429,42.3,,CONSTANT,0
2026/09/01 20:20:53,31031456,01,TEMP,S41.3
2026/09/01 20:20:53,31031457,OK:01,TEMP,S41.3
2026/09/01 20:20:59,31037543,01,TEMP,S41.2
2026/09/01 20:20:59,31037544,OK:01,TEMP,S41.2
2026/09/01 20:21:01,31039567,01,MON?
2026/09/01 20:21:01,31039568,41.0,,CONSTANT,0
2026/09/01 20:21:05,31043622,01,TEMP,S41.1
2026/09/01 20:21:05,31043622,OK:01,TEMP,S41.1
2026/09/01 20:21:11,31049707,01,MON?
2026/09/01 20:21:11,31049708,40.6,,CONSTANT,0
2026/09/01 20:21:11,31049708,01,TEMP,S41.0
2026/09/01 20:21:11,31049709,OK:01,TEMP,S41.0
2026/09/01 20:21:17,31055791,01,TEMP,S40.9
2026/09/01 20:21:17,31055791,OK:01,TEMP,S40.9
2026/09/01 20:21:21,31059847,01,MON?
2026/09/01 20:21:21,31059847,41.0,,CONSTANT,0
2026/09/01 20:21:23,31061875,01,TEMP,S40.8
2026/09/01 20:21:23,31061875,OK:01,TEMP,S40.8
2026/09/01 20:21:29,31067960,01,TEMP,S40.7
2026/09/01 20:21:29,31067961,OK:01,TEMP,S40.7
2026/09/01 20:21:32,31069988,01,MON?
2026/09/01 20:21:32,31069988,39.8,,CONSTANT,0
2026/09/01 20:21:36,31074046,01,TEMP,S40.6
2026/09/01 20:21:36,31074050,OK:01,TEMP,S40.6
2026/09/01 20:21:42,31080126,01,MON?
2026/09/01 20:21:42,31080130,41.5,,CONSTANT,0
2026/09/01 20:21:42,31080131,01,TEMP,S40.5
2026/09/01 20:21:42,31080131,OK:01,TEMP,S40.5
2026/09/01 20:21:48,31086211,01,TEMP,S40.4
2026/09/01 20:21:48,31086214,OK:01,TEMP,S40.4
2026/09/01 20:21:52,31090267,01,MON?
2026/09/01 20:21:52,31090269,39.8,,CONSTANT,0
2026/09/01 20:21:54,31092294,01,TEMP,S40.3
2026/09/01 20:21:54,31092298,OK:01,TEMP,S40.3
2026/09/01 20:22:00,31098379,01,TEMP,S40.2
2026/09/01 20:22:00,31098392,OK:01,TEMP,S40.2
2026/09/01 20:22:02,31100407,01,MON?
2026/09/01 20:22:02,31100407,40.5,,CONSTANT,0
2026/09/01 20:22:06,31104463,01,TEMP,S40.1
2026/09/01 20:22:06,31104466,OK:01,TEMP,S40.1
2026/09/01 20:22:11,31109533,01,TEMP,S40.0
2026/09/01 20:22:11,31109535,OK:01,TEMP,S40.0
2026/09/01 20:22:12,31110547,01,MON?
2026/09/01 20:22:12,31110547,39.2,,CONSTANT,0
2026/09/01 20:22:17,31115617,01,TEMP,S39.9
2026/09/01 20:22:17,31115619,OK:01,TEMP,S39.9
2026/09/01 20:22:22,31120687,01,MON?
2026/09/01 20:22:22,31120687,40.5,,CONSTANT,0
2026/09/01 20:22:23,31121701,01,TEMP,S39.8
2026/09/01 20:22:23,31121702,OK:01,TEMP,S39.8
2026/09/01 20:22:29,31127785,01,TEMP,S39.7
2026/09/01 20:22:29,31127786,OK:01,TEMP,S39.7
2026/09/01 20:22:32,31130827,01,MON?
2026/09/01 20:22:32,31130827,39.4,,CONSTANT,0
2026/09/01 20:22:35,31133869,01,TEMP,S39.6
2026/09/01 20:22:35,31133870,OK:01,TEMP,S39.6
2026/09/01 20:22:41,31139953,01,TEMP,S39.5
2026/09/01 20:22:41,31139953,OK:01,TEMP,S39.5
2026/09/01 20:22:42,31140967,01,MON?
2026/09/01 20:22:42,31140967,39.3,,CONSTANT,0
2026/09/01 20:22:48,31146038,01,TEMP,S39.4
2026/09/01 20:22:48,31146038,OK:01,TEMP,S39.4
2026/09/01 20:22:53,31151108,01,MON?
2026/09/01 20:22:53,31151112,38.7,,CONSTANT,0
2026/09/01 20:22:54,31152121,01,TEMP,S39.3
2026/09/01 20:22:54,31152121,OK:01,TEMP,S39.3
2026/09/01 20:23:00,31158206,01,TEMP,S39.2
2026/09/01 20:23:00,31158210,OK:01,TEMP,S39.2
2026/09/01 20:23:03,31161247,01,MON?
2026/09/01 20:23:03,31161247,40.1,,CONSTANT,0
2026/09/01 20:23:06,31164290,01,TEMP,S39.1
2026/09/01 20:23:06,31164293,OK:01,TEMP,S39.1
2026/09/01 20:23:12,31170373,01,TEMP,S39.0
2026/09/01 20:23:12,31170377,OK:01,TEMP,S39.0
2026/09/01 20:23:13,31171387,01,MON?
2026/09/01 20:23:13,31171388,39.1,,CONSTANT,0
2026/09/01 20:23:18,31176458,01,TEMP,S38.9
2026/09/01 20:23:18,31176458,OK:01,TEMP,S38.9
2026/09/01 20:23:23,31181528,01,MON?
2026/09/01 20:23:23,31181536,39.0,,CONSTANT,0
2026/09/01 20:23:23,31181536,01,TEMP,S38.8
2026/09/01 20:23:23,31181537,OK:01,TEMP,S38.8
2026/09/01 20:23:29,31187612,01,TEMP,S38.7
2026/09/01 20:23:29,31187612,OK:01,TEMP,S38.7
2026/09/01 20:23:33,31191668,01,MON?
2026/09/01 20:23:33,31191668,37.8,,CONSTANT,0
2026/09/01 20:23:35,31193696,01,TEMP,S38.6
2026/09/01 20:23:35,31193696,OK:01,TEMP,S38.6
2026/09/01 20:23:41,31199779,01,TEMP,S38.5
2026/09/01 20:23:41,31199779,OK:01,TEMP,S38.5
2026/09/01 20:23:43,31201808,01,MON?
2026/09/01 20:23:43,31201808,38.1,,CONSTANT,0
2026/09/01 20:23:47,31205864,01,TEMP,S38.4
2026/09/01 20:23:47,31205865,OK:01,TEMP,S38.4
2026/09/01 20:23:53,31211948,01,MON?
2026/09/01 20:23:53,31211948,38.3,,CONSTANT,0
2026/09/01 20:23:53,31211949,01,TEMP,S38.3
2026/09/01 20:23:53,31211949,OK:01,TEMP,S38.3
2026/09/01 20:24:00,31218031,01,TEMP,S38.2
2026/09/01 20:24:00,31218031,OK:01,TEMP,S38.2
2026/09/01 20:24:04,31222089,01,MON?
2026/09/01 20:24:04,31222092,38.1,,CONSTANT,0
2026/09/01 20:24:06,31224116,01,TEMP,S38.1
2026/09/01 20:24:06,31224118,OK:01,TEMP,S38.1
2026/09/01 20:24:12,31230200,01,TEMP,S38.0
2026/09/01 20:24:12,31230202,OK:01,TEMP,S38.0
2026/09/01 20:24:14,31232228,01,MON?
2026/09/01 20:24:14,31232228,37.5,,CONSTANT,0
2026/09/01 20:24:18,31236284,01,TEMP,S37.9
2026/09/01 20:24:18,31236284,OK:01,TEMP,S37.9
2026/09/01 20:24:24,31242368,01,MON?
2026/09/01 20:24:24,31242371,38.7,,CONSTANT,0
2026/09/01 20:24:24,31242372,01,TEMP,S37.8
2026/09/01 20:24:24,31242372,OK:01,TEMP,S37.8
2026/09/01 20:24:30,31248452,01,TEMP,S37.7
2026/09/01 20:24:30,31248454,OK:01,TEMP,S37.7
2026/09/01 20:24:34,31252507,01,MON?
2026/09/01 20:24:34,31252509,38.0,,CONSTANT,0
2026/09/01 20:24:36,31254536,01,TEMP,S37.6
2026/09/01 20:24:36,31254537,OK:01,TEMP,S37.6
2026/09/01 20:24:41,31259606,01,TEMP,S37.5
2026/09/01 20:24:41,31259606,OK:01,TEMP,S37.5
2026/09/01 20:24:44,31262648,01,MON?
2026/09/01 20:24:44,31262648,38.2,,CONSTANT,0
2026/09/01 20:24:47,31265690,01,TEMP,S37.4
2026/09/01 20:24:47,31265694,OK:01,TEMP,S37.4
2026/09/01 20:24:53,31271773,01,TEMP,S37.3
2026/09/01 20:24:53,31271773,OK:01,TEMP,S37.3
2026/09/01 20:24:54,31272787,01,MON?
2026/09/01 20:24:54,31272788,38.0,,CONSTANT,0
2026/09/01 20:24:59,31277858,01,TEMP,S37.2
2026/09/01 20:24:59,31277860,OK:01,TEMP,S37.2
2026/09/01 20:25:04,31282928,01,MON?
2026/09/01 20:25:04,31282928,37.3,,CONSTANT,0
2026/09/01 20:25:05,31283942,01,TEMP,S37.1
2026/09/01 20:25:05,31283942,OK:01,TEMP,S37.1
2026/09/01 20:25:12,31290025,01,TEMP,S37.0
2026/09/01 20:25:12,31290026,OK:01,TEMP,S37.0
2026/09/01 20:25:15,31293068,01,MON?
2026/09/01 20:25:15,31293068,36.3,,CONSTANT,0
2026/09/01 20:25:18,31296110,01,TEMP,S36.9
2026/09/01 20:25:18,31296115,OK:01,TEMP,S36.9
2026/09/01 20:25:24,31302195,01,TEMP,S36.8
2026/09/01 20:25:24,31302198,OK:01,TEMP,S36.8
2026/09/01 20:25:25,31303208,01,MON?
2026/09/01 20:25:25,31303209,37.1,,CONSTANT,0
2026/09/01 20:25:30,31308279,01,TEMP,S36.7
2026/09/01 20:25:30,31308281,OK:01,TEMP,S36.7
2026/09/01 20:25:35,31313348,01,MON?
2026/09/01 20:25:35,31313351,37.6,,CONSTANT,0
2026/09/01 20:25:36,31314363,01,TEMP,S36.6
2026/09/01 20:25:36,31314363,OK:01,TEMP,S36.6
2026/09/01 20:25:42,31320446,01,TEMP,S36.5
2026/09/01 20:25:42,31320449,OK:01,TEMP,S36.5
2026/09/01 20:25:45,31323489,01,MON?
2026/09/01 20:25:45,31323489,36.5,,CONSTANT,0
2026/09/01 20:25:48,31326531,01,TEMP,S36.4
2026/09/01 20:25:48,31326532,OK:01,TEMP,S36.4
2026/09/01 20:25:53,31331600,01,TEMP,S36.3
2026/09/01 20:25:53,31331600,OK:01,TEMP,S36.3
2026/09/01 20:25:55,31333628,01,MON?
2026/09/01 20:25:55,31333628,37.1,,CONSTANT,0
2026/09/01 20:25:59,31337685,01,TEMP,S36.2
2026/09/01 20:25:59,31337686,OK:01,TEMP,S36.2
2026/09/01 20:26:05,31343769,01,MON?
2026/09/01 20:26:05,31343769,35.8,,CONSTANT,0
2026/09/01 20:26:05,31343770,01,TEMP,S36.1
2026/09/01 20:26:05,31343770,OK:01,TEMP,S36.1
2026/09/01 20:26:11,31349853,01,TEMP,S36.0
2026/09/01 20:26:11,31349853,OK:01,TEMP,S36.0
2026/09/01 20:26:15,31353908,01,MON?
2026/09/01 20:26:15,31353908,36.2,,CONSTANT,0
2026/09/01 20:26:17,31355936,01,TEMP,S35.9
2026/09/01 20:26:17,31355937,OK:01,TEMP,S35.9
2026/09/01 20:26:24,31362021,01,TEMP,S35.8
2026/09/01 20:26:24,31362021,OK:01,TEMP,S35.8
2026/09/01 20:26:26,31364049,01,MON?
2026/09/01 20:26:26,31364051,36.6,,CONSTANT,0
2026/09/01 20:26:30,31368104,01,TEMP,S35.7
2026/09/01 20:26:30,31368107,OK:01,TEMP,S35.7
2026/09/01 20:26:36,31374189,01,MON?
2026/09/01 20:26:36,31374202,35.1,,CONSTANT,0
2026/09/01 20:26:36,31374202,01,TEMP,S35.6
2026/09/01 20:26:36,31374203,OK:01,TEMP,S35.6
2026/09/01 20:26:42,31380274,01,TEMP,S35.5
2026/09/01 20:26:42,31380276,OK:01,TEMP,S35.5
2026/09/01 20:26:46,31384329,01,MON?
2026/09/01 20:26:46,31384331,36.0,,CONSTANT,0
2026/09/01 20:26:48,31386358,01,TEMP,S35.4
2026/09/01 20:26:48,31386360,OK:01,TEMP,S35.4
2026/09/01 20:26:54,31392441,01,TEMP,S35.3
2026/09/01 20:26:54,31392443,OK:01,TEMP,S35.3
2026/09/01 20:26:56,31394468,01,MON?
2026/09/01 20:26:56,31394472,35.4,,CONSTANT,0
2026/09/01 20:27:00,31398527,01,TEMP,S35.2
2026/09/01 20:27:00,31398530,OK:01,TEMP,S35.2
2026/09/01 20:27:05,31403595,01,TEMP,S35.1
2026/09/01 20:27:05,31403595,OK:01,TEMP,S35.1
2026/09/01 20:27:06,31404609,01,MON?
2026/09/01 20:27:06,31404609,35.3,,CONSTANT,0
2026/09/01 20:27:11,31409678,01,TEMP,S35.0
2026/09/01 20:27:11,31409680,OK:01,TEMP,S35.0
2026/09/01 20:27:16,31414749,01,MON?
2026/09/01 20:27:16,31414749,34.4,,CONSTANT,0
2026/09/01 20:27:17,31415763,01,TEMP,S34.9
2026/09/01 20:27:17,31415763,OK:01,TEMP,S34.9
2026/09/01 20:27:23,31421847,01,TEMP,S34.8
2026/09/01 20:27:23,31421847,OK:01,TEMP,S34.8
2026/09/01 20:27:26,31424889,01,MON?
2026/09/01 20:27:26,31424889,34.3,,CONSTANT,0
2026/09/01 20:27:29,31427930,01,TEMP,S34.7
2026/09/01 20:27:29,31427933,OK:01,TEMP,S34.7
2026/09/01 20:27:36,31434015,01,TEMP,S34.6
2026/09/01 20:27:36,31434016,OK:01,TEMP,S34.6
2026/09/01 20:27:37,31435029,01,MON?
2026/09/01 20:27:37,31435029,34.6,,CONSTANT,0
2026/09/01 20:27:42,31440099,01,TEMP,S34.5
2026/09/01 20:27:42,31440101,OK:01,TEMP,S34.5
2026/09/01 20:27:47,31445169,01,MON?
2026/09/01 20:27:47,31445176,35.3,,CONSTANT,0
2026/09/01 20:27:48,31446182,01,TEMP,S34.4
2026/09/01 20:27:48,31446182,OK:01,TEMP,S34.4
2026/09/01 20:27:54,31452267,01,TEMP,S34.3
2026/09/01 20:27:54,31452270,OK:01,TEMP,S34.3
2026/09/01 20:27:57,31455309,01,MON?
2026/09/01 20:27:57,31455309,33.9,,CONSTANT,0
2026/09/01 20:28:00,31458352,01,TEMP,S34.2
2026/09/01 20:28:00,31458356,OK:01,TEMP,S34.2
2026/09/01 20:28:06,31464435,01,TEMP,S34.1
2026/09/01 20:28:06,31464435,OK:01,TEMP,S34.1
2026/09/01 20:28:07,31465450,01,MON?
2026/09/01 20:28:07,31465451,35.1,,CONSTANT,0
2026/09/01 20:28:12,31470520,01,TEMP,S34.0
2026/09/01 20:28:12,31470525,OK:01,TEMP,S34.0
2026/09/01 20:28:17,31475589,01,MON?
2026/09/01 20:28:17,31475589,33.8,,CONSTANT,0
2026/09/01 20:28:18,31476603,01,TEMP,S33.9
2026/09/01 20:28:18,31476604,OK:01,TEMP,S33.9
2026/09/01 20:28:23,31481674,01,TEMP,S33.8
2026/09/01 20:28:23,31481679,OK:01,TEMP,S33.8
2026/09/01 20:28:27,31485730,01,MON?
2026/09/01 20:28:27,31485730,34.5,,CONSTANT,0
2026/09/01 20:28:29,31487758,01,TEMP,S33.7
2026/09/01 20:28:29,31487758,OK:01,TEMP,S33.7
2026/09/01 20:28:35,31493841,01,TEMP,S33.6
2026/09/01 20:28:35,31493841,OK:01,TEMP,S33.6
2026/09/01 20:28:37,31495870,01,MON?
2026/09/01 20:28:37,31495870,34.6,,CONSTANT,0
2026/09/01 20:28:41,31499925,01,TEMP,S33.5
2026/09/01 20:28:41,31499926,OK:01,TEMP,S33.5
2026/09/01 20:28:48,31506010,01,MON?
2026/09/01 20:28:48,31506010,32.6,,CONSTANT,0
2026/09/01 20:28:48,31506011,01,TEMP,S33.4
2026/09/01 20:28:48,31506013,OK:01,TEMP,S33.4
2026/09/01 20:28:54,31512094,01,TEMP,S33.3
2026/09/01 20:28:54,31512096,OK:01,TEMP,S33.3
2026/09/01 20:28:58,31516149,01,MON?
2026/09/01 20:28:58,31516151,33.0,,CONSTANT,0
2026/09/01 20:29:00,31518178,01,TEMP,S33.2
2026/09/01 20:29:00,31518180,OK:01,TEMP,S33.2
2026/09/01 20:29:06,31524263,01,TEMP,S33.1
2026/09/01 20:29:06,31524263,OK:01,TEMP,S33.1
2026/09/01 20:29:08,31526290,01,MON?
2026/09/01 20:29:08,31526293,32.2,,CONSTANT,0
2026/09/01 20:29:12,31530346,01,TEMP,S33.0
2026/09/01 20:29:12,31530349,OK:01,TEMP,S33.0
2026/09/01 20:29:18,31536430,01,MON?
2026/09/01 20:29:18,31536433,32.9,,CONSTANT,0
2026/09/01 20:29:18,31536434,01,TEMP,S32.9
2026/09/01 20:29:18,31536434,OK:01,TEMP,S32.9
2026/09/01 20:29:24,31542515,01,TEMP,S32.8
2026/09/01 20:29:24,31542517,OK:01,TEMP,S32.8
2026/09/01 20:29:28,31546570,01,MON?
2026/09/01 20:29:28,31546570,32.2,,CONSTANT,0
2026/09/01 20:29:30,31548597,01,TEMP,S32.7
2026/09/01 20:29:30,31548601,OK:01,TEMP,S32.7
2026/09/01 20:29:35,31553668,01,TEMP,S32.6
2026/09/01 20:29:35,31553669,OK:01,TEMP,S32.6
2026/09/01 20:29:38,31556710,01,MON?
2026/09/01 20:29:38,31556711,33.6,,CONSTANT,0
2026/09/01 20:29:41,31559752,01,TEMP,S32.5
2026/09/01 20:29:41,31559753,OK:01,TEMP,S32.5
2026/09/01 20:29:47,31565835,01,TEMP,S32.4
2026/09/01 20:29:47,31565836,OK:01,TEMP,S32.4
2026/09/01 20:29:48,31566849,01,MON?
2026/09/01 20:29:48,31566850,31.9,,CONSTANT,0
2026/09/01 20:29:53,31571920,01,TEMP,S32.3
2026/09/01 20:29:53,31571923,OK:01,TEMP,S32.3
2026/09/01 20:29:59,31576990,01,MON?
2026/09/01 20:29:59,31576991,32.3,,CONSTANT,0
2026/09/01 20:30:00,31578004,01,TEMP,S32.2
2026/09/01 20:30:00,31578005,OK:01,TEMP,S32.2
2026/09/01 20:30:06,31584087,01,TEMP,S32.1
2026/09/01 20:30:06,31584089,OK:01,TEMP,S32.1
2026/09/01 20:30:09,31587129,01,MON?
2026/09/01 20:30:09,31587131,32.3,,CONSTANT,0
2026/09/01 20:30:12,31590172,01,TEMP,S32.0
2026/09/01 20:30:12,31590176,OK:01,TEMP,S32.0
2026/09/01 20:30:18,31596256,01,TEMP,S31.9
2026/09/01 20:30:18,31596258,OK:01,TEMP,S31.9
2026/09/01 20:30:19,31597270,01,MON?
2026/09/01 20:30:19,31597271,32.1,,CONSTANT,0
2026/09/01 20:30:24,31602340,01,TEMP,S31.8
2026/09/01 20:30:24,31602342,OK:01,TEMP,S31.8
2026/09/01 20:30:29,31607410,01,MON?
2026/09/01 20:30:29,31607412,31.4,,CONSTANT,0
2026/09/01 20:30:30,31608424,01,TEMP,S31.7
2026/09/01 20:30:30,31608425,OK:01,TEMP,S31.7
2026/09/01 20:30:36,31614508,01,TEMP,S31.6
2026/09/01 20:30:36,31614512,OK:01,TEMP,S31.6
2026/09/01 20:30:39,31617551,01,MON?
2026/09/01 20:30:39,31617551,30.9,,CONSTANT,0
2026/09/01 20:30:42,31620596,01,TEMP,S31.5
2026/09/01 20:30:42,31620597,OK:01,TEMP,S31.5
2026/09/01 20:30:48,31626676,01,TEMP,S31.4
2026/09/01 20:30:48,31626676,OK:01,TEMP,S31.4
2026/09/01 20:30:49,31627691,01,MON?
2026/09/01 20:30:49,31627692,31.9,,CONSTANT,0
2026/09/01 20:30:53,31631746,01,TEMP,S31.3
2026/09/01 20:30:53,31631746,OK:01,TEMP,S31.3
2026/09/01 20:30:59,31637831,01,MON?
2026/09/01 20:30:59,31637832,31.2,,CONSTANT,0
2026/09/01 20:30:59,31637832,01,TEMP,S31.2
2026/09/01 20:30:59,31637833,OK:01,TEMP,S31.2
2026/09/01 20:31:05,31643914,01,TEMP,S31.1
2026/09/01 20:31:05,31643915,OK:01,TEMP,S31.1
2026/09/01 20:31:09,31647970,01,MON?
2026/09/01 20:31:09,31647970,31.4,,CONSTANT,0
2026/09/01 20:31:12,31649999,01,TEMP,S31.0
2026/09/01 20:31:12,31649999,OK:01,TEMP,S31.0
2026/09/01 20:31:18,31656082,01,TEMP,S30.9
2026/09/01 20:31:18,31656085,OK:01,TEMP,S30.9
2026/09/01 20:31:20,31658112,01,MON?
2026/09/01 20:31:20,31658116,31.0,,CONSTANT,0
2026/09/01 20:31:24,31662168,01,TEMP,S30.8
2026/09/01 20:31:24,31662172,OK:01,TEMP,S30.8
2026/09/01 20:31:30,31668251,01,MON?
2026/09/01 20:31:30,31668253,30.9,,CONSTANT,0
2026/09/01 20:31:30,31668254,01,TEMP,S30.7
2026/09/01 20:31:30,31668254,OK:01,TEMP,S30.7
2026/09/01 20:31:36,31674334,01,TEMP,S30.6
2026/09/01 20:31:36,31674336,OK:01,TEMP,S30.6
2026/09/01 20:31:40,31678391,01,MON?
2026/09/01 20:31:40,31678394,30.9,,CONSTANT,0
2026/09/01 20:31:42,31680419,01,TEMP,S30.5
2026/09/01 20:31:42,31680421,OK:01,TEMP,S30.5
2026/09/01 20:31:48,31686502,01,TEMP,S30.4
2026/09/01 20:31:48,31686503,OK:01,TEMP,S30.4
2026/09/01 20:31:50,31688530,01,MON?
2026/09/01 20:31:50,31688531,31.0,,CONSTANT,0
2026/09/01 20:31:54,31692588,01,TEMP,S30.3
2026/09/01 20:31:54,31692593,OK:01,TEMP,S30.3
2026/09/01 20:32:00,31698672,01,MON?
2026/09/01 20:32:00,31698673,29.6,,CONSTANT,0
2026/09/01 20:32:00,31698673,01,TEMP,S30.2
2026/09/01 20:32:00,31698674,OK:01,TEMP,S30.2
2026/09/01 20:32:05,31703741,01,TEMP,S30.1
2026/09/01 20:32:05,31703741,OK:01,TEMP,S30.1
2026/09/01 20:32:10,31708810,01,MON?
2026/09/01 20:32:10,31708810,30.2,,CONSTANT,0
2026/09/01 20:32:11,31709824,01,TEMP,S30.0
2026/09/01 20:32:11,31709825,OK:01,TEMP,S30.0
2026/09/01 20:32:17,31715909,01,TEMP,S29.9
2026/09/01 20:32:17,31715910,OK:01,TEMP,S29.9
2026/09/01 20:32:20,31718951,01,MON?
2026/09/01 20:32:20,31718952,30.8,,CONSTANT,0
2026/09/01 20:32:24,31721992,01,TEMP,S29.8
2026/09/01 20:32:24,31721993,OK:01,TEMP,S29.8
2026/09/01 20:32:30,31728077,01,TEMP,S29.7
2026/09/01 20:32:30,31728080,OK:01,TEMP,S29.7
2026/09/01 20:32:31,31729091,01,MON?
2026/09/01 20:32:31,31729091,29.0,,CONSTANT,0
2026/09/01 20:32:36,31734161,01,TEMP,S29.6
2026/09/01 20:32:36,31734164,OK:01,TEMP,S29.6
2026/09/01 20:32:41,31739231,01,MON?
2026/09/01 20:32:41,31739234,28.9,,CONSTANT,0
2026/09/01 20:32:42,31740245,01,TEMP,S29.5
2026/09/01 20:32:42,31740245,OK:01,TEMP,S29.5
2026/09/01 20:32:48,31746329,01,TEMP,S29.4
2026/09/01 20:32:48,31746332,OK:01,TEMP,S29.4
2026/09/01 20:32:51,31749371,01,MON?
2026/09/01 20:32:51,31749374,30.3,,CONSTANT,0
2026/09/01 20:32:54,31752413,01,TEMP,S29.3
2026/09/01 20:32:54,31752418,OK:01,TEMP,S29.3
2026/09/01 20:33:00,31758497,01,TEMP,S29.2
2026/09/01 20:33:00,31758501,OK:01,TEMP,S29.2
2026/09/01 20:33:01,31759511,01,MON?
2026/09/01 20:33:01,31759511,29.2,,CONSTANT,0
2026/09/01 20:33:06,31764581,01,TEMP,S29.1
2026/09/01 20:33:06,31764582,OK:01,TEMP,S29.1
2026/09/01 20:33:11,31769651,01,MON?
2026/09/01 20:33:11,31769653,28.9,,CONSTANT,0
2026/09/01 20:33:12,31770666,01,TEMP,S29.0
2026/09/01 20:33:12,31770666,OK:01,TEMP,S29.0
2026/09/01 20:33:17,31775735,01,TEMP,S28.9
2026/09/01 20:33:17,31775738,OK:01,TEMP,S28.9
2026/09/01 20:33:21,31779792,01,MON?
2026/09/01 20:33:21,31779792,29.0,,CONSTANT,0
2026/09/01 20:33:23,31781820,01,TEMP,S28.8
2026/09/01 20:33:23,31781821,OK:01,TEMP,S28.8
2026/09/01 20:33:29,31787904,01,TEMP,S28.7
2026/09/01 20:33:29,31787904,OK:01,TEMP,S28.7
2026/09/01 20:33:31,31789931,01,MON?
2026/09/01 20:33:31,31789931,28.3,,CONSTANT,0
2026/09/01 20:33:36,31793987,01,TEMP,S28.6
2026/09/01 20:33:36,31793988,OK:01,TEMP,S28.6
2026/09/01 20:33:42,31800072,01,MON?
2026/09/01 20:33:42,31800076,28.0,,CONSTANT,0
2026/09/01 20:33:42,31800076,01,TEMP,S28.5
2026/09/01 20:33:42,31800077,OK:01,TEMP,S28.5
2026/09/01 20:33:48,31806155,01,TEMP,S28.4
2026/09/01 20:33:48,31806158,OK:01,TEMP,S28.4
2026/09/01 20:33:52,31810212,01,MON?
2026/09/01 20:33:52,31810212,27.5,,CONSTANT,0
2026/09/01 20:33:54,31812239,01,TEMP,S28.3
2026/09/01 20:33:54,31812241,OK:01,TEMP,S28.3
2026/09/01 20:34:00,31818324,01,TEMP,S28.2
2026/09/01 20:34:00,31818329,OK:01,TEMP,S28.2
2026/09/01 20:34:02,31820351,01,MON?
2026/09/01 20:34:02,31820351,27.4,,CONSTANT,0
2026/09/01 20:34:06,31824408,01,TEMP,S28.1
2026/09/01 20:34:06,31824410,OK:01,TEMP,S28.1
2026/09/01 20:34:12,31830492,01,MON?
2026/09/01 20:34:12,31830494,28.3,,CONSTANT,0
2026/09/01 20:34:12,31830495,01,TEMP,S28.0
2026/09/01 20:34:12,31830495,OK:01,TEMP,S28.0
2026/09/01 20:34:18,31836577,01,TEMP,S27.9
2026/09/01 20:34:18,31836578,OK:01,TEMP,S27.9
2026/09/01 20:34:22,31840631,01,MON?
2026/09/01 20:34:22,31840632,28.1,,CONSTANT,0
2026/09/01 20:34:24,31842659,01,TEMP,S27.8
2026/09/01 20:34:24,31842660,OK:01,TEMP,S27.8
2026/09/01 20:34:30,31848743,01,TEMP,S27.7
2026/09/01 20:34:30,31848744,OK:01,TEMP,S27.7
2026/09/01 20:34:32,31850773,01,MON?
2026/09/01 20:34:32,31850774,27.4,,CONSTANT,0
2026/09/01 20:34:35,31853814,01,TEMP,S27.6
2026/09/01 20:34:35,31853815,OK:01,TEMP,S27.6
2026/09/01 20:34:41,31859897,01,TEMP,S27.5
2026/09/01 20:34:41,31859898,OK:01,TEMP,S27.5
2026/09/01 20:34:42,31860912,01,MON?
2026/09/01 20:34:42,31860913,28.3,,CONSTANT,0
2026/09/01 20:34:47,31865981,01,TEMP,S27.4
2026/09/01 20:34:47,31865983,OK:01,TEMP,S27.4
2026/09/01 20:34:53,31871052,01,MON?
2026/09/01 20:34:53,31871052,26.7,,CONSTANT,0
2026/09/01 20:34:54,31872066,01,TEMP,S27.3
2026/09/01 20:34:54,31872066,OK:01,TEMP,S27.3
2026/09/01 20:35:00,31878150,01,TEMP,S27.2
2026/09/01 20:35:00,31878154,OK:01,TEMP,S27.2
2026/09/01 20:35:03,31881191,01,MON?
2026/09/01 20:35:03,31881192,27.4,,CONSTANT,0
2026/09/01 20:35:06,31884233,01,TEMP,S27.1
2026/09/01 20:35:06,31884236,OK:01,TEMP,S27.1
2026/09/01 20:35:12,31890318,01,TEMP,S27.0
2026/09/01 20:35:12,31890328,OK:01,TEMP,S27.0
2026/09/01 20:35:13,31891332,01,MON?
2026/09/01 20:35:13,31891333,26.7,,CONSTANT,0
2026/09/01 20:35:18,31896402,01,TEMP,S26.9
2026/09/01 20:35:18,31896404,OK:01,TEMP,S26.9
2026/09/01 20:35:23,31901471,01,MON?
2026/09/01 20:35:23,31901473,27.2,,CONSTANT,0
2026/09/01 20:35:24,31902486,01,TEMP,S26.8
2026/09/01 20:35:24,31902487,OK:01,TEMP,S26.8
2026/09/01 20:35:30,31908570,01,TEMP,S26.7
2026/09/01 20:35:30,31908572,OK:01,TEMP,S26.7
2026/09/01 20:35:33,31911612,01,MON?
2026/09/01 20:35:33,31911612,26.7,,CONSTANT,0
2026/09/01 20:35:36,31914654,01,TEMP,S26.6
2026/09/01 20:35:36,31914655,OK:01,TEMP,S26.6
2026/09/01 20:35:42,31920738,01,TEMP,S26.5
2026/09/01 20:35:42,31920739,OK:01,TEMP,S26.5
2026/09/01 20:35:43,31921752,01,MON?
2026/09/01 20:35:43,31921753,26.5,,CONSTANT,0
2026/09/01 20:35:47,31925808,01,TEMP,S26.4
2026/09/01 20:35:47,31925809,OK:01,TEMP,S26.4
2026/09/01 20:35:53,31931893,01,MON?
2026/09/01 20:35:53,31931893,26.4,,CONSTANT,0
2026/09/01 20:35:53,31931894,01,TEMP,S26.3
2026/09/01 20:35:53,31931894,OK:01,TEMP,S26.3
2026/09/01 20:35:59,31937978,01,TEMP,S26.2
2026/09/01 20:35:59,31937978,OK:01,TEMP,S26.2
2026/09/01 20:36:04,31942033,01,MON?
2026/09/01 20:36:04,31942034,26.1,,CONSTANT,0
2026/09/01 20:36:06,31944060,01,TEMP,S26.1
2026/09/01 20:36:06,31944063,OK:01,TEMP,S26.1
2026/09/01 20:36:12,31950145,01,TEMP,S26.0
2026/09/01 20:36:12,31950148,OK:01,TEMP,S26.0
2026/09/01 20:36:14,31952173,01,MON?
2026/09/01 20:36:14,31952175,25.5,,CONSTANT,0
2026/09/01 20:36:18,31956230,01,TEMP,S25.9
2026/09/01 20:36:18,31956234,OK:01,TEMP,S25.9
2026/09/01 20:36:24,31962312,01,MON?
2026/09/01 20:36:24,31962315,26.5,,CONSTANT,0
2026/09/01 20:36:24,31962316,01,TEMP,S25.8
2026/09/01 20:36:24,31962317,OK:01,TEMP,S25.8
2026/09/01 20:36:30,31968398,01,TEMP,S25.7
2026/09/01 20:36:30,31968401,OK:01,TEMP,S25.7
2026/09/01 20:36:34,31972454,01,MON?
2026/09/01 20:36:34,31972458,26.1,,CONSTANT,0
2026/09/01 20:36:36,31974481,01,TEMP,S25.6
2026/09/01 20:36:36,31974485,OK:01,TEMP,S25.6
2026/09/01 20:36:42,31980564,01,TEMP,S25.5
2026/09/01 20:36:42,31980564,OK:01,TEMP,S25.5
2026/09/01 20:36:44,31982592,01,MON?
2026/09/01 20:36:44,31982593,24.7,,CONSTANT,0
2026/09/01 20:36:48,31986648,01,TEMP,S25.4
2026/09/01 20:36:48,31986651,OK:01,TEMP,S25.4
2026/09/01 20:36:54,31992733,01,MON?
2026/09/01 20:36:54,31992734,25.3,,CONSTANT,0
2026/09/01 20:36:54,31992734,01,TEMP,S25.3
2026/09/01 20:36:54,31992735,OK:01,TEMP,S25.3
2026/09/01 20:37:00,31998816,01,TEMP,S25.2
2026/09/01 20:37:00,31998817,OK:01,TEMP,S25.2
2026/09/01 20:37:04,32002873,01,MON?
2026/09/01 20:37:04,32002873,24.7,,CONSTANT,0
2026/09/01 20:37:05,32003886,01,TEMP,S25.1
2026/09/01 20:37:05,32003886,OK:01,TEMP,S25.1
2026/09/01 20:37:11,32009971,01,TEMP,S25.0
2026/09/01 20:37:11,32009971,OK:01,TEMP,S25.0
2026/09/01 20:37:15,32013014,01,MON?
2026/09/01 20:37:15,32013014,24.8,,CONSTANT,0
2026/09/01 20:37:15,32013015,ÇoÇbÇ…ÇÊÇÈÅBÉâÉìÉvâ^ì]èIóπ
2026/09/01 20:37:15,32013015,01,TEMP,S25.0
2026/09/01 20:37:15,32013016,OK:01,TEMP,S25.0
2026/09/01 20:37:25,32023830,01,MON?
2026/09/01 20:37:25,32023831,24.2,,CONSTANT,0
2026/09/01 20:37:35,32033968,01,MON?
2026/09/01 20:37:35,32033970,25.6,,CONSTANT,0
2026/09/01 20:37:46,32044109,01,MON?
2026/09/01 20:37:46,32044111,25.7,,CONSTANT,0
2026/09/01 20:37:56,32054248,01,MON?
2026/09/01 20:37:56,32054255,24.9,,CONSTANT,0
2026/09/01 20:38:06,32064390,01,MON?
2026/09/01 20:38:06,32064397,25.5,,CONSTANT,0
2026/09/01 20:38:14,32072516,01,TEMP,S25.0
2026/09/01 20:38:14,32072523,OK:01,TEMP,S25.0
2026/09/01 20:38:14,32072524,01,MODE,CONSTANT
2026/09/01 20:38:14,32072525,OK:01,MODE,CONSTANT
2026/09/01 20:38:14,32072527,01,SET,REF1
2026/09/01 20:38:14,32072528,OK:01,SET,REF1
2026/09/01 20:38:16,32074540,01,MON?
2026/09/01 20:38:16,32074542,24.9,,CONSTANT,0
2026/09/01 20:38:26,32084680,01,MON?
2026/09/01 20:38:26,32084687,24.0,,CONSTANT,0
2026/09/01 20:38:36,32094821,01,MON?
2026/09/01 20:38:36,32094823,25.7,,CONSTANT,0
2026/09/01 20:38:46,32104959,01,MON?
2026/09/01 20:38:46,32104960,24.4,,CONSTANT,0
2026/09/01 20:38:57,32115100,01,MON?
2026/09/01 20:38:57,32115102,24.6,,CONSTANT,0
2026/09/01 20:39:07,32125239,01,MON?
2026/09/01 20:39:07,32125241,25.9,,CONSTANT,0
2026/09/01 20:39:17,32135380,01,MON?
2026/09/01 20:39:17,32135381,25.6,,CONSTANT,0
2026/09/01 20:39:27,32145519,01,MON?
2026/09/01 20:39:27,32145525,24.3,,CONSTANT,0
2026/09/01 20:39:37,32155660,01,MON?
2026/09/01 20:39:37,32155662,24.1,,CONSTANT,0
2026/09/01 20:39:47,32165800,01,MON?
2026/09/01 20:39:47,32165802,24.2,,CONSTANT,0
2026/09/01 20:39:57,32175940,01,MON?
2026/09/01 20:39:57,32175942,24.9,,CONSTANT,0
2026/09/01 20:40:08,32186081,01,MON?
2026/09/01 20:40:08,32186083,25.5,,CONSTANT,0
2026/09/01 20:40:18,32196221,01,MON?
2026/09/01 20:40:18,32196229,25.1,,CONSTANT,0
2026/09/01 20:40:28,32206361,01,MON?
2026/09/01 20:40:28,32206366,24.7,,CONSTANT,0
2026/09/01 20:40:38,32216500,01,MON?
2026/09/01 20:40:38,32216507,24.9,,CONSTANT,0
2026/09/01 20:40:48,32226641,01,MON?
2026/09/01 20:40:48,32226643,24.4,,CONSTANT,0
2026/09/01 20:40:58,32236781,01,MON?
2026/09/01 20:40:58,32236782,24.2,,CONSTANT,0
2026/09/01 20:41:08,32246920,01,MON?
2026/09/01 20:41:08,32246922,24.6,,CONSTANT,0
2026/09/01 20:41:19,32257061,01,MON?
2026/09/01 20:41:19,32257062,24.1,,CONSTANT,0
2026/09/01 20:41:29,32267200,01,MON?
2026/09/01 20:41:29,32267202,24.2,,CONSTANT,0
2026/09/01 20:41:39,32277341,01,MON?
2026/09/01 20:41:39,32277343,24.3,,CONSTANT,0
2026/09/01 20:41:49,32287481,01,MON?
2026/09/01 20:41:49,32287483,25.3,,CONSTANT,0
2026/09/01 20:41:59,32297621,01,MON?
2026/09/01 20:41:59,32297622,25.6,,CONSTANT,0
2026/09/01 20:42:09,32307761,01,MON?
2026/09/01 20:42:09,32307763,24.9,,CONSTANT,0
2026/09/01 20:42:19,32317901,01,MON?
2026/09/01 20:42:19,32317902,25.7,,CONSTANT,0
2026/09/01 20:42:30,32328041,01,MON?
2026/09/01 20:42:30,32328041,25.7,,CONSTANT,0
2026/09/01 20:42:40,32338182,01,MON?
2026/09/01 20:42:40,32338189,25.6,,CONSTANT,0
2026/09/01 20:42:50,32348321,01,MON?
2026/09/01 20:42:50,32348328,25.5,,CONSTANT,0
2026/09/01 20:43:00,32358462,01,MON?
2026/09/01 20:43:00,32358469,25.6,,CONSTANT,0
2026/09/01 20:43:10,32368602,01,MON?
2026/09/01 20:43:10,32368609,24.7,,CONSTANT,0
2026/09/01 20:43:20,32378743,01,MON?
2026/09/01 20:43:20,32378745,24.9,,CONSTANT,0
2026/09/01 20:43:30,32388882,01,MON?
2026/09/01 20:43:30,32388884,24.6,,CONSTANT,0
2026/09/01 20:43:41,32399022,01,MON?
2026/09/01 20:43:41,32399024,24.1,,CONSTANT,0
2026/09/01 20:43:51,32409162,01,MON?
2026/09/01 20:43:51,32409164,25.2,,CONSTANT,0
2026/09/01 20:44:01,32419302,01,MON?
2026/09/01 20:44:01,32419304,24.6,,CONSTANT,0
2026/09/01 20:44:11,32429442,01,MON?
2026/09/01 20:44:11,32429444,25.7,,CONSTANT,0
2026/09/01 20:44:21,32439581,01,MON?
2026/09/01 20:44:21,32439583,25.0,,CONSTANT,0
2026/09/01 20:44:31,32449722,01,MON?
2026/09/01 20:44:31,32449724,25.5,,CONSTANT,0
2026/09/01 20:44:41,32459861,01,MON?
2026/09/01 20:44:41,32459863,24.9,,CONSTANT,0
2026/09/01 20:44:52,32470002,01,MON?
2026/09/01 20:44:52,32470004,25.6,,CONSTANT,0
2026/09/01 20:45:02,32480142,01,MON?
2026/09/01 20:45:02,32480149,24.1,,CONSTANT,0
2026/09/01 20:45:12,32490282,01,MON?
2026/09/01 20:45:12,32490284,24.4,,CONSTANT,0
2026/09/01 20:45:22,32500423,01,MON?
2026/09/01 20:45:22,32500430,25.1,,CONSTANT,0
2026/09/01 20:45:32,32510562,01,MON?
2026/09/01 20:45:32,32510569,25.4,,CONSTANT,0
2026/09/01 20:45:42,32520703,01,MON?
2026/09/01 20:45:42,32520705,24.9,,CONSTANT,0
2026/09/01 20:45:52,32530843,01,MON?
2026/09/01 20:45:52,32530845,25.0,,CONSTANT,0
2026/09/01 20:46:02,32540982,01,MON?
2026/09/01 20:46:03,32540984,24.2,,CONSTANT,0
2026/09/01 20:46:13,32551123,01,MON?
2026/09/01 20:46:13,32551125,24.5,,CONSTANT,0
2026/09/01 20:46:23,32561262,01,MON?
2026/09/01 20:46:23,32561264,24.4,,CONSTANT,0
2026/09/01 20:46:33,32571404,01,MON?
2026/09/01 20:46:33,32571406,24.3,,CONSTANT,0
2026/09/01 20:46:43,32581542,01,MON?
2026/09/01 20:46:43,32581544,25.0,,CONSTANT,0
2026/09/01 20:46:53,32591683,01,MON?
2026/09/01 20:46:53,32591684,24.5,,CONSTANT,0
2026/09/01 20:47:03,32601823,01,MON?
2026/09/01 20:47:03,32601825,25.4,,CONSTANT,0
2026/09/01 20:47:13,32611963,01,MON?
2026/09/01 20:47:13,32611965,25.8,,CONSTANT,0
2026/09/01 20:47:24,32622103,01,MON?
2026/09/01 20:47:24,32622105,24.0,,CONSTANT,0
2026/09/01 20:47:34,32632243,01,MON?
2026/09/01 20:47:34,32632249,25.2,,CONSTANT,0
2026/09/01 20:47:44,32642383,01,MON?
2026/09/01 20:47:44,32642391,24.5,,CONSTANT,0
2026/09/01 20:47:54,32652524,01,MON?
2026/09/01 20:47:54,32652525,24.5,,CONSTANT,0
2026/09/01 20:48:04,32662663,01,MON?
2026/09/01 20:48:04,32662665,24.7,,CONSTANT,0
2026/09/01 20:48:14,32672805,01,MON?
2026/09/01 20:48:14,32672807,25.7,,CONSTANT,0
2026/09/01 20:48:14,32672808,ÇoÇbÇ…ÇÊÇÈÅBÉâÉìÉvâ^ì]èIóπ
2026/09/01 20:48:14,32672809,01,TEMP,S25.0
2026/09/01 20:48:14,32672811,OK:01,TEMP,S25.0
2026/09/01 20:48:25,32683121,01,MON?
2026/09/01 20:48:25,32683122,25.5,,CONSTANT,0
2026/09/01 20:48:35,32693267,01,MON?
2026/09/01 20:48:35,32693268,25.2,,CONSTANT,0
2026/09/01 20:48:45,32703400,01,MON?
2026/09/01 20:48:45,32703402,25.1,,CONSTANT,0
2026/09/01 20:48:55,32713541,01,MON?
2026/09/01 20:48:55,32713543,25.6,,CONSTANT,0
2026/09/01 20:49:05,32723681,01,MON?
2026/09/01 20:49:05,32723682,25.9,,CONSTANT,0
2026/09/01 20:49:14,32732805,01,TEMP,S25.0
2026/09/01 20:49:14,32732807,OK:01,TEMP,S25.0
2026/09/01 20:49:14,32732809,01,MODE,CONSTANT
2026/09/01 20:49:14,32732810,OK:01,MODE,CONSTANT
2026/09/01 20:49:14,32732811,01,SET,REF1
2026/09/01 20:49:14,32732813,OK:01,SET,REF1
2026/09/01 20:49:15,32733816,01,MON?
2026/09/01 20:49:15,32733818,24.8,,CONSTANT,0
2026/09/01 20:49:16,32734830,01,TEMP,S25.1
2026/09/01 20:49:16,32734832,OK:01,TEMP,S25.1
2026/09/01 20:49:22,32740913,01,TEMP,S25.2
2026/09/01 20:49:22,32740920,OK:01,TEMP,S25.2
2026/09/01 20:49:25,32743956,01,MON?
2026/09/01 20:49:25,32743957,24.5,,CONSTANT,0
2026/09/01 20:49:29,32746998,01,TEMP,S25.3
2026/09/01 20:49:29,32747000,OK:01,TEMP,S25.3
2026/09/01 20:49:35,32753081,01,TEMP,S25.4
2026/09/01 20:49:35,32753083,OK:01,TEMP,S25.4
2026/09/01 20:49:36,32754095,01,MON?
2026/09/01 20:49:36,32754097,25.1,,CONSTANT,0
2026/09/01 20:49:41,32759167,01,TEMP,S25.5
2026/09/01 20:49:41,32759174,OK:01,TEMP,S25.5
2026/09/01 20:49:46,32764236,01,MON?
2026/09/01 20:49:46,32764238,25.3,,CONSTANT,0
2026/09/01 20:49:47,32765250,01,TEMP,S25.6
2026/09/01 20:49:47,32765251,OK:01,TEMP,S25.6
2026/09/01 20:49:53,32771333,01,TEMP,S25.7
2026/09/01 20:49:53,32771334,OK:01,TEMP,S25.7
2026/09/01 20:49:56,32774375,01,MON?
2026/09/01 20:49:56,32774383,26.4,,CONSTANT,0
2026/09/01 20:49:59,32777418,01,TEMP,S25.8
2026/09/01 20:49:59,32777420,OK:01,TEMP,S25.8
2026/09/01 20:50:05,32783502,01,TEMP,S25.9
2026/09/01 20:50:05,32783507,OK:01,TEMP,S25.9
2026/09/01 20:50:06,32784517,01,MON?
2026/09/01 20:50:06,32784518,25.5,,CONSTANT,0
2026/09/01 20:50:11,32789586,01,TEMP,S26.0
2026/09/01 20:50:11,32789588,OK:01,TEMP,S26.0
2026/09/01 20:50:16,32794657,01,MON?
2026/09/01 20:50:16,32794659,26.4,,CONSTANT,0
2026/09/01 20:50:17,32795671,01,TEMP,S26.1
2026/09/01 20:50:17,32795673,OK:01,TEMP,S26.1
2026/09/01 20:50:23,32801754,01,TEMP,S26.2
2026/09/01 20:50:23,32801756,OK:01,TEMP,S26.2
2026/09/01 20:50:26,32804795,01,MON?
2026/09/01 20:50:26,32804796,25.2,,CONSTANT,0
2026/09/01 20:50:29,32807837,01,TEMP,S26.3
2026/09/01 20:50:29,32807844,OK:01,TEMP,S26.3
2026/09/01 20:50:34,32812908,01,TEMP,S26.4
2026/09/01 20:50:34,32812910,OK:01,TEMP,S26.4
2026/09/01 20:50:36,32814936,01,MON?
2026/09/01 20:50:36,32814937,26.4,,CONSTANT,0
2026/09/01 20:50:41,32818992,01,TEMP,S26.5
2026/09/01 20:50:41,32818996,OK:01,TEMP,S26.5
2026/09/01 20:50:47,32825075,01,MON?
2026/09/01 20:50:47,32825077,26.3,,CONSTANT,0
2026/09/01 20:50:47,32825078,01,TEMP,S26.6
2026/09/01 20:50:47,32825079,OK:01,TEMP,S26.6
2026/09/01 20:50:53,32831160,01,TEMP,S26.7
2026/09/01 20:50:53,32831162,OK:01,TEMP,S26.7
2026/09/01 20:50:57,32835216,01,MON?
2026/09/01 20:50:57,32835223,26.2,,CONSTANT,0
2026/09/01 20:50:59,32837244,01,TEMP,S26.8
2026/09/01 20:50:59,32837246,OK:01,TEMP,S26.8
2026/09/01 20:51:05,32843328,01,TEMP,S26.9
2026/09/01 20:51:05,32843330,OK:01,TEMP,S26.9
2026/09/01 20:51:07,32845355,01,MON?
2026/09/01 20:51:07,32845357,26.8,,CONSTANT,0
2026/09/01 20:51:11,32849412,01,TEMP,S27.0
2026/09/01 20:51:11,32849420,OK:01,TEMP,S27.0
2026/09/01 20:51:17,32855496,01,MON?
2026/09/01 20:51:17,32855497,26.2,,CONSTANT,0
2026/09/01 20:51:17,32855499,01,TEMP,S27.1
2026/09/01 20:51:17,32855500,OK:01,TEMP,S27.1
2026/09/01 20:51:23,32861580,01,TEMP,S27.2
2026/09/01 20:51:23,32861582,OK:01,TEMP,S27.2
2026/09/01 20:51:27,32865637,01,MON?
2026/09/01 20:51:27,32865638,26.8,,CONSTANT,0
2026/09/01 20:51:29,32867665,01,TEMP,S27.3
2026/09/01 20:51:29,32867666,OK:01,TEMP,S27.3
2026/09/01 20:51:35,32873749,01,TEMP,S27.4
2026/09/01 20:51:35,32873751,OK:01,TEMP,S27.4
2026/09/01 20:51:37,32875777,01,MON?
2026/09/01 20:51:37,32875779,26.6,,CONSTANT,0
2026/09/01 20:51:41,32879833,01,TEMP,S27.5
2026/09/01 20:51:41,32879835,OK:01,TEMP,S27.5
2026/09/01 20:51:46,32884902,01,TEMP,S27.6
2026/09/01 20:51:46,32884904,OK:01,TEMP,S27.6
2026/09/01 20:51:47,32885917,01,MON?
2026/09/01 20:51:47,32885919,26.9,,CONSTANT,0
2026/09/01 20:51:53,32890987,01,TEMP,S27.7
2026/09/01 20:51:53,32890989,OK:01,TEMP,S27.7
2026/09/01 20:51:58,32896057,01,MON?
2026/09/01 20:51:58,32896063,27.2,,CONSTANT,0
2026/09/01 20:51:59,32897070,01,TEMP,S27.8
2026/09/01 20:51:59,32897072,OK:01,TEMP,S27.8
2026/09/01 20:52:05,32903154,01,TEMP,S27.9
2026/09/01 20:52:05,32903156,OK:01,TEMP,S27.9
2026/09/01 20:52:08,32906196,01,MON?
2026/09/01 20:52:08,32906198,27.7,,CONSTANT,0
2026/09/01 20:52:11,32909239,01,TEMP,S28.0
2026/09/01 20:52:11,32909247,OK:01,TEMP,S28.0
2026/09/01 20:52:17,32915322,01,TEMP,S28.1
2026/09/01 20:52:17,32915324,OK:01,TEMP,S28.1
2026/09/01 20:52:18,32916337,01,MON?
2026/09/01 20:52:18,32916339,27.5,,CONSTANT,0
2026/09/01 20:52:23,32921408,01,TEMP,S28.2
2026/09/01 20:52:23,32921414,OK:01,TEMP,S28.2
2026/09/01 20:52:28,32926476,01,MON?
2026/09/01 20:52:28,32926477,28.9,,CONSTANT,0
2026/09/01 20:52:29,32927490,01,TEMP,S28.3
2026/09/01 20:52:29,32927491,OK:01,TEMP,S28.3
2026/09/01 20:52:35,32933574,01,TEMP,S28.4
2026/09/01 20:52:35,32933581,OK:01,TEMP,S28.4
2026/09/01 20:52:38,32936617,01,MON?
2026/09/01 20:52:38,32936619,27.8,,CONSTANT,0
2026/09/01 20:52:41,32939659,01,TEMP,S28.5
2026/09/01 20:52:41,32939661,OK:01,TEMP,S28.5
2026/09/01 20:52:47,32945743,01,TEMP,S28.6
2026/09/01 20:52:47,32945745,OK:01,TEMP,S28.6
2026/09/01 20:52:48,32946757,01,MON?
2026/09/01 20:52:48,32946759,29.2,,CONSTANT,0
2026/09/01 20:52:53,32951827,01,TEMP,S28.7
2026/09/01 20:52:53,32951834,OK:01,TEMP,S28.7
2026/09/01 20:52:58,32956897,01,MON?
2026/09/01 20:52:58,32956899,29.5,,CONSTANT,0
2026/09/01 20:52:58,32956900,01,TEMP,S28.8
2026/09/01 20:52:58,32956901,OK:01,TEMP,S28.8
2026/09/01 20:53:04,32962980,01,TEMP,S28.9
2026/09/01 20:53:04,32962982,OK:01,TEMP,S28.9
2026/09/01 20:53:09,32967036,01,MON?
2026/09/01 20:53:09,32967038,28.9,,CONSTANT,0
2026/09/01 20:53:11,32969065,01,TEMP,S29.0
2026/09/01 20:53:11,32969067,OK:01,TEMP,S29.0
2026/09/01 20:53:17,32975149,01,TEMP,S29.1
2026/09/01 20:53:17,32975151,OK:01,TEMP,S29.1
2026/09/01 20:53:19,32977177,01,MON?
2026/09/01 20:53:19,32977178,30.0,,CONSTANT,0
2026/09/01 20:53:23,32981233,01,TEMP,S29.2
2026/09/01 20:53:23,32981240,OK:01,TEMP,S29.2
2026/09/01 20:53:29,32987317,01,MON?
2026/09/01 20:53:29,32987319,29.2,,CONSTANT,0
2026/09/01 20:53:29,32987326,01,TEMP,S29.3
2026/09/01 20:53:29,32987327,OK:01,TEMP,S29.3
2026/09/01 20:53:35,32993401,01,TEMP,S29.4
2026/09/01 20:53:35,32993403,OK:01,TEMP,S29.4
2026/09/01 20:53:39,32997457,01,MON?
2026/09/01 20:53:39,32997464,29.6,,CONSTANT,0
2026/09/01 20:53:41,32999485,01,TEMP,S29.5
2026/09/01 20:53:41,32999487,OK:01,TEMP,S29.5
2026/09/01 20:53:47,33005569,01,TEMP,S29.6
2026/09/01 20:53:47,33005570,OK:01,TEMP,S29.6
2026/09/01 20:53:49,33007597,01,MON?
2026/09/01 20:53:49,33007599,29.4,,CONSTANT,0
2026/09/01 20:53:53,33011653,01,TEMP,S29.7
2026/09/01 20:53:53,33011655,OK:01,TEMP,S29.7
2026/09/01 20:53:59,33017737,01,MON?
2026/09/01 20:53:59,33017739,29.3,,CONSTANT,0
2026/09/01 20:53:59,33017740,01,TEMP,S29.8
2026/09/01 20:53:59,33017741,OK:01,TEMP,S29.8
2026/09/01 20:54:05,33023821,01,TEMP,S29.9
2026/09/01 20:54:05,33023823,OK:01,TEMP,S29.9
2026/09/01 20:54:09,33027877,01,MON?
2026/09/01 20:54:09,33027879,30.8,,CONSTANT,0
2026/09/01 20:54:11,33029906,01,TEMP,S30.0
2026/09/01 20:54:11,33029907,OK:01,TEMP,S30.0
2026/09/01 20:54:16,33034976,01,TEMP,S30.1
2026/09/01 20:54:16,33034978,OK:01,TEMP,S30.1
2026/09/01 20:54:20,33038017,01,MON?
2026/09/01 20:54:20,33038019,30.9,,CONSTANT,0
2026/09/01 20:54:23,33041059,01,TEMP,S30.2
2026/09/01 20:54:23,33041068,OK:01,TEMP,S30.2
2026/09/01 20:54:29,33047144,01,TEMP,S30.3
2026/09/01 20:54:29,33047145,OK:01,TEMP,S30.3
2026/09/01 20:54:30,33048158,01,MON?
2026/09/01 20:54:30,33048160,30.7,,CONSTANT,0
2026/09/01 20:54:35,33053228,01,TEMP,S30.4
2026/09/01 20:54:35,33053235,OK:01,TEMP,S30.4
2026/09/01 20:54:40,33058299,01,MON?
2026/09/01 20:54:40,33058301,30.8,,CONSTANT,0
2026/09/01 20:54:41,33059313,01,TEMP,S30.5
2026/09/01 20:54:41,33059314,OK:01,TEMP,S30.5
2026/09/01 20:54:47,33065396,01,TEMP,S30.6
2026/09/01 20:54:47,33065398,OK:01,TEMP,S30.6
2026/09/01 20:54:50,33068438,01,MON?
2026/09/01 20:54:50,33068444,30.4,,CONSTANT,0
2026/09/01 20:54:53,33071480,01,TEMP,S30.7
2026/09/01 20:54:53,33071482,OK:01,TEMP,S30.7
2026/09/01 20:54:59,33077565,01,TEMP,S30.8
2026/09/01 20:54:59,33077566,OK:01,TEMP,S30.8
2026/09/01 20:55:00,33078578,01,MON?
2026/09/01 20:55:00,33078579,30.4,,CONSTANT,0
2026/09/01 20:55:05,33083647,01,TEMP,S30.9
2026/09/01 20:55:05,33083653,OK:01,TEMP,S30.9
2026/09/01 20:55:10,33088717,01,MON?
2026/09/01 20:55:10,33088719,31.5,,CONSTANT,0
2026/09/01 20:55:11,33089732,01,TEMP,S31.0
2026/09/01 20:55:11,33089734,OK:01,TEMP,S31.0
2026/09/01 20:55:17,33095816,01,TEMP,S31.1
2026/09/01 20:55:17,33095818,OK:01,TEMP,S31.1
2026/09/01 20:55:20,33098858,01,MON?
2026/09/01 20:55:20,33098860,32.0,,CONSTANT,0
2026/09/01 20:55:23,33101899,01,TEMP,S31.2
2026/09/01 20:55:23,33101905,OK:01,TEMP,S31.2
2026/09/01 20:55:28,33106969,01,TEMP,S31.3
2026/09/01 20:55:28,33106971,OK:01,TEMP,S31.3
2026/09/01 20:55:31,33108999,01,MON?
2026/09/01 20:55:31,33109000,31.6,,CONSTANT,0
2026/09/01 20:55:35,33113054,01,TEMP,S31.4
2026/09/01 20:55:35,33113057,OK:01,TEMP,S31.4
2026/09/01 20:55:41,33119138,01,MON?
2026/09/01 20:55:41,33119138,31.0,,CONSTANT,0
2026/09/01 20:55:41,33119139,01,TEMP,S31.5
2026/09/01 20:55:41,33119139,OK:01,TEMP,S31.5
2026/09/01 20:55:47,33125221,01,TEMP,S31.6
2026/09/01 20:55:47,33125223,OK:01,TEMP,S31.6
2026/09/01 20:55:51,33129278,01,MON?
2026/09/01 20:55:51,33129280,31.5,,CONSTANT,0
2026/09/01 20:55:53,33131306,01,TEMP,S31.7
2026/09/01 20:55:53,33131313,OK:01,TEMP,S31.7
2026/09/01 20:55:59,33137390,01,TEMP,S31.8
2026/09/01 20:55:59,33137391,OK:01,TEMP,S31.8
2026/09/01 20:56:01,33139417,01,MON?
2026/09/01 20:56:01,33139419,30.9,,CONSTANT,0
2026/09/01 20:56:05,33143473,01,TEMP,S31.9
2026/09/01 20:56:05,33143479,OK:01,TEMP,S31.9
2026/09/01 20:56:11,33149558,01,MON?
2026/09/01 20:56:11,33149560,32.5,,CONSTANT,0
2026/09/01 20:56:11,33149561,01,TEMP,S32.0
2026/09/01 20:56:11,33149562,OK:01,TEMP,S32.0
2026/09/01 20:56:17,33155642,01,TEMP,S32.1
2026/09/01 20:56:17,33155644,OK:01,TEMP,S32.1
2026/09/01 20:56:21,33159697,01,MON?
2026/09/01 20:56:21,33159699,31.2,,CONSTANT,0
2026/09/01 20:56:23,33161726,01,TEMP,S32.2
2026/09/01 20:56:23,33161728,OK:01,TEMP,S32.2
2026/09/01 20:56:29,33167810,01,TEMP,S32.3
2026/09/01 20:56:29,33167811,OK:01,TEMP,S32.3
2026/09/01 20:56:31,33169838,01,MON?
2026/09/01 20:56:31,33169840,31.9,,CONSTANT,0
2026/09/01 20:56:35,33173894,01,TEMP,S32.4
2026/09/01 20:56:35,33173896,OK:01,TEMP,S32.4
2026/09/01 20:56:41,33179979,01,MON?
2026/09/01 20:56:41,33179981,32.0,,CONSTANT,0
2026/09/01 20:56:41,33179982,01,TEMP,S32.5
2026/09/01 20:56:41,33179983,OK:01,TEMP,S32.5
2026/09/01 20:56:47,33185049,01,TEMP,S32.6
2026/09/01 20:56:47,33185051,OK:01,TEMP,S32.6
2026/09/01 20:56:52,33190118,01,MON?
2026/09/01 20:56:52,33190125,31.8,,CONSTANT,0
2026/09/01 20:56:53,33191132,01,TEMP,S32.7
2026/09/01 20:56:53,33191134,OK:01,TEMP,S32.7
2026/09/01 20:56:59,33197218,01,TEMP,S32.8
2026/09/01 20:56:59,33197220,OK:01,TEMP,S32.8
2026/09/01 20:57:02,33200259,01,MON?
2026/09/01 20:57:02,33200266,32.4,,CONSTANT,0
2026/09/01 20:57:05,33203300,01,TEMP,S32.9
2026/09/01 20:57:05,33203301,OK:01,TEMP,S32.9
2026/09/01 20:57:11,33209384,01,TEMP,S33.0
2026/09/01 20:57:11,33209385,OK:01,TEMP,S33.0
2026/09/01 20:57:12,33210399,01,MON?
2026/09/01 20:57:12,33210401,33.0,,CONSTANT,0
2026/09/01 20:57:17,33215469,01,TEMP,S33.1
2026/09/01 20:57:17,33215475,OK:01,TEMP,S33.1
2026/09/01 20:57:22,33220539,01,MON?
2026/09/01 20:57:22,33220541,33.8,,CONSTANT,0
2026/09/01 20:57:23,33221553,01,TEMP,S33.2
2026/09/01 20:57:23,33221555,OK:01,TEMP,S33.2
2026/09/01 20:57:29,33227636,01,TEMP,S33.3
2026/09/01 20:57:29,33227638,OK:01,TEMP,S33.3
2026/09/01 20:57:32,33230678,01,MON?
2026/09/01 20:57:32,33230680,33.9,,CONSTANT,0
2026/09/01 20:57:35,33233722,01,TEMP,S33.4
2026/09/01 20:57:35,33233724,OK:01,TEMP,S33.4
2026/09/01 20:57:41,33239805,01,TEMP,S33.5
2026/09/01 20:57:41,33239807,OK:01,TEMP,S33.5
2026/09/01 20:57:42,33240819,01,MON?
2026/09/01 20:57:42,33240821,32.9,,CONSTANT,0
2026/09/01 20:57:47,33245889,01,TEMP,S33.6
2026/09/01 20:57:47,33245896,OK:01,TEMP,S33.6
2026/09/01 20:57:52,33250959,01,MON?
2026/09/01 20:57:52,33250961,33.6,,CONSTANT,0
2026/09/01 20:57:53,33251974,01,TEMP,S33.7
2026/09/01 20:57:53,33251976,OK:01,TEMP,S33.7
2026/09/01 20:57:59,33257044,01,TEMP,S33.8
2026/09/01 20:57:59,33257045,OK:01,TEMP,S33.8
2026/09/01 20:58:03,33261099,01,MON?
2026/09/01 20:58:03,33261106,34.4,,CONSTANT,0
2026/09/01 20:58:05,33263126,01,TEMP,S33.9
2026/09/01 20:58:05,33263127,OK:01,TEMP,S33.9
2026/09/01 20:58:11,33269211,01,TEMP,S34.0
2026/09/01 20:58:11,33269213,OK:01,TEMP,S34.0
2026/09/01 20:58:13,33271239,01,MON?
2026/09/01 20:58:13,33271240,33.9,,CONSTANT,0
2026/09/01 20:58:17,33275295,01,TEMP,S34.1
2026/09/01 20:58:17,33275301,OK:01,TEMP,S34.1
2026/09/01 20:58:23,33281378,01,MON?
2026/09/01 20:58:23,33281379,35.0,,CONSTANT,0
2026/09/01 20:58:23,33281381,01,TEMP,S34.2
2026/09/01 20:58:23,33281382,OK:01,TEMP,S34.2
2026/09/01 20:58:29,33287463,01,TEMP,S34.3
2026/09/01 20:58:29,33287464,OK:01,TEMP,S34.3
2026/09/01 20:58:33,33291519,01,MON?
2026/09/01 20:58:33,33291526,33.7,,CONSTANT,0
2026/09/01 20:58:35,33293547,01,TEMP,S34.4
2026/09/01 20:58:35,33293548,OK:01,TEMP,S34.4
2026/09/01 20:58:41,33299630,01,TEMP,S34.5
2026/09/01 20:58:41,33299631,OK:01,TEMP,S34.5
2026/09/01 20:58:43,33301659,01,MON?
2026/09/01 20:58:43,33301661,35.3,,CONSTANT,0
2026/09/01 20:58:47,33305715,01,TEMP,S34.6
2026/09/01 20:58:47,33305717,OK:01,TEMP,S34.6
2026/09/01 20:58:53,33311799,01,MON?
2026/09/01 20:58:53,33311801,34.6,,CONSTANT,0
2026/09/01 20:58:53,33311802,01,TEMP,S34.7
2026/09/01 20:58:53,33311803,OK:01,TEMP,S34.7
2026/09/01 20:58:59,33317882,01,TEMP,S34.8
2026/09/01 20:58:59,33317884,OK:01,TEMP,S34.8
2026/09/01 20:59:03,33321939,01,MON?
2026/09/01 20:59:03,33321940,35.7,,CONSTANT,0
2026/09/01 20:59:05,33323967,01,TEMP,S34.9
2026/09/01 20:59:05,33323968,OK:01,TEMP,S34.9
2026/09/01 20:59:12,33330052,01,TEMP,S35.0
2026/09/01 20:59:12,33330053,OK:01,TEMP,S35.0
2026/09/01 20:59:14,33332079,01,MON?
2026/09/01 20:59:14,33332081,34.2,,CONSTANT,0
2026/09/01 20:59:17,33335122,01,TEMP,S35.1
2026/09/01 20:59:17,33335124,OK:01,TEMP,S35.1
2026/09/01 20:59:23,33341206,01,TEMP,S35.2
2026/09/01 20:59:23,33341208,OK:01,TEMP,S35.2
2026/09/01 20:59:24,33342220,01,MON?
2026/09/01 20:59:24,33342222,34.5,,CONSTANT,0
2026/09/01 20:59:29,33347289,01,TEMP,S35.3
2026/09/01 20:59:29,33347296,OK:01,TEMP,S35.3
2026/09/01 20:59:34,33352360,01,MON?
2026/09/01 20:59:34,33352367,35.3,,CONSTANT,0
2026/09/01 20:59:35,33353374,01,TEMP,S35.4
2026/09/01 20:59:35,33353376,OK:01,TEMP,S35.4
2026/09/01 20:59:41,33359458,01,TEMP,S35.5
2026/09/01 20:59:41,33359460,OK:01,TEMP,S35.5
2026/09/01 20:59:44,33362500,01,MON?
2026/09/01 20:59:44,33362502,34.9,,CONSTANT,0
2026/09/01 20:59:47,33365541,01,TEMP,S35.6
2026/09/01 20:59:47,33365548,OK:01,TEMP,S35.6
2026/09/01 20:59:53,33371627,01,TEMP,S35.7
2026/09/01 20:59:53,33371629,OK:01,TEMP,S35.7
2026/09/01 20:59:54,33372641,01,MON?
2026/09/01 20:59:54,33372643,35.3,,CONSTANT,0
2026/09/01 20:59:59,33377710,01,TEMP,S35.8
2026/09/01 20:59:59,33377717,OK:01,TEMP,S35.8
