2026/09/01 19:00:04,26182069,01,MON?
2026/09/01 19:00:04,26182117,48.2,,CONSTANT,0
2026/09/01 19:00:05,26183083,01,TEMP,S48.9
2026/09/01 19:00:05,26183085,OK:01,TEMP,S48.9
2026/09/01 19:00:11,26189168,01,TEMP,S49.0
2026/09/01 19:00:11,26189174,OK:01,TEMP,S49.0
2026/09/01 19:00:14,26192210,01,MON?
2026/09/01 19:00:14,26192211,49.6,,CONSTANT,0
2026/09/01 19:00:17,26195252,01,TEMP,S49.1
2026/09/01 19:00:17,26195258,OK:01,TEMP,S49.1
2026/09/01 19:00:23,26201335,01,TEMP,S49.2
2026/09/01 19:00:23,26201337,OK:01,TEMP,S49.2
2026/09/01 19:00:24,26202349,01,MON?
2026/09/01 19:00:24,26202351,48.8,,CONSTANT,0
2026/09/01 19:00:29,26207420,01,TEMP,S49.3
2026/09/01 19:00:29,26207426,OK:01,TEMP,S49.3
2026/09/01 19:00:34,26212490,01,MON?
2026/09/01 19:00:34,26212492,48.4,,CONSTANT,0
2026/09/01 19:00:35,26213504,01,TEMP,S49.4
2026/09/01 19:00:35,26213506,OK:01,TEMP,S49.4
2026/09/01 19:00:41,26219587,01,TEMP,S49.5
2026/09/01 19:00:41,26219589,OK:01,TEMP,S49.5
2026/09/01 19:00:44,26222630,01,MON?
2026/09/01 19:00:44,26222632,49.9,,CONSTANT,0
2026/09/01 19:00:47,26225672,01,TEMP,S49.6
2026/09/01 19:00:47,26225674,OK:01,TEMP,S49.6
2026/09/01 19:00:53,26231756,01,TEMP,S49.7
2026/09/01 19:00:53,26231758,OK:01,TEMP,S49.7
2026/09/01 19:00:54,26232770,01,MON?
2026/09/01 19:00:54,26232772,48.8,,CONSTANT,0
2026/09/01 19:00:59,26237840,01,TEMP,S49.8
2026/09/01 19:00:59,26237846,OK:01,TEMP,S49.8
2026/09/01 19:01:04,26242910,01,MON?
2026/09/01 19:01:04,26242912,49.6,,CONSTANT,0
2026/09/01 19:01:05,26243924,01,TEMP,S49.9
2026/09/01 19:01:05,26243926,OK:01,TEMP,S49.9
2026/09/01 19:01:11,26248995,01,TEMP,S50.0
2026/09/01 19:01:11,26248997,OK:01,TEMP,S50.0
2026/09/01 19:01:15,26253050,01,MON?
2026/09/01 19:01:15,26253052,50.1,,CONSTANT,0
2026/09/01 19:01:17,26255080,01,TEMP,S50.1
2026/09/01 19:01:17,26255086,OK:01,TEMP,S50.1
2026/09/01 19:01:23,26261162,01,TEMP,S50.2
2026/09/01 19:01:23,26261164,OK:01,TEMP,S50.2
2026/09/01 19:01:25,26263190,01,MON?
2026/09/01 19:01:25,26263192,50.0,,CONSTANT,0
2026/09/01 19:01:29,26267247,01,TEMP,S50.3
2026/09/01 19:01:29,26267254,OK:01,TEMP,S50.3
2026/09/01 19:01:35,26273331,01,MON?
2026/09/01 19:01:35,26273333,50.8,,CONSTANT,0
2026/09/01 19:01:35,26273334,01,TEMP,S50.4
2026/09/01 19:01:35,26273336,OK:01,TEMP,S50.4
2026/09/01 19:01:41,26279415,01,TEMP,S50.5
2026/09/01 19:01:41,26279417,OK:01,TEMP,S50.5
2026/09/01 19:01:45,26283471,01,MON?
2026/09/01 19:01:45,26283473,50.6,,CONSTANT,0
2026/09/01 19:01:47,26285499,01,TEMP,S50.6
2026/09/01 19:01:47,26285501,OK:01,TEMP,S50.6
2026/09/01 19:01:53,26291583,01,TEMP,S50.7
2026/09/01 19:01:53,26291585,OK:01,TEMP,S50.7
2026/09/01 19:01:55,26293612,01,MON?
2026/09/01 19:01:55,26293614,51.5,,CONSTANT,0
2026/09/01 19:01:59,26297667,01,TEMP,S50.8
2026/09/01 19:01:59,26297669,OK:01,TEMP,S50.8
2026/09/01 19:02:05,26303750,01,MON?
2026/09/01 19:02:05,26303752,50.6,,CONSTANT,0
2026/09/01 19:02:05,26303753,01,TEMP,S50.9
2026/09/01 19:02:05,26303755,OK:01,TEMP,S50.9
2026/09/01 19:02:11,26309835,01,TEMP,S51.0
2026/09/01 19:02:11,26309837,OK:01,TEMP,S51.0
2026/09/01 19:02:15,26313891,01,MON?
2026/09/01 19:02:15,26313893,52.0,,CONSTANT,0
2026/09/01 19:02:17,26315918,01,TEMP,S51.1
2026/09/01 19:02:17,26315920,OK:01,TEMP,S51.1
2026/09/01 19:02:24,26322003,01,TEMP,S51.2
2026/09/01 19:02:24,26322005,OK:01,TEMP,S51.2
2026/09/01 19:02:26,26324031,01,MON?
2026/09/01 19:02:26,26324038,51.6,,CONSTANT,0
2026/09/01 19:02:29,26327074,01,TEMP,S51.3
2026/09/01 19:02:29,26327080,OK:01,TEMP,S51.3
2026/09/01 19:02:35,26333158,01,TEMP,S51.4
2026/09/01 19:02:35,26333160,OK:01,TEMP,S51.4
2026/09/01 19:02:36,26334171,01,MON?
2026/09/01 19:02:36,26334172,50.6,,CONSTANT,0
2026/09/01 19:02:41,26339240,01,TEMP,S51.5
2026/09/01 19:02:41,26339247,OK:01,TEMP,S51.5
2026/09/01 19:02:46,26344311,01,MON?
2026/09/01 19:02:46,26344313,50.6,,CONSTANT,0
2026/09/01 19:02:47,26345325,01,TEMP,S51.6
2026/09/01 19:02:47,26345327,OK:01,TEMP,S51.6
2026/09/01 19:02:53,26351409,01,TEMP,S51.7
2026/09/01 19:02:53,26351416,OK:01,TEMP,S51.7
2026/09/01 19:02:56,26354450,01,MON?
2026/09/01 19:02:56,26354456,50.9,,CONSTANT,0
2026/09/01 19:02:59,26357492,01,TEMP,S51.8
2026/09/01 19:02:59,26357499,OK:01,TEMP,S51.8
2026/09/01 19:03:05,26363577,01,TEMP,S51.9
2026/09/01 19:03:05,26363579,OK:01,TEMP,S51.9
2026/09/01 19:03:06,26364591,01,MON?
2026/09/01 19:03:06,26364593,51.8,,CONSTANT,0
2026/09/01 19:03:11,26369661,01,TEMP,S52.0
2026/09/01 19:03:11,26369668,OK:01,TEMP,S52.0
2026/09/01 19:03:16,26374730,01,MON?
2026/09/01 19:03:16,26374731,51.9,,CONSTANT,0
2026/09/01 19:03:17,26375744,01,TEMP,S52.1
2026/09/01 19:03:17,26375746,OK:01,TEMP,S52.1
2026/09/01 19:03:23,26381829,01,TEMP,S52.2
2026/09/01 19:03:23,26381831,OK:01,TEMP,S52.2
2026/09/01 19:03:26,26384871,01,MON?
2026/09/01 19:03:26,26384873,52.6,,CONSTANT,0
2026/09/01 19:03:29,26387913,01,TEMP,S52.3
2026/09/01 19:03:29,26387914,OK:01,TEMP,S52.3
2026/09/01 19:03:36,26393996,01,TEMP,S52.4
2026/09/01 19:03:36,26393998,OK:01,TEMP,S52.4
2026/09/01 19:03:37,26395011,01,MON?
2026/09/01 19:03:37,26395013,53.3,,CONSTANT,0
2026/09/01 19:03:41,26399067,01,TEMP,S52.5
2026/09/01 19:03:41,26399075,OK:01,TEMP,S52.5
2026/09/01 19:03:47,26405152,01,MON?
2026/09/01 19:03:47,26405154,53.3,,CONSTANT,0
2026/09/01 19:03:47,26405155,01,TEMP,S52.6
2026/09/01 19:03:47,26405157,OK:01,TEMP,S52.6
2026/09/01 19:03:53,26411236,01,TEMP,S52.7
2026/09/01 19:03:53,26411238,OK:01,TEMP,S52.7
2026/09/01 19:03:57,26415291,01,MON?
2026/09/01 19:03:57,26415298,51.9,,CONSTANT,0
2026/09/01 19:03:59,26417319,01,TEMP,S52.8
2026/09/01 19:03:59,26417321,OK:01,TEMP,S52.8
2026/09/01 19:04:05,26423403,01,TEMP,S52.9
2026/09/01 19:04:05,26423407,OK:01,TEMP,S52.9
2026/09/01 19:04:07,26425431,01,MON?
2026/09/01 19:04:07,26425433,53.5,,CONSTANT,0
2026/09/01 19:04:11,26429488,01,TEMP,S53.0
2026/09/01 19:04:11,26429492,OK:01,TEMP,S53.0
2026/09/01 19:04:17,26435571,01,MON?
2026/09/01 19:04:17,26435573,54.0,,CONSTANT,0
2026/09/01 19:04:17,26435575,01,TEMP,S53.1
2026/09/01 19:04:17,26435576,OK:01,TEMP,S53.1
2026/09/01 19:04:23,26441656,01,TEMP,S53.2
2026/09/01 19:04:23,26441658,OK:01,TEMP,S53.2
2026/09/01 19:04:27,26445711,01,MON?
2026/09/01 19:04:27,26445713,53.0,,CONSTANT,0
2026/09/01 19:04:29,26447740,01,TEMP,S53.3
2026/09/01 19:04:29,26447742,OK:01,TEMP,S53.3
2026/09/01 19:04:35,26453823,01,TEMP,S53.4
2026/09/01 19:04:35,26453825,OK:01,TEMP,S53.4
2026/09/01 19:04:37,26455852,01,MON?
2026/09/01 19:04:37,26455854,53.1,,CONSTANT,0
2026/09/01 19:04:41,26459907,01,TEMP,S53.5
2026/09/01 19:04:41,26459909,OK:01,TEMP,S53.5
2026/09/01 19:04:48,26465992,01,MON?
2026/09/01 19:04:48,26465994,52.7,,CONSTANT,0
2026/09/01 19:04:48,26465995,01,TEMP,S53.6
2026/09/01 19:04:48,26465997,OK:01,TEMP,S53.6
2026/09/01 19:04:54,26472076,01,TEMP,S53.7
2026/09/01 19:04:54,26472083,OK:01,TEMP,S53.7
2026/09/01 19:04:58,26476131,01,MON?
2026/09/01 19:04:58,26476139,53.1,,CONSTANT,0
2026/09/01 19:04:59,26477146,01,TEMP,S53.8
2026/09/01 19:04:59,26477148,OK:01,TEMP,S53.8
2026/09/01 19:05:05,26483231,01,TEMP,S53.9
2026/09/01 19:05:05,26483235,OK:01,TEMP,S53.9
2026/09/01 19:05:08,26486272,01,MON?
2026/09/01 19:05:08,26486274,54.1,,CONSTANT,0
2026/09/01 19:05:11,26489315,01,TEMP,S54.0
2026/09/01 19:05:11,26489322,OK:01,TEMP,S54.0
2026/09/01 19:05:17,26495397,01,TEMP,S54.1
2026/09/01 19:05:17,26495399,OK:01,TEMP,S54.1
2026/09/01 19:05:18,26496411,01,MON?
2026/09/01 19:05:18,26496413,54.9,,CONSTANT,0
2026/09/01 19:05:23,26501482,01,TEMP,S54.2
2026/09/01 19:05:23,26501489,OK:01,TEMP,S54.2
2026/09/01 19:05:28,26506552,01,MON?
2026/09/01 19:05:28,26506554,55.2,,CONSTANT,0
2026/09/01 19:05:29,26507566,01,TEMP,S54.3
2026/09/01 19:05:29,26507568,OK:01,TEMP,S54.3
2026/09/01 19:05:35,26513649,01,TEMP,S54.4
2026/09/01 19:05:35,26513651,OK:01,TEMP,S54.4
2026/09/01 19:05:38,26516691,01,MON?
2026/09/01 19:05:38,26516693,54.2,,CONSTANT,0
2026/09/01 19:05:41,26519734,01,TEMP,S54.5
2026/09/01 19:05:41,26519742,OK:01,TEMP,S54.5
2026/09/01 19:05:47,26525818,01,TEMP,S54.6
2026/09/01 19:05:47,26525819,OK:01,TEMP,S54.6
2026/09/01 19:05:48,26526832,01,MON?
2026/09/01 19:05:48,26526833,55.6,,CONSTANT,0
2026/09/01 19:05:53,26531901,01,TEMP,S54.7
2026/09/01 19:05:53,26531908,OK:01,TEMP,S54.7
2026/09/01 19:05:58,26536972,01,MON?
2026/09/01 19:05:58,26536974,55.7,,CONSTANT,0
2026/09/01 19:06:00,26537986,01,TEMP,S54.8
2026/09/01 19:06:00,26537988,OK:01,TEMP,S54.8
2026/09/01 19:06:06,26544070,01,TEMP,S54.9
2026/09/01 19:06:06,26544077,OK:01,TEMP,S54.9
2026/09/01 19:06:09,26547112,01,MON?
2026/09/01 19:06:09,26547114,54.4,,CONSTANT,0
2026/09/01 19:06:11,26549140,01,TEMP,S55.0
2026/09/01 19:06:11,26549147,OK:01,TEMP,S55.0
2026/09/01 19:06:17,26555224,01,TEMP,S55.1
2026/09/01 19:06:17,26555224,OK:01,TEMP,S55.1
2026/09/01 19:06:19,26557252,01,MON?
2026/09/01 19:06:19,26557254,55.7,,CONSTANT,0
2026/09/01 19:06:23,26561309,01,TEMP,S55.2
2026/09/01 19:06:23,26561315,OK:01,TEMP,S55.2
2026/09/01 19:06:29,26567392,01,MON?
2026/09/01 19:06:29,26567394,56.1,,CONSTANT,0
2026/09/01 19:06:29,26567395,01,TEMP,S55.3
2026/09/01 19:06:29,26567397,OK:01,TEMP,S55.3
2026/09/01 19:06:35,26573476,01,TEMP,S55.4
2026/09/01 19:06:35,26573478,OK:01,TEMP,S55.4
2026/09/01 19:06:39,26577533,01,MON?
2026/09/01 19:06:39,26577535,55.1,,CONSTANT,0
2026/09/01 19:06:41,26579560,01,TEMP,S55.5
2026/09/01 19:06:41,26579562,OK:01,TEMP,S55.5
2026/09/01 19:06:47,26585645,01,TEMP,S55.6
2026/09/01 19:06:47,26585647,OK:01,TEMP,S55.6
2026/09/01 19:06:49,26587674,01,MON?
2026/09/01 19:06:49,26587676,54.8,,CONSTANT,0
2026/09/01 19:06:53,26591728,01,TEMP,S55.7
2026/09/01 19:06:53,26591729,OK:01,TEMP,S55.7
2026/09/01 19:06:59,26597812,01,MON?
2026/09/01 19:06:59,26597814,55.2,,CONSTANT,0
2026/09/01 19:06:59,26597815,01,TEMP,S55.8
2026/09/01 19:06:59,26597817,OK:01,TEMP,S55.8
2026/09/01 19:07:05,26603896,01,TEMP,S55.9
2026/09/01 19:07:05,26603898,OK:01,TEMP,S55.9
2026/09/01 19:07:09,26607953,01,MON?
2026/09/01 19:07:09,26607955,56.8,,CONSTANT,0
2026/09/01 19:07:11,26609981,01,TEMP,S56.0
2026/09/01 19:07:11,26609983,OK:01,TEMP,S56.0
2026/09/01 19:07:18,26616064,01,TEMP,S56.1
2026/09/01 19:07:18,26616066,OK:01,TEMP,S56.1
2026/09/01 19:07:20,26618093,01,MON?
2026/09/01 19:07:20,26618100,55.7,,CONSTANT,0
2026/09/01 19:07:23,26621134,01,TEMP,S56.2
2026/09/01 19:07:23,26621141,OK:01,TEMP,S56.2
2026/09/01 19:07:29,26627219,01,TEMP,S56.3
2026/09/01 19:07:29,26627220,OK:01,TEMP,S56.3
2026/09/01 19:07:30,26628233,01,MON?
2026/09/01 19:07:30,26628235,57.1,,CONSTANT,0
2026/09/01 19:07:35,26633303,01,TEMP,S56.4
2026/09/01 19:07:35,26633310,OK:01,TEMP,S56.4
2026/09/01 19:07:40,26638373,01,MON?
2026/09/01 19:07:40,26638375,57.0,,CONSTANT,0
2026/09/01 19:07:41,26639386,01,TEMP,S56.5
2026/09/01 19:07:41,26639392,OK:01,TEMP,S56.5
2026/09/01 19:07:47,26645472,01,TEMP,S56.6
2026/09/01 19:07:47,26645479,OK:01,TEMP,S56.6
2026/09/01 19:07:50,26648514,01,MON?
2026/09/01 19:07:50,26648516,57.6,,CONSTANT,0
2026/09/01 19:07:53,26651554,01,TEMP,S56.7
2026/09/01 19:07:53,26651558,OK:01,TEMP,S56.7
2026/09/01 19:07:59,26657639,01,TEMP,S56.8
2026/09/01 19:07:59,26657641,OK:01,TEMP,S56.8
2026/09/01 19:08:00,26658653,01,MON?
2026/09/01 19:08:00,26658655,57.6,,CONSTANT,0
2026/09/01 19:08:05,26663723,01,TEMP,S56.9
2026/09/01 19:08:05,26663730,OK:01,TEMP,S56.9
2026/09/01 19:08:10,26668793,01,MON?
2026/09/01 19:08:10,26668795,57.7,,CONSTANT,0
2026/09/01 19:08:11,26669806,01,TEMP,S57.0
2026/09/01 19:08:11,26669808,OK:01,TEMP,S57.0
2026/09/01 19:08:17,26675891,01,TEMP,S57.1
2026/09/01 19:08:17,26675893,OK:01,TEMP,S57.1
2026/09/01 19:08:20,26678933,01,MON?
2026/09/01 19:08:20,26678935,56.6,,CONSTANT,0
2026/09/01 19:08:23,26681975,01,TEMP,S57.2
2026/09/01 19:08:23,26681982,OK:01,TEMP,S57.2
2026/09/01 19:08:30,26688059,01,TEMP,S57.3
2026/09/01 19:08:30,26688061,OK:01,TEMP,S57.3
2026/09/01 19:08:31,26689072,01,MON?
2026/09/01 19:08:31,26689074,56.8,,CONSTANT,0
2026/09/01 19:08:36,26694143,01,TEMP,S57.4
2026/09/01 19:08:36,26694147,OK:01,TEMP,S57.4
2026/09/01 19:08:41,26699213,01,MON?
2026/09/01 19:08:41,26699220,56.7,,CONSTANT,0
2026/09/01 19:08:41,26699221,01,TEMP,S57.5
2026/09/01 19:08:41,26699223,OK:01,TEMP,S57.5
2026/09/01 19:08:47,26705297,01,TEMP,S57.6
2026/09/01 19:08:47,26705299,OK:01,TEMP,S57.6
2026/09/01 19:08:51,26709352,01,MON?
2026/09/01 19:08:51,26709354,58.5,,CONSTANT,0
2026/09/01 19:08:53,26711381,01,TEMP,S57.7
2026/09/01 19:08:53,26711386,OK:01,TEMP,S57.7
2026/09/01 19:08:59,26717465,01,TEMP,S57.8
2026/09/01 19:08:59,26717472,OK:01,TEMP,S57.8
2026/09/01 19:09:01,26719494,01,MON?
2026/09/01 19:09:01,26719496,57.0,,CONSTANT,0
2026/09/01 19:09:05,26723550,01,TEMP,S57.9
2026/09/01 19:09:05,26723552,OK:01,TEMP,S57.9
2026/09/01 19:09:11,26729634,01,MON?
2026/09/01 19:09:11,26729636,58.0,,CONSTANT,0
2026/09/01 19:09:11,26729637,01,TEMP,S58.0
2026/09/01 19:09:11,26729638,OK:01,TEMP,S58.0
2026/09/01 19:09:17,26735717,01,TEMP,S58.1
2026/09/01 19:09:17,26735718,OK:01,TEMP,S58.1
2026/09/01 19:09:21,26739774,01,MON?
2026/09/01 19:09:21,26739776,57.7,,CONSTANT,0
2026/09/01 19:09:23,26741802,01,TEMP,S58.2
2026/09/01 19:09:23,26741804,OK:01,TEMP,S58.2
2026/09/01 19:09:29,26747885,01,TEMP,S58.3
2026/09/01 19:09:29,26747887,OK:01,TEMP,S58.3
2026/09/01 19:09:31,26749913,01,MON?
2026/09/01 19:09:31,26749914,57.8,,CONSTANT,0
2026/09/01 19:09:35,26753970,01,TEMP,S58.4
2026/09/01 19:09:35,26753971,OK:01,TEMP,S58.4
2026/09/01 19:09:42,26760054,01,MON?
2026/09/01 19:09:42,26760056,59.3,,CONSTANT,0
2026/09/01 19:09:42,26760057,01,TEMP,S58.5
2026/09/01 19:09:42,26760058,OK:01,TEMP,S58.5
2026/09/01 19:09:48,26766139,01,TEMP,S58.6
2026/09/01 19:09:48,26766146,OK:01,TEMP,S58.6
2026/09/01 19:09:52,26770194,01,MON?
2026/09/01 19:09:52,26770196,57.7,,CONSTANT,0
2026/09/01 19:09:53,26771208,01,TEMP,S58.7
2026/09/01 19:09:53,26771210,OK:01,TEMP,S58.7
2026/09/01 19:09:59,26777292,01,TEMP,S58.8
2026/09/01 19:09:59,26777297,OK:01,TEMP,S58.8
2026/09/01 19:10:02,26780334,01,MON?
2026/09/01 19:10:02,26780336,58.4,,CONSTANT,0
2026/09/01 19:10:05,26783376,01,TEMP,S58.9
2026/09/01 19:10:05,26783383,OK:01,TEMP,S58.9
2026/09/01 19:10:11,26789460,01,TEMP,S59.0
2026/09/01 19:10:11,26789462,OK:01,TEMP,S59.0
2026/09/01 19:10:12,26790473,01,MON?
2026/09/01 19:10:12,26790475,58.6,,CONSTANT,0
2026/09/01 19:10:17,26795544,01,TEMP,S59.1
2026/09/01 19:10:17,26795546,OK:01,TEMP,S59.1
2026/09/01 19:10:22,26800614,01,MON?
2026/09/01 19:10:22,26800616,59.9,,CONSTANT,0
2026/09/01 19:10:23,26801629,01,TEMP,S59.2
2026/09/01 19:10:23,26801631,OK:01,TEMP,S59.2
2026/09/01 19:10:29,26807711,01,TEMP,S59.3
2026/09/01 19:10:29,26807713,OK:01,TEMP,S59.3
2026/09/01 19:10:32,26810753,01,MON?
2026/09/01 19:10:32,26810754,59.9,,CONSTANT,0
2026/09/01 19:10:35,26813795,01,TEMP,S59.4
2026/09/01 19:10:35,26813802,OK:01,TEMP,S59.4
2026/09/01 19:10:41,26819880,01,TEMP,S59.5
2026/09/01 19:10:41,26819881,OK:01,TEMP,S59.5
2026/09/01 19:10:42,26820894,01,MON?
2026/09/01 19:10:42,26820896,59.7,,CONSTANT,0
2026/09/01 19:10:47,26825964,01,TEMP,S59.6
2026/09/01 19:10:47,26825971,OK:01,TEMP,S59.6
2026/09/01 19:10:53,26831033,01,MON?
2026/09/01 19:10:53,26831035,59.4,,CONSTANT,0
2026/09/01 19:10:54,26832048,01,TEMP,S59.7
2026/09/01 19:10:54,26832050,OK:01,TEMP,S59.7
2026/09/01 19:11:00,26838132,01,TEMP,S59.8
2026/09/01 19:11:00,26838138,OK:01,TEMP,S59.8
2026/09/01 19:11:03,26841174,01,MON?
2026/09/01 19:11:03,26841181,60.6,,CONSTANT,0
2026/09/01 19:11:06,26844216,01,TEMP,S59.9
2026/09/01 19:11:06,26844223,OK:01,TEMP,S59.9
2026/09/01 19:11:11,26849285,01,TEMP,S60.0
2026/09/01 19:11:11,26849292,OK:01,TEMP,S60.0
2026/09/01 19:11:13,26851314,01,MON?
2026/09/01 19:11:13,26851316,59.6,,CONSTANT,0
2026/09/01 19:11:17,26855370,01,TEMP,S60.1
2026/09/01 19:11:17,26855377,OK:01,TEMP,S60.1
2026/09/01 19:11:23,26861454,01,MON?
2026/09/01 19:11:23,26861455,59.6,,CONSTANT,0
2026/09/01 19:11:23,26861457,01,TEMP,S60.2
2026/09/01 19:11:23,26861458,OK:01,TEMP,S60.2
2026/09/01 19:11:29,26867538,01,TEMP,S60.3
2026/09/01 19:11:29,26867540,OK:01,TEMP,S60.3
2026/09/01 19:11:33,26871594,01,MON?
2026/09/01 19:11:33,26871595,60.8,,CONSTANT,0
2026/09/01 19:11:35,26873622,01,TEMP,S60.4
2026/09/01 19:11:35,26873623,OK:01,TEMP,S60.4
2026/09/01 19:11:41,26879706,01,TEMP,S60.5
2026/09/01 19:11:41,26879708,OK:01,TEMP,S60.5
2026/09/01 19:11:43,26881735,01,MON?
2026/09/01 19:11:43,26881737,60.5,,CONSTANT,0
2026/09/01 19:11:47,26885790,01,TEMP,S60.6
2026/09/01 19:11:47,26885791,OK:01,TEMP,S60.6
2026/09/01 19:11:53,26891875,01,MON?
2026/09/01 19:11:53,26891877,61.1,,CONSTANT,0
2026/09/01 19:11:53,26891878,01,TEMP,S60.7
2026/09/01 19:11:53,26891879,OK:01,TEMP,S60.7
2026/09/01 19:11:59,26897959,01,TEMP,S60.8
2026/09/01 19:11:59,26897961,OK:01,TEMP,S60.8
2026/09/01 19:12:04,26902015,01,MON?
2026/09/01 19:12:04,26902017,60.6,,CONSTANT,0
2026/09/01 19:12:06,26904044,01,TEMP,S60.9
2026/09/01 19:12:06,26904048,OK:01,TEMP,S60.9
2026/09/01 19:12:12,26910126,01,TEMP,S61.0
2026/09/01 19:12:12,26910128,OK:01,TEMP,S61.0
2026/09/01 19:12:14,26912154,01,MON?
2026/09/01 19:12:14,26912160,61.9,,CONSTANT,0
2026/09/01 19:12:18,26916211,01,TEMP,S61.1
2026/09/01 19:12:18,26916213,OK:01,TEMP,S61.1
2026/09/01 19:12:23,26921281,01,TEMP,S61.2
2026/09/01 19:12:23,26921288,OK:01,TEMP,S61.2
2026/09/01 19:12:24,26922296,01,MON?
2026/09/01 19:12:24,26922298,60.2,,CONSTANT,0
2026/09/01 19:12:29,26927365,01,TEMP,S61.3
2026/09/01 19:12:29,26927372,OK:01,TEMP,S61.3
2026/09/01 19:12:34,26932435,01,MON?
2026/09/01 19:12:34,26932436,61.7,,CONSTANT,0
2026/09/01 19:12:35,26933449,01,TEMP,S61.4
2026/09/01 19:12:35,26933451,OK:01,TEMP,S61.4
2026/09/01 19:12:41,26939533,01,TEMP,S61.5
2026/09/01 19:12:41,26939535,OK:01,TEMP,S61.5
2026/09/01 19:12:44,26942575,01,MON?
2026/09/01 19:12:44,26942577,61.3,,CONSTANT,0
2026/09/01 19:12:47,26945616,01,TEMP,S61.6
2026/09/01 19:12:47,26945618,OK:01,TEMP,S61.6
2026/09/01 19:12:53,26951700,01,TEMP,S61.7
2026/09/01 19:12:53,26951702,OK:01,TEMP,S61.7
2026/09/01 19:12:54,26952714,01,MON?
2026/09/01 19:12:54,26952716,61.4,,CONSTANT,0
2026/09/01 19:12:59,26957785,01,TEMP,S61.8
2026/09/01 19:12:59,26957787,OK:01,TEMP,S61.8
2026/09/01 19:13:04,26962855,01,MON?
2026/09/01 19:13:04,26962857,61.2,,CONSTANT,0
2026/09/01 19:13:05,26963869,01,TEMP,S61.9
2026/09/01 19:13:05,26963871,OK:01,TEMP,S61.9
2026/09/01 19:13:11,26969952,01,TEMP,S62.0
2026/09/01 19:13:11,26969954,OK:01,TEMP,S62.0
2026/09/01 19:13:15,26972995,01,MON?
2026/09/01 19:13:15,26972997,62.2,,CONSTANT,0
2026/09/01 19:13:18,26976037,01,TEMP,S62.1
2026/09/01 19:13:18,26976039,OK:01,TEMP,S62.1
2026/09/01 19:13:24,26982121,01,TEMP,S62.2
2026/09/01 19:13:24,26982128,OK:01,TEMP,S62.2
2026/09/01 19:13:25,26983135,01,MON?
2026/09/01 19:13:25,26983136,61.4,,CONSTANT,0
2026/09/01 19:13:30,26988204,01,TEMP,S62.3
2026/09/01 19:13:30,26988211,OK:01,TEMP,S62.3
2026/09/01 19:13:35,26993275,01,MON?
2026/09/01 19:13:35,26993282,63.3,,CONSTANT,0
2026/09/01 19:13:36,26994289,01,TEMP,S62.4
2026/09/01 19:13:36,26994291,OK:01,TEMP,S62.4
2026/09/01 19:13:41,26999359,01,TEMP,S62.5
2026/09/01 19:13:41,26999365,OK:01,TEMP,S62.5
2026/09/01 19:13:45,27003415,01,MON?
2026/09/01 19:13:45,27003417,62.9,,CONSTANT,0
2026/09/01 19:13:47,27005442,01,TEMP,S62.6
2026/09/01 19:13:47,27005449,OK:01,TEMP,S62.6
2026/09/01 19:13:53,27011527,01,TEMP,S62.7
2026/09/01 19:13:53,27011534,OK:01,TEMP,S62.7
2026/09/01 19:13:55,27013555,01,MON?
2026/09/01 19:13:55,27013557,62.8,,CONSTANT,0
2026/09/01 19:13:59,27017611,01,TEMP,S62.8
2026/09/01 19:13:59,27017613,OK:01,TEMP,S62.8
2026/09/01 19:14:05,27023694,01,MON?
2026/09/01 19:14:05,27023696,62.4,,CONSTANT,0
2026/09/01 19:14:05,27023697,01,TEMP,S62.9
2026/09/01 19:14:05,27023699,OK:01,TEMP,S62.9
2026/09/01 19:14:11,27029780,01,TEMP,S63.0
2026/09/01 19:14:11,27029782,OK:01,TEMP,S63.0
2026/09/01 19:14:15,27033836,01,MON?
2026/09/01 19:14:15,27033838,63.8,,CONSTANT,0
2026/09/01 19:14:17,27035864,01,TEMP,S63.1
2026/09/01 19:14:17,27035866,OK:01,TEMP,S63.1
2026/09/01 19:14:23,27041948,01,TEMP,S63.2
2026/09/01 19:14:23,27041950,OK:01,TEMP,S63.2
2026/09/01 19:14:25,27043976,01,MON?
2026/09/01 19:14:25,27043978,63.1,,CONSTANT,0
2026/09/01 19:14:30,27048031,01,TEMP,S63.3
2026/09/01 19:14:30,27048032,OK:01,TEMP,S63.3
2026/09/01 19:14:36,27054115,01,MON?
2026/09/01 19:14:36,27054122,63.2,,CONSTANT,0
2026/09/01 19:14:36,27054123,01,TEMP,S63.4
2026/09/01 19:14:36,27054124,OK:01,TEMP,S63.4
2026/09/01 19:14:42,27060200,01,TEMP,S63.5
2026/09/01 19:14:42,27060208,OK:01,TEMP,S63.5
2026/09/01 19:14:46,27064255,01,MON?
2026/09/01 19:14:46,27064257,64.0,,CONSTANT,0
2026/09/01 19:14:48,27066283,01,TEMP,S63.6
2026/09/01 19:14:48,27066290,OK:01,TEMP,S63.6
2026/09/01 19:14:53,27071353,01,TEMP,S63.7
2026/09/01 19:14:53,27071358,OK:01,TEMP,S63.7
2026/09/01 19:14:56,27074395,01,MON?
2026/09/01 19:14:56,27074397,64.6,,CONSTANT,0
2026/09/01 19:14:59,27077438,01,TEMP,S63.8
2026/09/01 19:14:59,27077445,OK:01,TEMP,S63.8
2026/09/01 19:15:05,27083522,01,TEMP,S63.9
2026/09/01 19:15:05,27083524,OK:01,TEMP,S63.9
2026/09/01 19:15:06,27084536,01,MON?
2026/09/01 19:15:06,27084538,64.3,,CONSTANT,0
2026/09/01 19:15:11,27089605,01,TEMP,S64.0
2026/09/01 19:15:11,27089609,OK:01,TEMP,S64.0
2026/09/01 19:15:16,27094676,01,MON?
2026/09/01 19:15:16,27094678,63.8,,CONSTANT,0
2026/09/01 19:15:17,27095690,01,TEMP,S64.1
2026/09/01 19:15:17,27095692,OK:01,TEMP,S64.1
2026/09/01 19:15:23,27101775,01,TEMP,S64.2
2026/09/01 19:15:23,27101777,OK:01,TEMP,S64.2
2026/09/01 19:15:26,27104815,01,MON?
2026/09/01 19:15:26,27104816,64.1,,CONSTANT,0
2026/09/01 19:15:29,27107858,01,TEMP,S64.3
2026/09/01 19:15:29,27107864,OK:01,TEMP,S64.3
2026/09/01 19:15:35,27113942,01,TEMP,S64.4
2026/09/01 19:15:35,27113943,OK:01,TEMP,S64.4
2026/09/01 19:15:36,27114957,01,MON?
2026/09/01 19:15:36,27114960,65.1,,CONSTANT,0
2026/09/01 19:15:42,27120026,01,TEMP,S64.5
2026/09/01 19:15:42,27120028,OK:01,TEMP,S64.5
2026/09/01 19:15:47,27125095,01,MON?
2026/09/01 19:15:47,27125104,64.8,,CONSTANT,0
2026/09/01 19:15:48,27126109,01,TEMP,S64.6
2026/09/01 19:15:48,27126111,OK:01,TEMP,S64.6
2026/09/01 19:15:54,27132194,01,TEMP,S64.7
2026/09/01 19:15:54,27132201,OK:01,TEMP,S64.7
2026/09/01 19:15:57,27135236,01,MON?
2026/09/01 19:15:57,27135238,65.5,,CONSTANT,0
2026/09/01 19:16:00,27138278,01,TEMP,S64.8
2026/09/01 19:16:00,27138285,OK:01,TEMP,S64.8
2026/09/01 19:16:06,27144361,01,TEMP,S64.9
2026/09/01 19:16:06,27144368,OK:01,TEMP,S64.9
2026/09/01 19:16:07,27145375,01,MON?
2026/09/01 19:16:07,27145377,65.8,,CONSTANT,0
2026/09/01 19:16:11,27149432,01,TEMP,S65.0
2026/09/01 19:16:11,27149439,OK:01,TEMP,S65.0
2026/09/01 19:16:17,27155516,01,MON?
2026/09/01 19:16:17,27155518,64.5,,CONSTANT,0
2026/09/01 19:16:17,27155519,01,TEMP,S65.1
2026/09/01 19:16:17,27155520,OK:01,TEMP,S65.1
2026/09/01 19:16:23,27161599,01,TEMP,S65.2
2026/09/01 19:16:23,27161601,OK:01,TEMP,S65.2
2026/09/01 19:16:27,27165656,01,MON?
2026/09/01 19:16:27,27165658,65.6,,CONSTANT,0
2026/09/01 19:16:29,27167684,01,TEMP,S65.3
2026/09/01 19:16:29,27167686,OK:01,TEMP,S65.3
2026/09/01 19:16:35,27173768,01,TEMP,S65.4
2026/09/01 19:16:35,27173769,OK:01,TEMP,S65.4
2026/09/01 19:16:37,27175796,01,MON?
2026/09/01 19:16:37,27175798,65.8,,CONSTANT,0
2026/09/01 19:16:41,27179852,01,TEMP,S65.5
2026/09/01 19:16:41,27179854,OK:01,TEMP,S65.5
2026/09/01 19:16:47,27185937,01,MON?
2026/09/01 19:16:47,27185938,66.3,,CONSTANT,0
2026/09/01 19:16:47,27185940,01,TEMP,S65.6
2026/09/01 19:16:47,27185941,OK:01,TEMP,S65.6
2026/09/01 19:16:54,27192020,01,TEMP,S65.7
2026/09/01 19:16:54,27192022,OK:01,TEMP,S65.7
2026/09/01 19:16:58,27196076,01,MON?
2026/09/01 19:16:58,27196078,64.7,,CONSTANT,0
2026/09/01 19:17:00,27198105,01,TEMP,S65.8
2026/09/01 19:17:00,27198112,OK:01,TEMP,S65.8
2026/09/01 19:17:06,27204188,01,TEMP,S65.9
2026/09/01 19:17:06,27204195,OK:01,TEMP,S65.9
2026/09/01 19:17:08,27206216,01,MON?
2026/09/01 19:17:08,27206223,65.5,,CONSTANT,0
2026/09/01 19:17:12,27210272,01,TEMP,S66.0
2026/09/01 19:17:12,27210279,OK:01,TEMP,S66.0
2026/09/01 19:17:18,27216357,01,MON?
2026/09/01 19:17:18,27216364,65.1,,CONSTANT,0
2026/09/01 19:17:18,27216365,01,TEMP,S66.1
2026/09/01 19:17:18,27216367,OK:01,TEMP,S66.1
2026/09/01 19:17:23,27221426,01,TEMP,S66.2
2026/09/01 19:17:23,27221432,OK:01,TEMP,S66.2
2026/09/01 19:17:28,27226497,01,MON?
2026/09/01 19:17:28,27226499,66.4,,CONSTANT,0
2026/09/01 19:17:29,27227510,01,TEMP,S66.3
2026/09/01 19:17:29,27227512,OK:01,TEMP,S66.3
2026/09/01 19:17:35,27233594,01,TEMP,S66.4
2026/09/01 19:17:35,27233596,OK:01,TEMP,S66.4
2026/09/01 19:17:38,27236637,01,MON?
2026/09/01 19:17:38,27236639,66.5,,CONSTANT,0
2026/09/01 19:17:41,27239679,01,TEMP,S66.5
2026/09/01 19:17:41,27239681,OK:01,TEMP,S66.5
2026/09/01 19:17:47,27245763,01,TEMP,S66.6
2026/09/01 19:17:47,27245765,OK:01,TEMP,S66.6
2026/09/01 19:17:48,27246776,01,MON?
2026/09/01 19:17:48,27246777,66.4,,CONSTANT,0
2026/09/01 19:17:53,27251847,01,TEMP,S66.7
2026/09/01 19:17:53,27251854,OK:01,TEMP,S66.7
2026/09/01 19:17:58,27256918,01,MON?
2026/09/01 19:17:58,27256920,65.7,,CONSTANT,0
2026/09/01 19:17:59,27257932,01,TEMP,S66.8
2026/09/01 19:17:59,27257934,OK:01,TEMP,S66.8
2026/09/01 19:18:06,27264015,01,TEMP,S66.9
2026/09/01 19:18:06,27264016,OK:01,TEMP,S66.9
2026/09/01 19:18:09,27267056,01,MON?
2026/09/01 19:18:09,27267063,66.3,,CONSTANT,0
2026/09/01 19:18:12,27270099,01,TEMP,S67.0
2026/09/01 19:18:12,27270105,OK:01,TEMP,S67.0
2026/09/01 19:18:18,27276183,01,TEMP,S67.1
2026/09/01 19:18:18,27276190,OK:01,TEMP,S67.1
2026/09/01 19:18:19,27277197,01,MON?
2026/09/01 19:18:19,27277199,67.1,,CONSTANT,0
2026/09/01 19:18:24,27282266,01,TEMP,S67.2
2026/09/01 19:18:24,27282268,OK:01,TEMP,S67.2
2026/09/01 19:18:29,27287337,01,MON?
2026/09/01 19:18:29,27287344,66.8,,CONSTANT,0
2026/09/01 19:18:30,27288351,01,TEMP,S67.3
2026/09/01 19:18:30,27288353,OK:01,TEMP,S67.3
2026/09/01 19:18:36,27294435,01,TEMP,S67.4
2026/09/01 19:18:36,27294439,OK:01,TEMP,S67.4
2026/09/01 19:18:39,27297477,01,MON?
2026/09/01 19:18:39,27297484,67.3,,CONSTANT,0
2026/09/01 19:18:41,27299504,01,TEMP,S67.5
2026/09/01 19:18:41,27299506,OK:01,TEMP,S67.5
2026/09/01 19:18:47,27305589,01,TEMP,S67.6
2026/09/01 19:18:47,27305591,OK:01,TEMP,S67.6
2026/09/01 19:18:49,27307617,01,MON?
2026/09/01 19:18:49,27307619,67.6,,CONSTANT,0
2026/09/01 19:18:53,27311673,01,TEMP,S67.7
2026/09/01 19:18:53,27311675,OK:01,TEMP,S67.7
2026/09/01 19:18:59,27317757,01,MON?
2026/09/01 19:18:59,27317759,68.0,,CONSTANT,0
2026/09/01 19:18:59,27317760,01,TEMP,S67.8
2026/09/01 19:18:59,27317761,OK:01,TEMP,S67.8
2026/09/01 19:19:05,27323841,01,TEMP,S67.9
2026/09/01 19:19:05,27323842,OK:01,TEMP,S67.9
2026/09/01 19:19:09,27327897,01,MON?
2026/09/01 19:19:09,27327899,68.7,,CONSTANT,0
2026/09/01 19:19:11,27329925,01,TEMP,S68.0
2026/09/01 19:19:11,27329927,OK:01,TEMP,S68.0
2026/09/01 19:19:18,27336009,01,TEMP,S68.1
2026/09/01 19:19:18,27336011,OK:01,TEMP,S68.1
2026/09/01 19:19:20,27338037,01,MON?
2026/09/01 19:19:20,27338044,67.4,,CONSTANT,0
2026/09/01 19:19:24,27342094,01,TEMP,S68.2
2026/09/01 19:19:24,27342101,OK:01,TEMP,S68.2
2026/09/01 19:19:30,27348178,01,MON?
2026/09/01 19:19:30,27348185,67.7,,CONSTANT,0
2026/09/01 19:19:30,27348186,01,TEMP,S68.3
2026/09/01 19:19:30,27348187,OK:01,TEMP,S68.3
2026/09/01 19:19:36,27354261,01,TEMP,S68.4
2026/09/01 19:19:36,27354268,OK:01,TEMP,S68.4
2026/09/01 19:19:40,27358318,01,MON?
2026/09/01 19:19:40,27358325,68.9,,CONSTANT,0
2026/09/01 19:19:42,27360345,01,TEMP,S68.5
2026/09/01 19:19:42,27360352,OK:01,TEMP,S68.5
2026/09/01 19:19:48,27366430,01,TEMP,S68.6
2026/09/01 19:19:48,27366436,OK:01,TEMP,S68.6
2026/09/01 19:19:50,27368457,01,MON?
2026/09/01 19:19:50,27368464,68.2,,CONSTANT,0
2026/09/01 19:19:53,27371499,01,TEMP,S68.7
2026/09/01 19:19:53,27371506,OK:01,TEMP,S68.7
2026/09/01 19:19:59,27377585,01,TEMP,S68.8
2026/09/01 19:19:59,27377587,OK:01,TEMP,S68.8
2026/09/01 19:20:00,27378598,01,MON?
2026/09/01 19:20:00,27378600,68.3,,CONSTANT,0
2026/09/01 19:20:05,27383668,01,TEMP,S68.9
2026/09/01 19:20:05,27383674,OK:01,TEMP,S68.9
2026/09/01 19:20:10,27388737,01,MON?
2026/09/01 19:20:10,27388739,68.1,,CONSTANT,0
2026/09/01 19:20:11,27389752,01,TEMP,S69.0
2026/09/01 19:20:11,27389754,OK:01,TEMP,S69.0
2026/09/01 19:20:17,27395837,01,TEMP,S69.1
2026/09/01 19:20:17,27395838,OK:01,TEMP,S69.1
2026/09/01 19:20:20,27398877,01,MON?
2026/09/01 19:20:20,27398879,68.3,,CONSTANT,0
2026/09/01 19:20:23,27401920,01,TEMP,S69.2
2026/09/01 19:20:23,27401926,OK:01,TEMP,S69.2
2026/09/01 19:20:30,27408004,01,TEMP,S69.3
2026/09/01 19:20:30,27408006,OK:01,TEMP,S69.3
2026/09/01 19:20:31,27409019,01,MON?
2026/09/01 19:20:31,27409021,69.1,,CONSTANT,0
2026/09/01 19:20:36,27414088,01,TEMP,S69.4
2026/09/01 19:20:36,27414095,OK:01,TEMP,S69.4
2026/09/01 19:20:41,27419158,01,MON?
2026/09/01 19:20:41,27419165,68.8,,CONSTANT,0
2026/09/01 19:20:42,27420171,01,TEMP,S69.5
2026/09/01 19:20:42,27420172,OK:01,TEMP,S69.5
2026/09/01 19:20:48,27426255,01,TEMP,S69.6
2026/09/01 19:20:48,27426262,OK:01,TEMP,S69.6
2026/09/01 19:20:51,27429299,01,MON?
2026/09/01 19:20:51,27429306,69.7,,CONSTANT,0
2026/09/01 19:20:54,27432340,01,TEMP,S69.7
2026/09/01 19:20:54,27432347,OK:01,TEMP,S69.7
2026/09/01 19:21:00,27438423,01,TEMP,S69.8
2026/09/01 19:21:00,27438425,OK:01,TEMP,S69.8
2026/09/01 19:21:01,27439437,01,MON?
2026/09/01 19:21:01,27439439,69.5,,CONSTANT,0
2026/09/01 19:21:06,27444508,01,TEMP,S69.9
2026/09/01 19:21:06,27444515,OK:01,TEMP,S69.9
2026/09/01 19:21:11,27449578,01,MON?
2026/09/01 19:21:11,27449586,69.2,,CONSTANT,0
2026/09/01 19:21:11,27449588,01,TEMP,S70.0
2026/09/01 19:21:11,27449589,OK:01,TEMP,S70.0
2026/09/01 19:21:17,27455662,01,TEMP,S70.1
2026/09/01 19:21:17,27455664,OK:01,TEMP,S70.1
2026/09/01 19:21:21,27459717,01,MON?
2026/09/01 19:21:21,27459719,70.1,,CONSTANT,0
2026/09/01 19:21:23,27461746,01,TEMP,S70.2
2026/09/01 19:21:23,27461747,OK:01,TEMP,S70.2
2026/09/01 19:21:29,27467830,01,TEMP,S70.3
2026/09/01 19:21:29,27467832,OK:01,TEMP,S70.3
2026/09/01 19:21:31,27469858,01,MON?
2026/09/01 19:21:31,27469860,69.6,,CONSTANT,0
2026/09/01 19:21:35,27473914,01,TEMP,S70.4
2026/09/01 19:21:35,27473916,OK:01,TEMP,S70.4
2026/09/01 19:21:42,27479998,01,MON?
2026/09/01 19:21:42,27480000,69.7,,CONSTANT,0
2026/09/01 19:21:42,27480001,01,TEMP,S70.5
2026/09/01 19:21:42,27480002,OK:01,TEMP,S70.5
2026/09/01 19:21:48,27486082,01,TEMP,S70.6
2026/09/01 19:21:48,27486089,OK:01,TEMP,S70.6
2026/09/01 19:21:52,27490138,01,MON?
2026/09/01 19:21:52,27490145,71.4,,CONSTANT,0
2026/09/01 19:21:54,27492166,01,TEMP,S70.7
2026/09/01 19:21:54,27492173,OK:01,TEMP,S70.7
2026/09/01 19:22:00,27498251,01,TEMP,S70.8
2026/09/01 19:22:00,27498258,OK:01,TEMP,S70.8
2026/09/01 19:22:02,27500279,01,MON?
2026/09/01 19:22:02,27500283,71.7,,CONSTANT,0
2026/09/01 19:22:06,27504334,01,TEMP,S70.9
2026/09/01 19:22:06,27504341,OK:01,TEMP,S70.9
2026/09/01 19:22:12,27510418,01,MON?
2026/09/01 19:22:12,27510420,70.0,,CONSTANT,0
2026/09/01 19:22:12,27510421,01,TEMP,S71.0
2026/09/01 19:22:12,27510422,OK:01,TEMP,S71.0
2026/09/01 19:22:18,27516503,01,TEMP,S71.1
2026/09/01 19:22:18,27516510,OK:01,TEMP,S71.1
2026/09/01 19:22:22,27520559,01,MON?
2026/09/01 19:22:22,27520561,71.5,,CONSTANT,0
2026/09/01 19:22:23,27521573,01,TEMP,S71.2
2026/09/01 19:22:23,27521575,OK:01,TEMP,S71.2
2026/09/01 19:22:29,27527657,01,TEMP,S71.3
2026/09/01 19:22:29,27527659,OK:01,TEMP,S71.3
2026/09/01 19:22:32,27530699,01,MON?
2026/09/01 19:22:32,27530701,72.1,,CONSTANT,0
2026/09/01 19:22:35,27533742,01,TEMP,S71.4
2026/09/01 19:22:35,27533744,OK:01,TEMP,S71.4
2026/09/01 19:22:41,27539825,01,TEMP,S71.5
2026/09/01 19:22:41,27539827,OK:01,TEMP,S71.5
2026/09/01 19:22:42,27540838,01,MON?
2026/09/01 19:22:42,27540840,71.7,,CONSTANT,0
2026/09/01 19:22:47,27545908,01,TEMP,S71.6
2026/09/01 19:22:47,27545910,OK:01,TEMP,S71.6
2026/09/01 19:22:52,27550979,01,MON?
2026/09/01 19:22:52,27550981,71.1,,CONSTANT,0
2026/09/01 19:22:54,27551993,01,TEMP,S71.7
2026/09/01 19:22:54,27552001,OK:01,TEMP,S71.7
2026/09/01 19:23:00,27558077,01,TEMP,S71.8
2026/09/01 19:23:00,27558084,OK:01,TEMP,S71.8
2026/09/01 19:23:03,27561119,01,MON?
2026/09/01 19:23:03,27561126,71.4,,CONSTANT,0
2026/09/01 19:23:06,27564161,01,TEMP,S71.9
2026/09/01 19:23:06,27564168,OK:01,TEMP,S71.9
2026/09/01 19:23:12,27570245,01,TEMP,S72.0
2026/09/01 19:23:12,27570252,OK:01,TEMP,S72.0
2026/09/01 19:23:13,27571260,01,MON?
2026/09/01 19:23:13,27571262,72.5,,CONSTANT,0
2026/09/01 19:23:18,27576329,01,TEMP,S72.1
2026/09/01 19:23:18,27576336,OK:01,TEMP,S72.1
2026/09/01 19:23:23,27581398,01,MON?
2026/09/01 19:23:23,27581399,71.2,,CONSTANT,0
2026/09/01 19:23:24,27582413,01,TEMP,S72.2
2026/09/01 19:23:24,27582415,OK:01,TEMP,S72.2
2026/09/01 19:23:30,27588497,01,TEMP,S72.3
2026/09/01 19:23:30,27588504,OK:01,TEMP,S72.3
2026/09/01 19:23:33,27591539,01,MON?
2026/09/01 19:23:33,27591541,72.0,,CONSTANT,0
2026/09/01 19:23:35,27593567,01,TEMP,S72.4
2026/09/01 19:23:35,27593568,OK:01,TEMP,S72.4
2026/09/01 19:23:41,27599650,01,TEMP,S72.5
2026/09/01 19:23:41,27599652,OK:01,TEMP,S72.5
2026/09/01 19:23:43,27601679,01,MON?
2026/09/01 19:23:43,27601680,71.5,,CONSTANT,0
2026/09/01 19:23:47,27605735,01,TEMP,S72.6
2026/09/01 19:23:47,27605737,OK:01,TEMP,S72.6
2026/09/01 19:23:53,27611819,01,MON?
2026/09/01 19:23:53,27611821,73.3,,CONSTANT,0
2026/09/01 19:23:53,27611822,01,TEMP,S72.7
2026/09/01 19:23:53,27611823,OK:01,TEMP,S72.7
2026/09/01 19:23:59,27617902,01,TEMP,S72.8
2026/09/01 19:23:59,27617904,OK:01,TEMP,S72.8
2026/09/01 19:24:03,27621959,01,MON?
2026/09/01 19:24:03,27621961,73.5,,CONSTANT,0
2026/09/01 19:24:06,27623987,01,TEMP,S72.9
2026/09/01 19:24:06,27623989,OK:01,TEMP,S72.9
2026/09/01 19:24:12,27630071,01,TEMP,S73.0
2026/09/01 19:24:12,27630073,OK:01,TEMP,S73.0
2026/09/01 19:24:14,27632099,01,MON?
2026/09/01 19:24:14,27632106,72.3,,CONSTANT,0
2026/09/01 19:24:18,27636154,01,TEMP,S73.1
2026/09/01 19:24:18,27636156,OK:01,TEMP,S73.1
2026/09/01 19:24:24,27642239,01,MON?
2026/09/01 19:24:24,27642241,72.2,,CONSTANT,0
2026/09/01 19:24:24,27642242,01,TEMP,S73.2
2026/09/01 19:24:24,27642243,OK:01,TEMP,S73.2
2026/09/01 19:24:30,27648323,01,TEMP,S73.3
2026/09/01 19:24:30,27648328,OK:01,TEMP,S73.3
2026/09/01 19:24:34,27652379,01,MON?
2026/09/01 19:24:34,27652386,73.0,,CONSTANT,0
2026/09/01 19:24:36,27654407,01,TEMP,S73.4
2026/09/01 19:24:36,27654414,OK:01,TEMP,S73.4
2026/09/01 19:24:42,27660491,01,TEMP,S73.5
2026/09/01 19:24:42,27660495,OK:01,TEMP,S73.5
2026/09/01 19:24:44,27662520,01,MON?
2026/09/01 19:24:44,27662522,73.2,,CONSTANT,0
2026/09/01 19:24:48,27666576,01,TEMP,S73.6
2026/09/01 19:24:48,27666583,OK:01,TEMP,S73.6
2026/09/01 19:24:53,27671646,01,TEMP,S73.7
2026/09/01 19:24:53,27671648,OK:01,TEMP,S73.7
2026/09/01 19:24:54,27672661,01,MON?
2026/09/01 19:24:54,27672663,73.2,,CONSTANT,0
2026/09/01 19:24:59,27677729,01,TEMP,S73.8
2026/09/01 19:24:59,27677736,OK:01,TEMP,S73.8
2026/09/01 19:25:04,27682800,01,MON?
2026/09/01 19:25:04,27682802,73.8,,CONSTANT,0
2026/09/01 19:25:05,27683813,01,TEMP,S73.9
2026/09/01 19:25:05,27683815,OK:01,TEMP,S73.9
2026/09/01 19:25:11,27689899,01,TEMP,S74.0
2026/09/01 19:25:11,27689900,OK:01,TEMP,S74.0
2026/09/01 19:25:14,27692940,01,MON?
2026/09/01 19:25:14,27692942,73.1,,CONSTANT,0
2026/09/01 19:25:17,27695982,01,TEMP,S74.1
2026/09/01 19:25:18,27695990,OK:01,TEMP,S74.1
2026/09/01 19:25:24,27702066,01,TEMP,S74.2
2026/09/01 19:25:24,27702070,OK:01,TEMP,S74.2
2026/09/01 19:25:25,27703080,01,MON?
2026/09/01 19:25:25,27703081,73.9,,CONSTANT,0
2026/09/01 19:25:30,27708150,01,TEMP,S74.3
2026/09/01 19:25:30,27708157,OK:01,TEMP,S74.3
2026/09/01 19:25:35,27713219,01,MON?
2026/09/01 19:25:35,27713221,73.4,,CONSTANT,0
2026/09/01 19:25:36,27714234,01,TEMP,S74.4
2026/09/01 19:25:36,27714236,OK:01,TEMP,S74.4
2026/09/01 19:25:42,27720318,01,TEMP,S74.5
2026/09/01 19:25:42,27720325,OK:01,TEMP,S74.5
2026/09/01 19:25:45,27723359,01,MON?
2026/09/01 19:25:45,27723366,74.3,,CONSTANT,0
2026/09/01 19:25:48,27726403,01,TEMP,S74.6
2026/09/01 19:25:48,27726410,OK:01,TEMP,S74.6
2026/09/01 19:25:54,27732486,01,TEMP,S74.7
2026/09/01 19:25:54,27732493,OK:01,TEMP,S74.7
2026/09/01 19:25:55,27733499,01,MON?
2026/09/01 19:25:55,27733500,73.7,,CONSTANT,0
2026/09/01 19:26:00,27738570,01,TEMP,S74.8
2026/09/01 19:26:00,27738572,OK:01,TEMP,S74.8
2026/09/01 19:26:05,27743640,01,MON?
2026/09/01 19:26:05,27743642,74.9,,CONSTANT,0
2026/09/01 19:26:05,27743643,01,TEMP,S74.9
2026/09/01 19:26:05,27743645,OK:01,TEMP,S74.9
2026/09/01 19:26:11,27749724,01,TEMP,S75.0
2026/09/01 19:26:11,27749725,OK:01,TEMP,S75.0
2026/09/01 19:26:15,27753779,01,MON?
2026/09/01 19:26:15,27753781,76.0,,CONSTANT,0
2026/09/01 19:26:17,27755807,01,TEMP,S75.1
2026/09/01 19:26:17,27755809,OK:01,TEMP,S75.1
2026/09/01 19:26:23,27761892,01,TEMP,S75.2
2026/09/01 19:26:23,27761893,OK:01,TEMP,S75.2
2026/09/01 19:26:25,27763920,01,MON?
2026/09/01 19:26:25,27763922,75.8,,CONSTANT,0
2026/09/01 19:26:29,27767976,01,TEMP,S75.3
2026/09/01 19:26:29,27767978,OK:01,TEMP,S75.3
2026/09/01 19:26:36,27774059,01,MON?
2026/09/01 19:26:36,27774061,75.1,,CONSTANT,0
2026/09/01 19:26:36,27774062,01,TEMP,S75.4
2026/09/01 19:26:36,27774063,OK:01,TEMP,S75.4
2026/09/01 19:26:42,27780144,01,TEMP,S75.5
2026/09/01 19:26:42,27780151,OK:01,TEMP,S75.5
2026/09/01 19:26:46,27784200,01,MON?
2026/09/01 19:26:46,27784207,75.0,,CONSTANT,0
2026/09/01 19:26:48,27786228,01,TEMP,S75.6
2026/09/01 19:26:48,27786235,OK:01,TEMP,S75.6
2026/09/01 19:26:54,27792311,01,TEMP,S75.7
2026/09/01 19:26:54,27792318,OK:01,TEMP,S75.7
2026/09/01 19:26:56,27794340,01,MON?
2026/09/01 19:26:56,27794347,75.3,,CONSTANT,0
2026/09/01 19:27:00,27798396,01,TEMP,S75.8
2026/09/01 19:27:00,27798403,OK:01,TEMP,S75.8
2026/09/01 19:27:06,27804480,01,MON?
2026/09/01 19:27:06,27804487,76.2,,CONSTANT,0
2026/09/01 19:27:06,27804488,01,TEMP,S75.9
2026/09/01 19:27:06,27804490,OK:01,TEMP,S75.9
2026/09/01 19:27:12,27810564,01,TEMP,S76.0
2026/09/01 19:27:12,27810566,OK:01,TEMP,S76.0
2026/09/01 19:27:16,27814621,01,MON?
2026/09/01 19:27:16,27814628,75.2,,CONSTANT,0
2026/09/01 19:27:18,27816648,01,TEMP,S76.1
2026/09/01 19:27:18,27816649,OK:01,TEMP,S76.1
2026/09/01 19:27:23,27821719,01,TEMP,S76.2
2026/09/01 19:27:23,27821727,OK:01,TEMP,S76.2
2026/09/01 19:27:26,27824761,01,MON?
2026/09/01 19:27:26,27824762,76.1,,CONSTANT,0
2026/09/01 19:27:29,27827802,01,TEMP,S76.3
2026/09/01 19:27:29,27827804,OK:01,TEMP,S76.3
2026/09/01 19:27:35,27833887,01,TEMP,S76.4
2026/09/01 19:27:35,27833889,OK:01,TEMP,S76.4
2026/09/01 19:27:36,27834900,01,MON?
2026/09/01 19:27:36,27834901,76.5,,CONSTANT,0
2026/09/01 19:27:41,27839970,01,TEMP,S76.5
2026/09/01 19:27:41,27839978,OK:01,TEMP,S76.5
2026/09/01 19:27:47,27845041,01,MON?
2026/09/01 19:27:47,27845043,75.7,,CONSTANT,0
2026/09/01 19:27:48,27846056,01,TEMP,S76.6
2026/09/01 19:27:48,27846058,OK:01,TEMP,S76.6
2026/09/01 19:27:54,27852139,01,TEMP,S76.7
2026/09/01 19:27:54,27852146,OK:01,TEMP,S76.7
2026/09/01 19:27:57,27855180,01,MON?
2026/09/01 19:27:57,27855187,76.0,,CONSTANT,0
2026/09/01 19:28:00,27858223,01,TEMP,S76.8
2026/09/01 19:28:00,27858225,OK:01,TEMP,S76.8
2026/09/01 19:28:06,27864307,01,TEMP,S76.9
2026/09/01 19:28:06,27864314,OK:01,TEMP,S76.9
2026/09/01 19:28:07,27865321,01,MON?
2026/09/01 19:28:07,27865323,76.9,,CONSTANT,0
2026/09/01 19:28:12,27870390,01,TEMP,S77.0
2026/09/01 19:28:12,27870397,OK:01,TEMP,S77.0
2026/09/01 19:28:17,27875460,01,MON?
2026/09/01 19:28:17,27875462,76.6,,CONSTANT,0
2026/09/01 19:28:18,27876474,01,TEMP,S77.1
2026/09/01 19:28:18,27876476,OK:01,TEMP,S77.1
2026/09/01 19:28:24,27882559,01,TEMP,S77.2
2026/09/01 19:28:24,27882566,OK:01,TEMP,S77.2
2026/09/01 19:28:27,27885601,01,MON?
2026/09/01 19:28:27,27885603,76.3,,CONSTANT,0
2026/09/01 19:28:30,27888643,01,TEMP,S77.3
2026/09/01 19:28:30,27888644,OK:01,TEMP,S77.3
2026/09/01 19:28:35,27893712,01,TEMP,S77.4
2026/09/01 19:28:35,27893714,OK:01,TEMP,S77.4
2026/09/01 19:28:37,27895741,01,MON?
2026/09/01 19:28:37,27895742,77.2,,CONSTANT,0
2026/09/01 19:28:41,27899797,01,TEMP,S77.5
2026/09/01 19:28:41,27899799,OK:01,TEMP,S77.5
2026/09/01 19:28:47,27905881,01,MON?
2026/09/01 19:28:47,27905883,77.2,,CONSTANT,0
2026/09/01 19:28:47,27905884,01,TEMP,S77.6
2026/09/01 19:28:47,27905885,OK:01,TEMP,S77.6
2026/09/01 19:28:53,27911964,01,TEMP,S77.7
2026/09/01 19:28:53,27911966,OK:01,TEMP,S77.7
2026/09/01 19:28:58,27916021,01,MON?
2026/09/01 19:28:58,27916023,78.7,,CONSTANT,0
2026/09/01 19:29:00,27918049,01,TEMP,S77.8
2026/09/01 19:29:00,27918056,OK:01,TEMP,S77.8
2026/09/01 19:29:06,27924133,01,TEMP,S77.9
2026/09/01 19:29:06,27924140,OK:01,TEMP,S77.9
2026/09/01 19:29:08,27926161,01,MON?
2026/09/01 19:29:08,27926168,77.5,,CONSTANT,0
2026/09/01 19:29:12,27930216,01,TEMP,S78.0
2026/09/01 19:29:12,27930223,OK:01,TEMP,S78.0
2026/09/01 19:29:18,27936301,01,MON?
2026/09/01 19:29:18,27936302,78.7,,CONSTANT,0
2026/09/01 19:29:18,27936304,01,TEMP,S78.1
2026/09/01 19:29:18,27936305,OK:01,TEMP,S78.1
2026/09/01 19:29:24,27942385,01,TEMP,S78.2
2026/09/01 19:29:24,27942392,OK:01,TEMP,S78.2
2026/09/01 19:29:28,27946441,01,MON?
2026/09/01 19:29:28,27946448,79.1,,CONSTANT,0
2026/09/01 19:29:30,27948469,01,TEMP,S78.3
2026/09/01 19:29:30,27948471,OK:01,TEMP,S78.3
2026/09/01 19:29:36,27954553,01,TEMP,S78.4
2026/09/01 19:29:36,27954560,OK:01,TEMP,S78.4
2026/09/01 19:29:38,27956581,01,MON?
2026/09/01 19:29:38,27956583,78.8,,CONSTANT,0
2026/09/01 19:29:42,27960637,01,TEMP,S78.5
2026/09/01 19:29:42,27960644,OK:01,TEMP,S78.5
2026/09/01 19:29:48,27966721,01,MON?
2026/09/01 19:29:48,27966723,77.7,,CONSTANT,0
2026/09/01 19:29:48,27966724,01,TEMP,S78.6
2026/09/01 19:29:48,27966725,OK:01,TEMP,S78.6
2026/09/01 19:29:53,27971792,01,TEMP,S78.7
2026/09/01 19:29:53,27971793,OK:01,TEMP,S78.7
2026/09/01 19:29:58,27976862,01,MON?
2026/09/01 19:29:58,27976864,79.3,,CONSTANT,0
2026/09/01 19:29:59,27977876,01,TEMP,S78.8
2026/09/01 19:29:59,27977877,OK:01,TEMP,S78.8
2026/09/01 19:30:05,27983960,01,TEMP,S78.9
2026/09/01 19:30:05,27983962,OK:01,TEMP,S78.9
2026/09/01 19:30:09,27987003,01,MON?
2026/09/01 19:30:09,27987005,79.8,,CONSTANT,0
2026/09/01 19:30:12,27990043,01,TEMP,S79.0
2026/09/01 19:30:12,27990050,OK:01,TEMP,S79.0
2026/09/01 19:30:18,27996127,01,TEMP,S79.1
2026/09/01 19:30:18,27996134,OK:01,TEMP,S79.1
2026/09/01 19:30:19,27997142,01,MON?
2026/09/01 19:30:19,27997144,78.9,,CONSTANT,0
2026/09/01 19:30:24,28002212,01,TEMP,S79.2
2026/09/01 19:30:24,28002219,OK:01,TEMP,S79.2
2026/09/01 19:30:29,28007282,01,MON?
2026/09/01 19:30:29,28007289,78.7,,CONSTANT,0
2026/09/01 19:30:30,28008296,01,TEMP,S79.3
2026/09/01 19:30:30,28008298,OK:01,TEMP,S79.3
2026/09/01 19:30:36,28014379,01,TEMP,S79.4
2026/09/01 19:30:36,28014386,OK:01,TEMP,S79.4
2026/09/01 19:30:39,28017421,01,MON?
2026/09/01 19:30:39,28017428,79.4,,CONSTANT,0
2026/09/01 19:30:42,28020463,01,TEMP,S79.5
2026/09/01 19:30:42,28020465,OK:01,TEMP,S79.5
2026/09/01 19:30:48,28026549,01,TEMP,S79.6
2026/09/01 19:30:48,28026556,OK:01,TEMP,S79.6
2026/09/01 19:30:49,28027563,01,MON?
2026/09/01 19:30:49,28027565,80.0,,CONSTANT,0
2026/09/01 19:30:54,28032632,01,TEMP,S79.7
2026/09/01 19:30:54,28032634,OK:01,TEMP,S79.7
2026/09/01 19:30:59,28037701,01,MON?
2026/09/01 19:30:59,28037703,79.9,,CONSTANT,0
2026/09/01 19:31:00,28038717,01,TEMP,S79.8
2026/09/01 19:31:00,28038719,OK:01,TEMP,S79.8
2026/09/01 19:31:05,28043786,01,TEMP,S79.9
2026/09/01 19:31:05,28043793,OK:01,TEMP,S79.9
2026/09/01 19:31:09,28047841,01,MON?
2026/09/01 19:31:09,28047842,80.1,,CONSTANT,0
2026/09/01 19:31:11,28049869,01,TEMP,S80.0
2026/09/01 19:31:11,28049871,OK:01,TEMP,S80.0
2026/09/01 19:31:14,28052911,ÇoÇbÇ…ÇÊÇÈÅBÉâÉìÉvâ^ì]èIóπ
2026/09/01 19:31:14,28052912,01,TEMP,S80.0
2026/09/01 19:31:14,28052914,OK:01,TEMP,S80.0
2026/09/01 19:31:20,28058374,01,MON?
2026/09/01 19:31:20,28058375,80.5,,CONSTANT,0
2026/09/01 19:31:30,28068514,01,MON?
2026/09/01 19:31:30,28068518,80.9,,CONSTANT,0
2026/09/01 19:31:40,28078653,01,MON?
2026/09/01 19:31:40,28078654,79.4,,CONSTANT,0
2026/09/01 19:31:50,28088793,01,MON?
2026/09/01 19:31:50,28088793,79.9,,CONSTANT,0
2026/09/01 19:32:00,28098935,01,MON?
2026/09/01 19:32:00,28098936,79.7,,CONSTANT,0
2026/09/01 19:32:11,28109074,01,MON?
2026/09/01 19:32:11,28109075,79.9,,CONSTANT,0
2026/09/01 19:32:14,28112116,01,TEMP,S80.0
2026/09/01 19:32:14,28112116,OK:01,TEMP,S80.0
2026/09/01 19:32:14,28112117,01,MODE,CONSTANT
2026/09/01 19:32:14,28112118,OK:01,MODE,CONSTANT
2026/09/01 19:32:14,28112119,01,SET,REF1
2026/09/01 19:32:14,28112120,OK:01,SET,REF1
2026/09/01 19:32:21,28119213,01,MON?
2026/09/01 19:32:21,28119217,79.4,,CONSTANT,0
2026/09/01 19:32:31,28129352,01,MON?
2026/09/01 19:32:31,28129353,79.8,,CONSTANT,0
2026/09/01 19:32:41,28139493,01,MON?
2026/09/01 19:32:41,28139494,80.2,,CONSTANT,0
2026/09/01 19:32:51,28149633,01,MON?
2026/09/01 19:32:51,28149634,79.8,,CONSTANT,0
2026/09/01 19:33:01,28159772,01,MON?
2026/09/01 19:33:01,28159772,80.1,,CONSTANT,0
2026/09/01 19:33:11,28169912,01,MON?
2026/09/01 19:33:11,28169913,79.5,,CONSTANT,0
2026/09/01 19:33:22,28180053,01,MON?
2026/09/01 19:33:22,28180054,79.5,,CONSTANT,0
2026/09/01 19:33:32,28190192,01,MON?
2026/09/01 19:33:32,28190196,80.5,,CONSTANT,0
2026/09/01 19:33:42,28200333,01,MON?
2026/09/01 19:33:42,28200336,79.9,,CONSTANT,0
2026/09/01 19:33:52,28210472,01,MON?
2026/09/01 19:33:52,28210475,79.4,,CONSTANT,0
2026/09/01 19:34:02,28220613,01,MON?
2026/09/01 19:34:02,28220617,80.0,,CONSTANT,0
2026/09/01 19:34:12,28230753,01,MON?
2026/09/01 19:34:12,28230754,79.1,,CONSTANT,0
2026/09/01 19:34:22,28240893,01,MON?
2026/09/01 19:34:22,28240894,79.7,,CONSTANT,0
2026/09/01 19:34:33,28251033,01,MON?
2026/09/01 19:34:33,28251034,80.4,,CONSTANT,0
2026/09/01 19:34:43,28261173,01,MON?
2026/09/01 19:34:43,28261174,80.2,,CONSTANT,0
2026/09/01 19:34:53,28271313,01,MON?
2026/09/01 19:34:53,28271314,79.1,,CONSTANT,0
2026/09/01 19:35:03,28281454,01,MON?
2026/09/01 19:35:03,28281455,80.9,,CONSTANT,0
2026/09/01 19:35:13,28291593,01,MON?
2026/09/01 19:35:13,28291594,80.4,,CONSTANT,0
2026/09/01 19:35:23,28301734,01,MON?
2026/09/01 19:35:23,28301735,80.1,,CONSTANT,0
2026/09/01 19:35:33,28311873,01,MON?
2026/09/01 19:35:33,28311873,80.6,,CONSTANT,0
2026/09/01 19:35:44,28322015,01,MON?
2026/09/01 19:35:44,28322016,80.0,,CONSTANT,0
2026/09/01 19:35:54,28332154,01,MON?
2026/09/01 19:35:54,28332157,79.8,,CONSTANT,0
2026/09/01 19:36:04,28342295,01,MON?
2026/09/01 19:36:04,28342299,79.2,,CONSTANT,0
2026/09/01 19:36:14,28352433,01,MON?
2026/09/01 19:36:14,28352436,80.3,,CONSTANT,0
2026/09/01 19:36:24,28362574,01,MON?
2026/09/01 19:36:24,28362579,80.5,,CONSTANT,0
2026/09/01 19:36:34,28372714,01,MON?
2026/09/01 19:36:34,28372715,81.0,,CONSTANT,0
2026/09/01 19:36:44,28382853,01,MON?
2026/09/01 19:36:44,28382854,80.0,,CONSTANT,0
2026/09/01 19:36:55,28392994,01,MON?
2026/09/01 19:36:55,28392995,80.5,,CONSTANT,0
2026/09/01 19:37:05,28403133,01,MON?
2026/09/01 19:37:05,28403134,79.2,,CONSTANT,0
2026/09/01 19:37:15,28413274,01,MON?
2026/09/01 19:37:15,28413274,79.1,,CONSTANT,0
2026/09/01 19:37:25,28423414,01,MON?
2026/09/01 19:37:25,28423417,80.8,,CONSTANT,0
2026/09/01 19:37:35,28433555,01,MON?
2026/09/01 19:37:35,28433556,79.4,,CONSTANT,0
2026/09/01 19:37:45,28443694,01,MON?
2026/09/01 19:37:45,28443695,80.4,,CONSTANT,0
2026/09/01 19:37:55,28453834,01,MON?
2026/09/01 19:37:55,28453834,80.6,,CONSTANT,0
2026/09/01 19:38:05,28463975,01,MON?
2026/09/01 19:38:05,28463976,79.9,,CONSTANT,0
2026/09/01 19:38:16,28474114,01,MON?
2026/09/01 19:38:16,28474115,79.5,,CONSTANT,0
2026/09/01 19:38:26,28484255,01,MON?
2026/09/01 19:38:26,28484258,80.3,,CONSTANT,0
2026/09/01 19:38:36,28494395,01,MON?
2026/09/01 19:38:36,28494398,80.9,,CONSTANT,0
2026/09/01 19:38:46,28504535,01,MON?
2026/09/01 19:38:46,28504539,80.6,,CONSTANT,0
2026/09/01 19:38:56,28514676,01,MON?
2026/09/01 19:38:56,28514676,79.6,,CONSTANT,0
2026/09/01 19:39:06,28524814,01,MON?
2026/09/01 19:39:06,28524815,80.5,,CONSTANT,0
2026/09/01 19:39:16,28534955,01,MON?
2026/09/01 19:39:16,28534955,79.5,,CONSTANT,0
2026/09/01 19:39:27,28545094,01,MON?
2026/09/01 19:39:27,28545096,80.4,,CONSTANT,0
2026/09/01 19:39:37,28555235,01,MON?
2026/09/01 19:39:37,28555236,79.3,,CONSTANT,0
2026/09/01 19:39:47,28565375,01,MON?
2026/09/01 19:39:47,28565376,79.9,,CONSTANT,0
2026/09/01 19:39:57,28575515,01,MON?
2026/09/01 19:39:57,28575516,79.8,,CONSTANT,0
2026/09/01 19:40:07,28585657,01,MON?
2026/09/01 19:40:07,28585657,79.5,,CONSTANT,0
2026/09/01 19:40:17,28595798,01,MON?
2026/09/01 19:40:17,28595800,79.2,,CONSTANT,0
2026/09/01 19:40:27,28605935,01,MON?
2026/09/01 19:40:27,28605935,79.5,,CONSTANT,0
2026/09/01 19:40:38,28616076,01,MON?
2026/09/01 19:40:38,28616077,79.1,,CONSTANT,0
2026/09/01 19:40:48,28626216,01,MON?
2026/09/01 19:40:48,28626220,79.0,,CONSTANT,0
2026/09/01 19:40:58,28636356,01,MON?
2026/09/01 19:40:58,28636361,79.0,,CONSTANT,0
2026/09/01 19:41:08,28646496,01,MON?
2026/09/01 19:41:08,28646499,79.7,,CONSTANT,0
2026/09/01 19:41:18,28656637,01,MON?
2026/09/01 19:41:18,28656638,79.4,,CONSTANT,0
2026/09/01 19:41:28,28666775,01,MON?
2026/09/01 19:41:28,28666776,79.9,,CONSTANT,0
2026/09/01 19:41:38,28676917,01,MON?
2026/09/01 19:41:38,28676919,80.9,,CONSTANT,0
2026/09/01 19:41:49,28687056,01,MON?
2026/09/01 19:41:49,28687056,80.5,,CONSTANT,0
2026/09/01 19:41:59,28697195,01,MON?
2026/09/01 19:41:59,28697196,79.8,,CONSTANT,0
2026/09/01 19:42:09,28707336,01,MON?
2026/09/01 19:42:09,28707336,79.4,,CONSTANT,0
2026/09/01 19:42:14,28712406,ÇoÇbÇ…ÇÊÇÈÅBÉâÉìÉvâ^ì]èIóπ
2026/09/01 19:42:14,28712406,01,TEMP,S80.0
2026/09/01 19:42:14,28712407,OK:01,TEMP,S80.0
2026/09/01 19:42:14,28712423,01,TEMP,S80.0
2026/09/01 19:42:14,28712424,OK:01,TEMP,S80.0
2026/09/01 19:42:14,28712424,01,MODE,CONSTANT
2026/09/01 19:42:14,28712425,OK:01,MODE,CONSTANT
2026/09/01 19:42:14,28712425,01,SET,REF1
2026/09/01 19:42:14,28712426,OK:01,SET,REF1
2026/09/01 19:42:16,28714450,01,TEMP,S79.9
2026/09/01 19:42:16,28714458,OK:01,TEMP,S79.9
2026/09/01 19:42:19,28717502,01,MON?
2026/09/01 19:42:19,28717506,80.2,,CONSTANT,0
2026/09/01 19:42:22,28720535,01,TEMP,S79.8
2026/09/01 19:42:22,28720536,OK:01,TEMP,S79.8
2026/09/01 19:42:28,28726620,01,TEMP,S79.7
2026/09/01 19:42:28,28726620,OK:01,TEMP,S79.7
2026/09/01 19:42:29,28727637,01,MON?
2026/09/01 19:42:29,28727638,79.0,,CONSTANT,0
2026/09/01 19:42:34,28732703,01,TEMP,S79.6
2026/09/01 19:42:34,28732704,OK:01,TEMP,S79.6
2026/09/01 19:42:39,28737778,01,MON?
2026/09/01 19:42:39,28737779,79.0,,CONSTANT,0
2026/09/01 19:42:40,28738790,01,TEMP,S79.5
2026/09/01 19:42:40,28738790,OK:01,TEMP,S79.5
2026/09/01 19:42:46,28744871,01,TEMP,S79.4
2026/09/01 19:42:46,28744874,OK:01,TEMP,S79.4
2026/09/01 19:42:49,28747918,01,MON?
2026/09/01 19:42:49,28747919,79.8,,CONSTANT,0
2026/09/01 19:42:52,28750954,01,TEMP,S79.3
2026/09/01 19:42:52,28750955,OK:01,TEMP,S79.3
2026/09/01 19:42:59,28757040,01,TEMP,S79.2
2026/09/01 19:42:59,28757041,OK:01,TEMP,S79.2
2026/09/01 19:43:00,28758058,01,MON?
2026/09/01 19:43:00,28758059,78.3,,CONSTANT,0
2026/09/01 19:43:05,28763125,01,TEMP,S79.1
2026/09/01 19:43:05,28763130,OK:01,TEMP,S79.1
2026/09/01 19:43:10,28768196,01,MON?
2026/09/01 19:43:10,28768197,78.9,,CONSTANT,0
2026/09/01 19:43:11,28769207,01,TEMP,S79.0
2026/09/01 19:43:11,28769208,OK:01,TEMP,S79.0
2026/09/01 19:43:17,28775291,01,TEMP,S78.9
2026/09/01 19:43:17,28775293,OK:01,TEMP,S78.9
2026/09/01 19:43:20,28778338,01,MON?
2026/09/01 19:43:20,28778338,79.4,,CONSTANT,0
2026/09/01 19:43:23,28781375,01,TEMP,S78.8
2026/09/01 19:43:23,28781377,OK:01,TEMP,S78.8
2026/09/01 19:43:29,28787459,01,TEMP,S78.7
2026/09/01 19:43:29,28787459,OK:01,TEMP,S78.7
2026/09/01 19:43:30,28788477,01,MON?
2026/09/01 19:43:30,28788478,78.9,,CONSTANT,0
2026/09/01 19:43:34,28792530,01,TEMP,S78.6
2026/09/01 19:43:34,28792533,OK:01,TEMP,S78.6
2026/09/01 19:43:40,28798619,01,MON?
2026/09/01 19:43:40,28798620,79.4,,CONSTANT,0
2026/09/01 19:43:40,28798621,01,TEMP,S78.5
2026/09/01 19:43:40,28798621,OK:01,TEMP,S78.5
2026/09/01 19:43:46,28804699,01,TEMP,S78.4
2026/09/01 19:43:46,28804700,OK:01,TEMP,S78.4
2026/09/01 19:43:50,28808756,01,MON?
2026/09/01 19:43:50,28808757,78.9,,CONSTANT,0
2026/09/01 19:43:52,28810782,01,TEMP,S78.3
2026/09/01 19:43:52,28810791,OK:01,TEMP,S78.3
2026/09/01 19:43:58,28816866,01,TEMP,S78.2
2026/09/01 19:43:58,28816867,OK:01,TEMP,S78.2
2026/09/01 19:44:00,28818900,01,MON?
2026/09/01 19:44:00,28818901,78.4,,CONSTANT,0
2026/09/01 19:44:04,28822950,01,TEMP,S78.1
2026/09/01 19:44:04,28822952,OK:01,TEMP,S78.1
2026/09/01 19:44:11,28829038,01,MON?
2026/09/01 19:44:11,28829038,77.7,,CONSTANT,0
2026/09/01 19:44:11,28829039,01,TEMP,S78.0
2026/09/01 19:44:11,28829039,OK:01,TEMP,S78.0
2026/09/01 19:44:17,28835118,01,TEMP,S77.9
2026/09/01 19:44:17,28835118,OK:01,TEMP,S77.9
2026/09/01 19:44:21,28839179,01,MON?
2026/09/01 19:44:21,28839182,77.9,,CONSTANT,0
2026/09/01 19:44:23,28841203,01,TEMP,S77.8
2026/09/01 19:44:23,28841204,OK:01,TEMP,S77.8
2026/09/01 19:44:29,28847285,01,TEMP,S77.7
2026/09/01 19:44:29,28847286,OK:01,TEMP,S77.7
2026/09/01 19:44:31,28849317,01,MON?
2026/09/01 19:44:31,28849317,78.4,,CONSTANT,0
2026/09/01 19:44:35,28853370,01,TEMP,S77.6
2026/09/01 19:44:35,28853371,OK:01,TEMP,S77.6
2026/09/01 19:44:41,28859457,01,MON?
2026/09/01 19:44:41,28859457,77.2,,CONSTANT,0
2026/09/01 19:44:41,28859458,01,TEMP,S77.5
2026/09/01 19:44:41,28859458,OK:01,TEMP,S77.5
2026/09/01 19:44:46,28864525,01,TEMP,S77.4
2026/09/01 19:44:46,28864525,OK:01,TEMP,S77.4
2026/09/01 19:44:51,28869597,01,MON?
2026/09/01 19:44:51,28869599,77.3,,CONSTANT,0
2026/09/01 19:44:52,28870610,01,TEMP,S77.3
2026/09/01 19:44:52,28870611,OK:01,TEMP,S77.3
2026/09/01 19:44:58,28876691,01,TEMP,S77.2
2026/09/01 19:44:58,28876691,OK:01,TEMP,S77.2
2026/09/01 19:45:01,28879738,01,MON?
2026/09/01 19:45:01,28879739,77.1,,CONSTANT,0
2026/09/01 19:45:04,28882777,01,TEMP,S77.1
2026/09/01 19:45:04,28882777,OK:01,TEMP,S77.1
2026/09/01 19:45:10,28888865,01,TEMP,S77.0
2026/09/01 19:45:10,28888866,OK:01,TEMP,S77.0
2026/09/01 19:45:11,28889878,01,MON?
2026/09/01 19:45:11,28889878,77.0,,CONSTANT,0
2026/09/01 19:45:16,28894943,01,TEMP,S76.9
2026/09/01 19:45:16,28894944,OK:01,TEMP,S76.9
2026/09/01 19:45:22,28900019,01,MON?
2026/09/01 19:45:22,28900019,77.7,,CONSTANT,0
2026/09/01 19:45:23,28901030,01,TEMP,S76.8
2026/09/01 19:45:23,28901031,OK:01,TEMP,S76.8
2026/09/01 19:45:29,28907111,01,TEMP,S76.7
2026/09/01 19:45:29,28907114,OK:01,TEMP,S76.7
2026/09/01 19:45:32,28910157,01,MON?
2026/09/01 19:45:32,28910158,76.4,,CONSTANT,0
2026/09/01 19:45:35,28913197,01,TEMP,S76.6
2026/09/01 19:45:35,28913201,OK:01,TEMP,S76.6
2026/09/01 19:45:41,28919281,01,TEMP,S76.5
2026/09/01 19:45:41,28919282,OK:01,TEMP,S76.5
2026/09/01 19:45:42,28920297,01,MON?
2026/09/01 19:45:42,28920298,76.8,,CONSTANT,0
2026/09/01 19:45:47,28925365,01,TEMP,S76.4
2026/09/01 19:45:47,28925369,OK:01,TEMP,S76.4
2026/09/01 19:45:52,28930437,01,MON?
2026/09/01 19:45:52,28930437,75.8,,CONSTANT,0
2026/09/01 19:45:53,28931450,01,TEMP,S76.3
2026/09/01 19:45:53,28931451,OK:01,TEMP,S76.3
2026/09/01 19:45:59,28937533,01,TEMP,S76.2
2026/09/01 19:45:59,28937536,OK:01,TEMP,S76.2
2026/09/01 19:46:02,28940579,01,MON?
2026/09/01 19:46:02,28940580,76.2,,CONSTANT,0
2026/09/01 19:46:04,28942602,01,TEMP,S76.1
2026/09/01 19:46:04,28942605,OK:01,TEMP,S76.1
2026/09/01 19:46:10,28948686,01,TEMP,S76.0
2026/09/01 19:46:10,28948687,OK:01,TEMP,S76.0
2026/09/01 19:46:12,28950717,01,MON?
2026/09/01 19:46:12,28950718,75.5,,CONSTANT,0
2026/09/01 19:46:16,28954770,01,TEMP,S75.9
2026/09/01 19:46:16,28954771,OK:01,TEMP,S75.9
2026/09/01 19:46:22,28960858,01,MON?
2026/09/01 19:46:22,28960861,76.7,,CONSTANT,0
2026/09/01 19:46:22,28960861,01,TEMP,S75.8
2026/09/01 19:46:22,28960862,OK:01,TEMP,S75.8
2026/09/01 19:46:28,28966939,01,TEMP,S75.7
2026/09/01 19:46:28,28966939,OK:01,TEMP,S75.7
2026/09/01 19:46:33,28971001,01,MON?
2026/09/01 19:46:33,28971006,76.1,,CONSTANT,0
2026/09/01 19:46:35,28973022,01,TEMP,S75.6
2026/09/01 19:46:35,28973023,OK:01,TEMP,S75.6
2026/09/01 19:46:41,28979107,01,TEMP,S75.5
2026/09/01 19:46:41,28979108,OK:01,TEMP,S75.5
2026/09/01 19:46:43,28981143,01,MON?
2026/09/01 19:46:43,28981144,75.7,,CONSTANT,0
2026/09/01 19:46:47,28985191,01,TEMP,S75.4
2026/09/01 19:46:47,28985194,OK:01,TEMP,S75.4
2026/09/01 19:46:53,28991279,01,MON?
2026/09/01 19:46:53,28991279,75.6,,CONSTANT,0
2026/09/01 19:46:53,28991280,01,TEMP,S75.3
2026/09/01 19:46:53,28991280,OK:01,TEMP,S75.3
2026/09/01 19:46:59,28997359,01,TEMP,S75.2
2026/09/01 19:46:59,28997359,OK:01,TEMP,S75.2
2026/09/01 19:47:03,29001420,01,MON?
2026/09/01 19:47:03,29001424,74.2,,CONSTANT,0
2026/09/01 19:47:05,29003444,01,TEMP,S75.1
2026/09/01 19:47:05,29003445,OK:01,TEMP,S75.1
2026/09/01 19:47:11,29009528,01,TEMP,S75.0
2026/09/01 19:47:11,29009528,OK:01,TEMP,S75.0
2026/09/01 19:47:13,29011560,01,MON?
2026/09/01 19:47:13,29011561,75.9,,CONSTANT,0
2026/09/01 19:47:16,29014597,01,TEMP,S74.9
2026/09/01 19:47:16,29014598,OK:01,TEMP,S74.9
2026/09/01 19:47:22,29020682,01,TEMP,S74.8
2026/09/01 19:47:22,29020682,OK:01,TEMP,S74.8
2026/09/01 19:47:23,29021707,01,MON?
2026/09/01 19:47:23,29021709,74.5,,CONSTANT,0
2026/09/01 19:47:28,29026765,01,TEMP,S74.7
2026/09/01 19:47:28,29026766,OK:01,TEMP,S74.7
2026/09/01 19:47:33,29031838,01,MON?
2026/09/01 19:47:33,29031841,74.8,,CONSTANT,0
2026/09/01 19:47:34,29032849,01,TEMP,S74.6
2026/09/01 19:47:34,29032850,OK:01,TEMP,S74.6
2026/09/01 19:47:40,29038934,01,TEMP,S74.5
2026/09/01 19:47:40,29038936,OK:01,TEMP,S74.5
2026/09/01 19:47:43,29041979,01,MON?
2026/09/01 19:47:43,29041979,75.3,,CONSTANT,0
2026/09/01 19:47:47,29045016,01,TEMP,S74.4
2026/09/01 19:47:47,29045016,OK:01,TEMP,S74.4
2026/09/01 19:47:53,29051100,01,TEMP,S74.3
2026/09/01 19:47:53,29051101,OK:01,TEMP,S74.3
2026/09/01 19:47:54,29052120,01,MON?
2026/09/01 19:47:54,29052121,75.0,,CONSTANT,0
2026/09/01 19:47:59,29057185,01,TEMP,S74.2
2026/09/01 19:47:59,29057188,OK:01,TEMP,S74.2
2026/09/01 19:48:04,29062259,01,MON?
2026/09/01 19:48:04,29062262,74.0,,CONSTANT,0
2026/09/01 19:48:05,29063273,01,TEMP,S74.1
2026/09/01 19:48:05,29063274,OK:01,TEMP,S74.1
2026/09/01 19:48:11,29069352,01,TEMP,S74.0
2026/09/01 19:48:11,29069354,OK:01,TEMP,S74.0
2026/09/01 19:48:14,29072400,01,MON?
2026/09/01 19:48:14,29072401,74.8,,CONSTANT,0
2026/09/01 19:48:17,29075441,01,TEMP,S73.9
2026/09/01 19:48:17,29075442,OK:01,TEMP,S73.9
2026/09/01 19:48:23,29081521,01,TEMP,S73.8
2026/09/01 19:48:23,29081522,OK:01,TEMP,S73.8
2026/09/01 19:48:24,29082540,01,MON?
2026/09/01 19:48:24,29082540,73.8,,CONSTANT,0
2026/09/01 19:48:29,29087605,01,TEMP,S73.7
2026/09/01 19:48:29,29087608,OK:01,TEMP,S73.7
2026/09/01 19:48:34,29092681,01,MON?
2026/09/01 19:48:34,29092682,73.6,,CONSTANT,0
2026/09/01 19:48:34,29092683,01,TEMP,S73.6
2026/09/01 19:48:34,29092683,OK:01,TEMP,S73.6
2026/09/01 19:48:40,29098759,01,TEMP,S73.5
2026/09/01 19:48:40,29098759,OK:01,TEMP,S73.5
2026/09/01 19:48:44,29102820,01,MON?
2026/09/01 19:48:44,29102821,72.5,,CONSTANT,0
2026/09/01 19:48:46,29104843,01,TEMP,S73.4
2026/09/01 19:48:46,29104848,OK:01,TEMP,S73.4
2026/09/01 19:48:52,29110927,01,TEMP,S73.3
2026/09/01 19:48:52,29110928,OK:01,TEMP,S73.3
2026/09/01 19:48:54,29112958,01,MON?
2026/09/01 19:48:54,29112958,73.3,,CONSTANT,0
2026/09/01 19:48:59,29117015,01,TEMP,S73.2
2026/09/01 19:48:59,29117018,OK:01,TEMP,S73.2
2026/09/01 19:49:05,29123100,01,MON?
2026/09/01 19:49:05,29123101,73.8,,CONSTANT,0
2026/09/01 19:49:05,29123101,01,TEMP,S73.1
2026/09/01 19:49:05,29123102,OK:01,TEMP,S73.1
2026/09/01 19:49:11,29129180,01,TEMP,S73.0
2026/09/01 19:49:11,29129181,OK:01,TEMP,S73.0
2026/09/01 19:49:15,29133245,01,MON?
2026/09/01 19:49:15,29133246,73.7,,CONSTANT,0
2026/09/01 19:49:17,29135264,01,TEMP,S72.9
2026/09/01 19:49:17,29135265,OK:01,TEMP,S72.9
2026/09/01 19:49:23,29141348,01,TEMP,S72.8
2026/09/01 19:49:23,29141349,OK:01,TEMP,S72.8
2026/09/01 19:49:25,29143387,01,MON?
2026/09/01 19:49:25,29143388,73.8,,CONSTANT,0
2026/09/01 19:49:29,29147434,01,TEMP,S72.7
2026/09/01 19:49:29,29147438,OK:01,TEMP,S72.7
2026/09/01 19:49:35,29153518,01,MON?
2026/09/01 19:49:35,29153519,71.8,,CONSTANT,0
2026/09/01 19:49:35,29153519,01,TEMP,S72.6
2026/09/01 19:49:35,29153519,OK:01,TEMP,S72.6
2026/09/01 19:49:41,29159601,01,TEMP,S72.5
2026/09/01 19:49:41,29159602,OK:01,TEMP,S72.5
2026/09/01 19:49:45,29163661,01,MON?
2026/09/01 19:49:45,29163662,71.6,,CONSTANT,0
2026/09/01 19:49:46,29164670,01,TEMP,S72.4
2026/09/01 19:49:46,29164671,OK:01,TEMP,S72.4
2026/09/01 19:49:52,29170754,01,TEMP,S72.3
2026/09/01 19:49:52,29170757,OK:01,TEMP,S72.3
2026/09/01 19:49:55,29173805,01,MON?
2026/09/01 19:49:55,29173806,72.0,,CONSTANT,0
2026/09/01 19:49:58,29176839,01,TEMP,S72.2
2026/09/01 19:49:58,29176840,OK:01,TEMP,S72.2
2026/09/01 19:50:04,29182923,01,TEMP,S72.1
2026/09/01 19:50:04,29182924,OK:01,TEMP,S72.1
2026/09/01 19:50:05,29183939,01,MON?
2026/09/01 19:50:05,29183939,73.1,,CONSTANT,0
2026/09/01 19:50:11,29189006,01,TEMP,S72.0
2026/09/01 19:50:11,29189007,OK:01,TEMP,S72.0
2026/09/01 19:50:16,29194080,01,MON?
2026/09/01 19:50:16,29194081,71.6,,CONSTANT,0
2026/09/01 19:50:17,29195095,01,TEMP,S71.9
2026/09/01 19:50:17,29195096,OK:01,TEMP,S71.9
2026/09/01 19:50:23,29201175,01,TEMP,S71.8
2026/09/01 19:50:23,29201180,OK:01,TEMP,S71.8
2026/09/01 19:50:26,29204220,01,MON?
2026/09/01 19:50:26,29204221,70.8,,CONSTANT,0
2026/09/01 19:50:29,29207258,01,TEMP,S71.7
2026/09/01 19:50:29,29207261,OK:01,TEMP,S71.7
2026/09/01 19:50:35,29213343,01,TEMP,S71.6
2026/09/01 19:50:35,29213344,OK:01,TEMP,S71.6
2026/09/01 19:50:36,29214362,01,MON?
2026/09/01 19:50:36,29214363,70.9,,CONSTANT,0
2026/09/01 19:50:41,29219426,01,TEMP,S71.5
2026/09/01 19:50:41,29219429,OK:01,TEMP,S71.5
2026/09/01 19:50:46,29224501,01,MON?
2026/09/01 19:50:46,29224502,71.8,,CONSTANT,0
2026/09/01 19:50:47,29225510,01,TEMP,S71.4
2026/09/01 19:50:47,29225510,OK:01,TEMP,S71.4
2026/09/01 19:50:53,29231596,01,TEMP,S71.3
2026/09/01 19:50:53,29231598,OK:01,TEMP,S71.3
2026/09/01 19:50:56,29234639,01,MON?
2026/09/01 19:50:56,29234640,71.4,,CONSTANT,0
2026/09/01 19:50:59,29237679,01,TEMP,S71.2
2026/09/01 19:50:59,29237683,OK:01,TEMP,S71.2
2026/09/01 19:51:04,29242747,01,TEMP,S71.1
2026/09/01 19:51:04,29242748,OK:01,TEMP,S71.1
2026/09/01 19:51:06,29244779,01,MON?
2026/09/01 19:51:06,29244780,71.1,,CONSTANT,0
2026/09/01 19:51:10,29248833,01,TEMP,S71.0
2026/09/01 19:51:10,29248837,OK:01,TEMP,S71.0
2026/09/01 19:51:16,29254926,01,MON?
2026/09/01 19:51:16,29254928,70.4,,CONSTANT,0
2026/09/01 19:51:16,29254929,01,TEMP,S70.9
2026/09/01 19:51:16,29254929,OK:01,TEMP,S70.9
2026/09/01 19:51:23,29261000,01,TEMP,S70.8
2026/09/01 19:51:23,29261005,OK:01,TEMP,S70.8
2026/09/01 19:51:27,29265061,01,MON?
2026/09/01 19:51:27,29265062,70.2,,CONSTANT,0
2026/09/01 19:51:29,29267085,01,TEMP,S70.7
2026/09/01 19:51:29,29267086,OK:01,TEMP,S70.7
2026/09/01 19:51:35,29273169,01,TEMP,S70.6
2026/09/01 19:51:35,29273170,OK:01,TEMP,S70.6
2026/09/01 19:51:37,29275201,01,MON?
2026/09/01 19:51:37,29275204,70.6,,CONSTANT,0
2026/09/01 19:51:41,29279253,01,TEMP,S70.5
2026/09/01 19:51:41,29279256,OK:01,TEMP,S70.5
2026/09/01 19:51:47,29285341,01,MON?
2026/09/01 19:51:47,29285342,70.6,,CONSTANT,0
2026/09/01 19:51:47,29285343,01,TEMP,S70.4
2026/09/01 19:51:47,29285343,OK:01,TEMP,S70.4
2026/09/01 19:51:53,29291420,01,TEMP,S70.3
2026/09/01 19:51:53,29291421,OK:01,TEMP,S70.3
2026/09/01 19:51:57,29295480,01,MON?
2026/09/01 19:51:57,29295481,69.4,,CONSTANT,0
2026/09/01 19:51:59,29297506,01,TEMP,S70.2
2026/09/01 19:51:59,29297507,OK:01,TEMP,S70.2
2026/09/01 19:52:05,29303588,01,TEMP,S70.1
2026/09/01 19:52:05,29303588,OK:01,TEMP,S70.1
2026/09/01 19:52:07,29305621,01,MON?
2026/09/01 19:52:07,29305622,70.8,,CONSTANT,0
2026/09/01 19:52:11,29309673,01,TEMP,S70.0
2026/09/01 19:52:11,29309674,OK:01,TEMP,S70.0
2026/09/01 19:52:16,29314743,01,TEMP,S69.9
2026/09/01 19:52:16,29314744,OK:01,TEMP,S69.9
2026/09/01 19:52:17,29315764,01,MON?
2026/09/01 19:52:17,29315765,70.2,,CONSTANT,0
2026/09/01 19:52:22,29320826,01,TEMP,S69.8
2026/09/01 19:52:22,29320827,OK:01,TEMP,S69.8
2026/09/01 19:52:27,29325899,01,MON?
2026/09/01 19:52:27,29325900,70.0,,CONSTANT,0
2026/09/01 19:52:28,29326911,01,TEMP,S69.7
2026/09/01 19:52:28,29326912,OK:01,TEMP,S69.7
2026/09/01 19:52:35,29332997,01,TEMP,S69.6
2026/09/01 19:52:35,29332998,OK:01,TEMP,S69.6
2026/09/01 19:52:38,29336042,01,MON?
2026/09/01 19:52:38,29336043,70.5,,CONSTANT,0
2026/09/01 19:52:41,29339079,01,TEMP,S69.5
2026/09/01 19:52:41,29339081,OK:01,TEMP,S69.5
2026/09/01 19:52:47,29345164,01,TEMP,S69.4
2026/09/01 19:52:47,29345165,OK:01,TEMP,S69.4
2026/09/01 19:52:48,29346179,01,MON?
2026/09/01 19:52:48,29346180,70.0,,CONSTANT,0
2026/09/01 19:52:53,29351249,01,TEMP,S69.3
2026/09/01 19:52:53,29351253,OK:01,TEMP,S69.3
2026/09/01 19:52:58,29356321,01,MON?
2026/09/01 19:52:58,29356322,68.9,,CONSTANT,0
2026/09/01 19:52:59,29357334,01,TEMP,S69.2
2026/09/01 19:52:59,29357335,OK:01,TEMP,S69.2
2026/09/01 19:53:05,29363415,01,TEMP,S69.1
2026/09/01 19:53:05,29363425,OK:01,TEMP,S69.1
2026/09/01 19:53:08,29366459,01,MON?
2026/09/01 19:53:08,29366462,69.2,,CONSTANT,0
2026/09/01 19:53:11,29369499,01,TEMP,S69.0
2026/09/01 19:53:11,29369501,OK:01,TEMP,S69.0
2026/09/01 19:53:17,29375584,01,TEMP,S68.9
2026/09/01 19:53:17,29375585,OK:01,TEMP,S68.9
2026/09/01 19:53:18,29376608,01,MON?
2026/09/01 19:53:18,29376609,69.3,,CONSTANT,0
2026/09/01 19:53:23,29381666,01,TEMP,S68.8
2026/09/01 19:53:23,29381669,OK:01,TEMP,S68.8
2026/09/01 19:53:28,29386742,01,MON?
2026/09/01 19:53:28,29386742,69.4,,CONSTANT,0
2026/09/01 19:53:29,29387753,01,TEMP,S68.7
2026/09/01 19:53:29,29387754,OK:01,TEMP,S68.7
2026/09/01 19:53:34,29392821,01,TEMP,S68.6
2026/09/01 19:53:34,29392821,OK:01,TEMP,S68.6
2026/09/01 19:53:38,29396884,01,MON?
2026/09/01 19:53:38,29396887,69.1,,CONSTANT,0
2026/09/01 19:53:40,29398904,01,TEMP,S68.5
2026/09/01 19:53:40,29398904,OK:01,TEMP,S68.5
2026/09/01 19:53:47,29404990,01,TEMP,S68.4
2026/09/01 19:53:47,29404991,OK:01,TEMP,S68.4
2026/09/01 19:53:49,29407020,01,MON?
2026/09/01 19:53:49,29407021,69.4,,CONSTANT,0
2026/09/01 19:53:53,29411073,01,TEMP,S68.3
2026/09/01 19:53:53,29411077,OK:01,TEMP,S68.3
2026/09/01 19:53:59,29417163,01,MON?
2026/09/01 19:53:59,29417164,68.7,,CONSTANT,0
2026/09/01 19:53:59,29417164,01,TEMP,S68.2
2026/09/01 19:53:59,29417165,OK:01,TEMP,S68.2
2026/09/01 19:54:05,29423242,01,TEMP,S68.1
2026/09/01 19:54:05,29423243,OK:01,TEMP,S68.1
2026/09/01 19:54:09,29427314,01,MON?
2026/09/01 19:54:09,29427317,68.5,,CONSTANT,0
2026/09/01 19:54:11,29429325,01,TEMP,S68.0
2026/09/01 19:54:11,29429326,OK:01,TEMP,S68.0
2026/09/01 19:54:17,29435409,01,TEMP,S67.9
2026/09/01 19:54:17,29435409,OK:01,TEMP,S67.9
2026/09/01 19:54:19,29437444,01,MON?
2026/09/01 19:54:19,29437447,67.6,,CONSTANT,0
2026/09/01 19:54:23,29441494,01,TEMP,S67.8
2026/09/01 19:54:23,29441495,OK:01,TEMP,S67.8
2026/09/01 19:54:29,29447582,01,MON?
2026/09/01 19:54:29,29447583,68.6,,CONSTANT,0
2026/09/01 19:54:29,29447584,01,TEMP,S67.7
2026/09/01 19:54:29,29447584,OK:01,TEMP,S67.7
2026/09/01 19:54:35,29453662,01,TEMP,S67.6
2026/09/01 19:54:35,29453663,OK:01,TEMP,S67.6
2026/09/01 19:54:39,29457720,01,MON?
2026/09/01 19:54:39,29457721,67.5,,CONSTANT,0
2026/09/01 19:54:41,29459748,01,TEMP,S67.5
2026/09/01 19:54:41,29459750,OK:01,TEMP,S67.5
2026/09/01 19:54:46,29464815,01,TEMP,S67.4
2026/09/01 19:54:46,29464815,OK:01,TEMP,S67.4
2026/09/01 19:54:49,29467867,01,MON?
2026/09/01 19:54:49,29467868,66.5,,CONSTANT,0
2026/09/01 19:54:52,29470899,01,TEMP,S67.3
2026/09/01 19:54:52,29470900,OK:01,TEMP,S67.3
2026/09/01 19:54:58,29476983,01,TEMP,S67.2
2026/09/01 19:54:59,29476984,OK:01,TEMP,S67.2
2026/09/01 19:55:00,29478000,01,MON?
2026/09/01 19:55:00,29478001,66.4,,CONSTANT,0
2026/09/01 19:55:05,29483068,01,TEMP,S67.1
2026/09/01 19:55:05,29483072,OK:01,TEMP,S67.1
2026/09/01 19:55:10,29488142,01,MON?
2026/09/01 19:55:10,29488145,67.9,,CONSTANT,0
2026/09/01 19:55:11,29489156,01,TEMP,S67.0
2026/09/01 19:55:11,29489156,OK:01,TEMP,S67.0
2026/09/01 19:55:17,29495238,01,TEMP,S66.9
2026/09/01 19:55:17,29495243,OK:01,TEMP,S66.9
2026/09/01 19:55:20,29498281,01,MON?
2026/09/01 19:55:20,29498282,67.5,,CONSTANT,0
2026/09/01 19:55:23,29501321,01,TEMP,S66.8
2026/09/01 19:55:23,29501325,OK:01,TEMP,S66.8
2026/09/01 19:55:29,29507406,01,TEMP,S66.7
2026/09/01 19:55:29,29507407,OK:01,TEMP,S66.7
2026/09/01 19:55:30,29508421,01,MON?
2026/09/01 19:55:30,29508422,67.0,,CONSTANT,0
2026/09/01 19:55:35,29513490,01,TEMP,S66.6
2026/09/01 19:55:35,29513493,OK:01,TEMP,S66.6
2026/09/01 19:55:40,29518559,01,MON?
2026/09/01 19:55:40,29518560,65.6,,CONSTANT,0
2026/09/01 19:55:41,29519572,01,TEMP,S66.5
2026/09/01 19:55:41,29519573,OK:01,TEMP,S66.5
2026/09/01 19:55:47,29525668,01,TEMP,S66.4
2026/09/01 19:55:47,29525669,OK:01,TEMP,S66.4
2026/09/01 19:55:50,29528701,01,MON?
2026/09/01 19:55:50,29528702,66.5,,CONSTANT,0
2026/09/01 19:55:53,29531740,01,TEMP,S66.3
2026/09/01 19:55:53,29531743,OK:01,TEMP,S66.3
2026/09/01 19:55:59,29537823,01,TEMP,S66.2
2026/09/01 19:55:59,29537824,OK:01,TEMP,S66.2
2026/09/01 19:56:00,29538843,01,MON?
2026/09/01 19:56:00,29538844,65.9,,CONSTANT,0
2026/09/01 19:56:04,29542895,01,TEMP,S66.1
2026/09/01 19:56:04,29542898,OK:01,TEMP,S66.1
2026/09/01 19:56:11,29548985,01,MON?
2026/09/01 19:56:11,29548986,65.5,,CONSTANT,0
2026/09/01 19:56:11,29548987,01,TEMP,S66.0
2026/09/01 19:56:11,29548988,OK:01,TEMP,S66.0
2026/09/01 19:56:17,29555063,01,TEMP,S65.9
2026/09/01 19:56:17,29555063,OK:01,TEMP,S65.9
2026/09/01 19:56:21,29559120,01,MON?
2026/09/01 19:56:21,29559122,66.4,,CONSTANT,0
2026/09/01 19:56:23,29561147,01,TEMP,S65.8
2026/09/01 19:56:23,29561148,OK:01,TEMP,S65.8
2026/09/01 19:56:29,29567230,01,TEMP,S65.7
2026/09/01 19:56:29,29567230,OK:01,TEMP,S65.7
2026/09/01 19:56:31,29569264,01,MON?
2026/09/01 19:56:31,29569265,66.1,,CONSTANT,0
2026/09/01 19:56:35,29573316,01,TEMP,S65.6
2026/09/01 19:56:35,29573317,OK:01,TEMP,S65.6
2026/09/01 19:56:41,29579401,01,MON?
2026/09/01 19:56:41,29579402,65.5,,CONSTANT,0
2026/09/01 19:56:41,29579402,01,TEMP,S65.5
2026/09/01 19:56:41,29579403,OK:01,TEMP,S65.5
2026/09/01 19:56:47,29585483,01,TEMP,S65.4
2026/09/01 19:56:47,29585483,OK:01,TEMP,S65.4
2026/09/01 19:56:51,29589542,01,MON?
2026/09/01 19:56:51,29589543,65.5,,CONSTANT,0
2026/09/01 19:56:53,29591567,01,TEMP,S65.3
2026/09/01 19:56:53,29591568,OK:01,TEMP,S65.3
2026/09/01 19:56:59,29597652,01,TEMP,S65.2
2026/09/01 19:56:59,29597654,OK:01,TEMP,S65.2
2026/09/01 19:57:01,29599682,01,MON?
2026/09/01 19:57:01,29599683,64.7,,CONSTANT,0
2026/09/01 19:57:05,29603736,01,TEMP,S65.1
2026/09/01 19:57:05,29603736,OK:01,TEMP,S65.1
2026/09/01 19:57:11,29609823,01,MON?
2026/09/01 19:57:11,29609823,65.2,,CONSTANT,0
2026/09/01 19:57:11,29609824,01,TEMP,S65.0
2026/09/01 19:57:11,29609825,OK:01,TEMP,S65.0
2026/09/01 19:57:16,29614888,01,TEMP,S64.9
2026/09/01 19:57:16,29614889,OK:01,TEMP,S64.9
2026/09/01 19:57:21,29619966,01,MON?
2026/09/01 19:57:21,29619970,65.9,,CONSTANT,0
2026/09/01 19:57:22,29620975,01,TEMP,S64.8
2026/09/01 19:57:22,29620976,OK:01,TEMP,S64.8
2026/09/01 19:57:29,29627056,01,TEMP,S64.7
2026/09/01 19:57:29,29627059,OK:01,TEMP,S64.7
2026/09/01 19:57:32,29630105,01,MON?
2026/09/01 19:57:32,29630105,63.9,,CONSTANT,0
2026/09/01 19:57:35,29633141,01,TEMP,S64.6
2026/09/01 19:57:35,29633145,OK:01,TEMP,S64.6
2026/09/01 19:57:41,29639225,01,TEMP,S64.5
2026/09/01 19:57:41,29639226,OK:01,TEMP,S64.5
2026/09/01 19:57:42,29640243,01,MON?
2026/09/01 19:57:42,29640244,64.9,,CONSTANT,0
2026/09/01 19:57:47,29645311,01,TEMP,S64.4
2026/09/01 19:57:47,29645315,OK:01,TEMP,S64.4
2026/09/01 19:57:52,29650383,01,MON?
2026/09/01 19:57:52,29650384,64.1,,CONSTANT,0
2026/09/01 19:57:53,29651395,01,TEMP,S64.3
2026/09/01 19:57:53,29651396,OK:01,TEMP,S64.3
2026/09/01 19:57:59,29657478,01,TEMP,S64.2
2026/09/01 19:57:59,29657482,OK:01,TEMP,S64.2
2026/09/01 19:58:02,29660522,01,MON?
2026/09/01 19:58:02,29660523,64.6,,CONSTANT,0
2026/09/01 19:58:05,29663561,01,TEMP,S64.1
2026/09/01 19:58:05,29663563,OK:01,TEMP,S64.1
2026/09/01 19:58:11,29669645,01,TEMP,S64.0
2026/09/01 19:58:11,29669646,OK:01,TEMP,S64.0
2026/09/01 19:58:12,29670663,01,MON?
2026/09/01 19:58:12,29670664,64.9,,CONSTANT,0
2026/09/01 19:58:17,29675728,01,TEMP,S63.9
2026/09/01 19:58:17,29675732,OK:01,TEMP,S63.9
2026/09/01 19:58:22,29680802,01,MON?
2026/09/01 19:58:22,29680802,63.0,,CONSTANT,0
2026/09/01 19:58:23,29681815,01,TEMP,S63.8
2026/09/01 19:58:23,29681816,OK:01,TEMP,S63.8
2026/09/01 19:58:29,29687897,01,TEMP,S63.7
2026/09/01 19:58:29,29687897,OK:01,TEMP,S63.7
2026/09/01 19:58:32,29690942,01,MON?
2026/09/01 19:58:32,29690943,64.2,,CONSTANT,0
2026/09/01 19:58:34,29692970,01,TEMP,S63.6
2026/09/01 19:58:34,29692977,OK:01,TEMP,S63.6
2026/09/01 19:58:41,29699051,01,TEMP,S63.5
2026/09/01 19:58:41,29699052,OK:01,TEMP,S63.5
2026/09/01 19:58:43,29701084,01,MON?
2026/09/01 19:58:43,29701084,63.3,,CONSTANT,0
2026/09/01 19:58:47,29705135,01,TEMP,S63.4
2026/09/01 19:58:47,29705137,OK:01,TEMP,S63.4
2026/09/01 19:58:53,29711225,01,MON?
2026/09/01 19:58:53,29711225,63.7,,CONSTANT,0
2026/09/01 19:58:53,29711226,01,TEMP,S63.3
2026/09/01 19:58:53,29711227,OK:01,TEMP,S63.3
2026/09/01 19:58:59,29717303,01,TEMP,S63.2
2026/09/01 19:58:59,29717304,OK:01,TEMP,S63.2
2026/09/01 19:59:03,29721363,01,MON?
2026/09/01 19:59:03,29721363,62.9,,CONSTANT,0
2026/09/01 19:59:05,29723388,01,TEMP,S63.1
2026/09/01 19:59:05,29723392,OK:01,TEMP,S63.1
2026/09/01 19:59:11,29729471,01,TEMP,S63.0
2026/09/01 19:59:11,29729471,OK:01,TEMP,S63.0
2026/09/01 19:59:13,29731505,01,MON?
2026/09/01 19:59:13,29731506,62.2,,CONSTANT,0
2026/09/01 19:59:17,29735554,01,TEMP,S62.9
2026/09/01 19:59:17,29735554,OK:01,TEMP,S62.9
2026/09/01 19:59:23,29741638,01,MON?
2026/09/01 19:59:23,29741638,62.5,,CONSTANT,0
2026/09/01 19:59:23,29741639,01,TEMP,S62.8
2026/09/01 19:59:23,29741640,OK:01,TEMP,S62.8
2026/09/01 19:59:29,29747722,01,TEMP,S62.7
2026/09/01 19:59:29,29747722,OK:01,TEMP,S62.7
2026/09/01 19:59:33,29751782,01,MON?
2026/09/01 19:59:33,29751783,62.3,,CONSTANT,0
2026/09/01 19:59:35,29753807,01,TEMP,S62.6
2026/09/01 19:59:35,29753808,OK:01,TEMP,S62.6
2026/09/01 19:59:41,29759890,01,TEMP,S62.5
2026/09/01 19:59:41,29759891,OK:01,TEMP,S62.5
2026/09/01 19:59:43,29761919,01,MON?
2026/09/01 19:59:43,29761919,61.7,,CONSTANT,0
2026/09/01 19:59:46,29764961,01,TEMP,S62.4
2026/09/01 19:59:46,29764962,OK:01,TEMP,S62.4
2026/09/01 19:59:53,29771045,01,TEMP,S62.3
2026/09/01 19:59:53,29771046,OK:01,TEMP,S62.3
2026/09/01 19:59:54,29772060,01,MON?
2026/09/01 19:59:54,29772061,63.3,,CONSTANT,0
2026/09/01 19:59:59,29777129,01,TEMP,S62.2
2026/09/01 19:59:59,29777132,OK:01,TEMP,S62.2
