2026/09/01 22:00:05,36983345,01,MON?
2026/09/01 22:00:05,36983392,74.7,,CONSTANT,0
2026/09/01 22:00:05,36983394,01,TEMP,S75.1
2026/09/01 22:00:05,36983395,OK:01,TEMP,S75.1
2026/09/01 22:00:11,36989428,01,TEMP,S75.0
2026/09/01 22:00:11,36989430,OK:01,TEMP,S75.0
2026/09/01 22:00:15,36993485,01,MON?
2026/09/01 22:00:15,36993487,74.4,,CONSTANT,0
2026/09/01 22:00:16,36994499,01,TEMP,S74.9
2026/09/01 22:00:16,36994501,OK:01,TEMP,S74.9
2026/09/01 22:00:22,37000583,01,TEMP,S74.8
2026/09/01 22:00:22,37000585,OK:01,TEMP,S74.8
2026/09/01 22:00:25,37003625,01,MON?
2026/09/01 22:00:25,37003627,74.6,,CONSTANT,0
2026/09/01 22:00:28,37006666,01,TEMP,S74.7
2026/09/01 22:00:28,37006667,OK:01,TEMP,S74.7
2026/09/01 22:00:34,37012751,01,TEMP,S74.6
2026/09/01 22:00:34,37012757,OK:01,TEMP,S74.6
2026/09/01 22:00:35,37013765,01,MON?
2026/09/01 22:00:35,37013767,75.6,,CONSTANT,0
2026/09/01 22:00:40,37018836,01,TEMP,S74.5
2026/09/01 22:00:40,37018836,OK:01,TEMP,S74.5
2026/09/01 22:00:45,37023905,01,MON?
2026/09/01 22:00:45,37023907,73.5,,CONSTANT,0
2026/09/01 22:00:46,37024920,01,TEMP,S74.4
2026/09/01 22:00:46,37024922,OK:01,TEMP,S74.4
2026/09/01 22:00:53,37031004,01,TEMP,S74.3
2026/09/01 22:00:53,37031006,OK:01,TEMP,S74.3
2026/09/01 22:00:56,37034046,01,MON?
2026/09/01 22:00:56,37034048,75.2,,CONSTANT,0
2026/09/01 22:00:59,37037087,01,TEMP,S74.2
2026/09/01 22:00:59,37037089,OK:01,TEMP,S74.2
2026/09/01 22:01:05,37043173,01,TEMP,S74.1
2026/09/01 22:01:05,37043179,OK:01,TEMP,S74.1
2026/09/01 22:01:06,37044187,01,MON?
2026/09/01 22:01:06,37044189,73.9,,CONSTANT,0
2026/09/01 22:01:11,37049256,01,TEMP,S74.0
2026/09/01 22:01:11,37049258,OK:01,TEMP,S74.0
2026/09/01 22:01:16,37054326,01,MON?
2026/09/01 22:01:16,37054328,74.8,,CONSTANT,0
2026/09/01 22:01:17,37055340,01,TEMP,S73.9
2026/09/01 22:01:17,37055342,OK:01,TEMP,S73.9
2026/09/01 22:01:23,37061425,01,TEMP,S73.8
2026/09/01 22:01:23,37061427,OK:01,TEMP,S73.8
2026/09/01 22:01:26,37064467,01,MON?
2026/09/01 22:01:26,37064469,74.6,,CONSTANT,0
2026/09/01 22:01:28,37066494,01,TEMP,S73.7
2026/09/01 22:01:28,37066496,OK:01,TEMP,S73.7
2026/09/01 22:01:34,37072577,01,TEMP,S73.6
2026/09/01 22:01:34,37072584,OK:01,TEMP,S73.6
2026/09/01 22:01:36,37074605,01,MON?
2026/09/01 22:01:36,37074606,74.1,,CONSTANT,0
2026/09/01 22:01:40,37078662,01,TEMP,S73.5
2026/09/01 22:01:40,37078669,OK:01,TEMP,S73.5
2026/09/01 22:01:46,37084747,01,MON?
2026/09/01 22:01:46,37084749,73.2,,CONSTANT,0
2026/09/01 22:01:46,37084750,01,TEMP,S73.4
2026/09/01 22:01:46,37084752,OK:01,TEMP,S73.4
2026/09/01 22:01:52,37090830,01,TEMP,S73.3
2026/09/01 22:01:52,37090832,OK:01,TEMP,S73.3
2026/09/01 22:01:56,37094887,01,MON?
2026/09/01 22:01:56,37094889,73.2,,CONSTANT,0
2026/09/01 22:01:58,37096915,01,TEMP,S73.2
2026/09/01 22:01:58,37096922,OK:01,TEMP,S73.2
2026/09/01 22:02:05,37102998,01,TEMP,S73.1
2026/09/01 22:02:05,37103000,OK:01,TEMP,S73.1
2026/09/01 22:02:07,37105025,01,MON?
2026/09/01 22:02:07,37105027,74.0,,CONSTANT,0
2026/09/01 22:02:11,37109081,01,TEMP,S73.0
2026/09/01 22:02:11,37109083,OK:01,TEMP,S73.0
2026/09/01 22:02:17,37115166,01,MON?
2026/09/01 22:02:17,37115173,73.1,,CONSTANT,0
2026/09/01 22:02:17,37115174,01,TEMP,S72.9
2026/09/01 22:02:17,37115176,OK:01,TEMP,S72.9
2026/09/01 22:02:23,37121250,01,TEMP,S72.8
2026/09/01 22:02:23,37121252,OK:01,TEMP,S72.8
2026/09/01 22:02:27,37125305,01,MON?
2026/09/01 22:02:27,37125312,72.1,,CONSTANT,0
2026/09/01 22:02:29,37127333,01,TEMP,S72.7
2026/09/01 22:02:29,37127335,OK:01,TEMP,S72.7
2026/09/01 22:02:35,37133418,01,TEMP,S72.6
2026/09/01 22:02:35,37133425,OK:01,TEMP,S72.6
2026/09/01 22:02:37,37135446,01,MON?
2026/09/01 22:02:37,37135448,72.4,,CONSTANT,0
2026/09/01 22:02:41,37139502,01,TEMP,S72.5
2026/09/01 22:02:41,37139504,OK:01,TEMP,S72.5
2026/09/01 22:02:46,37144571,01,TEMP,S72.4
2026/09/01 22:02:46,37144573,OK:01,TEMP,S72.4
2026/09/01 22:02:47,37145585,01,MON?
2026/09/01 22:02:47,37145587,72.0,,CONSTANT,0
2026/09/01 22:02:52,37150656,01,TEMP,S72.3
2026/09/01 22:02:52,37150658,OK:01,TEMP,S72.3
2026/09/01 22:02:57,37155726,01,MON?
2026/09/01 22:02:57,37155737,73.2,,CONSTANT,0
2026/09/01 22:02:58,37156740,01,TEMP,S72.2
2026/09/01 22:02:58,37156742,OK:01,TEMP,S72.2
2026/09/01 22:03:04,37162824,01,TEMP,S72.1
2026/09/01 22:03:04,37162826,OK:01,TEMP,S72.1
2026/09/01 22:03:07,37165866,01,MON?
2026/09/01 22:03:07,37165868,72.9,,CONSTANT,0
2026/09/01 22:03:10,37168908,01,TEMP,S72.0
2026/09/01 22:03:10,37168910,OK:01,TEMP,S72.0
2026/09/01 22:03:17,37174993,01,TEMP,S71.9
2026/09/01 22:03:17,37175000,OK:01,TEMP,S71.9
2026/09/01 22:03:18,37176007,01,MON?
2026/09/01 22:03:18,37176009,71.9,,CONSTANT,0
2026/09/01 22:03:23,37181077,01,TEMP,S71.8
2026/09/01 22:03:23,37181084,OK:01,TEMP,S71.8
2026/09/01 22:03:28,37186147,01,MON?
2026/09/01 22:03:28,37186154,71.1,,CONSTANT,0
2026/09/01 22:03:29,37187161,01,TEMP,S71.7
2026/09/01 22:03:29,37187163,OK:01,TEMP,S71.7
2026/09/01 22:03:35,37193244,01,TEMP,S71.6
2026/09/01 22:03:35,37193246,OK:01,TEMP,S71.6
2026/09/01 22:03:38,37196287,01,MON?
2026/09/01 22:03:38,37196293,71.6,,CONSTANT,0
2026/09/01 22:03:41,37199328,01,TEMP,S71.5
2026/09/01 22:03:41,37199330,OK:01,TEMP,S71.5
2026/09/01 22:03:47,37205413,01,TEMP,S71.4
2026/09/01 22:03:47,37205420,OK:01,TEMP,S71.4
2026/09/01 22:03:48,37206427,01,MON?
2026/09/01 22:03:48,37206429,70.6,,CONSTANT,0
2026/09/01 22:03:53,37211497,01,TEMP,S71.3
2026/09/01 22:03:53,37211504,OK:01,TEMP,S71.3
2026/09/01 22:03:58,37216567,01,MON?
2026/09/01 22:03:58,37216569,71.4,,CONSTANT,0
2026/09/01 22:03:58,37216570,01,TEMP,S71.2
2026/09/01 22:03:58,37216572,OK:01,TEMP,S71.2
2026/09/01 22:04:04,37222652,01,TEMP,S71.1
2026/09/01 22:04:04,37222654,OK:01,TEMP,S71.1
2026/09/01 22:04:08,37226706,01,MON?
2026/09/01 22:04:08,37226708,72.1,,CONSTANT,0
2026/09/01 22:04:10,37228735,01,TEMP,S71.0
2026/09/01 22:04:10,37228737,OK:01,TEMP,S71.0
2026/09/01 22:04:16,37234819,01,TEMP,S70.9
2026/09/01 22:04:16,37234826,OK:01,TEMP,S70.9
2026/09/01 22:04:18,37236847,01,MON?
2026/09/01 22:04:18,37236847,69.9,,CONSTANT,0
2026/09/01 22:04:22,37240904,01,TEMP,S70.8
2026/09/01 22:04:22,37240911,OK:01,TEMP,S70.8
2026/09/01 22:04:29,37246987,01,MON?
2026/09/01 22:04:29,37246989,70.0,,CONSTANT,0
2026/09/01 22:04:29,37246990,01,TEMP,S70.7
2026/09/01 22:04:29,37246992,OK:01,TEMP,S70.7
2026/09/01 22:04:35,37253071,01,TEMP,S70.6
2026/09/01 22:04:35,37253073,OK:01,TEMP,S70.6
2026/09/01 22:04:39,37257127,01,MON?
2026/09/01 22:04:39,37257129,71.3,,CONSTANT,0
2026/09/01 22:04:41,37259155,01,TEMP,S70.5
2026/09/01 22:04:41,37259157,OK:01,TEMP,S70.5
2026/09/01 22:04:47,37265238,01,TEMP,S70.4
2026/09/01 22:04:47,37265245,OK:01,TEMP,S70.4
2026/09/01 22:04:49,37267266,01,MON?
2026/09/01 22:04:49,37267268,69.7,,CONSTANT,0
2026/09/01 22:04:53,37271323,01,TEMP,S70.3
2026/09/01 22:04:53,37271330,OK:01,TEMP,S70.3
2026/09/01 22:04:59,37277407,01,MON?
2026/09/01 22:04:59,37277409,69.7,,CONSTANT,0
2026/09/01 22:04:59,37277410,01,TEMP,S70.2
2026/09/01 22:04:59,37277412,OK:01,TEMP,S70.2
2026/09/01 22:05:05,37283490,01,TEMP,S70.1
2026/09/01 22:05:05,37283492,OK:01,TEMP,S70.1
2026/09/01 22:05:09,37287547,01,MON?
2026/09/01 22:05:09,37287549,70.8,,CONSTANT,0
2026/09/01 22:05:11,37289575,01,TEMP,S70.0
2026/09/01 22:05:11,37289577,OK:01,TEMP,S70.0
2026/09/01 22:05:16,37294645,01,TEMP,S69.9
2026/09/01 22:05:16,37294647,OK:01,TEMP,S69.9
2026/09/01 22:05:19,37297687,01,MON?
2026/09/01 22:05:19,37297694,70.4,,CONSTANT,0
2026/09/01 22:05:22,37300729,01,TEMP,S69.8
2026/09/01 22:05:22,37300731,OK:01,TEMP,S69.8
2026/09/01 22:05:28,37306813,01,TEMP,S69.7
2026/09/01 22:05:28,37306820,OK:01,TEMP,S69.7
2026/09/01 22:05:29,37307827,01,MON?
2026/09/01 22:05:29,37307829,70.3,,CONSTANT,0
2026/09/01 22:05:34,37312897,01,TEMP,S69.6
2026/09/01 22:05:34,37312899,OK:01,TEMP,S69.6
2026/09/01 22:05:39,37317967,01,MON?
2026/09/01 22:05:39,37317968,69.1,,CONSTANT,0
2026/09/01 22:05:40,37318981,01,TEMP,S69.5
2026/09/01 22:05:40,37318983,OK:01,TEMP,S69.5
2026/09/01 22:05:47,37325066,01,TEMP,S69.4
2026/09/01 22:05:47,37325068,OK:01,TEMP,S69.4
2026/09/01 22:05:50,37328108,01,MON?
2026/09/01 22:05:50,37328110,70.3,,CONSTANT,0
2026/09/01 22:05:53,37331150,01,TEMP,S69.3
2026/09/01 22:05:53,37331157,OK:01,TEMP,S69.3
2026/09/01 22:05:59,37337234,01,TEMP,S69.2
2026/09/01 22:05:59,37337236,OK:01,TEMP,S69.2
2026/09/01 22:06:00,37338247,01,MON?
2026/09/01 22:06:00,37338249,69.4,,CONSTANT,0
2026/09/01 22:06:05,37343317,01,TEMP,S69.1
2026/09/01 22:06:05,37343324,OK:01,TEMP,S69.1
2026/09/01 22:06:10,37348387,01,MON?
2026/09/01 22:06:10,37348389,68.2,,CONSTANT,0
2026/09/01 22:06:11,37349402,01,TEMP,S69.0
2026/09/01 22:06:11,37349404,OK:01,TEMP,S69.0
2026/09/01 22:06:17,37355485,01,TEMP,S68.9
2026/09/01 22:06:17,37355487,OK:01,TEMP,S68.9
2026/09/01 22:06:20,37358528,01,MON?
2026/09/01 22:06:20,37358530,69.1,,CONSTANT,0
2026/09/01 22:06:23,37361570,01,TEMP,S68.8
2026/09/01 22:06:23,37361577,OK:01,TEMP,S68.8
2026/09/01 22:06:28,37366639,01,TEMP,S68.7
2026/09/01 22:06:28,37366641,OK:01,TEMP,S68.7
2026/09/01 22:06:30,37368667,01,MON?
2026/09/01 22:06:30,37368669,67.9,,CONSTANT,0
2026/09/01 22:06:34,37372724,01,TEMP,S68.6
2026/09/01 22:06:34,37372726,OK:01,TEMP,S68.6
2026/09/01 22:06:40,37378808,01,MON?
2026/09/01 22:06:40,37378810,69.0,,CONSTANT,0
2026/09/01 22:06:40,37378811,01,TEMP,S68.5
2026/09/01 22:06:40,37378813,OK:01,TEMP,S68.5
2026/09/01 22:06:46,37384892,01,TEMP,S68.4
2026/09/01 22:06:46,37384894,OK:01,TEMP,S68.4
2026/09/01 22:06:50,37388947,01,MON?
2026/09/01 22:06:50,37388947,68.0,,CONSTANT,0
2026/09/01 22:06:52,37390975,01,TEMP,S68.3
2026/09/01 22:06:52,37390982,OK:01,TEMP,S68.3
2026/09/01 22:06:59,37397060,01,TEMP,S68.2
2026/09/01 22:06:59,37397062,OK:01,TEMP,S68.2
2026/09/01 22:07:01,37399088,01,MON?
2026/09/01 22:07:01,37399095,68.3,,CONSTANT,0
2026/09/01 22:07:05,37403144,01,TEMP,S68.1
2026/09/01 22:07:05,37403144,OK:01,TEMP,S68.1
2026/09/01 22:07:11,37409227,01,MON?
2026/09/01 22:07:11,37409229,68.8,,CONSTANT,0
2026/09/01 22:07:11,37409230,01,TEMP,S68.0
2026/09/01 22:07:11,37409232,OK:01,TEMP,S68.0
2026/09/01 22:07:17,37415312,01,TEMP,S67.9
2026/09/01 22:07:17,37415314,OK:01,TEMP,S67.9
2026/09/01 22:07:21,37419368,01,MON?
2026/09/01 22:07:21,37419370,68.5,,CONSTANT,0
2026/09/01 22:07:23,37421395,01,TEMP,S67.8
2026/09/01 22:07:23,37421402,OK:01,TEMP,S67.8
2026/09/01 22:07:29,37427480,01,TEMP,S67.7
2026/09/01 22:07:29,37427482,OK:01,TEMP,S67.7
2026/09/01 22:07:31,37429508,01,MON?
2026/09/01 22:07:31,37429510,67.8,,CONSTANT,0
2026/09/01 22:07:35,37433564,01,TEMP,S67.6
2026/09/01 22:07:35,37433566,OK:01,TEMP,S67.6
2026/09/01 22:07:41,37439647,01,MON?
2026/09/01 22:07:41,37439649,66.6,,CONSTANT,0
2026/09/01 22:07:41,37439650,01,TEMP,S67.5
2026/09/01 22:07:41,37439652,OK:01,TEMP,S67.5
2026/09/01 22:07:46,37444718,01,TEMP,S67.4
2026/09/01 22:07:46,37444720,OK:01,TEMP,S67.4
2026/09/01 22:07:51,37449788,01,MON?
2026/09/01 22:07:51,37449790,67.4,,CONSTANT,0
2026/09/01 22:07:52,37450802,01,TEMP,S67.3
2026/09/01 22:07:52,37450804,OK:01,TEMP,S67.3
2026/09/01 22:07:58,37456886,01,TEMP,S67.2
2026/09/01 22:07:58,37456888,OK:01,TEMP,S67.2
2026/09/01 22:08:01,37459927,01,MON?
2026/09/01 22:08:01,37459933,67.5,,CONSTANT,0
2026/09/01 22:08:04,37462970,01,TEMP,S67.1
2026/09/01 22:08:04,37462972,OK:01,TEMP,S67.1
2026/09/01 22:08:11,37469054,01,TEMP,S67.0
2026/09/01 22:08:11,37469061,OK:01,TEMP,S67.0
2026/09/01 22:08:12,37470068,01,MON?
2026/09/01 22:08:12,37470069,67.5,,CONSTANT,0
2026/09/01 22:08:17,37475138,01,TEMP,S66.9
2026/09/01 22:08:17,37475144,OK:01,TEMP,S66.9
2026/09/01 22:08:22,37480209,01,MON?
2026/09/01 22:08:22,37480210,66.5,,CONSTANT,0
2026/09/01 22:08:23,37481223,01,TEMP,S66.8
2026/09/01 22:08:23,37481225,OK:01,TEMP,S66.8
2026/09/01 22:08:29,37487307,01,TEMP,S66.7
2026/09/01 22:08:29,37487307,OK:01,TEMP,S66.7
2026/09/01 22:08:32,37490348,01,MON?
2026/09/01 22:08:32,37490354,66.4,,CONSTANT,0
2026/09/01 22:08:35,37493391,01,TEMP,S66.6
2026/09/01 22:08:35,37493393,OK:01,TEMP,S66.6
2026/09/01 22:08:41,37499475,01,TEMP,S66.5
2026/09/01 22:08:41,37499482,OK:01,TEMP,S66.5
2026/09/01 22:08:42,37500488,01,MON?
2026/09/01 22:08:42,37500489,66.1,,CONSTANT,0
2026/09/01 22:08:47,37505558,01,TEMP,S66.4
2026/09/01 22:08:47,37505564,OK:01,TEMP,S66.4
2026/09/01 22:08:52,37510628,01,MON?
2026/09/01 22:08:52,37510630,66.2,,CONSTANT,0
2026/09/01 22:08:53,37511643,01,TEMP,S66.3
2026/09/01 22:08:53,37511646,OK:01,TEMP,S66.3
2026/09/01 22:08:58,37516714,01,TEMP,S66.2
2026/09/01 22:08:58,37516716,OK:01,TEMP,S66.2
2026/09/01 22:09:02,37520769,01,MON?
2026/09/01 22:09:02,37520776,66.1,,CONSTANT,0
2026/09/01 22:09:04,37522796,01,TEMP,S66.1
2026/09/01 22:09:04,37522798,OK:01,TEMP,S66.1
2026/09/01 22:09:10,37528880,01,TEMP,S66.0
2026/09/01 22:09:10,37528888,OK:01,TEMP,S66.0
2026/09/01 22:09:12,37530908,01,MON?
2026/09/01 22:09:12,37530910,65.6,,CONSTANT,0
2026/09/01 22:09:16,37534966,01,TEMP,S65.9
2026/09/01 22:09:16,37534973,OK:01,TEMP,S65.9
2026/09/01 22:09:23,37541049,01,MON?
2026/09/01 22:09:23,37541051,66.7,,CONSTANT,0
2026/09/01 22:09:23,37541052,01,TEMP,S65.8
2026/09/01 22:09:23,37541053,OK:01,TEMP,S65.8
2026/09/01 22:09:29,37547132,01,TEMP,S65.7
2026/09/01 22:09:29,37547133,OK:01,TEMP,S65.7
2026/09/01 22:09:33,37551190,01,MON?
2026/09/01 22:09:33,37551197,65.2,,CONSTANT,0
2026/09/01 22:09:35,37553218,01,TEMP,S65.6
2026/09/01 22:09:35,37553220,OK:01,TEMP,S65.6
2026/09/01 22:09:41,37559300,01,TEMP,S65.5
2026/09/01 22:09:41,37559307,OK:01,TEMP,S65.5
2026/09/01 22:09:43,37561329,01,MON?
2026/09/01 22:09:43,37561331,65.8,,CONSTANT,0
2026/09/01 22:09:47,37565385,01,TEMP,S65.4
2026/09/01 22:09:47,37565392,OK:01,TEMP,S65.4
2026/09/01 22:09:53,37571469,01,MON?
2026/09/01 22:09:53,37571470,66.0,,CONSTANT,0
2026/09/01 22:09:53,37571472,01,TEMP,S65.3
2026/09/01 22:09:53,37571473,OK:01,TEMP,S65.3
2026/09/01 22:09:59,37577552,01,TEMP,S65.2
2026/09/01 22:09:59,37577554,OK:01,TEMP,S65.2
2026/09/01 22:10:03,37581608,01,MON?
2026/09/01 22:10:03,37581610,64.6,,CONSTANT,0
2026/09/01 22:10:05,37583636,01,TEMP,S65.1
2026/09/01 22:10:05,37583636,OK:01,TEMP,S65.1
2026/09/01 22:10:11,37589721,01,TEMP,S65.0
2026/09/01 22:10:11,37589723,OK:01,TEMP,S65.0
2026/09/01 22:10:13,37591749,01,MON?
2026/09/01 22:10:13,37591751,64.2,,CONSTANT,0
2026/09/01 22:10:16,37594791,01,TEMP,S64.9
2026/09/01 22:10:16,37594793,OK:01,TEMP,S64.9
2026/09/01 22:10:22,37600874,01,TEMP,S64.8
2026/09/01 22:10:22,37600876,OK:01,TEMP,S64.8
2026/09/01 22:10:23,37601889,01,MON?
2026/09/01 22:10:23,37601891,65.1,,CONSTANT,0
2026/09/01 22:10:28,37606959,01,TEMP,S64.7
2026/09/01 22:10:28,37606960,OK:01,TEMP,S64.7
2026/09/01 22:10:34,37612029,01,MON?
2026/09/01 22:10:34,37612030,65.3,,CONSTANT,0
2026/09/01 22:10:35,37613043,01,TEMP,S64.6
2026/09/01 22:10:35,37613044,OK:01,TEMP,S64.6
2026/09/01 22:10:41,37619126,01,TEMP,S64.5
2026/09/01 22:10:41,37619128,OK:01,TEMP,S64.5
2026/09/01 22:10:44,37622169,01,MON?
2026/09/01 22:10:44,37622171,64.0,,CONSTANT,0
2026/09/01 22:10:47,37625211,01,TEMP,S64.4
2026/09/01 22:10:47,37625218,OK:01,TEMP,S64.4
2026/09/01 22:10:53,37631295,01,TEMP,S64.3
2026/09/01 22:10:53,37631297,OK:01,TEMP,S64.3
2026/09/01 22:10:54,37632309,01,MON?
2026/09/01 22:10:54,37632311,64.4,,CONSTANT,0
2026/09/01 22:10:59,37637380,01,TEMP,S64.2
2026/09/01 22:10:59,37637387,OK:01,TEMP,S64.2
2026/09/01 22:11:04,37642449,01,MON?
2026/09/01 22:11:04,37642451,64.8,,CONSTANT,0
2026/09/01 22:11:05,37643463,01,TEMP,S64.1
2026/09/01 22:11:05,37643465,OK:01,TEMP,S64.1
2026/09/01 22:11:11,37649548,01,TEMP,S64.0
2026/09/01 22:11:11,37649550,OK:01,TEMP,S64.0
2026/09/01 22:11:14,37652590,01,MON?
2026/09/01 22:11:14,37652591,63.5,,CONSTANT,0
2026/09/01 22:11:17,37655633,01,TEMP,S63.9
2026/09/01 22:11:17,37655640,OK:01,TEMP,S63.9
2026/09/01 22:11:23,37661715,01,TEMP,S63.8
2026/09/01 22:11:23,37661717,OK:01,TEMP,S63.8
2026/09/01 22:11:24,37662730,01,MON?
2026/09/01 22:11:24,37662731,63.3,,CONSTANT,0
2026/09/01 22:11:28,37666785,01,TEMP,S63.7
2026/09/01 22:11:28,37666792,OK:01,TEMP,S63.7
2026/09/01 22:11:34,37672870,01,MON?
2026/09/01 22:11:34,37672871,64.3,,CONSTANT,0
2026/09/01 22:11:34,37672873,01,TEMP,S63.6
2026/09/01 22:11:34,37672874,OK:01,TEMP,S63.6
2026/09/01 22:11:40,37678953,01,TEMP,S63.5
2026/09/01 22:11:40,37678955,OK:01,TEMP,S63.5
2026/09/01 22:11:45,37683009,01,MON?
2026/09/01 22:11:45,37683011,64.4,,CONSTANT,0
2026/09/01 22:11:47,37685037,01,TEMP,S63.4
2026/09/01 22:11:47,37685039,OK:01,TEMP,S63.4
2026/09/01 22:11:53,37691123,01,TEMP,S63.3
2026/09/01 22:11:53,37691130,OK:01,TEMP,S63.3
2026/09/01 22:11:55,37693150,01,MON?
2026/09/01 22:11:55,37693151,64.0,,CONSTANT,0
2026/09/01 22:11:59,37697206,01,TEMP,S63.2
2026/09/01 22:11:59,37697213,OK:01,TEMP,S63.2
2026/09/01 22:12:05,37703289,01,MON?
2026/09/01 22:12:05,37703291,63.6,,CONSTANT,0
2026/09/01 22:12:05,37703292,01,TEMP,S63.1
2026/09/01 22:12:05,37703293,OK:01,TEMP,S63.1
2026/09/01 22:12:11,37709374,01,TEMP,S63.0
2026/09/01 22:12:11,37709376,OK:01,TEMP,S63.0
2026/09/01 22:12:15,37713430,01,MON?
2026/09/01 22:12:15,37713432,63.1,,CONSTANT,0
2026/09/01 22:12:17,37715458,01,TEMP,S62.9
2026/09/01 22:12:17,37715460,OK:01,TEMP,S62.9
2026/09/01 22:12:23,37721542,01,TEMP,S62.8
2026/09/01 22:12:23,37721543,OK:01,TEMP,S62.8
2026/09/01 22:12:25,37723570,01,MON?
2026/09/01 22:12:25,37723572,61.9,,CONSTANT,0
2026/09/01 22:12:29,37727626,01,TEMP,S62.7
2026/09/01 22:12:29,37727627,OK:01,TEMP,S62.7
2026/09/01 22:12:35,37733710,01,MON?
2026/09/01 22:12:35,37733712,61.7,,CONSTANT,0
2026/09/01 22:12:35,37733713,01,TEMP,S62.6
2026/09/01 22:12:35,37733714,OK:01,TEMP,S62.6
2026/09/01 22:12:41,37739793,01,TEMP,S62.5
2026/09/01 22:12:41,37739795,OK:01,TEMP,S62.5
2026/09/01 22:12:45,37743850,01,MON?
2026/09/01 22:12:45,37743852,63.3,,CONSTANT,0
2026/09/01 22:12:46,37744864,01,TEMP,S62.4
2026/09/01 22:12:46,37744866,OK:01,TEMP,S62.4
2026/09/01 22:12:52,37750948,01,TEMP,S62.3
2026/09/01 22:12:52,37750950,OK:01,TEMP,S62.3
2026/09/01 22:12:56,37753990,01,MON?
2026/09/01 22:12:56,37753992,61.5,,CONSTANT,0
2026/09/01 22:12:59,37757031,01,TEMP,S62.2
2026/09/01 22:12:59,37757035,OK:01,TEMP,S62.2
2026/09/01 22:13:05,37763116,01,TEMP,S62.1
2026/09/01 22:13:05,37763118,OK:01,TEMP,S62.1
2026/09/01 22:13:06,37764130,01,MON?
2026/09/01 22:13:06,37764130,61.5,,CONSTANT,0
2026/09/01 22:13:11,37769200,01,TEMP,S62.0
2026/09/01 22:13:11,37769207,OK:01,TEMP,S62.0
2026/09/01 22:13:16,37774270,01,MON?
2026/09/01 22:13:16,37774271,61.9,,CONSTANT,0
2026/09/01 22:13:17,37775283,01,TEMP,S61.9
2026/09/01 22:13:17,37775285,OK:01,TEMP,S61.9
2026/09/01 22:13:23,37781368,01,TEMP,S61.8
2026/09/01 22:13:23,37781370,OK:01,TEMP,S61.8
2026/09/01 22:13:26,37784410,01,MON?
2026/09/01 22:13:26,37784412,62.4,,CONSTANT,0
2026/09/01 22:13:29,37787452,01,TEMP,S61.7
2026/09/01 22:13:29,37787454,OK:01,TEMP,S61.7
2026/09/01 22:13:35,37793536,01,TEMP,S61.6
2026/09/01 22:13:35,37793538,OK:01,TEMP,S61.6
2026/09/01 22:13:36,37794550,01,MON?
2026/09/01 22:13:36,37794552,61.6,,CONSTANT,0
2026/09/01 22:13:41,37799620,01,TEMP,S61.5
2026/09/01 22:13:41,37799627,OK:01,TEMP,S61.5
2026/09/01 22:13:46,37804691,01,MON?
2026/09/01 22:13:46,37804693,61.8,,CONSTANT,0
2026/09/01 22:13:47,37805705,01,TEMP,S61.4
2026/09/01 22:13:47,37805706,OK:01,TEMP,S61.4
2026/09/01 22:13:53,37811790,01,TEMP,S61.3
2026/09/01 22:13:53,37811792,OK:01,TEMP,S61.3
2026/09/01 22:13:56,37814830,01,MON?
2026/09/01 22:13:56,37814832,62.2,,CONSTANT,0
2026/09/01 22:13:58,37816859,01,TEMP,S61.2
2026/09/01 22:13:58,37816866,OK:01,TEMP,S61.2
2026/09/01 22:14:04,37822943,01,TEMP,S61.1
2026/09/01 22:14:04,37822945,OK:01,TEMP,S61.1
2026/09/01 22:14:06,37824970,01,MON?
2026/09/01 22:14:06,37824971,60.2,,CONSTANT,0
2026/09/01 22:14:11,37829027,01,TEMP,S61.0
2026/09/01 22:14:11,37829029,OK:01,TEMP,S61.0
2026/09/01 22:14:17,37835110,01,MON?
2026/09/01 22:14:17,37835116,60.1,,CONSTANT,0
2026/09/01 22:14:17,37835116,01,TEMP,S60.9
2026/09/01 22:14:17,37835117,OK:01,TEMP,S60.9
2026/09/01 22:14:23,37841194,01,TEMP,S60.8
2026/09/01 22:14:23,37841196,OK:01,TEMP,S60.8
2026/09/01 22:14:27,37845251,01,MON?
2026/09/01 22:14:27,37845253,60.9,,CONSTANT,0
2026/09/01 22:14:29,37847279,01,TEMP,S60.7
2026/09/01 22:14:29,37847280,OK:01,TEMP,S60.7
2026/09/01 22:14:35,37853363,01,TEMP,S60.6
2026/09/01 22:14:35,37853371,OK:01,TEMP,S60.6
2026/09/01 22:14:37,37855390,01,MON?
2026/09/01 22:14:37,37855397,61.3,,CONSTANT,0
2026/09/01 22:14:41,37859446,01,TEMP,S60.5
2026/09/01 22:14:41,37859453,OK:01,TEMP,S60.5
2026/09/01 22:14:47,37865531,01,MON?
2026/09/01 22:14:47,37865532,59.9,,CONSTANT,0
2026/09/01 22:14:47,37865534,01,TEMP,S60.4
2026/09/01 22:14:47,37865535,OK:01,TEMP,S60.4
2026/09/01 22:14:53,37871616,01,TEMP,S60.3
2026/09/01 22:14:53,37871618,OK:01,TEMP,S60.3
2026/09/01 22:14:57,37875671,01,MON?
2026/09/01 22:14:57,37875672,59.5,,CONSTANT,0
2026/09/01 22:14:59,37877699,01,TEMP,S60.2
2026/09/01 22:14:59,37877700,OK:01,TEMP,S60.2
2026/09/01 22:15:05,37883783,01,TEMP,S60.1
2026/09/01 22:15:05,37883785,OK:01,TEMP,S60.1
2026/09/01 22:15:07,37885811,01,MON?
2026/09/01 22:15:07,37885813,59.1,,CONSTANT,0
2026/09/01 22:15:10,37888853,01,TEMP,S60.0
2026/09/01 22:15:10,37888854,OK:01,TEMP,S60.0
2026/09/01 22:15:16,37894936,01,TEMP,S59.9
2026/09/01 22:15:16,37894938,OK:01,TEMP,S59.9
2026/09/01 22:15:17,37895950,01,MON?
2026/09/01 22:15:17,37895952,60.8,,CONSTANT,0
2026/09/01 22:15:23,37901021,01,TEMP,S59.8
2026/09/01 22:15:23,37901023,OK:01,TEMP,S59.8
2026/09/01 22:15:28,37906091,01,MON?
2026/09/01 22:15:28,37906093,60.1,,CONSTANT,0
2026/09/01 22:15:29,37907105,01,TEMP,S59.7
2026/09/01 22:15:29,37907107,OK:01,TEMP,S59.7
2026/09/01 22:15:35,37913188,01,TEMP,S59.6
2026/09/01 22:15:35,37913190,OK:01,TEMP,S59.6
2026/09/01 22:15:38,37916230,01,MON?
2026/09/01 22:15:38,37916237,60.5,,CONSTANT,0
2026/09/01 22:15:41,37919273,01,TEMP,S59.5
2026/09/01 22:15:41,37919273,OK:01,TEMP,S59.5
2026/09/01 22:15:47,37925357,01,TEMP,S59.4
2026/09/01 22:15:47,37925359,OK:01,TEMP,S59.4
2026/09/01 22:15:48,37926371,01,MON?
2026/09/01 22:15:48,37926373,59.9,,CONSTANT,0
2026/09/01 22:15:53,37931441,01,TEMP,S59.3
2026/09/01 22:15:53,37931448,OK:01,TEMP,S59.3
2026/09/01 22:15:58,37936511,01,MON?
2026/09/01 22:15:58,37936512,59.7,,CONSTANT,0
2026/09/01 22:15:59,37937525,01,TEMP,S59.2
2026/09/01 22:15:59,37937526,OK:01,TEMP,S59.2
2026/09/01 22:16:05,37943609,01,TEMP,S59.1
2026/09/01 22:16:05,37943611,OK:01,TEMP,S59.1
2026/09/01 22:16:08,37946651,01,MON?
2026/09/01 22:16:08,37946653,59.4,,CONSTANT,0
2026/09/01 22:16:11,37949694,01,TEMP,S59.0
2026/09/01 22:16:11,37949696,OK:01,TEMP,S59.0
2026/09/01 22:16:17,37955777,01,TEMP,S58.9
2026/09/01 22:16:17,37955779,OK:01,TEMP,S58.9
2026/09/01 22:16:18,37956792,01,MON?
2026/09/01 22:16:18,37956794,58.5,,CONSTANT,0
2026/09/01 22:16:23,37961861,01,TEMP,S58.8
2026/09/01 22:16:23,37961868,OK:01,TEMP,S58.8
2026/09/01 22:16:28,37966932,01,MON?
2026/09/01 22:16:28,37966934,59.3,,CONSTANT,0
2026/09/01 22:16:28,37966935,01,TEMP,S58.7
2026/09/01 22:16:28,37966936,OK:01,TEMP,S58.7
2026/09/01 22:16:35,37973016,01,TEMP,S58.6
2026/09/01 22:16:35,37973018,OK:01,TEMP,S58.6
2026/09/01 22:16:39,37977072,01,MON?
2026/09/01 22:16:39,37977079,58.1,,CONSTANT,0
2026/09/01 22:16:41,37979099,01,TEMP,S58.5
2026/09/01 22:16:41,37979100,OK:01,TEMP,S58.5
2026/09/01 22:16:47,37985183,01,TEMP,S58.4
2026/09/01 22:16:47,37985191,OK:01,TEMP,S58.4
2026/09/01 22:16:49,37987213,01,MON?
2026/09/01 22:16:49,37987215,58.0,,CONSTANT,0
2026/09/01 22:16:53,37991268,01,TEMP,S58.3
2026/09/01 22:16:53,37991275,OK:01,TEMP,S58.3
2026/09/01 22:16:59,37997351,01,MON?
2026/09/01 22:16:59,37997352,58.0,,CONSTANT,0
2026/09/01 22:16:59,37997354,01,TEMP,S58.2
2026/09/01 22:16:59,37997356,OK:01,TEMP,S58.2
2026/09/01 22:17:05,38003435,01,TEMP,S58.1
2026/09/01 22:17:05,38003437,OK:01,TEMP,S58.1
2026/09/01 22:17:09,38007492,01,MON?
2026/09/01 22:17:09,38007503,57.4,,CONSTANT,0
2026/09/01 22:17:11,38009520,01,TEMP,S58.0
2026/09/01 22:17:11,38009521,OK:01,TEMP,S58.0
2026/09/01 22:17:17,38015604,01,TEMP,S57.9
2026/09/01 22:17:17,38015606,OK:01,TEMP,S57.9
2026/09/01 22:17:19,38017632,01,MON?
2026/09/01 22:17:19,38017634,58.7,,CONSTANT,0
2026/09/01 22:17:23,38021688,01,TEMP,S57.8
2026/09/01 22:17:23,38021690,OK:01,TEMP,S57.8
2026/09/01 22:17:29,38027773,01,MON?
2026/09/01 22:17:29,38027775,57.9,,CONSTANT,0
2026/09/01 22:17:29,38027776,01,TEMP,S57.7
2026/09/01 22:17:29,38027777,OK:01,TEMP,S57.7
2026/09/01 22:17:35,38033856,01,TEMP,S57.6
2026/09/01 22:17:35,38033857,OK:01,TEMP,S57.6
2026/09/01 22:17:39,38037912,01,MON?
2026/09/01 22:17:39,38037913,57.7,,CONSTANT,0
2026/09/01 22:17:40,38038926,01,TEMP,S57.5
2026/09/01 22:17:40,38038928,OK:01,TEMP,S57.5
2026/09/01 22:17:47,38045010,01,TEMP,S57.4
2026/09/01 22:17:47,38045012,OK:01,TEMP,S57.4
2026/09/01 22:17:50,38048052,01,MON?
2026/09/01 22:17:50,38048054,56.6,,CONSTANT,0
2026/09/01 22:17:53,38051093,01,TEMP,S57.3
2026/09/01 22:17:53,38051100,OK:01,TEMP,S57.3
2026/09/01 22:17:59,38057178,01,TEMP,S57.2
2026/09/01 22:17:59,38057180,OK:01,TEMP,S57.2
2026/09/01 22:18:00,38058192,01,MON?
2026/09/01 22:18:00,38058193,58.0,,CONSTANT,0
2026/09/01 22:18:05,38063262,01,TEMP,S57.1
2026/09/01 22:18:05,38063269,OK:01,TEMP,S57.1
2026/09/01 22:18:10,38068332,01,MON?
2026/09/01 22:18:10,38068334,57.6,,CONSTANT,0
2026/09/01 22:18:11,38069346,01,TEMP,S57.0
2026/09/01 22:18:11,38069347,OK:01,TEMP,S57.0
2026/09/01 22:18:17,38075430,01,TEMP,S56.9
2026/09/01 22:18:17,38075432,OK:01,TEMP,S56.9
2026/09/01 22:18:20,38078472,01,MON?
2026/09/01 22:18:20,38078474,56.2,,CONSTANT,0
2026/09/01 22:18:23,38081514,01,TEMP,S56.8
2026/09/01 22:18:23,38081521,OK:01,TEMP,S56.8
2026/09/01 22:18:29,38087598,01,TEMP,S56.7
2026/09/01 22:18:29,38087600,OK:01,TEMP,S56.7
2026/09/01 22:18:30,38088612,01,MON?
2026/09/01 22:18:30,38088614,56.8,,CONSTANT,0
2026/09/01 22:18:35,38093682,01,TEMP,S56.6
2026/09/01 22:18:35,38093690,OK:01,TEMP,S56.6
2026/09/01 22:18:40,38098752,01,MON?
2026/09/01 22:18:40,38098753,55.9,,CONSTANT,0
2026/09/01 22:18:41,38099766,01,TEMP,S56.5
2026/09/01 22:18:41,38099767,OK:01,TEMP,S56.5
2026/09/01 22:18:47,38105850,01,TEMP,S56.4
2026/09/01 22:18:47,38105852,OK:01,TEMP,S56.4
2026/09/01 22:18:50,38108893,01,MON?
2026/09/01 22:18:50,38108895,55.7,,CONSTANT,0
2026/09/01 22:18:53,38111935,01,TEMP,S56.3
2026/09/01 22:18:53,38111943,OK:01,TEMP,S56.3
2026/09/01 22:18:59,38117004,01,TEMP,S56.2
2026/09/01 22:18:59,38117006,OK:01,TEMP,S56.2
2026/09/01 22:19:01,38119033,01,MON?
2026/09/01 22:19:01,38119035,55.8,,CONSTANT,0
2026/09/01 22:19:05,38123089,01,TEMP,S56.1
2026/09/01 22:19:05,38123096,OK:01,TEMP,S56.1
2026/09/01 22:19:11,38129172,01,MON?
2026/09/01 22:19:11,38129173,56.6,,CONSTANT,0
2026/09/01 22:19:11,38129175,01,TEMP,S56.0
2026/09/01 22:19:11,38129176,OK:01,TEMP,S56.0
2026/09/01 22:19:17,38135256,01,TEMP,S55.9
2026/09/01 22:19:17,38135257,OK:01,TEMP,S55.9
2026/09/01 22:19:21,38139312,01,MON?
2026/09/01 22:19:21,38139314,56.0,,CONSTANT,0
2026/09/01 22:19:23,38141340,01,TEMP,S55.8
2026/09/01 22:19:23,38141348,OK:01,TEMP,S55.8
2026/09/01 22:19:29,38147426,01,TEMP,S55.7
2026/09/01 22:19:29,38147428,OK:01,TEMP,S55.7
2026/09/01 22:19:31,38149453,01,MON?
2026/09/01 22:19:31,38149455,55.4,,CONSTANT,0
2026/09/01 22:19:35,38153509,01,TEMP,S55.6
2026/09/01 22:19:35,38153511,OK:01,TEMP,S55.6
2026/09/01 22:19:41,38159593,01,MON?
2026/09/01 22:19:41,38159594,55.0,,CONSTANT,0
2026/09/01 22:19:41,38159596,01,TEMP,S55.5
2026/09/01 22:19:41,38159597,OK:01,TEMP,S55.5
2026/09/01 22:19:47,38165677,01,TEMP,S55.4
2026/09/01 22:19:47,38165679,OK:01,TEMP,S55.4
2026/09/01 22:19:51,38169733,01,MON?
2026/09/01 22:19:51,38169735,54.8,,CONSTANT,0
2026/09/01 22:19:53,38171761,01,TEMP,S55.3
2026/09/01 22:19:53,38171763,OK:01,TEMP,S55.3
2026/09/01 22:19:59,38177845,01,TEMP,S55.2
2026/09/01 22:19:59,38177847,OK:01,TEMP,S55.2
2026/09/01 22:20:01,38179873,01,MON?
2026/09/01 22:20:01,38179875,55.5,,CONSTANT,0
2026/09/01 22:20:05,38183930,01,TEMP,S55.1
2026/09/01 22:20:05,38183932,OK:01,TEMP,S55.1
2026/09/01 22:20:11,38188998,01,TEMP,S55.0
2026/09/01 22:20:11,38189000,OK:01,TEMP,S55.0
2026/09/01 22:20:12,38190013,01,MON?
2026/09/01 22:20:12,38190016,55.7,,CONSTANT,0
2026/09/01 22:20:17,38195082,01,TEMP,S54.9
2026/09/01 22:20:17,38195089,OK:01,TEMP,S54.9
2026/09/01 22:20:22,38200153,01,MON?
2026/09/01 22:20:22,38200155,55.7,,CONSTANT,0
2026/09/01 22:20:23,38201167,01,TEMP,S54.8
2026/09/01 22:20:23,38201169,OK:01,TEMP,S54.8
2026/09/01 22:20:29,38207251,01,TEMP,S54.7
2026/09/01 22:20:29,38207253,OK:01,TEMP,S54.7
2026/09/01 22:20:32,38210292,01,MON?
2026/09/01 22:20:32,38210294,54.9,,CONSTANT,0
2026/09/01 22:20:35,38213334,01,TEMP,S54.6
2026/09/01 22:20:35,38213335,OK:01,TEMP,S54.6
2026/09/01 22:20:41,38219419,01,TEMP,S54.5
2026/09/01 22:20:41,38219425,OK:01,TEMP,S54.5
2026/09/01 22:20:42,38220433,01,MON?
2026/09/01 22:20:42,38220435,55.5,,CONSTANT,0
2026/09/01 22:20:47,38225503,01,TEMP,S54.4
2026/09/01 22:20:47,38225509,OK:01,TEMP,S54.4
2026/09/01 22:20:52,38230572,01,MON?
2026/09/01 22:20:52,38230574,54.4,,CONSTANT,0
2026/09/01 22:20:53,38231587,01,TEMP,S54.3
2026/09/01 22:20:53,38231589,OK:01,TEMP,S54.3
2026/09/01 22:20:59,38237671,01,TEMP,S54.2
2026/09/01 22:20:59,38237672,OK:01,TEMP,S54.2
2026/09/01 22:21:02,38240713,01,MON?
2026/09/01 22:21:02,38240714,54.5,,CONSTANT,0
2026/09/01 22:21:05,38243755,01,TEMP,S54.1
2026/09/01 22:21:05,38243764,OK:01,TEMP,S54.1
2026/09/01 22:21:11,38249839,01,TEMP,S54.0
2026/09/01 22:21:11,38249841,OK:01,TEMP,S54.0
2026/09/01 22:21:12,38250853,01,MON?
2026/09/01 22:21:12,38250853,54.0,,CONSTANT,0
2026/09/01 22:21:17,38255923,01,TEMP,S53.9
2026/09/01 22:21:17,38255930,OK:01,TEMP,S53.9
2026/09/01 22:21:23,38260994,01,MON?
2026/09/01 22:21:23,38260996,53.8,,CONSTANT,0
2026/09/01 22:21:24,38262008,01,TEMP,S53.8
2026/09/01 22:21:24,38262010,OK:01,TEMP,S53.8
2026/09/01 22:21:29,38267077,01,TEMP,S53.7
2026/09/01 22:21:29,38267079,OK:01,TEMP,S53.7
2026/09/01 22:21:33,38271133,01,MON?
2026/09/01 22:21:33,38271140,52.8,,CONSTANT,0
2026/09/01 22:21:35,38273162,01,TEMP,S53.6
2026/09/01 22:21:35,38273162,OK:01,TEMP,S53.6
2026/09/01 22:21:41,38279245,01,TEMP,S53.5
2026/09/01 22:21:41,38279246,OK:01,TEMP,S53.5
2026/09/01 22:21:43,38281273,01,MON?
2026/09/01 22:21:43,38281275,54.4,,CONSTANT,0
2026/09/01 22:21:47,38285330,01,TEMP,S53.4
2026/09/01 22:21:47,38285337,OK:01,TEMP,S53.4
2026/09/01 22:21:53,38291414,01,MON?
2026/09/01 22:21:53,38291416,53.2,,CONSTANT,0
2026/09/01 22:21:53,38291417,01,TEMP,S53.3
2026/09/01 22:21:53,38291418,OK:01,TEMP,S53.3
2026/09/01 22:21:59,38297498,01,TEMP,S53.2
2026/09/01 22:21:59,38297500,OK:01,TEMP,S53.2
2026/09/01 22:22:03,38301554,01,MON?
2026/09/01 22:22:03,38301556,52.6,,CONSTANT,0
2026/09/01 22:22:05,38303582,01,TEMP,S53.1
2026/09/01 22:22:05,38303583,OK:01,TEMP,S53.1
2026/09/01 22:22:11,38309665,01,TEMP,S53.0
2026/09/01 22:22:11,38309667,OK:01,TEMP,S53.0
2026/09/01 22:22:13,38311693,01,MON?
2026/09/01 22:22:13,38311695,54.0,,CONSTANT,0
2026/09/01 22:22:17,38315749,01,TEMP,S52.9
2026/09/01 22:22:17,38315751,OK:01,TEMP,S52.9
2026/09/01 22:22:23,38321835,01,MON?
2026/09/01 22:22:23,38321836,53.8,,CONSTANT,0
2026/09/01 22:22:23,38321837,01,TEMP,S52.8
2026/09/01 22:22:23,38321837,OK:01,TEMP,S52.8
2026/09/01 22:22:29,38327917,01,TEMP,S52.7
2026/09/01 22:22:29,38327919,OK:01,TEMP,S52.7
2026/09/01 22:22:33,38331973,01,MON?
2026/09/01 22:22:33,38331975,51.7,,CONSTANT,0
2026/09/01 22:22:36,38334001,01,TEMP,S52.6
2026/09/01 22:22:36,38334003,OK:01,TEMP,S52.6
2026/09/01 22:22:41,38339072,01,TEMP,S52.5
2026/09/01 22:22:41,38339079,OK:01,TEMP,S52.5
2026/09/01 22:22:44,38342114,01,MON?
2026/09/01 22:22:44,38342116,53.2,,CONSTANT,0
2026/09/01 22:22:47,38345157,01,TEMP,S52.4
2026/09/01 22:22:47,38345164,OK:01,TEMP,S52.4
2026/09/01 22:22:53,38351240,01,TEMP,S52.3
2026/09/01 22:22:53,38351242,OK:01,TEMP,S52.3
2026/09/01 22:22:54,38352254,01,MON?
2026/09/01 22:22:54,38352255,51.8,,CONSTANT,0
2026/09/01 22:22:59,38357324,01,TEMP,S52.2
2026/09/01 22:22:59,38357331,OK:01,TEMP,S52.2
2026/09/01 22:23:04,38362394,01,MON?
2026/09/01 22:23:04,38362395,53.0,,CONSTANT,0
2026/09/01 22:23:05,38363408,01,TEMP,S52.1
2026/09/01 22:23:05,38363409,OK:01,TEMP,S52.1
2026/09/01 22:23:11,38369491,01,TEMP,S52.0
2026/09/01 22:23:11,38369493,OK:01,TEMP,S52.0
2026/09/01 22:23:14,38372534,01,MON?
2026/09/01 22:23:14,38372536,51.3,,CONSTANT,0
2026/09/01 22:23:17,38375576,01,TEMP,S51.9
2026/09/01 22:23:17,38375577,OK:01,TEMP,S51.9
2026/09/01 22:23:23,38381660,01,TEMP,S51.8
2026/09/01 22:23:23,38381662,OK:01,TEMP,S51.8
2026/09/01 22:23:24,38382674,01,MON?
2026/09/01 22:23:24,38382676,52.2,,CONSTANT,0
2026/09/01 22:23:29,38387743,01,TEMP,S51.7
2026/09/01 22:23:29,38387750,OK:01,TEMP,S51.7
2026/09/01 22:23:34,38392814,01,MON?
2026/09/01 22:23:34,38392816,50.9,,CONSTANT,0
2026/09/01 22:23:35,38393828,01,TEMP,S51.6
2026/09/01 22:23:35,38393829,OK:01,TEMP,S51.6
2026/09/01 22:23:41,38399912,01,TEMP,S51.5
2026/09/01 22:23:41,38399914,OK:01,TEMP,S51.5
2026/09/01 22:23:44,38402954,01,MON?
2026/09/01 22:23:44,38402955,51.3,,CONSTANT,0
2026/09/01 22:23:48,38405995,01,TEMP,S51.4
2026/09/01 22:23:48,38406002,OK:01,TEMP,S51.4
2026/09/01 22:23:54,38412080,01,TEMP,S51.3
2026/09/01 22:23:54,38412087,OK:01,TEMP,S51.3
2026/09/01 22:23:55,38413094,01,MON?
2026/09/01 22:23:55,38413095,50.4,,CONSTANT,0
2026/09/01 22:23:59,38417150,01,TEMP,S51.2
2026/09/01 22:23:59,38417157,OK:01,TEMP,S51.2
2026/09/01 22:24:05,38423235,01,MON?
2026/09/01 22:24:05,38423236,51.0,,CONSTANT,0
2026/09/01 22:24:05,38423237,01,TEMP,S51.1
2026/09/01 22:24:05,38423238,OK:01,TEMP,S51.1
2026/09/01 22:24:11,38429319,01,TEMP,S51.0
2026/09/01 22:24:11,38429321,OK:01,TEMP,S51.0
2026/09/01 22:24:15,38433374,01,MON?
2026/09/01 22:24:15,38433381,50.3,,CONSTANT,0
2026/09/01 22:24:17,38435402,01,TEMP,S50.9
2026/09/01 22:24:17,38435404,OK:01,TEMP,S50.9
2026/09/01 22:24:23,38441487,01,TEMP,S50.8
2026/09/01 22:24:23,38441489,OK:01,TEMP,S50.8
2026/09/01 22:24:25,38443516,01,MON?
2026/09/01 22:24:25,38443518,50.1,,CONSTANT,0
2026/09/01 22:24:29,38447571,01,TEMP,S50.7
2026/09/01 22:24:29,38447573,OK:01,TEMP,S50.7
2026/09/01 22:24:35,38453654,01,MON?
2026/09/01 22:24:35,38453656,50.2,,CONSTANT,0
2026/09/01 22:24:35,38453657,01,TEMP,S50.6
2026/09/01 22:24:35,38453658,OK:01,TEMP,S50.6
2026/09/01 22:24:41,38459739,01,TEMP,S50.5
2026/09/01 22:24:41,38459741,OK:01,TEMP,S50.5
2026/09/01 22:24:45,38463794,01,MON?
2026/09/01 22:24:45,38463796,50.4,,CONSTANT,0
2026/09/01 22:24:47,38465823,01,TEMP,S50.4
2026/09/01 22:24:47,38465825,OK:01,TEMP,S50.4
2026/09/01 22:24:53,38471906,01,TEMP,S50.3
2026/09/01 22:24:53,38471906,OK:01,TEMP,S50.3
2026/09/01 22:24:55,38473935,01,MON?
2026/09/01 22:24:55,38473936,50.4,,CONSTANT,0
2026/09/01 22:25:00,38477992,01,TEMP,S50.2
2026/09/01 22:25:00,38477994,OK:01,TEMP,S50.2
2026/09/01 22:25:06,38484074,01,MON?
2026/09/01 22:25:06,38484081,50.0,,CONSTANT,0
2026/09/01 22:25:06,38484083,01,TEMP,S50.1
2026/09/01 22:25:06,38484084,OK:01,TEMP,S50.1
2026/09/01 22:25:11,38489145,01,TEMP,S50.0
2026/09/01 22:25:11,38489147,OK:01,TEMP,S50.0
2026/09/01 22:25:16,38494215,01,MON?
2026/09/01 22:25:16,38494217,50.2,,CONSTANT,0
2026/09/01 22:25:17,38495229,01,TEMP,S49.9
2026/09/01 22:25:17,38495231,OK:01,TEMP,S49.9
2026/09/01 22:25:23,38501313,01,TEMP,S49.8
2026/09/01 22:25:23,38501319,OK:01,TEMP,S49.8
2026/09/01 22:25:26,38504354,01,MON?
2026/09/01 22:25:26,38504356,50.6,,CONSTANT,0
2026/09/01 22:25:29,38507396,01,TEMP,S49.7
2026/09/01 22:25:29,38507398,OK:01,TEMP,S49.7
2026/09/01 22:25:35,38513481,01,TEMP,S49.6
2026/09/01 22:25:35,38513489,OK:01,TEMP,S49.6
2026/09/01 22:25:36,38514495,01,MON?
2026/09/01 22:25:36,38514496,50.3,,CONSTANT,0
2026/09/01 22:25:41,38519565,01,TEMP,S49.5
2026/09/01 22:25:41,38519572,OK:01,TEMP,S49.5
2026/09/01 22:25:46,38524634,01,MON?
2026/09/01 22:25:46,38524635,50.4,,CONSTANT,0
2026/09/01 22:25:47,38525648,01,TEMP,S49.4
2026/09/01 22:25:47,38525650,OK:01,TEMP,S49.4
2026/09/01 22:25:53,38531733,01,TEMP,S49.3
2026/09/01 22:25:53,38531735,OK:01,TEMP,S49.3
2026/09/01 22:25:56,38534775,01,MON?
2026/09/01 22:25:56,38534777,48.5,,CONSTANT,0
2026/09/01 22:25:59,38537817,01,TEMP,S49.2
2026/09/01 22:25:59,38537824,OK:01,TEMP,S49.2
2026/09/01 22:26:05,38543900,01,TEMP,S49.1
2026/09/01 22:26:05,38543902,OK:01,TEMP,S49.1
2026/09/01 22:26:06,38544914,01,MON?
2026/09/01 22:26:06,38544916,48.1,,CONSTANT,0
2026/09/01 22:26:12,38549987,01,TEMP,S49.0
2026/09/01 22:26:12,38549989,OK:01,TEMP,S49.0
2026/09/01 22:26:17,38555055,01,MON?
2026/09/01 22:26:17,38555055,48.8,,CONSTANT,0
2026/09/01 22:26:18,38556069,01,TEMP,S48.9
2026/09/01 22:26:18,38556070,OK:01,TEMP,S48.9
2026/09/01 22:26:24,38562152,01,TEMP,S48.8
2026/09/01 22:26:24,38562154,OK:01,TEMP,S48.8
2026/09/01 22:26:27,38565195,01,MON?
2026/09/01 22:26:27,38565202,49.6,,CONSTANT,0
2026/09/01 22:26:29,38567223,01,TEMP,S48.7
2026/09/01 22:26:29,38567225,OK:01,TEMP,S48.7
2026/09/01 22:26:35,38573308,01,TEMP,S48.6
2026/09/01 22:26:35,38573315,OK:01,TEMP,S48.6
2026/09/01 22:26:37,38575336,01,MON?
2026/09/01 22:26:37,38575338,49.2,,CONSTANT,0
2026/09/01 22:26:41,38579392,01,TEMP,S48.5
2026/09/01 22:26:41,38579399,OK:01,TEMP,S48.5
2026/09/01 22:26:47,38585475,01,MON?
2026/09/01 22:26:47,38585476,48.0,,CONSTANT,0
2026/09/01 22:26:47,38585478,01,TEMP,S48.4
2026/09/01 22:26:47,38585479,OK:01,TEMP,S48.4
2026/09/01 22:26:53,38591560,01,TEMP,S48.3
2026/09/01 22:26:53,38591562,OK:01,TEMP,S48.3
2026/09/01 22:26:57,38595615,01,MON?
2026/09/01 22:26:57,38595617,49.1,,CONSTANT,0
2026/09/01 22:26:59,38597643,01,TEMP,S48.2
2026/09/01 22:26:59,38597645,OK:01,TEMP,S48.2
2026/09/01 22:27:05,38603727,01,TEMP,S48.1
2026/09/01 22:27:05,38603729,OK:01,TEMP,S48.1
2026/09/01 22:27:07,38605755,01,MON?
2026/09/01 22:27:07,38605757,47.3,,CONSTANT,0
2026/09/01 22:27:11,38609811,01,TEMP,S48.0
2026/09/01 22:27:11,38609812,OK:01,TEMP,S48.0
2026/09/01 22:27:17,38615896,01,MON?
2026/09/01 22:27:17,38615898,47.9,,CONSTANT,0
2026/09/01 22:27:17,38615899,01,TEMP,S47.9
2026/09/01 22:27:17,38615900,OK:01,TEMP,S47.9
2026/09/01 22:27:23,38621979,01,TEMP,S47.8
2026/09/01 22:27:23,38621981,OK:01,TEMP,S47.8
2026/09/01 22:27:28,38626036,01,MON?
2026/09/01 22:27:28,38626038,47.2,,CONSTANT,0
2026/09/01 22:27:30,38628063,01,TEMP,S47.7
2026/09/01 22:27:30,38628064,OK:01,TEMP,S47.7
2026/09/01 22:27:36,38634148,01,TEMP,S47.6
2026/09/01 22:27:36,38634155,OK:01,TEMP,S47.6
2026/09/01 22:27:38,38636177,01,MON?
2026/09/01 22:27:38,38636184,46.7,,CONSTANT,0
2026/09/01 22:27:41,38639219,01,TEMP,S47.5
2026/09/01 22:27:41,38639226,OK:01,TEMP,S47.5
2026/09/01 22:27:47,38645301,01,TEMP,S47.4
2026/09/01 22:27:47,38645303,OK:01,TEMP,S47.4
2026/09/01 22:27:48,38646315,01,MON?
2026/09/01 22:27:48,38646317,47.5,,CONSTANT,0
2026/09/01 22:27:53,38651386,01,TEMP,S47.3
2026/09/01 22:27:53,38651390,OK:01,TEMP,S47.3
2026/09/01 22:27:58,38656457,01,MON?
2026/09/01 22:27:58,38656459,46.5,,CONSTANT,0
2026/09/01 22:27:59,38657471,01,TEMP,S47.2
2026/09/01 22:27:59,38657472,OK:01,TEMP,S47.2
2026/09/01 22:28:05,38663554,01,TEMP,S47.1
2026/09/01 22:28:05,38663556,OK:01,TEMP,S47.1
2026/09/01 22:28:08,38666595,01,MON?
2026/09/01 22:28:08,38666596,47.3,,CONSTANT,0
2026/09/01 22:28:11,38669638,01,TEMP,S47.0
2026/09/01 22:28:11,38669640,OK:01,TEMP,S47.0
2026/09/01 22:28:17,38675722,01,TEMP,S46.9
2026/09/01 22:28:17,38675724,OK:01,TEMP,S46.9
2026/09/01 22:28:18,38676736,01,MON?
2026/09/01 22:28:18,38676738,46.9,,CONSTANT,0
2026/09/01 22:28:23,38681805,01,TEMP,S46.8
2026/09/01 22:28:23,38681809,OK:01,TEMP,S46.8
2026/09/01 22:28:28,38686876,01,MON?
2026/09/01 22:28:28,38686878,47.7,,CONSTANT,0
2026/09/01 22:28:29,38687890,01,TEMP,S46.7
2026/09/01 22:28:29,38687890,OK:01,TEMP,S46.7
2026/09/01 22:28:35,38693974,01,TEMP,S46.6
2026/09/01 22:28:35,38693976,OK:01,TEMP,S46.6
2026/09/01 22:28:39,38697016,01,MON?
2026/09/01 22:28:39,38697018,47.5,,CONSTANT,0
2026/09/01 22:28:42,38700057,01,TEMP,S46.5
2026/09/01 22:28:42,38700059,OK:01,TEMP,S46.5
2026/09/01 22:28:48,38706142,01,TEMP,S46.4
2026/09/01 22:28:48,38706149,OK:01,TEMP,S46.4
2026/09/01 22:28:49,38707156,01,MON?
2026/09/01 22:28:49,38707158,46.6,,CONSTANT,0
2026/09/01 22:28:54,38712226,01,TEMP,S46.3
2026/09/01 22:28:54,38712228,OK:01,TEMP,S46.3
2026/09/01 22:28:59,38717296,01,MON?
2026/09/01 22:28:59,38717303,46.9,,CONSTANT,0
2026/09/01 22:28:59,38717304,01,TEMP,S46.2
2026/09/01 22:28:59,38717305,OK:01,TEMP,S46.2
2026/09/01 22:29:05,38723380,01,TEMP,S46.1
2026/09/01 22:29:05,38723381,OK:01,TEMP,S46.1
2026/09/01 22:29:09,38727436,01,MON?
2026/09/01 22:29:09,38727438,46.0,,CONSTANT,0
2026/09/01 22:29:11,38729465,01,TEMP,S46.0
2026/09/01 22:29:11,38729467,OK:01,TEMP,S46.0
2026/09/01 22:29:17,38735549,01,TEMP,S45.9
2026/09/01 22:29:17,38735556,OK:01,TEMP,S45.9
2026/09/01 22:29:19,38737577,01,MON?
2026/09/01 22:29:19,38737578,44.9,,CONSTANT,0
2026/09/01 22:29:23,38741633,01,TEMP,S45.8
2026/09/01 22:29:23,38741635,OK:01,TEMP,S45.8
2026/09/01 22:29:29,38747716,01,MON?
2026/09/01 22:29:29,38747718,45.9,,CONSTANT,0
2026/09/01 22:29:29,38747719,01,TEMP,S45.7
2026/09/01 22:29:29,38747720,OK:01,TEMP,S45.7
2026/09/01 22:29:35,38753800,01,TEMP,S45.6
2026/09/01 22:29:35,38753802,OK:01,TEMP,S45.6
2026/09/01 22:29:39,38757857,01,MON?
2026/09/01 22:29:39,38757858,44.8,,CONSTANT,0
2026/09/01 22:29:41,38759885,01,TEMP,S45.5
2026/09/01 22:29:41,38759887,OK:01,TEMP,S45.5
2026/09/01 22:29:47,38765969,01,TEMP,S45.4
2026/09/01 22:29:47,38765970,OK:01,TEMP,S45.4
2026/09/01 22:29:50,38767996,01,MON?
2026/09/01 22:29:50,38767998,45.1,,CONSTANT,0
2026/09/01 22:29:54,38772052,01,TEMP,S45.3
2026/09/01 22:29:54,38772059,OK:01,TEMP,S45.3
2026/09/01 22:30:00,38778137,01,MON?
2026/09/01 22:30:00,38778139,44.7,,CONSTANT,0
2026/09/01 22:30:00,38778140,01,TEMP,S45.2
2026/09/01 22:30:00,38778140,OK:01,TEMP,S45.2
2026/09/01 22:30:06,38784220,01,TEMP,S45.1
2026/09/01 22:30:06,38784222,OK:01,TEMP,S45.1
2026/09/01 22:30:10,38788276,01,MON?
2026/09/01 22:30:10,38788283,44.8,,CONSTANT,0
2026/09/01 22:30:11,38789290,01,TEMP,S45.0
2026/09/01 22:30:11,38789292,OK:01,TEMP,S45.0
2026/09/01 22:30:17,38795380,01,TEMP,S44.9
2026/09/01 22:30:17,38795382,OK:01,TEMP,S44.9
2026/09/01 22:30:20,38798417,01,MON?
2026/09/01 22:30:20,38798418,44.6,,CONSTANT,0
2026/09/01 22:30:23,38801458,01,TEMP,S44.8
2026/09/01 22:30:23,38801465,OK:01,TEMP,S44.8
2026/09/01 22:30:29,38807542,01,TEMP,S44.7
2026/09/01 22:30:29,38807544,OK:01,TEMP,S44.7
2026/09/01 22:30:30,38808557,01,MON?
2026/09/01 22:30:30,38808559,44.7,,CONSTANT,0
2026/09/01 22:30:35,38813627,01,TEMP,S44.6
2026/09/01 22:30:35,38813634,OK:01,TEMP,S44.6
2026/09/01 22:30:40,38818696,01,MON?
2026/09/01 22:30:40,38818697,43.7,,CONSTANT,0
2026/09/01 22:30:41,38819711,01,TEMP,S44.5
2026/09/01 22:30:41,38819712,OK:01,TEMP,S44.5
2026/09/01 22:30:47,38825795,01,TEMP,S44.4
2026/09/01 22:30:47,38825797,OK:01,TEMP,S44.4
2026/09/01 22:30:50,38828837,01,MON?
2026/09/01 22:30:50,38828839,43.5,,CONSTANT,0
2026/09/01 22:30:53,38831879,01,TEMP,S44.3
2026/09/01 22:30:53,38831886,OK:01,TEMP,S44.3
2026/09/01 22:30:59,38837962,01,TEMP,S44.2
2026/09/01 22:30:59,38837964,OK:01,TEMP,S44.2
2026/09/01 22:31:00,38838976,01,MON?
2026/09/01 22:31:00,38838978,43.6,,CONSTANT,0
2026/09/01 22:31:06,38844047,01,TEMP,S44.1
2026/09/01 22:31:06,38844054,OK:01,TEMP,S44.1
2026/09/01 22:31:11,38849117,01,MON?
2026/09/01 22:31:11,38849123,44.1,,CONSTANT,0
2026/09/01 22:31:12,38850131,01,TEMP,S44.0
2026/09/01 22:31:12,38850133,OK:01,TEMP,S44.0
2026/09/01 22:31:18,38856215,01,TEMP,S43.9
2026/09/01 22:31:18,38856222,OK:01,TEMP,S43.9
2026/09/01 22:31:21,38859256,01,MON?
2026/09/01 22:31:21,38859263,44.2,,CONSTANT,0
2026/09/01 22:31:23,38861285,01,TEMP,S43.8
2026/09/01 22:31:23,38861292,OK:01,TEMP,S43.8
2026/09/01 22:31:29,38867369,01,TEMP,S43.7
2026/09/01 22:31:29,38867371,OK:01,TEMP,S43.7
2026/09/01 22:31:31,38869397,01,MON?
2026/09/01 22:31:31,38869399,43.0,,CONSTANT,0
2026/09/01 22:31:35,38873453,01,TEMP,S43.6
2026/09/01 22:31:35,38873460,OK:01,TEMP,S43.6
2026/09/01 22:31:41,38879537,01,MON?
2026/09/01 22:31:41,38879539,44.5,,CONSTANT,0
2026/09/01 22:31:41,38879540,01,TEMP,S43.5
2026/09/01 22:31:41,38879542,OK:01,TEMP,S43.5
2026/09/01 22:31:47,38885622,01,TEMP,S43.4
2026/09/01 22:31:47,38885623,OK:01,TEMP,S43.4
2026/09/01 22:31:51,38889678,01,MON?
2026/09/01 22:31:51,38889680,42.7,,CONSTANT,0
2026/09/01 22:31:53,38891706,01,TEMP,S43.3
2026/09/01 22:31:53,38891708,OK:01,TEMP,S43.3
2026/09/01 22:31:59,38897790,01,TEMP,S43.2
2026/09/01 22:31:59,38897792,OK:01,TEMP,S43.2
2026/09/01 22:32:01,38899817,01,MON?
2026/09/01 22:32:01,38899818,42.8,,CONSTANT,0
2026/09/01 22:32:05,38903874,01,TEMP,S43.1
2026/09/01 22:32:05,38903876,OK:01,TEMP,S43.1
2026/09/01 22:32:11,38909958,01,MON?
2026/09/01 22:32:11,38909960,43.8,,CONSTANT,0
2026/09/01 22:32:11,38909961,01,TEMP,S43.0
2026/09/01 22:32:11,38909962,OK:01,TEMP,S43.0
2026/09/01 22:32:18,38916042,01,TEMP,S42.9
2026/09/01 22:32:18,38916043,OK:01,TEMP,S42.9
2026/09/01 22:32:22,38920098,01,MON?
2026/09/01 22:32:22,38920105,42.5,,CONSTANT,0
2026/09/01 22:32:24,38922126,01,TEMP,S42.8
2026/09/01 22:32:24,38922128,OK:01,TEMP,S42.8
2026/09/01 22:32:30,38928210,01,TEMP,S42.7
2026/09/01 22:32:30,38928214,OK:01,TEMP,S42.7
2026/09/01 22:32:32,38930237,01,MON?
2026/09/01 22:32:32,38930244,43.5,,CONSTANT,0
2026/09/01 22:32:36,38934294,01,TEMP,S42.6
2026/09/01 22:32:36,38934296,OK:01,TEMP,S42.6
2026/09/01 22:32:41,38939363,01,TEMP,S42.5
2026/09/01 22:32:41,38939369,OK:01,TEMP,S42.5
2026/09/01 22:32:42,38940378,01,MON?
2026/09/01 22:32:42,38940380,42.9,,CONSTANT,0
2026/09/01 22:32:47,38945448,01,TEMP,S42.4
2026/09/01 22:32:47,38945450,OK:01,TEMP,S42.4
2026/09/01 22:32:52,38950518,01,MON?
2026/09/01 22:32:52,38950520,42.6,,CONSTANT,0
2026/09/01 22:32:53,38951533,01,TEMP,S42.3
2026/09/01 22:32:53,38951535,OK:01,TEMP,S42.3
2026/09/01 22:32:59,38957615,01,TEMP,S42.2
2026/09/01 22:32:59,38957617,OK:01,TEMP,S42.2
2026/09/01 22:33:02,38960658,01,MON?
2026/09/01 22:33:02,38960660,42.6,,CONSTANT,0
2026/09/01 22:33:05,38963700,01,TEMP,S42.1
2026/09/01 22:33:05,38963702,OK:01,TEMP,S42.1
2026/09/01 22:33:11,38969785,01,TEMP,S42.0
2026/09/01 22:33:11,38969787,OK:01,TEMP,S42.0
2026/09/01 22:33:12,38970798,01,MON?
2026/09/01 22:33:12,38970800,41.9,,CONSTANT,0
2026/09/01 22:33:17,38975868,01,TEMP,S41.9
2026/09/01 22:33:17,38975869,OK:01,TEMP,S41.9
2026/09/01 22:33:22,38980937,01,MON?
2026/09/01 22:33:22,38980939,42.1,,CONSTANT,0
2026/09/01 22:33:23,38981951,01,TEMP,S41.8
2026/09/01 22:33:23,38981953,OK:01,TEMP,S41.8
2026/09/01 22:33:30,38988036,01,TEMP,S41.7
2026/09/01 22:33:30,38988038,OK:01,TEMP,S41.7
2026/09/01 22:33:33,38991078,01,MON?
2026/09/01 22:33:33,38991085,41.0,,CONSTANT,0
2026/09/01 22:33:36,38994120,01,TEMP,S41.6
2026/09/01 22:33:36,38994121,OK:01,TEMP,S41.6
2026/09/01 22:33:42,39000203,01,TEMP,S41.5
2026/09/01 22:33:42,39000210,OK:01,TEMP,S41.5
2026/09/01 22:33:43,39001218,01,MON?
2026/09/01 22:33:43,39001220,42.3,,CONSTANT,0
2026/09/01 22:33:48,39006288,01,TEMP,S41.4
2026/09/01 22:33:48,39006290,OK:01,TEMP,S41.4
2026/09/01 22:33:53,39011358,01,MON?
2026/09/01 22:33:53,39011365,41.8,,CONSTANT,0
2026/09/01 22:33:53,39011367,01,TEMP,S41.3
2026/09/01 22:33:53,39011368,OK:01,TEMP,S41.3
2026/09/01 22:33:59,39017441,01,TEMP,S41.2
2026/09/01 22:33:59,39017443,OK:01,TEMP,S41.2
2026/09/01 22:34:03,39021498,01,MON?
2026/09/01 22:34:03,39021500,42.0,,CONSTANT,0
2026/09/01 22:34:05,39023526,01,TEMP,S41.1
2026/09/01 22:34:05,39023527,OK:01,TEMP,S41.1
2026/09/01 22:34:11,39029610,01,TEMP,S41.0
2026/09/01 22:34:11,39029612,OK:01,TEMP,S41.0
2026/09/01 22:34:13,39031638,01,MON?
2026/09/01 22:34:13,39031639,41.9,,CONSTANT,0
2026/09/01 22:34:17,39035694,01,TEMP,S40.9
2026/09/01 22:34:17,39035696,OK:01,TEMP,S40.9
2026/09/01 22:34:23,39041779,01,MON?
2026/09/01 22:34:23,39041780,41.8,,CONSTANT,0
2026/09/01 22:34:23,39041782,01,TEMP,S40.8
2026/09/01 22:34:23,39041783,OK:01,TEMP,S40.8
2026/09/01 22:34:29,39047862,01,TEMP,S40.7
2026/09/01 22:34:29,39047863,OK:01,TEMP,S40.7
2026/09/01 22:34:33,39051919,01,MON?
2026/09/01 22:34:33,39051920,40.5,,CONSTANT,0
2026/09/01 22:34:35,39053947,01,TEMP,S40.6
2026/09/01 22:34:35,39053949,OK:01,TEMP,S40.6
2026/09/01 22:34:42,39060030,01,TEMP,S40.5
2026/09/01 22:34:42,39060032,OK:01,TEMP,S40.5
2026/09/01 22:34:44,39062058,01,MON?
2026/09/01 22:34:44,39062062,39.9,,CONSTANT,0
2026/09/01 22:34:48,39066114,01,TEMP,S40.4
2026/09/01 22:34:48,39066114,OK:01,TEMP,S40.4
2026/09/01 22:34:54,39072199,01,MON?
2026/09/01 22:34:54,39072201,39.9,,CONSTANT,0
2026/09/01 22:34:54,39072202,01,TEMP,S40.3
2026/09/01 22:34:54,39072202,OK:01,TEMP,S40.3
2026/09/01 22:35:00,39078283,01,TEMP,S40.2
2026/09/01 22:35:00,39078285,OK:01,TEMP,S40.2
2026/09/01 22:35:04,39082339,01,MON?
2026/09/01 22:35:04,39082342,40.2,,CONSTANT,0
2026/09/01 22:35:06,39084367,01,TEMP,S40.1
2026/09/01 22:35:06,39084369,OK:01,TEMP,S40.1
2026/09/01 22:35:11,39089438,01,TEMP,S40.0
2026/09/01 22:35:11,39089446,OK:01,TEMP,S40.0
2026/09/01 22:35:14,39092479,01,MON?
2026/09/01 22:35:14,39092481,40.4,,CONSTANT,0
2026/09/01 22:35:17,39095521,01,TEMP,S39.9
2026/09/01 22:35:17,39095522,OK:01,TEMP,S39.9
2026/09/01 22:35:23,39101604,01,TEMP,S39.8
2026/09/01 22:35:23,39101606,OK:01,TEMP,S39.8
2026/09/01 22:35:24,39102618,01,MON?
2026/09/01 22:35:24,39102620,39.3,,CONSTANT,0
2026/09/01 22:35:29,39107690,01,TEMP,S39.7
2026/09/01 22:35:29,39107692,OK:01,TEMP,S39.7
2026/09/01 22:35:34,39112760,01,MON?
2026/09/01 22:35:34,39112762,40.5,,CONSTANT,0
2026/09/01 22:35:35,39113773,01,TEMP,S39.6
2026/09/01 22:35:35,39113775,OK:01,TEMP,S39.6
2026/09/01 22:35:41,39119856,01,TEMP,S39.5
2026/09/01 22:35:41,39119858,OK:01,TEMP,S39.5
2026/09/01 22:35:44,39122898,01,MON?
2026/09/01 22:35:44,39122900,40.3,,CONSTANT,0
2026/09/01 22:35:47,39125942,01,TEMP,S39.4
2026/09/01 22:35:47,39125944,OK:01,TEMP,S39.4
2026/09/01 22:35:54,39132026,01,TEMP,S39.3
2026/09/01 22:35:54,39132028,OK:01,TEMP,S39.3
2026/09/01 22:35:55,39133038,01,MON?
2026/09/01 22:35:55,39133040,38.6,,CONSTANT,0
2026/09/01 22:36:00,39138108,01,TEMP,S39.2
2026/09/01 22:36:00,39138109,OK:01,TEMP,S39.2
2026/09/01 22:36:05,39143179,01,MON?
2026/09/01 22:36:05,39143183,39.5,,CONSTANT,0
2026/09/01 22:36:06,39144193,01,TEMP,S39.1
2026/09/01 22:36:06,39144195,OK:01,TEMP,S39.1
2026/09/01 22:36:12,39150277,01,TEMP,S39.0
2026/09/01 22:36:12,39150284,OK:01,TEMP,S39.0
2026/09/01 22:36:15,39153318,01,MON?
2026/09/01 22:36:15,39153319,39.8,,CONSTANT,0
2026/09/01 22:36:18,39156360,01,TEMP,S38.9
2026/09/01 22:36:18,39156362,OK:01,TEMP,S38.9
2026/09/01 22:36:23,39161431,01,TEMP,S38.8
2026/09/01 22:36:23,39161438,OK:01,TEMP,S38.8
2026/09/01 22:36:25,39163459,01,MON?
2026/09/01 22:36:25,39163460,38.6,,CONSTANT,0
2026/09/01 22:36:29,39167515,01,TEMP,S38.7
2026/09/01 22:36:29,39167516,OK:01,TEMP,S38.7
2026/09/01 22:36:35,39173598,01,MON?
2026/09/01 22:36:35,39173600,38.9,,CONSTANT,0
2026/09/01 22:36:35,39173601,01,TEMP,S38.6
2026/09/01 22:36:35,39173602,OK:01,TEMP,S38.6
2026/09/01 22:36:41,39179683,01,TEMP,S38.5
2026/09/01 22:36:41,39179684,OK:01,TEMP,S38.5
2026/09/01 22:36:45,39183739,01,MON?
2026/09/01 22:36:45,39183740,38.9,,CONSTANT,0
2026/09/01 22:36:47,39185767,01,TEMP,S38.4
2026/09/01 22:36:47,39185769,OK:01,TEMP,S38.4
2026/09/01 22:36:53,39191851,01,TEMP,S38.3
2026/09/01 22:36:53,39191852,OK:01,TEMP,S38.3
2026/09/01 22:36:55,39193879,01,MON?
2026/09/01 22:36:55,39193881,38.4,,CONSTANT,0
2026/09/01 22:36:59,39197936,01,TEMP,S38.2
2026/09/01 22:36:59,39197938,OK:01,TEMP,S38.2
2026/09/01 22:37:06,39204020,01,MON?
2026/09/01 22:37:06,39204022,37.4,,CONSTANT,0
2026/09/01 22:37:06,39204023,01,TEMP,S38.1
2026/09/01 22:37:06,39204025,OK:01,TEMP,S38.1
2026/09/01 22:37:12,39210104,01,TEMP,S38.0
2026/09/01 22:37:12,39210106,OK:01,TEMP,S38.0
2026/09/01 22:37:16,39214160,01,MON?
2026/09/01 22:37:16,39214167,37.3,,CONSTANT,0
2026/09/01 22:37:18,39216188,01,TEMP,S37.9
2026/09/01 22:37:18,39216189,OK:01,TEMP,S37.9
2026/09/01 22:37:24,39222272,01,TEMP,S37.8
2026/09/01 22:37:24,39222279,OK:01,TEMP,S37.8
2026/09/01 22:37:26,39224299,01,MON?
2026/09/01 22:37:26,39224306,38.6,,CONSTANT,0
2026/09/01 22:37:30,39228357,01,TEMP,S37.7
2026/09/01 22:37:30,39228359,OK:01,TEMP,S37.7
2026/09/01 22:37:36,39234439,01,MON?
2026/09/01 22:37:36,39234446,36.8,,CONSTANT,0
2026/09/01 22:37:36,39234448,01,TEMP,S37.6
2026/09/01 22:37:36,39234449,OK:01,TEMP,S37.6
2026/09/01 22:37:41,39239510,01,TEMP,S37.5
2026/09/01 22:37:41,39239512,OK:01,TEMP,S37.5
2026/09/01 22:37:46,39244579,01,MON?
2026/09/01 22:37:46,39244581,38.1,,CONSTANT,0
2026/09/01 22:37:47,39245595,01,TEMP,S37.4
2026/09/01 22:37:47,39245597,OK:01,TEMP,S37.4
2026/09/01 22:37:53,39251677,01,TEMP,S37.3
2026/09/01 22:37:53,39251679,OK:01,TEMP,S37.3
2026/09/01 22:37:56,39254719,01,MON?
2026/09/01 22:37:56,39254721,36.5,,CONSTANT,0
2026/09/01 22:37:59,39257761,01,TEMP,S37.2
2026/09/01 22:37:59,39257763,OK:01,TEMP,S37.2
2026/09/01 22:38:05,39263847,01,TEMP,S37.1
2026/09/01 22:38:05,39263849,OK:01,TEMP,S37.1
2026/09/01 22:38:06,39264860,01,MON?
2026/09/01 22:38:06,39264862,37.9,,CONSTANT,0
2026/09/01 22:38:11,39269930,01,TEMP,S37.0
2026/09/01 22:38:11,39269932,OK:01,TEMP,S37.0
2026/09/01 22:38:17,39274999,01,MON?
2026/09/01 22:38:17,39275000,36.6,,CONSTANT,0
2026/09/01 22:38:18,39276014,01,TEMP,S36.9
2026/09/01 22:38:18,39276016,OK:01,TEMP,S36.9
2026/09/01 22:38:24,39282099,01,TEMP,S36.8
2026/09/01 22:38:24,39282107,OK:01,TEMP,S36.8
2026/09/01 22:38:27,39285140,01,MON?
2026/09/01 22:38:27,39285147,37.3,,CONSTANT,0
2026/09/01 22:38:30,39288182,01,TEMP,S36.7
2026/09/01 22:38:30,39288184,OK:01,TEMP,S36.7
2026/09/01 22:38:36,39294265,01,TEMP,S36.6
2026/09/01 22:38:36,39294272,OK:01,TEMP,S36.6
2026/09/01 22:38:37,39295279,01,MON?
2026/09/01 22:38:37,39295281,36.3,,CONSTANT,0
2026/09/01 22:38:42,39300350,01,TEMP,S36.5
2026/09/01 22:38:42,39300352,OK:01,TEMP,S36.5
2026/09/01 22:38:47,39305420,01,MON?
2026/09/01 22:38:47,39305427,35.6,,CONSTANT,0
2026/09/01 22:38:48,39306434,01,TEMP,S36.4
2026/09/01 22:38:48,39306436,OK:01,TEMP,S36.4
2026/09/01 22:38:53,39311503,01,TEMP,S36.3
2026/09/01 22:38:53,39311510,OK:01,TEMP,S36.3
2026/09/01 22:38:57,39315560,01,MON?
2026/09/01 22:38:57,39315562,35.3,,CONSTANT,0
2026/09/01 22:38:59,39317588,01,TEMP,S36.2
2026/09/01 22:38:59,39317590,OK:01,TEMP,S36.2
2026/09/01 22:39:05,39323672,01,TEMP,S36.1
2026/09/01 22:39:05,39323674,OK:01,TEMP,S36.1
2026/09/01 22:39:07,39325700,01,MON?
2026/09/01 22:39:07,39325702,37.1,,CONSTANT,0
2026/09/01 22:39:11,39329756,01,TEMP,S36.0
2026/09/01 22:39:11,39329758,OK:01,TEMP,S36.0
2026/09/01 22:39:17,39335840,01,MON?
2026/09/01 22:39:17,39335842,35.7,,CONSTANT,0
2026/09/01 22:39:17,39335843,01,TEMP,S35.9
2026/09/01 22:39:17,39335844,OK:01,TEMP,S35.9
2026/09/01 22:39:23,39341924,01,TEMP,S35.8
2026/09/01 22:39:23,39341926,OK:01,TEMP,S35.8
2026/09/01 22:39:27,39345980,01,MON?
2026/09/01 22:39:27,39345981,35.0,,CONSTANT,0
2026/09/01 22:39:30,39348008,01,TEMP,S35.7
2026/09/01 22:39:30,39348010,OK:01,TEMP,S35.7
2026/09/01 22:39:36,39354093,01,TEMP,S35.6
2026/09/01 22:39:36,39354100,OK:01,TEMP,S35.6
2026/09/01 22:39:38,39356120,01,MON?
2026/09/01 22:39:38,39356122,35.6,,CONSTANT,0
2026/09/01 22:39:42,39360176,01,TEMP,S35.5
2026/09/01 22:39:42,39360183,OK:01,TEMP,S35.5
2026/09/01 22:39:48,39366260,01,MON?
2026/09/01 22:39:48,39366267,36.3,,CONSTANT,0
2026/09/01 22:39:48,39366268,01,TEMP,S35.4
2026/09/01 22:39:48,39366269,OK:01,TEMP,S35.4
2026/09/01 22:39:54,39372344,01,TEMP,S35.3
2026/09/01 22:39:54,39372345,OK:01,TEMP,S35.3
2026/09/01 22:39:58,39376400,01,MON?
2026/09/01 22:39:58,39376403,34.8,,CONSTANT,0
2026/09/01 22:40:00,39378429,01,TEMP,S35.2
2026/09/01 22:40:00,39378431,OK:01,TEMP,S35.2
2026/09/01 22:40:06,39384513,01,TEMP,S35.1
2026/09/01 22:40:06,39384520,OK:01,TEMP,S35.1
2026/09/01 22:40:08,39386542,01,MON?
2026/09/01 22:40:08,39386543,35.6,,CONSTANT,0
2026/09/01 22:40:11,39389583,01,TEMP,S35.0
2026/09/01 22:40:11,39389590,OK:01,TEMP,S35.0
2026/09/01 22:40:17,39395666,01,TEMP,S34.9
2026/09/01 22:40:17,39395668,OK:01,TEMP,S34.9
2026/09/01 22:40:18,39396681,01,MON?
2026/09/01 22:40:18,39396683,35.7,,CONSTANT,0
2026/09/01 22:40:23,39401751,01,TEMP,S34.8
2026/09/01 22:40:23,39401758,OK:01,TEMP,S34.8
2026/09/01 22:40:28,39406822,01,MON?
2026/09/01 22:40:28,39406824,34.9,,CONSTANT,0
2026/09/01 22:40:29,39407835,01,TEMP,S34.7
2026/09/01 22:40:29,39407837,OK:01,TEMP,S34.7
2026/09/01 22:40:35,39413919,01,TEMP,S34.6
2026/09/01 22:40:35,39413921,OK:01,TEMP,S34.6
2026/09/01 22:40:38,39416960,01,MON?
2026/09/01 22:40:38,39416961,33.9,,CONSTANT,0
2026/09/01 22:40:42,39420003,01,TEMP,S34.5
2026/09/01 22:40:42,39420005,OK:01,TEMP,S34.5
2026/09/01 22:40:48,39426087,01,TEMP,S34.4
2026/09/01 22:40:48,39426091,OK:01,TEMP,S34.4
2026/09/01 22:40:49,39427102,01,MON?
2026/09/01 22:40:49,39427104,35.3,,CONSTANT,0
2026/09/01 22:40:54,39432170,01,TEMP,S34.3
2026/09/01 22:40:54,39432177,OK:01,TEMP,S34.3
2026/09/01 22:40:59,39437241,01,MON?
2026/09/01 22:40:59,39437248,33.4,,CONSTANT,0
2026/09/01 22:41:00,39438255,01,TEMP,S34.2
2026/09/01 22:41:00,39438257,OK:01,TEMP,S34.2
2026/09/01 22:41:06,39444340,01,TEMP,S34.1
2026/09/01 22:41:06,39444347,OK:01,TEMP,S34.1
2026/09/01 22:41:09,39447381,01,MON?
2026/09/01 22:41:09,39447383,33.6,,CONSTANT,0
2026/09/01 22:41:12,39450422,01,TEMP,S34.0
2026/09/01 22:41:12,39450429,OK:01,TEMP,S34.0
2026/09/01 22:41:18,39456507,01,TEMP,S33.9
2026/09/01 22:41:18,39456514,OK:01,TEMP,S33.9
2026/09/01 22:41:19,39457521,01,MON?
2026/09/01 22:41:19,39457523,34.8,,CONSTANT,0
2026/09/01 22:41:23,39461577,01,TEMP,S33.8
2026/09/01 22:41:23,39461578,OK:01,TEMP,S33.8
2026/09/01 22:41:29,39467661,01,MON?
2026/09/01 22:41:29,39467663,34.3,,CONSTANT,0
2026/09/01 22:41:29,39467664,01,TEMP,S33.7
2026/09/01 22:41:29,39467666,OK:01,TEMP,S33.7
2026/09/01 22:41:35,39473745,01,TEMP,S33.6
2026/09/01 22:41:35,39473747,OK:01,TEMP,S33.6
2026/09/01 22:41:39,39477801,01,MON?
2026/09/01 22:41:39,39477802,34.2,,CONSTANT,0
2026/09/01 22:41:41,39479829,01,TEMP,S33.5
2026/09/01 22:41:41,39479830,OK:01,TEMP,S33.5
2026/09/01 22:41:47,39485913,01,TEMP,S33.4
2026/09/01 22:41:47,39485915,OK:01,TEMP,S33.4
2026/09/01 22:41:49,39487940,01,MON?
2026/09/01 22:41:49,39487942,33.3,,CONSTANT,0
2026/09/01 22:41:54,39491997,01,TEMP,S33.3
2026/09/01 22:41:54,39491999,OK:01,TEMP,S33.3
2026/09/01 22:42:00,39498081,01,MON?
2026/09/01 22:42:00,39498088,32.5,,CONSTANT,0
2026/09/01 22:42:00,39498089,01,TEMP,S33.2
2026/09/01 22:42:00,39498090,OK:01,TEMP,S33.2
2026/09/01 22:42:06,39504165,01,TEMP,S33.1
2026/09/01 22:42:06,39504167,OK:01,TEMP,S33.1
2026/09/01 22:42:10,39508222,01,MON?
2026/09/01 22:42:10,39508229,32.4,,CONSTANT,0
2026/09/01 22:42:12,39510250,01,TEMP,S33.0
2026/09/01 22:42:12,39510252,OK:01,TEMP,S33.0
2026/09/01 22:42:18,39516333,01,TEMP,S32.9
2026/09/01 22:42:18,39516340,OK:01,TEMP,S32.9
2026/09/01 22:42:20,39518362,01,MON?
2026/09/01 22:42:20,39518364,33.5,,CONSTANT,0
2026/09/01 22:42:24,39522417,01,TEMP,S32.8
2026/09/01 22:42:24,39522424,OK:01,TEMP,S32.8
2026/09/01 22:42:30,39528501,01,MON?
2026/09/01 22:42:30,39528508,33.3,,CONSTANT,0
2026/09/01 22:42:30,39528509,01,TEMP,S32.7
2026/09/01 22:42:30,39528510,OK:01,TEMP,S32.7
2026/09/01 22:42:35,39533572,01,TEMP,S32.6
2026/09/01 22:42:35,39533573,OK:01,TEMP,S32.6
2026/09/01 22:42:40,39538641,01,MON?
2026/09/01 22:42:40,39538643,32.5,,CONSTANT,0
2026/09/01 22:42:41,39539656,01,TEMP,S32.5
2026/09/01 22:42:41,39539657,OK:01,TEMP,S32.5
2026/09/01 22:42:47,39545740,01,TEMP,S32.4
2026/09/01 22:42:47,39545742,OK:01,TEMP,S32.4
2026/09/01 22:42:50,39548781,01,MON?
2026/09/01 22:42:50,39548782,31.6,,CONSTANT,0
2026/09/01 22:42:53,39551824,01,TEMP,S32.3
2026/09/01 22:42:53,39551826,OK:01,TEMP,S32.3
2026/09/01 22:42:59,39557908,01,TEMP,S32.2
2026/09/01 22:42:59,39557908,OK:01,TEMP,S32.2
2026/09/01 22:43:00,39558922,01,MON?
2026/09/01 22:43:00,39558924,31.6,,CONSTANT,0
2026/09/01 22:43:06,39563992,01,TEMP,S32.1
2026/09/01 22:43:06,39563999,OK:01,TEMP,S32.1
2026/09/01 22:43:11,39569061,01,MON?
2026/09/01 22:43:11,39569068,33.0,,CONSTANT,0
2026/09/01 22:43:12,39570076,01,TEMP,S32.0
2026/09/01 22:43:12,39570078,OK:01,TEMP,S32.0
2026/09/01 22:43:18,39576160,01,TEMP,S31.9
2026/09/01 22:43:18,39576162,OK:01,TEMP,S31.9
2026/09/01 22:43:21,39579202,01,MON?
2026/09/01 22:43:21,39579209,31.5,,CONSTANT,0
2026/09/01 22:43:24,39582245,01,TEMP,S31.8
2026/09/01 22:43:24,39582247,OK:01,TEMP,S31.8
2026/09/01 22:43:30,39588327,01,TEMP,S31.7
2026/09/01 22:43:30,39588334,OK:01,TEMP,S31.7
2026/09/01 22:43:31,39589342,01,MON?
2026/09/01 22:43:31,39589344,31.6,,CONSTANT,0
2026/09/01 22:43:36,39594412,01,TEMP,S31.6
2026/09/01 22:43:36,39594414,OK:01,TEMP,S31.6
2026/09/01 22:43:41,39599482,01,MON?
2026/09/01 22:43:41,39599489,32.0,,CONSTANT,0
2026/09/01 22:43:42,39600496,01,TEMP,S31.5
2026/09/01 22:43:42,39600498,OK:01,TEMP,S31.5
2026/09/01 22:43:48,39606579,01,TEMP,S31.4
2026/09/01 22:43:48,39606581,OK:01,TEMP,S31.4
2026/09/01 22:43:51,39609621,01,MON?
2026/09/01 22:43:51,39609623,32.0,,CONSTANT,0
2026/09/01 22:43:53,39611649,01,TEMP,S31.3
2026/09/01 22:43:53,39611651,OK:01,TEMP,S31.3
2026/09/01 22:43:59,39617734,01,TEMP,S31.2
2026/09/01 22:43:59,39617734,OK:01,TEMP,S31.2
2026/09/01 22:44:01,39619762,01,MON?
2026/09/01 22:44:01,39619763,32.1,,CONSTANT,0
2026/09/01 22:44:05,39623818,01,TEMP,S31.1
2026/09/01 22:44:05,39623820,OK:01,TEMP,S31.1
2026/09/01 22:44:11,39629901,01,MON?
2026/09/01 22:44:11,39629903,31.6,,CONSTANT,0
2026/09/01 22:44:11,39629904,01,TEMP,S31.0
2026/09/01 22:44:11,39629905,OK:01,TEMP,S31.0
2026/09/01 22:44:18,39635986,01,TEMP,S30.9
2026/09/01 22:44:18,39635988,OK:01,TEMP,S30.9
2026/09/01 22:44:22,39640042,01,MON?
2026/09/01 22:44:22,39640044,31.5,,CONSTANT,0
2026/09/01 22:44:24,39642070,01,TEMP,S30.8
2026/09/01 22:44:24,39642072,OK:01,TEMP,S30.8
2026/09/01 22:44:30,39648154,01,TEMP,S30.7
2026/09/01 22:44:30,39648161,OK:01,TEMP,S30.7
2026/09/01 22:44:32,39650182,01,MON?
2026/09/01 22:44:32,39650189,29.9,,CONSTANT,0
2026/09/01 22:44:36,39654238,01,TEMP,S30.6
2026/09/01 22:44:36,39654240,OK:01,TEMP,S30.6
2026/09/01 22:44:42,39660322,01,MON?
2026/09/01 22:44:42,39660329,30.1,,CONSTANT,0
2026/09/01 22:44:42,39660330,01,TEMP,S30.5
2026/09/01 22:44:42,39660331,OK:01,TEMP,S30.5
2026/09/01 22:44:48,39666407,01,TEMP,S30.4
2026/09/01 22:44:48,39666409,OK:01,TEMP,S30.4
2026/09/01 22:44:52,39670463,01,MON?
2026/09/01 22:44:52,39670470,29.5,,CONSTANT,0
2026/09/01 22:44:54,39672491,01,TEMP,S30.3
2026/09/01 22:44:54,39672493,OK:01,TEMP,S30.3
2026/09/01 22:45:00,39678575,01,TEMP,S30.2
2026/09/01 22:45:00,39678577,OK:01,TEMP,S30.2
2026/09/01 22:45:02,39680602,01,MON?
2026/09/01 22:45:02,39680604,30.3,,CONSTANT,0
2026/09/01 22:45:05,39683646,01,TEMP,S30.1
2026/09/01 22:45:05,39683652,OK:01,TEMP,S30.1
2026/09/01 22:45:11,39689728,01,TEMP,S30.0
2026/09/01 22:45:11,39689730,OK:01,TEMP,S30.0
2026/09/01 22:45:12,39690743,01,MON?
2026/09/01 22:45:12,39690745,29.4,,CONSTANT,0
2026/09/01 22:45:17,39695813,01,TEMP,S29.9
2026/09/01 22:45:17,39695819,OK:01,TEMP,S29.9
2026/09/01 22:45:22,39700883,01,MON?
2026/09/01 22:45:22,39700885,29.7,,CONSTANT,0
2026/09/01 22:45:23,39701897,01,TEMP,S29.8
2026/09/01 22:45:23,39701899,OK:01,TEMP,S29.8
2026/09/01 22:45:29,39707980,01,TEMP,S29.7
2026/09/01 22:45:29,39707982,OK:01,TEMP,S29.7
2026/09/01 22:45:33,39711022,01,MON?
2026/09/01 22:45:33,39711024,30.1,,CONSTANT,0
2026/09/01 22:45:36,39714065,01,TEMP,S29.6
2026/09/01 22:45:36,39714067,OK:01,TEMP,S29.6
2026/09/01 22:45:42,39720150,01,TEMP,S29.5
2026/09/01 22:45:42,39720157,OK:01,TEMP,S29.5
2026/09/01 22:45:43,39721163,01,MON?
2026/09/01 22:45:43,39721163,30.2,,CONSTANT,0
2026/09/01 22:45:48,39726233,01,TEMP,S29.4
2026/09/01 22:45:48,39726240,OK:01,TEMP,S29.4
2026/09/01 22:45:53,39731303,01,MON?
2026/09/01 22:45:53,39731303,29.0,,CONSTANT,0
2026/09/01 22:45:54,39732317,01,TEMP,S29.3
2026/09/01 22:45:54,39732318,OK:01,TEMP,S29.3
2026/09/01 22:46:00,39738402,01,TEMP,S29.2
2026/09/01 22:46:00,39738408,OK:01,TEMP,S29.2
2026/09/01 22:46:03,39741443,01,MON?
2026/09/01 22:46:03,39741450,29.4,,CONSTANT,0
2026/09/01 22:46:06,39744485,01,TEMP,S29.1
2026/09/01 22:46:06,39744487,OK:01,TEMP,S29.1
2026/09/01 22:46:12,39750569,01,TEMP,S29.0
2026/09/01 22:46:12,39750576,OK:01,TEMP,S29.0
2026/09/01 22:46:13,39751585,01,MON?
2026/09/01 22:46:13,39751587,28.7,,CONSTANT,0
2026/09/01 22:46:18,39756653,01,TEMP,S28.9
2026/09/01 22:46:18,39756655,OK:01,TEMP,S28.9
2026/09/01 22:46:23,39761723,01,MON?
2026/09/01 22:46:23,39761725,28.0,,CONSTANT,0
2026/09/01 22:46:23,39761726,01,TEMP,S28.8
2026/09/01 22:46:23,39761728,OK:01,TEMP,S28.8
2026/09/01 22:46:29,39767806,01,TEMP,S28.7
2026/09/01 22:46:29,39767808,OK:01,TEMP,S28.7
2026/09/01 22:46:33,39771863,01,MON?
2026/09/01 22:46:33,39771865,29.5,,CONSTANT,0
2026/09/01 22:46:35,39773891,01,TEMP,S28.6
2026/09/01 22:46:35,39773892,OK:01,TEMP,S28.6
2026/09/01 22:46:41,39779975,01,TEMP,S28.5
2026/09/01 22:46:41,39779977,OK:01,TEMP,S28.5
2026/09/01 22:46:44,39782003,01,MON?
2026/09/01 22:46:44,39782005,28.2,,CONSTANT,0
2026/09/01 22:46:48,39786058,01,TEMP,S28.4
2026/09/01 22:46:48,39786064,OK:01,TEMP,S28.4
2026/09/01 22:46:54,39792143,01,MON?
2026/09/01 22:46:54,39792150,27.5,,CONSTANT,0
2026/09/01 22:46:54,39792152,01,TEMP,S28.3
2026/09/01 22:46:54,39792153,OK:01,TEMP,S28.3
2026/09/01 22:47:00,39798227,01,TEMP,S28.2
2026/09/01 22:47:00,39798229,OK:01,TEMP,S28.2
2026/09/01 22:47:04,39802283,01,MON?
2026/09/01 22:47:04,39802291,28.2,,CONSTANT,0
2026/09/01 22:47:06,39804310,01,TEMP,S28.1
2026/09/01 22:47:06,39804312,OK:01,TEMP,S28.1
2026/09/01 22:47:12,39810395,01,TEMP,S28.0
2026/09/01 22:47:12,39810401,OK:01,TEMP,S28.0
2026/09/01 22:47:14,39812423,01,MON?
2026/09/01 22:47:14,39812425,27.9,,CONSTANT,0
2026/09/01 22:47:18,39816479,01,TEMP,S27.9
2026/09/01 22:47:18,39816482,OK:01,TEMP,S27.9
2026/09/01 22:47:24,39822564,01,MON?
2026/09/01 22:47:24,39822565,28.0,,CONSTANT,0
2026/09/01 22:47:24,39822567,01,TEMP,S27.8
2026/09/01 22:47:24,39822568,OK:01,TEMP,S27.8
2026/09/01 22:47:30,39828648,01,TEMP,S27.7
2026/09/01 22:47:30,39828650,OK:01,TEMP,S27.7
2026/09/01 22:47:34,39832703,01,MON?
2026/09/01 22:47:34,39832709,27.8,,CONSTANT,0
2026/09/01 22:47:35,39833718,01,TEMP,S27.6
2026/09/01 22:47:35,39833719,OK:01,TEMP,S27.6
2026/09/01 22:47:41,39839803,01,TEMP,S27.5
2026/09/01 22:47:41,39839805,OK:01,TEMP,S27.5
2026/09/01 22:47:44,39842844,01,MON?
2026/09/01 22:47:44,39842845,28.3,,CONSTANT,0
2026/09/01 22:47:47,39845886,01,TEMP,S27.4
2026/09/01 22:47:47,39845888,OK:01,TEMP,S27.4
2026/09/01 22:47:53,39851970,01,TEMP,S27.3
2026/09/01 22:47:53,39851972,OK:01,TEMP,S27.3
2026/09/01 22:47:54,39852983,01,MON?
2026/09/01 22:47:55,39852985,28.2,,CONSTANT,0
2026/09/01 22:48:00,39858055,01,TEMP,S27.2
2026/09/01 22:48:00,39858058,OK:01,TEMP,S27.2
2026/09/01 22:48:05,39863123,01,MON?
2026/09/01 22:48:05,39863125,26.6,,CONSTANT,0
2026/09/01 22:48:06,39864138,01,TEMP,S27.1
2026/09/01 22:48:06,39864140,OK:01,TEMP,S27.1
2026/09/01 22:48:12,39870221,01,TEMP,S27.0
2026/09/01 22:48:12,39870223,OK:01,TEMP,S27.0
2026/09/01 22:48:15,39873264,01,MON?
2026/09/01 22:48:15,39873270,26.1,,CONSTANT,0
2026/09/01 22:48:18,39876307,01,TEMP,S26.9
2026/09/01 22:48:18,39876309,OK:01,TEMP,S26.9
2026/09/01 22:48:24,39882389,01,TEMP,S26.8
2026/09/01 22:48:24,39882394,OK:01,TEMP,S26.8
2026/09/01 22:48:25,39883403,01,MON?
2026/09/01 22:48:25,39883405,27.1,,CONSTANT,0
2026/09/01 22:48:30,39888474,01,TEMP,S26.7
2026/09/01 22:48:30,39888480,OK:01,TEMP,S26.7
2026/09/01 22:48:35,39893544,01,MON?
2026/09/01 22:48:35,39893546,27.2,,CONSTANT,0
2026/09/01 22:48:36,39894559,01,TEMP,S26.6
2026/09/01 22:48:36,39894562,OK:01,TEMP,S26.6
2026/09/01 22:48:42,39900642,01,TEMP,S26.5
2026/09/01 22:48:42,39900644,OK:01,TEMP,S26.5
2026/09/01 22:48:45,39903683,01,MON?
2026/09/01 22:48:45,39903685,25.7,,CONSTANT,0
2026/09/01 22:48:48,39906725,01,TEMP,S26.4
2026/09/01 22:48:48,39906727,OK:01,TEMP,S26.4
2026/09/01 22:48:53,39911796,01,TEMP,S26.3
2026/09/01 22:48:53,39911798,OK:01,TEMP,S26.3
2026/09/01 22:48:55,39913824,01,MON?
2026/09/01 22:48:55,39913826,25.5,,CONSTANT,0
2026/09/01 22:48:59,39917880,01,TEMP,S26.2
2026/09/01 22:48:59,39917882,OK:01,TEMP,S26.2
2026/09/01 22:49:05,39923963,01,MON?
2026/09/01 22:49:05,39923964,26.6,,CONSTANT,0
2026/09/01 22:49:05,39923966,01,TEMP,S26.1
2026/09/01 22:49:05,39923967,OK:01,TEMP,S26.1
2026/09/01 22:49:12,39930048,01,TEMP,S26.0
2026/09/01 22:49:12,39930050,OK:01,TEMP,S26.0
2026/09/01 22:49:16,39934104,01,MON?
2026/09/01 22:49:16,39934112,26.9,,CONSTANT,0
2026/09/01 22:49:18,39936132,01,TEMP,S25.9
2026/09/01 22:49:18,39936137,OK:01,TEMP,S25.9
2026/09/01 22:49:24,39942215,01,TEMP,S25.8
2026/09/01 22:49:24,39942221,OK:01,TEMP,S25.8
2026/09/01 22:49:26,39944243,01,MON?
2026/09/01 22:49:26,39944245,26.6,,CONSTANT,0
2026/09/01 22:49:30,39948303,01,TEMP,S25.7
2026/09/01 22:49:30,39948310,OK:01,TEMP,S25.7
2026/09/01 22:49:36,39954384,01,MON?
2026/09/01 22:49:36,39954390,26.2,,CONSTANT,0
2026/09/01 22:49:36,39954392,01,TEMP,S25.6
2026/09/01 22:49:36,39954393,OK:01,TEMP,S25.6
2026/09/01 22:49:42,39960467,01,TEMP,S25.5
2026/09/01 22:49:42,39960469,OK:01,TEMP,S25.5
2026/09/01 22:49:46,39964524,01,MON?
2026/09/01 22:49:46,39964531,26.0,,CONSTANT,0
2026/09/01 22:49:48,39966552,01,TEMP,S25.4
2026/09/01 22:49:48,39966554,OK:01,TEMP,S25.4
2026/09/01 22:49:54,39972636,01,TEMP,S25.3
2026/09/01 22:49:54,39972642,OK:01,TEMP,S25.3
2026/09/01 22:49:56,39974664,01,MON?
2026/09/01 22:49:56,39974665,24.8,,CONSTANT,0
2026/09/01 22:50:00,39978720,01,TEMP,S25.2
2026/09/01 22:50:00,39978728,OK:01,TEMP,S25.2
2026/09/01 22:50:05,39983790,01,TEMP,S25.1
2026/09/01 22:50:05,39983792,OK:01,TEMP,S25.1
2026/09/01 22:50:06,39984804,01,MON?
2026/09/01 22:50:06,39984806,24.9,,CONSTANT,0
2026/09/01 22:50:11,39989875,01,TEMP,S25.0
2026/09/01 22:50:11,39989877,OK:01,TEMP,S25.0
2026/09/01 22:50:14,39992917,ÇoÇbÇ…ÇÊÇÈÅBÉâÉìÉvâ^ì]èIóπ
2026/09/01 22:50:14,39992918,01,TEMP,S25.0
2026/09/01 22:50:14,39992919,OK:01,TEMP,S25.0
2026/09/01 22:50:17,39995288,01,MON?
2026/09/01 22:50:17,39995291,25.4,,CONSTANT,0
2026/09/01 22:50:27,40005428,01,MON?
2026/09/01 22:50:27,40005428,25.4,,CONSTANT,0
2026/09/01 22:50:37,40015570,01,MON?
2026/09/01 22:50:37,40015571,24.2,,CONSTANT,0
2026/09/01 22:50:47,40025709,01,MON?
2026/09/01 22:50:47,40025709,25.4,,CONSTANT,0
2026/09/01 22:50:57,40035850,01,MON?
2026/09/01 22:50:57,40035851,24.2,,CONSTANT,0
2026/09/01 22:51:08,40045988,01,MON?
2026/09/01 22:51:08,40045989,25.0,,CONSTANT,0
2026/09/01 22:51:14,40052073,01,TEMP,S25.0
2026/09/01 22:51:14,40052075,OK:01,TEMP,S25.0
2026/09/01 22:51:14,40052076,01,MODE,CONSTANT
2026/09/01 22:51:14,40052076,OK:01,MODE,CONSTANT
2026/09/01 22:51:14,40052077,01,SET,REF1
2026/09/01 22:51:14,40052077,OK:01,SET,REF1
2026/09/01 22:51:18,40056130,01,MON?
2026/09/01 22:51:18,40056133,24.5,,CONSTANT,0
2026/09/01 22:51:28,40066269,01,MON?
2026/09/01 22:51:28,40066274,24.9,,CONSTANT,0
2026/09/01 22:51:38,40076409,01,MON?
2026/09/01 22:51:38,40076411,24.5,,CONSTANT,0
2026/09/01 22:51:48,40086550,01,MON?
2026/09/01 22:51:48,40086554,25.1,,CONSTANT,0
2026/09/01 22:51:58,40096690,01,MON?
2026/09/01 22:51:58,40096691,24.6,,CONSTANT,0
2026/09/01 22:52:08,40106830,01,MON?
2026/09/01 22:52:08,40106830,26.0,,CONSTANT,0
2026/09/01 22:52:18,40116968,01,MON?
2026/09/01 22:52:18,40116969,24.5,,CONSTANT,0
2026/09/01 22:52:29,40127108,01,MON?
2026/09/01 22:52:29,40127109,25.5,,CONSTANT,0
2026/09/01 22:52:39,40137249,01,MON?
2026/09/01 22:52:39,40137250,24.2,,CONSTANT,0
2026/09/01 22:52:49,40147388,01,MON?
2026/09/01 22:52:49,40147388,25.3,,CONSTANT,0
2026/09/01 22:52:59,40157529,01,MON?
2026/09/01 22:52:59,40157529,25.5,,CONSTANT,0
2026/09/01 22:53:09,40167669,01,MON?
2026/09/01 22:53:09,40167670,24.3,,CONSTANT,0
2026/09/01 22:53:19,40177809,01,MON?
2026/09/01 22:53:19,40177809,25.2,,CONSTANT,0
2026/09/01 22:53:29,40187949,01,MON?
2026/09/01 22:53:29,40187949,24.7,,CONSTANT,0
2026/09/01 22:53:40,40198089,01,MON?
2026/09/01 22:53:40,40198089,26.0,,CONSTANT,0
2026/09/01 22:53:50,40208229,01,MON?
2026/09/01 22:53:50,40208230,25.3,,CONSTANT,0
2026/09/01 22:54:00,40218369,01,MON?
2026/09/01 22:54:00,40218371,24.5,,CONSTANT,0
2026/09/01 22:54:10,40228509,01,MON?
2026/09/01 22:54:10,40228513,25.6,,CONSTANT,0
2026/09/01 22:54:20,40238649,01,MON?
2026/09/01 22:54:20,40238650,25.3,,CONSTANT,0
2026/09/01 22:54:30,40248789,01,MON?
2026/09/01 22:54:30,40248790,24.3,,CONSTANT,0
2026/09/01 22:54:40,40258930,01,MON?
2026/09/01 22:54:40,40258930,24.1,,CONSTANT,0
2026/09/01 22:54:51,40269069,01,MON?
2026/09/01 22:54:51,40269070,24.0,,CONSTANT,0
2026/09/01 22:55:01,40279209,01,MON?
2026/09/01 22:55:01,40279210,24.3,,CONSTANT,0
2026/09/01 22:55:11,40289350,01,MON?
2026/09/01 22:55:11,40289350,25.9,,CONSTANT,0
2026/09/01 22:55:21,40299490,01,MON?
2026/09/01 22:55:21,40299491,24.3,,CONSTANT,0
2026/09/01 22:55:31,40309630,01,MON?
2026/09/01 22:55:31,40309631,25.1,,CONSTANT,0
2026/09/01 22:55:41,40319770,01,MON?
2026/09/01 22:55:41,40319771,24.9,,CONSTANT,0
2026/09/01 22:55:51,40329910,01,MON?
2026/09/01 22:55:51,40329910,24.1,,CONSTANT,0
2026/09/01 22:56:02,40340050,01,MON?
2026/09/01 22:56:02,40340050,24.5,,CONSTANT,0
2026/09/01 22:56:12,40350190,01,MON?
2026/09/01 22:56:12,40350194,24.0,,CONSTANT,0
2026/09/01 22:56:22,40360329,01,MON?
2026/09/01 22:56:22,40360332,24.6,,CONSTANT,0
2026/09/01 22:56:32,40370470,01,MON?
2026/09/01 22:56:32,40370472,25.7,,CONSTANT,0
2026/09/01 22:56:42,40380609,01,MON?
2026/09/01 22:56:42,40380613,25.2,,CONSTANT,0
2026/09/01 22:56:52,40390750,01,MON?
2026/09/01 22:56:52,40390751,25.7,,CONSTANT,0
2026/09/01 22:57:02,40400890,01,MON?
2026/09/01 22:57:02,40400890,25.7,,CONSTANT,0
2026/09/01 22:57:13,40411030,01,MON?
2026/09/01 22:57:13,40411030,24.1,,CONSTANT,0
2026/09/01 22:57:23,40421171,01,MON?
2026/09/01 22:57:23,40421172,25.9,,CONSTANT,0
2026/09/01 22:57:33,40431310,01,MON?
2026/09/01 22:57:33,40431311,25.1,,CONSTANT,0
2026/09/01 22:57:43,40441450,01,MON?
2026/09/01 22:57:43,40441451,24.5,,CONSTANT,0
2026/09/01 22:57:53,40451590,01,MON?
2026/09/01 22:57:53,40451591,24.0,,CONSTANT,0
2026/09/01 22:58:03,40461730,01,MON?
2026/09/01 22:58:03,40461731,25.1,,CONSTANT,0
2026/09/01 22:58:13,40471872,01,MON?
2026/09/01 22:58:13,40471872,25.1,,CONSTANT,0
2026/09/01 22:58:24,40482010,01,MON?
2026/09/01 22:58:24,40482011,25.2,,CONSTANT,0
2026/09/01 22:58:34,40492152,01,MON?
2026/09/01 22:58:34,40492156,25.0,,CONSTANT,0
2026/09/01 22:58:44,40502291,01,MON?
2026/09/01 22:58:44,40502295,25.3,,CONSTANT,0
2026/09/01 22:58:54,40512431,01,MON?
2026/09/01 22:58:54,40512434,25.5,,CONSTANT,0
2026/09/01 22:59:04,40522571,01,MON?
2026/09/01 22:59:04,40522574,24.9,,CONSTANT,0
2026/09/01 22:59:14,40532711,01,MON?
2026/09/01 22:59:14,40532712,24.8,,CONSTANT,0
2026/09/01 22:59:24,40542851,01,MON?
2026/09/01 22:59:24,40542852,24.3,,CONSTANT,0
2026/09/01 22:59:35,40552991,01,MON?
2026/09/01 22:59:35,40552991,24.1,,CONSTANT,0
2026/09/01 22:59:45,40563131,01,MON?
2026/09/01 22:59:45,40563132,25.7,,CONSTANT,0
2026/09/01 22:59:55,40573271,01,MON?
2026/09/01 22:59:55,40573272,24.7,,CONSTANT,0
