2026/09/01 17:00:02,18980813,01,MON?
2026/09/01 17:00:02,18980857,9.4,,CONSTANT,0
2026/09/01 17:00:05,18983856,01,TEMP,S10.1
2026/09/01 17:00:05,18983890,OK:01,TEMP,S10.1
2026/09/01 17:00:11,18989940,01,TEMP,S10.0
2026/09/01 17:00:11,18989942,OK:01,TEMP,S10.0
2026/09/01 17:00:12,18990954,01,MON?
2026/09/01 17:00:12,18990956,9.4,,CONSTANT,0
2026/09/01 17:00:18,18996024,01,TEMP,S9.9
2026/09/01 17:00:18,18996031,OK:01,TEMP,S9.9
2026/09/01 17:00:23,19001094,01,MON?
2026/09/01 17:00:23,19001102,9.8,,CONSTANT,0
2026/09/01 17:00:24,19002108,01,TEMP,S9.8
2026/09/01 17:00:24,19002108,OK:01,TEMP,S9.8
2026/09/01 17:00:30,19008193,01,TEMP,S9.7
2026/09/01 17:00:30,19008195,OK:01,TEMP,S9.7
2026/09/01 17:00:33,19011235,01,MON?
2026/09/01 17:00:33,19011242,9.6,,CONSTANT,0
2026/09/01 17:00:35,19013263,01,TEMP,S9.6
2026/09/01 17:00:35,19013270,OK:01,TEMP,S9.6
2026/09/01 17:00:41,19019347,01,TEMP,S9.5
2026/09/01 17:00:41,19019349,OK:01,TEMP,S9.5
2026/09/01 17:00:43,19021375,01,MON?
2026/09/01 17:00:43,19021381,9.5,,CONSTANT,0
2026/09/01 17:00:47,19025431,01,TEMP,S9.4
2026/09/01 17:00:47,19025438,OK:01,TEMP,S9.4
2026/09/01 17:00:53,19031515,01,MON?
2026/09/01 17:00:53,19031516,9.8,,CONSTANT,0
2026/09/01 17:00:53,19031517,01,TEMP,S9.3
2026/09/01 17:00:53,19031518,OK:01,TEMP,S9.3
2026/09/01 17:00:59,19037598,01,TEMP,S9.2
2026/09/01 17:00:59,19037600,OK:01,TEMP,S9.2
2026/09/01 17:01:03,19041655,01,MON?
2026/09/01 17:01:03,19041657,9.2,,CONSTANT,0
2026/09/01 17:01:05,19043683,01,TEMP,S9.1
2026/09/01 17:01:05,19043685,OK:01,TEMP,S9.1
2026/09/01 17:01:11,19049767,01,TEMP,S9.0
2026/09/01 17:01:11,19049769,OK:01,TEMP,S9.0
2026/09/01 17:01:13,19051795,01,MON?
2026/09/01 17:01:13,19051797,8.3,,CONSTANT,0
2026/09/01 17:01:17,19055851,01,TEMP,S8.9
2026/09/01 17:01:17,19055853,OK:01,TEMP,S8.9
2026/09/01 17:01:23,19061934,01,MON?
2026/09/01 17:01:23,19061936,9.0,,CONSTANT,0
2026/09/01 17:01:23,19061938,01,TEMP,S8.8
2026/09/01 17:01:23,19061939,OK:01,TEMP,S8.8
2026/09/01 17:01:30,19068019,01,TEMP,S8.7
2026/09/01 17:01:30,19068021,OK:01,TEMP,S8.7
2026/09/01 17:01:34,19072075,01,MON?
2026/09/01 17:01:34,19072083,8.2,,CONSTANT,0
2026/09/01 17:01:36,19074103,01,TEMP,S8.6
2026/09/01 17:01:36,19074105,OK:01,TEMP,S8.6
2026/09/01 17:01:42,19080186,01,TEMP,S8.5
2026/09/01 17:01:42,19080193,OK:01,TEMP,S8.5
2026/09/01 17:01:44,19082215,01,MON?
2026/09/01 17:01:44,19082222,9.2,,CONSTANT,0
2026/09/01 17:01:48,19086271,01,TEMP,S8.4
2026/09/01 17:01:48,19086279,OK:01,TEMP,S8.4
2026/09/01 17:01:53,19091342,01,TEMP,S8.3
2026/09/01 17:01:53,19091343,OK:01,TEMP,S8.3
2026/09/01 17:01:54,19092357,01,MON?
2026/09/01 17:01:54,19092379,9.0,,CONSTANT,0
2026/09/01 17:01:59,19097425,01,TEMP,S8.2
2026/09/01 17:01:59,19097433,OK:01,TEMP,S8.2
2026/09/01 17:02:04,19102494,01,MON?
2026/09/01 17:02:04,19102496,8.3,,CONSTANT,0
2026/09/01 17:02:05,19103508,01,TEMP,S8.1
2026/09/01 17:02:05,19103508,OK:01,TEMP,S8.1
2026/09/01 17:02:11,19109593,01,TEMP,S8.0
2026/09/01 17:02:11,19109595,OK:01,TEMP,S8.0
2026/09/01 17:02:14,19112636,01,MON?
2026/09/01 17:02:14,19112638,8.5,,CONSTANT,0
2026/09/01 17:02:17,19115677,01,TEMP,S7.9
2026/09/01 17:02:17,19115687,OK:01,TEMP,S7.9
2026/09/01 17:02:23,19121760,01,TEMP,S7.8
2026/09/01 17:02:23,19121761,OK:01,TEMP,S7.8
2026/09/01 17:02:24,19122775,01,MON?
2026/09/01 17:02:24,19122777,7.6,,CONSTANT,0
2026/09/01 17:02:29,19127845,01,TEMP,S7.7
2026/09/01 17:02:29,19127853,OK:01,TEMP,S7.7
2026/09/01 17:02:34,19132915,01,MON?
2026/09/01 17:02:34,19132917,8.5,,CONSTANT,0
2026/09/01 17:02:35,19133929,01,TEMP,S7.6
2026/09/01 17:02:35,19133931,OK:01,TEMP,S7.6
2026/09/01 17:02:42,19140013,01,TEMP,S7.5
2026/09/01 17:02:42,19140015,OK:01,TEMP,S7.5
2026/09/01 17:02:45,19143055,01,MON?
2026/09/01 17:02:45,19143062,7.8,,CONSTANT,0
2026/09/01 17:02:48,19146097,01,TEMP,S7.4
2026/09/01 17:02:48,19146099,OK:01,TEMP,S7.4
2026/09/01 17:02:54,19152196,01,TEMP,S7.3
2026/09/01 17:02:54,19152202,OK:01,TEMP,S7.3
2026/09/01 17:02:55,19153195,01,MON?
2026/09/01 17:02:55,19153197,6.9,,CONSTANT,0
2026/09/01 17:03:00,19158265,01,TEMP,S7.2
2026/09/01 17:03:00,19158273,OK:01,TEMP,S7.2
2026/09/01 17:03:05,19163336,01,MON?
2026/09/01 17:03:05,19163344,7.8,,CONSTANT,0
2026/09/01 17:03:05,19163345,01,TEMP,S7.1
2026/09/01 17:03:05,19163347,OK:01,TEMP,S7.1
2026/09/01 17:03:11,19169419,01,TEMP,S7.0
2026/09/01 17:03:11,19169421,OK:01,TEMP,S7.0
2026/09/01 17:03:15,19173475,01,MON?
2026/09/01 17:03:15,19173477,6.1,,CONSTANT,0
2026/09/01 17:03:17,19175503,01,TEMP,S6.9
2026/09/01 17:03:17,19175505,OK:01,TEMP,S6.9
2026/09/01 17:03:23,19181588,01,TEMP,S6.8
2026/09/01 17:03:23,19181590,OK:01,TEMP,S6.8
2026/09/01 17:03:25,19183616,01,MON?
2026/09/01 17:03:25,19183618,7.3,,CONSTANT,0
2026/09/01 17:03:29,19187671,01,TEMP,S6.7
2026/09/01 17:03:29,19187673,OK:01,TEMP,S6.7
2026/09/01 17:03:35,19193756,01,MON?
2026/09/01 17:03:35,19193758,6.5,,CONSTANT,0
2026/09/01 17:03:35,19193760,01,TEMP,S6.6
2026/09/01 17:03:35,19193761,OK:01,TEMP,S6.6
2026/09/01 17:03:41,19199839,01,TEMP,S6.5
2026/09/01 17:03:41,19199841,OK:01,TEMP,S6.5
2026/09/01 17:03:45,19203896,01,MON?
2026/09/01 17:03:45,19203898,6.7,,CONSTANT,0
2026/09/01 17:03:47,19205924,01,TEMP,S6.4
2026/09/01 17:03:47,19205926,OK:01,TEMP,S6.4
2026/09/01 17:03:54,19212009,01,TEMP,S6.3
2026/09/01 17:03:54,19212011,OK:01,TEMP,S6.3
2026/09/01 17:03:56,19214037,01,MON?
2026/09/01 17:03:56,19214045,5.7,,CONSTANT,0
2026/09/01 17:04:00,19218091,01,TEMP,S6.2
2026/09/01 17:04:00,19218099,OK:01,TEMP,S6.2
2026/09/01 17:04:06,19224176,01,MON?
2026/09/01 17:04:06,19224177,6.9,,CONSTANT,0
2026/09/01 17:04:06,19224178,01,TEMP,S6.1
2026/09/01 17:04:06,19224179,OK:01,TEMP,S6.1
2026/09/01 17:04:12,19230260,01,TEMP,S6.0
2026/09/01 17:04:12,19230262,OK:01,TEMP,S6.0
2026/09/01 17:04:16,19234315,01,MON?
2026/09/01 17:04:16,19234322,6.8,,CONSTANT,0
2026/09/01 17:04:18,19236344,01,TEMP,S5.9
2026/09/01 17:04:18,19236352,OK:01,TEMP,S5.9
2026/09/01 17:04:23,19241413,01,TEMP,S5.8
2026/09/01 17:04:23,19241421,OK:01,TEMP,S5.8
2026/09/01 17:04:26,19244456,01,MON?
2026/09/01 17:04:26,19244458,5.9,,CONSTANT,0
2026/09/01 17:04:29,19247498,01,TEMP,S5.7
2026/09/01 17:04:29,19247500,OK:01,TEMP,S5.7
2026/09/01 17:04:35,19253582,01,TEMP,S5.6
2026/09/01 17:04:35,19253584,OK:01,TEMP,S5.6
2026/09/01 17:04:36,19254595,01,MON?
2026/09/01 17:04:36,19254597,4.8,,CONSTANT,0
2026/09/01 17:04:41,19259666,01,TEMP,S5.5
2026/09/01 17:04:41,19259675,OK:01,TEMP,S5.5
2026/09/01 17:04:46,19264736,01,MON?
2026/09/01 17:04:46,19264738,4.7,,CONSTANT,0
2026/09/01 17:04:47,19265750,01,TEMP,S5.4
2026/09/01 17:04:47,19265752,OK:01,TEMP,S5.4
2026/09/01 17:04:53,19271834,01,TEMP,S5.3
2026/09/01 17:04:53,19271836,OK:01,TEMP,S5.3
2026/09/01 17:04:56,19274875,01,MON?
2026/09/01 17:04:56,19274877,6.2,,CONSTANT,0
2026/09/01 17:04:59,19277917,01,TEMP,S5.2
2026/09/01 17:04:59,19277924,OK:01,TEMP,S5.2
2026/09/01 17:05:06,19284002,01,TEMP,S5.1
2026/09/01 17:05:06,19284004,OK:01,TEMP,S5.1
2026/09/01 17:05:07,19285016,01,MON?
2026/09/01 17:05:07,19285018,5.5,,CONSTANT,0
2026/09/01 17:05:12,19290086,01,TEMP,S5.0
2026/09/01 17:05:12,19290094,OK:01,TEMP,S5.0
2026/09/01 17:05:17,19295155,01,MON?
2026/09/01 17:05:17,19295162,5.0,,CONSTANT,0
2026/09/01 17:05:18,19296169,01,TEMP,S4.9
2026/09/01 17:05:18,19296171,OK:01,TEMP,S4.9
2026/09/01 17:05:24,19302254,01,TEMP,S4.8
2026/09/01 17:05:24,19302262,OK:01,TEMP,S4.8
2026/09/01 17:05:27,19305296,01,MON?
2026/09/01 17:05:27,19305305,3.9,,CONSTANT,0
2026/09/01 17:05:30,19308338,01,TEMP,S4.7
2026/09/01 17:05:30,19308340,OK:01,TEMP,S4.7
2026/09/01 17:05:35,19313407,01,TEMP,S4.6
2026/09/01 17:05:35,19313415,OK:01,TEMP,S4.6
2026/09/01 17:05:37,19315436,01,MON?
2026/09/01 17:05:37,19315438,3.8,,CONSTANT,0
2026/09/01 17:05:41,19319493,01,TEMP,S4.5
2026/09/01 17:05:41,19319501,OK:01,TEMP,S4.5
2026/09/01 17:05:47,19325577,01,MON?
2026/09/01 17:05:47,19325578,4.2,,CONSTANT,0
2026/09/01 17:05:47,19325579,01,TEMP,S4.4
2026/09/01 17:05:47,19325580,OK:01,TEMP,S4.4
2026/09/01 17:05:53,19331661,01,TEMP,S4.3
2026/09/01 17:05:53,19331663,OK:01,TEMP,S4.3
2026/09/01 17:05:57,19335716,01,MON?
2026/09/01 17:05:57,19335718,4.5,,CONSTANT,0
2026/09/01 17:05:59,19337744,01,TEMP,S4.2
2026/09/01 17:05:59,19337746,OK:01,TEMP,S4.2
2026/09/01 17:06:05,19343829,01,TEMP,S4.1
2026/09/01 17:06:05,19343831,OK:01,TEMP,S4.1
2026/09/01 17:06:07,19345856,01,MON?
2026/09/01 17:06:07,19345858,3.8,,CONSTANT,0
2026/09/01 17:06:11,19349914,01,TEMP,S4.0
2026/09/01 17:06:11,19349916,OK:01,TEMP,S4.0
2026/09/01 17:06:18,19355997,01,MON?
2026/09/01 17:06:18,19355999,3.2,,CONSTANT,0
2026/09/01 17:06:18,19356001,01,TEMP,S3.9
2026/09/01 17:06:18,19356002,OK:01,TEMP,S3.9
2026/09/01 17:06:24,19362081,01,TEMP,S3.8
2026/09/01 17:06:24,19362089,OK:01,TEMP,S3.8
2026/09/01 17:06:28,19366137,01,MON?
2026/09/01 17:06:28,19366144,4.5,,CONSTANT,0
2026/09/01 17:06:30,19368166,01,TEMP,S3.7
2026/09/01 17:06:30,19368174,OK:01,TEMP,S3.7
2026/09/01 17:06:36,19374249,01,TEMP,S3.6
2026/09/01 17:06:36,19374257,OK:01,TEMP,S3.6
2026/09/01 17:06:38,19376276,01,MON?
2026/09/01 17:06:38,19376278,3.7,,CONSTANT,0
2026/09/01 17:06:42,19380333,01,TEMP,S3.5
2026/09/01 17:06:42,19380335,OK:01,TEMP,S3.5
2026/09/01 17:06:48,19386417,01,MON?
2026/09/01 17:06:48,19386419,3.8,,CONSTANT,0
2026/09/01 17:06:48,19386421,01,TEMP,S3.4
2026/09/01 17:06:48,19386422,OK:01,TEMP,S3.4
2026/09/01 17:06:53,19391488,01,TEMP,S3.3
2026/09/01 17:06:53,19391496,OK:01,TEMP,S3.3
2026/09/01 17:06:58,19396557,01,MON?
2026/09/01 17:06:58,19396559,4.1,,CONSTANT,0
2026/09/01 17:06:59,19397571,01,TEMP,S3.2
2026/09/01 17:06:59,19397573,OK:01,TEMP,S3.2
2026/09/01 17:07:05,19403655,01,TEMP,S3.1
2026/09/01 17:07:05,19403657,OK:01,TEMP,S3.1
2026/09/01 17:07:08,19406698,01,MON?
2026/09/01 17:07:08,19406700,3.1,,CONSTANT,0
2026/09/01 17:07:11,19409832,01,TEMP,S3.0
2026/09/01 17:07:11,19409834,OK:01,TEMP,S3.0
2026/09/01 17:07:17,19415917,01,TEMP,S2.9
2026/09/01 17:07:17,19415919,OK:01,TEMP,S2.9
2026/09/01 17:07:18,19416930,01,MON?
2026/09/01 17:07:18,19416932,3.6,,CONSTANT,0
2026/09/01 17:07:24,19422001,01,TEMP,S2.8
2026/09/01 17:07:24,19422016,OK:01,TEMP,S2.8
2026/09/01 17:07:29,19427070,01,MON?
2026/09/01 17:07:29,19427072,2.9,,CONSTANT,0
2026/09/01 17:07:30,19428085,01,TEMP,S2.7
2026/09/01 17:07:30,19428086,OK:01,TEMP,S2.7
2026/09/01 17:07:36,19434169,01,TEMP,S2.6
2026/09/01 17:07:36,19434177,OK:01,TEMP,S2.6
2026/09/01 17:07:39,19437211,01,MON?
2026/09/01 17:07:39,19437219,2.9,,CONSTANT,0
2026/09/01 17:07:42,19440254,01,TEMP,S2.5
2026/09/01 17:07:42,19440261,OK:01,TEMP,S2.5
2026/09/01 17:07:48,19446337,01,TEMP,S2.4
2026/09/01 17:07:48,19446339,OK:01,TEMP,S2.4
2026/09/01 17:07:49,19447351,01,MON?
2026/09/01 17:07:49,19447352,2.8,,CONSTANT,0
2026/09/01 17:07:54,19452420,01,TEMP,S2.3
2026/09/01 17:07:54,19452428,OK:01,TEMP,S2.3
2026/09/01 17:07:59,19457493,01,MON?
2026/09/01 17:07:59,19457494,3.1,,CONSTANT,0
2026/09/01 17:07:59,19457496,01,TEMP,S2.2
2026/09/01 17:07:59,19457497,OK:01,TEMP,S2.2
2026/09/01 17:08:05,19463574,01,TEMP,S2.1
2026/09/01 17:08:05,19463574,OK:01,TEMP,S2.1
2026/09/01 17:08:09,19467631,01,MON?
2026/09/01 17:08:09,19467633,2.5,,CONSTANT,0
2026/09/01 17:08:11,19469658,01,TEMP,S2.0
2026/09/01 17:08:11,19469660,OK:01,TEMP,S2.0
2026/09/01 17:08:17,19475743,01,TEMP,S1.9
2026/09/01 17:08:17,19475745,OK:01,TEMP,S1.9
2026/09/01 17:08:19,19477771,01,MON?
2026/09/01 17:08:19,19477773,2.7,,CONSTANT,0
2026/09/01 17:08:23,19481827,01,TEMP,S1.8
2026/09/01 17:08:23,19481829,OK:01,TEMP,S1.8
2026/09/01 17:08:29,19487910,01,MON?
2026/09/01 17:08:29,19487912,1.1,,CONSTANT,0
2026/09/01 17:08:29,19487913,01,TEMP,S1.7
2026/09/01 17:08:29,19487915,OK:01,TEMP,S1.7
2026/09/01 17:08:36,19493995,01,TEMP,S1.6
2026/09/01 17:08:36,19493997,OK:01,TEMP,S1.6
2026/09/01 17:08:40,19498051,01,MON?
2026/09/01 17:08:40,19498058,1.3,,CONSTANT,0
2026/09/01 17:08:42,19500080,01,TEMP,S1.5
2026/09/01 17:08:42,19500087,OK:01,TEMP,S1.5
2026/09/01 17:08:48,19506162,01,TEMP,S1.4
2026/09/01 17:08:48,19506170,OK:01,TEMP,S1.4
2026/09/01 17:08:50,19508191,01,MON?
2026/09/01 17:08:50,19508200,1.5,,CONSTANT,0
2026/09/01 17:08:54,19512247,01,TEMP,S1.3
2026/09/01 17:08:54,19512253,OK:01,TEMP,S1.3
2026/09/01 17:09:00,19518331,01,MON?
2026/09/01 17:09:00,19518357,2.0,,CONSTANT,0
2026/09/01 17:09:00,19518358,01,TEMP,S1.2
2026/09/01 17:09:00,19518359,OK:01,TEMP,S1.2
2026/09/01 17:09:06,19524416,01,TEMP,S1.1
2026/09/01 17:09:06,19524424,OK:01,TEMP,S1.1
2026/09/01 17:09:10,19528471,01,MON?
2026/09/01 17:09:10,19528479,0.3,,CONSTANT,0
2026/09/01 17:09:12,19530499,01,TEMP,S1.0
2026/09/01 17:09:12,19530501,OK:01,TEMP,S1.0
2026/09/01 17:09:17,19535569,01,TEMP,S0.9
2026/09/01 17:09:17,19535571,OK:01,TEMP,S0.9
2026/09/01 17:09:20,19538612,01,MON?
2026/09/01 17:09:20,19538614,1.1,,CONSTANT,0
2026/09/01 17:09:23,19541654,01,TEMP,S0.8
2026/09/01 17:09:23,19541690,OK:01,TEMP,S0.8
2026/09/01 17:09:29,19547738,01,TEMP,S0.7
2026/09/01 17:09:29,19547740,OK:01,TEMP,S0.7
2026/09/01 17:09:30,19548752,01,MON?
2026/09/01 17:09:30,19548754,0.4,,CONSTANT,0
2026/09/01 17:09:35,19553822,01,TEMP,S0.6
2026/09/01 17:09:35,19553830,OK:01,TEMP,S0.6
2026/09/01 17:09:40,19558892,01,MON?
2026/09/01 17:09:40,19558894,1.2,,CONSTANT,0
2026/09/01 17:09:41,19559908,01,TEMP,S0.5
2026/09/01 17:09:41,19559909,OK:01,TEMP,S0.5
2026/09/01 17:09:48,19565989,01,TEMP,S0.4
2026/09/01 17:09:48,19565991,OK:01,TEMP,S0.4
2026/09/01 17:09:51,19569032,01,MON?
2026/09/01 17:09:51,19569040,-0.3,,CONSTANT,0
2026/09/01 17:09:54,19572074,01,TEMP,S0.3
2026/09/01 17:09:54,19572076,OK:01,TEMP,S0.3
2026/09/01 17:10:00,19578159,01,TEMP,S0.2
2026/09/01 17:10:00,19578182,OK:01,TEMP,S0.2
2026/09/01 17:10:01,19579173,01,MON?
2026/09/01 17:10:01,19579175,1.1,,CONSTANT,0
2026/09/01 17:10:06,19584242,01,TEMP,S0.1
2026/09/01 17:10:06,19584245,OK:01,TEMP,S0.1
2026/09/01 17:10:11,19589312,01,MON?
2026/09/01 17:10:11,19589314,-0.8,,CONSTANT,0
2026/09/01 17:10:12,19590326,01,TEMP,S0.0
2026/09/01 17:10:12,19590328,OK:01,TEMP,S0.0
2026/09/01 17:10:18,19596410,01,TEMP,S-0.1
2026/09/01 17:10:18,19596417,OK:01,TEMP,S-0.1
2026/09/01 17:10:21,19599453,01,MON?
2026/09/01 17:10:21,19599498,0.6,,CONSTANT,0
2026/09/01 17:10:24,19602493,01,TEMP,S-0.2
2026/09/01 17:10:24,19602495,OK:01,TEMP,S-0.2
2026/09/01 17:10:29,19607564,01,TEMP,S-0.3
2026/09/01 17:10:29,19607573,OK:01,TEMP,S-0.3
2026/09/01 17:10:31,19609591,01,MON?
2026/09/01 17:10:31,19609593,0.2,,CONSTANT,0
2026/09/01 17:10:35,19613649,01,TEMP,S-0.4
2026/09/01 17:10:35,19613651,OK:01,TEMP,S-0.4
2026/09/01 17:10:41,19619732,01,MON?
2026/09/01 17:10:41,19619734,-0.5,,CONSTANT,0
2026/09/01 17:10:41,19619735,01,TEMP,S-0.5
2026/09/01 17:10:41,19619737,OK:01,TEMP,S-0.5
2026/09/01 17:10:47,19625815,01,TEMP,S-0.6
2026/09/01 17:10:47,19625816,OK:01,TEMP,S-0.6
2026/09/01 17:10:51,19629872,01,MON?
2026/09/01 17:10:51,19629874,-1.3,,CONSTANT,0
2026/09/01 17:10:53,19631900,01,TEMP,S-0.7
2026/09/01 17:10:53,19631902,OK:01,TEMP,S-0.7
2026/09/01 17:11:00,19637984,01,TEMP,S-0.8
2026/09/01 17:11:00,19637986,OK:01,TEMP,S-0.8
2026/09/01 17:11:02,19640011,01,MON?
2026/09/01 17:11:02,19640013,-0.6,,CONSTANT,0
2026/09/01 17:11:06,19644067,01,TEMP,S-0.9
2026/09/01 17:11:06,19644077,OK:01,TEMP,S-0.9
2026/09/01 17:11:12,19650152,01,MON?
2026/09/01 17:11:12,19650160,-1.0,,CONSTANT,0
2026/09/01 17:11:12,19650162,01,TEMP,S-1.0
2026/09/01 17:11:12,19650163,OK:01,TEMP,S-1.0
2026/09/01 17:11:18,19656236,01,TEMP,S-1.1
2026/09/01 17:11:18,19656243,OK:01,TEMP,S-1.1
2026/09/01 17:11:22,19660291,01,MON?
2026/09/01 17:11:22,19660299,-0.3,,CONSTANT,0
2026/09/01 17:11:24,19662319,01,TEMP,S-1.2
2026/09/01 17:11:24,19662327,OK:01,TEMP,S-1.2
2026/09/01 17:11:30,19668404,01,TEMP,S-1.3
2026/09/01 17:11:30,19668408,OK:01,TEMP,S-1.3
2026/09/01 17:11:32,19670432,01,MON?
2026/09/01 17:11:32,19670474,-0.9,,CONSTANT,0
2026/09/01 17:11:36,19674488,01,TEMP,S-1.4
2026/09/01 17:11:36,19674496,OK:01,TEMP,S-1.4
2026/09/01 17:11:42,19680571,01,MON?
2026/09/01 17:11:42,19680573,-2.2,,CONSTANT,0
2026/09/01 17:11:42,19680574,01,TEMP,S-1.5
2026/09/01 17:11:42,19680576,OK:01,TEMP,S-1.5
2026/09/01 17:11:47,19685642,01,TEMP,S-1.6
2026/09/01 17:11:47,19685644,OK:01,TEMP,S-1.6
2026/09/01 17:11:52,19690712,01,MON?
2026/09/01 17:11:52,19690714,-1.4,,CONSTANT,0
2026/09/01 17:11:53,19691726,01,TEMP,S-1.7
2026/09/01 17:11:53,19691728,OK:01,TEMP,S-1.7
2026/09/01 17:11:59,19697811,01,TEMP,S-1.8
2026/09/01 17:11:59,19697813,OK:01,TEMP,S-1.8
2026/09/01 17:12:02,19700852,01,MON?
2026/09/01 17:12:02,19700854,-1.1,,CONSTANT,0
2026/09/01 17:12:05,19703894,01,TEMP,S-1.9
2026/09/01 17:12:05,19703907,OK:01,TEMP,S-1.9
2026/09/01 17:12:11,19709979,01,TEMP,S-2.0
2026/09/01 17:12:11,19709981,OK:01,TEMP,S-2.0
2026/09/01 17:12:13,19710993,01,MON?
2026/09/01 17:12:13,19710994,-1.3,,CONSTANT,0
2026/09/01 17:12:14,19712007,ÇoÇbÇ…ÇÊÇÈÅBÉâÉìÉvâ^ì]èIóπ
2026/09/01 17:12:14,19712028,01,TEMP,S-2.0
2026/09/01 17:12:14,19712029,OK:01,TEMP,S-2.0
2026/09/01 17:12:14,19712696,01,TEMP,S-2.0
2026/09/01 17:12:14,19712698,OK:01,TEMP,S-2.0
2026/09/01 17:12:14,19712699,01,MODE,CONSTANT
2026/09/01 17:12:14,19712701,OK:01,MODE,CONSTANT
2026/09/01 17:12:14,19712702,01,SET,REF3
2026/09/01 17:12:14,19712703,OK:01,SET,REF3
2026/09/01 17:12:16,19714720,01,TEMP,S-2.1
2026/09/01 17:12:16,19714722,OK:01,TEMP,S-2.1
2026/09/01 17:12:22,19720805,01,TEMP,S-2.2
2026/09/01 17:12:22,19720812,OK:01,TEMP,S-2.2
2026/09/01 17:12:23,19721820,01,MON?
2026/09/01 17:12:23,19721821,-2.3,,CONSTANT,0
2026/09/01 17:12:28,19726888,01,TEMP,S-2.3
2026/09/01 17:12:28,19726890,OK:01,TEMP,S-2.3
2026/09/01 17:12:33,19731958,01,MON?
2026/09/01 17:12:33,19731964,-2.4,,CONSTANT,0
2026/09/01 17:12:34,19732972,01,TEMP,S-2.4
2026/09/01 17:12:34,19732974,OK:01,TEMP,S-2.4
2026/09/01 17:12:41,19739057,01,TEMP,S-2.5
2026/09/01 17:12:41,19739064,OK:01,TEMP,S-2.5
2026/09/01 17:12:44,19742099,01,MON?
2026/09/01 17:12:44,19742101,-3.1,,CONSTANT,0
2026/09/01 17:12:47,19745141,01,TEMP,S-2.6
2026/09/01 17:12:47,19745149,OK:01,TEMP,S-2.6
2026/09/01 17:12:53,19751225,01,TEMP,S-2.7
2026/09/01 17:12:53,19751227,OK:01,TEMP,S-2.7
2026/09/01 17:12:54,19752239,01,MON?
2026/09/01 17:12:54,19752241,-3.2,,CONSTANT,0
2026/09/01 17:12:59,19757309,01,TEMP,S-2.8
2026/09/01 17:12:59,19757316,OK:01,TEMP,S-2.8
2026/09/01 17:13:04,19762379,01,MON?
2026/09/01 17:13:04,19762381,-2.0,,CONSTANT,0
2026/09/01 17:13:05,19763393,01,TEMP,S-2.9
2026/09/01 17:13:05,19763394,OK:01,TEMP,S-2.9
2026/09/01 17:13:11,19769477,01,TEMP,S-3.0
2026/09/01 17:13:11,19769484,OK:01,TEMP,S-3.0
2026/09/01 17:13:14,19772519,01,MON?
2026/09/01 17:13:14,19772521,-3.9,,CONSTANT,0
2026/09/01 17:13:17,19775561,01,TEMP,S-3.1
2026/09/01 17:13:17,19775563,OK:01,TEMP,S-3.1
2026/09/01 17:13:23,19781645,01,TEMP,S-3.2
2026/09/01 17:13:23,19781647,OK:01,TEMP,S-3.2
2026/09/01 17:13:24,19782659,01,MON?
2026/09/01 17:13:24,19782661,-2.2,,CONSTANT,0
2026/09/01 17:13:28,19786716,01,TEMP,S-3.3
2026/09/01 17:13:28,19786723,OK:01,TEMP,S-3.3
2026/09/01 17:13:34,19792799,01,MON?
2026/09/01 17:13:34,19792801,-2.4,,CONSTANT,0
2026/09/01 17:13:34,19792802,01,TEMP,S-3.4
2026/09/01 17:13:34,19792803,OK:01,TEMP,S-3.4
2026/09/01 17:13:40,19798883,01,TEMP,S-3.5
2026/09/01 17:13:40,19798885,OK:01,TEMP,S-3.5
2026/09/01 17:13:44,19802939,01,MON?
2026/09/01 17:13:44,19802941,-4.1,,CONSTANT,0
2026/09/01 17:13:46,19804968,01,TEMP,S-3.6
2026/09/01 17:13:46,19804975,OK:01,TEMP,S-3.6
2026/09/01 17:13:53,19811051,01,TEMP,S-3.7
2026/09/01 17:13:53,19811053,OK:01,TEMP,S-3.7
2026/09/01 17:13:55,19813080,01,MON?
2026/09/01 17:13:55,19813082,-4.6,,CONSTANT,0
2026/09/01 17:13:59,19817135,01,TEMP,S-3.8
2026/09/01 17:13:59,19817148,OK:01,TEMP,S-3.8
2026/09/01 17:14:05,19823220,01,MON?
2026/09/01 17:14:05,19823222,-3.5,,CONSTANT,0
2026/09/01 17:14:05,19823223,01,TEMP,S-3.9
2026/09/01 17:14:05,19823225,OK:01,TEMP,S-3.9
2026/09/01 17:14:11,19829303,01,TEMP,S-4.0
2026/09/01 17:14:11,19829305,OK:01,TEMP,S-4.0
2026/09/01 17:14:15,19833360,01,MON?
2026/09/01 17:14:15,19833361,-3.2,,CONSTANT,0
2026/09/01 17:14:17,19835387,01,TEMP,S-4.1
2026/09/01 17:14:17,19835389,OK:01,TEMP,S-4.1
2026/09/01 17:14:23,19841472,01,TEMP,S-4.2
2026/09/01 17:14:23,19841479,OK:01,TEMP,S-4.2
2026/09/01 17:14:25,19843500,01,MON?
2026/09/01 17:14:25,19843502,-5.1,,CONSTANT,0
2026/09/01 17:14:29,19847556,01,TEMP,S-4.3
2026/09/01 17:14:29,19847558,OK:01,TEMP,S-4.3
2026/09/01 17:14:35,19853640,01,MON?
2026/09/01 17:14:35,19853641,-4.1,,CONSTANT,0
2026/09/01 17:14:35,19853643,01,TEMP,S-4.4
2026/09/01 17:14:35,19853644,OK:01,TEMP,S-4.4
2026/09/01 17:14:41,19859725,01,TEMP,S-4.5
2026/09/01 17:14:41,19859727,OK:01,TEMP,S-4.5
2026/09/01 17:14:45,19863781,01,MON?
2026/09/01 17:14:45,19863783,-4.7,,CONSTANT,0
2026/09/01 17:14:46,19864794,01,TEMP,S-4.6
2026/09/01 17:14:46,19864796,OK:01,TEMP,S-4.6
2026/09/01 17:14:52,19870877,01,TEMP,S-4.7
2026/09/01 17:14:52,19870878,OK:01,TEMP,S-4.7
2026/09/01 17:14:55,19873921,01,MON?
2026/09/01 17:14:55,19873923,-3.7,,CONSTANT,0
2026/09/01 17:14:58,19876962,01,TEMP,S-4.8
2026/09/01 17:14:58,19876964,OK:01,TEMP,S-4.8
2026/09/01 17:15:05,19883046,01,TEMP,S-4.9
2026/09/01 17:15:05,19883048,OK:01,TEMP,S-4.9
2026/09/01 17:15:06,19884059,01,MON?
2026/09/01 17:15:06,19884060,-5.7,,CONSTANT,0
2026/09/01 17:15:11,19889129,01,TEMP,S-5.0
2026/09/01 17:15:11,19889136,OK:01,TEMP,S-5.0
2026/09/01 17:15:16,19894200,01,MON?
2026/09/01 17:15:16,19894201,-5.2,,CONSTANT,0
2026/09/01 17:15:17,19895214,01,TEMP,S-5.1
2026/09/01 17:15:17,19895215,OK:01,TEMP,S-5.1
2026/09/01 17:15:23,19901298,01,TEMP,S-5.2
2026/09/01 17:15:23,19901305,OK:01,TEMP,S-5.2
2026/09/01 17:15:26,19904339,01,MON?
2026/09/01 17:15:26,19904341,-4.5,,CONSTANT,0
2026/09/01 17:15:29,19907381,01,TEMP,S-5.3
2026/09/01 17:15:29,19907388,OK:01,TEMP,S-5.3
2026/09/01 17:15:35,19913466,01,TEMP,S-5.4
2026/09/01 17:15:35,19913468,OK:01,TEMP,S-5.4
2026/09/01 17:15:36,19914480,01,MON?
2026/09/01 17:15:36,19914481,-6.1,,CONSTANT,0
2026/09/01 17:15:41,19919550,01,TEMP,S-5.5
2026/09/01 17:15:41,19919557,OK:01,TEMP,S-5.5
2026/09/01 17:15:46,19924619,01,MON?
2026/09/01 17:15:46,19924621,-4.6,,CONSTANT,0
2026/09/01 17:15:47,19925633,01,TEMP,S-5.6
2026/09/01 17:15:47,19925634,OK:01,TEMP,S-5.6
2026/09/01 17:15:53,19931718,01,TEMP,S-5.7
2026/09/01 17:15:53,19931720,OK:01,TEMP,S-5.7
2026/09/01 17:15:56,19934760,01,MON?
2026/09/01 17:15:56,19934762,-6.1,,CONSTANT,0
2026/09/01 17:15:58,19936788,01,TEMP,S-5.8
2026/09/01 17:15:58,19936789,OK:01,TEMP,S-5.8
2026/09/01 17:16:04,19942871,01,TEMP,S-5.9
2026/09/01 17:16:04,19942878,OK:01,TEMP,S-5.9
2026/09/01 17:16:06,19944900,01,MON?
2026/09/01 17:16:06,19944901,-6.0,,CONSTANT,0
2026/09/01 17:16:10,19948956,01,TEMP,S-6.0
2026/09/01 17:16:10,19948963,OK:01,TEMP,S-6.0
2026/09/01 17:16:17,19955041,01,MON?
2026/09/01 17:16:17,19955043,-6.6,,CONSTANT,0
2026/09/01 17:16:17,19955044,01,TEMP,S-6.1
2026/09/01 17:16:17,19955046,OK:01,TEMP,S-6.1
2026/09/01 17:16:23,19961126,01,TEMP,S-6.2
2026/09/01 17:16:23,19961128,OK:01,TEMP,S-6.2
2026/09/01 17:16:27,19965181,01,MON?
2026/09/01 17:16:27,19965183,-6.9,,CONSTANT,0
2026/09/01 17:16:29,19967208,01,TEMP,S-6.3
2026/09/01 17:16:29,19967209,OK:01,TEMP,S-6.3
2026/09/01 17:16:35,19973293,01,TEMP,S-6.4
2026/09/01 17:16:35,19973301,OK:01,TEMP,S-6.4
2026/09/01 17:16:37,19975321,01,MON?
2026/09/01 17:16:37,19975322,-5.5,,CONSTANT,0
2026/09/01 17:16:41,19979378,01,TEMP,S-6.5
2026/09/01 17:16:41,19979385,OK:01,TEMP,S-6.5
2026/09/01 17:16:47,19985460,01,MON?
2026/09/01 17:16:47,19985462,-7.5,,CONSTANT,0
2026/09/01 17:16:47,19985463,01,TEMP,S-6.6
2026/09/01 17:16:47,19985465,OK:01,TEMP,S-6.6
2026/09/01 17:16:53,19991544,01,TEMP,S-6.7
2026/09/01 17:16:53,19991546,OK:01,TEMP,S-6.7
2026/09/01 17:16:57,19995601,01,MON?
2026/09/01 17:16:57,19995603,-7.5,,CONSTANT,0
2026/09/01 17:16:59,19997629,01,TEMP,S-6.8
2026/09/01 17:16:59,19997630,OK:01,TEMP,S-6.8
2026/09/01 17:17:05,20003713,01,TEMP,S-6.9
2026/09/01 17:17:05,20003715,OK:01,TEMP,S-6.9
2026/09/01 17:17:07,20005741,01,MON?
2026/09/01 17:17:07,20005743,-7.3,,CONSTANT,0
2026/09/01 17:17:10,20008782,01,TEMP,S-7.0
2026/09/01 17:17:10,20008784,OK:01,TEMP,S-7.0
2026/09/01 17:17:16,20014867,01,TEMP,S-7.1
2026/09/01 17:17:16,20014869,OK:01,TEMP,S-7.1
2026/09/01 17:17:17,20015882,01,MON?
2026/09/01 17:17:17,20015885,-8.0,,CONSTANT,0
2026/09/01 17:17:22,20020952,01,TEMP,S-7.2
2026/09/01 17:17:22,20020954,OK:01,TEMP,S-7.2
2026/09/01 17:17:28,20026021,01,MON?
2026/09/01 17:17:28,20026023,-8.2,,CONSTANT,0
2026/09/01 17:17:29,20027034,01,TEMP,S-7.3
2026/09/01 17:17:29,20027035,OK:01,TEMP,S-7.3
2026/09/01 17:17:35,20033119,01,TEMP,S-7.4
2026/09/01 17:17:35,20033126,OK:01,TEMP,S-7.4
2026/09/01 17:17:38,20036161,01,MON?
2026/09/01 17:17:38,20036163,-8.1,,CONSTANT,0
2026/09/01 17:17:41,20039203,01,TEMP,S-7.5
2026/09/01 17:17:41,20039206,OK:01,TEMP,S-7.5
2026/09/01 17:17:47,20045286,01,TEMP,S-7.6
2026/09/01 17:17:47,20045294,OK:01,TEMP,S-7.6
2026/09/01 17:17:48,20046300,01,MON?
2026/09/01 17:17:48,20046302,-6.6,,CONSTANT,0
2026/09/01 17:17:53,20051371,01,TEMP,S-7.7
2026/09/01 17:17:53,20051378,OK:01,TEMP,S-7.7
2026/09/01 17:17:58,20056441,01,MON?
2026/09/01 17:17:58,20056443,-7.7,,CONSTANT,0
2026/09/01 17:17:59,20057455,01,TEMP,S-7.8
2026/09/01 17:17:59,20057457,OK:01,TEMP,S-7.8
2026/09/01 17:18:05,20063538,01,TEMP,S-7.9
2026/09/01 17:18:05,20063545,OK:01,TEMP,S-7.9
2026/09/01 17:18:08,20066581,01,MON?
2026/09/01 17:18:08,20066583,-8.7,,CONSTANT,0
2026/09/01 17:18:11,20069623,01,TEMP,S-8.0
2026/09/01 17:18:11,20069625,OK:01,TEMP,S-8.0
2026/09/01 17:18:17,20075707,01,TEMP,S-8.1
2026/09/01 17:18:17,20075708,OK:01,TEMP,S-8.1
2026/09/01 17:18:18,20076721,01,MON?
2026/09/01 17:18:18,20076722,-8.8,,CONSTANT,0
2026/09/01 17:18:23,20081790,01,TEMP,S-8.2
2026/09/01 17:18:23,20081797,OK:01,TEMP,S-8.2
2026/09/01 17:18:28,20086861,01,MON?
2026/09/01 17:18:28,20086863,-7.4,,CONSTANT,0
2026/09/01 17:18:28,20086864,01,TEMP,S-8.3
2026/09/01 17:18:28,20086865,OK:01,TEMP,S-8.3
2026/09/01 17:18:34,20092945,01,TEMP,S-8.4
2026/09/01 17:18:34,20092947,OK:01,TEMP,S-8.4
2026/09/01 17:18:39,20097001,01,MON?
2026/09/01 17:18:39,20097002,-8.0,,CONSTANT,0
2026/09/01 17:18:41,20099029,01,TEMP,S-8.5
2026/09/01 17:18:41,20099030,OK:01,TEMP,S-8.5
2026/09/01 17:18:47,20105114,01,TEMP,S-8.6
2026/09/01 17:18:47,20105121,OK:01,TEMP,S-8.6
2026/09/01 17:18:49,20107142,01,MON?
2026/09/01 17:18:49,20107144,-8.2,,CONSTANT,0
2026/09/01 17:18:53,20111197,01,TEMP,S-8.7
2026/09/01 17:18:53,20111204,OK:01,TEMP,S-8.7
2026/09/01 17:18:59,20117282,01,MON?
2026/09/01 17:18:59,20117284,-7.9,,CONSTANT,0
2026/09/01 17:18:59,20117285,01,TEMP,S-8.8
2026/09/01 17:18:59,20117286,OK:01,TEMP,S-8.8
2026/09/01 17:19:05,20123365,01,TEMP,S-8.9
2026/09/01 17:19:05,20123366,OK:01,TEMP,S-8.9
2026/09/01 17:19:09,20127422,01,MON?
2026/09/01 17:19:09,20127424,-9.2,,CONSTANT,0
2026/09/01 17:19:11,20129449,01,TEMP,S-9.0
2026/09/01 17:19:11,20129451,OK:01,TEMP,S-9.0
2026/09/01 17:19:17,20135534,01,TEMP,S-9.1
2026/09/01 17:19:17,20135536,OK:01,TEMP,S-9.1
2026/09/01 17:19:19,20137563,01,MON?
2026/09/01 17:19:19,20137564,-9.4,,CONSTANT,0
2026/09/01 17:19:23,20141618,01,TEMP,S-9.2
2026/09/01 17:19:23,20141620,OK:01,TEMP,S-9.2
2026/09/01 17:19:29,20147701,01,MON?
2026/09/01 17:19:29,20147703,-8.5,,CONSTANT,0
2026/09/01 17:19:29,20147704,01,TEMP,S-9.3
2026/09/01 17:19:29,20147705,OK:01,TEMP,S-9.3
2026/09/01 17:19:35,20153786,01,TEMP,S-9.4
2026/09/01 17:19:35,20153788,OK:01,TEMP,S-9.4
2026/09/01 17:19:39,20157843,01,MON?
2026/09/01 17:19:39,20157844,-8.6,,CONSTANT,0
2026/09/01 17:19:40,20158857,01,TEMP,S-9.5
2026/09/01 17:19:40,20158859,OK:01,TEMP,S-9.5
2026/09/01 17:19:46,20164939,01,TEMP,S-9.6
2026/09/01 17:19:46,20164941,OK:01,TEMP,S-9.6
2026/09/01 17:19:49,20167982,01,MON?
2026/09/01 17:19:50,20167984,-9.5,,CONSTANT,0
2026/09/01 17:19:53,20171024,01,TEMP,S-9.7
2026/09/01 17:19:53,20171026,OK:01,TEMP,S-9.7
2026/09/01 17:19:59,20177109,01,TEMP,S-9.8
2026/09/01 17:19:59,20177116,OK:01,TEMP,S-9.8
2026/09/01 17:20:00,20178122,01,MON?
2026/09/01 17:20:00,20178124,-9.7,,CONSTANT,0
2026/09/01 17:20:05,20183192,01,TEMP,S-9.9
2026/09/01 17:20:05,20183199,OK:01,TEMP,S-9.9
2026/09/01 17:20:10,20188263,01,MON?
2026/09/01 17:20:10,20188265,-10.7,,CONSTANT,0
2026/09/01 17:20:11,20189277,01,TEMP,S-10.0
2026/09/01 17:20:11,20189279,OK:01,TEMP,S-10.0
2026/09/01 17:20:14,20192318,ÇoÇbÇ…ÇÊÇÈÅBÉâÉìÉvâ^ì]èIóπ
2026/09/01 17:20:14,20192324,01,TEMP,S-10.0
2026/09/01 17:20:14,20192326,OK:01,TEMP,S-10.0
2026/09/01 17:20:14,20192462,01,TEMP,S-10.0
2026/09/01 17:20:14,20192463,OK:01,TEMP,S-10.0
2026/09/01 17:20:14,20192465,01,MODE,CONSTANT
2026/09/01 17:20:14,20192466,OK:01,MODE,CONSTANT
2026/09/01 17:20:14,20192467,01,SET,REF3
2026/09/01 17:20:14,20192469,OK:01,SET,REF3
2026/09/01 17:20:20,20198543,01,MON?
2026/09/01 17:20:20,20198545,-10.7,,CONSTANT,0
2026/09/01 17:20:30,20208683,01,MON?
2026/09/01 17:20:30,20208685,-9.2,,CONSTANT,0
2026/09/01 17:20:40,20218823,01,MON?
2026/09/01 17:20:40,20218825,-10.7,,CONSTANT,0
2026/09/01 17:20:50,20228963,01,MON?
2026/09/01 17:20:50,20228965,-10.5,,CONSTANT,0
2026/09/01 17:21:01,20239103,01,MON?
2026/09/01 17:21:01,20239105,-10.5,,CONSTANT,0
2026/09/01 17:21:11,20249242,01,MON?
2026/09/01 17:21:11,20249244,-9.4,,CONSTANT,0
2026/09/01 17:21:21,20259383,01,MON?
2026/09/01 17:21:21,20259385,-10.7,,CONSTANT,0
2026/09/01 17:21:31,20269522,01,MON?
2026/09/01 17:21:31,20269523,-9.2,,CONSTANT,0
2026/09/01 17:21:41,20279664,01,MON?
2026/09/01 17:21:41,20279665,-10.7,,CONSTANT,0
2026/09/01 17:21:51,20289802,01,MON?
2026/09/01 17:21:51,20289804,-10.3,,CONSTANT,0
2026/09/01 17:22:01,20299943,01,MON?
2026/09/01 17:22:01,20299945,-10.2,,CONSTANT,0
2026/09/01 17:22:12,20310082,01,MON?
2026/09/01 17:22:12,20310084,-9.4,,CONSTANT,0
2026/09/01 17:22:22,20320223,01,MON?
2026/09/01 17:22:22,20320230,-9.1,,CONSTANT,0
2026/09/01 17:22:32,20330363,01,MON?
2026/09/01 17:22:32,20330371,-10.8,,CONSTANT,0
2026/09/01 17:22:42,20340503,01,MON?
2026/09/01 17:22:42,20340509,-10.2,,CONSTANT,0
2026/09/01 17:22:52,20350643,01,MON?
2026/09/01 17:22:52,20350645,-9.7,,CONSTANT,0
2026/09/01 17:23:02,20360783,01,MON?
2026/09/01 17:23:02,20360784,-11.0,,CONSTANT,0
2026/09/01 17:23:12,20370924,01,MON?
2026/09/01 17:23:12,20370925,-10.7,,CONSTANT,0
2026/09/01 17:23:23,20381065,01,MON?
2026/09/01 17:23:23,20381067,-10.2,,CONSTANT,0
2026/09/01 17:23:33,20391203,01,MON?
2026/09/01 17:23:33,20391205,-10.2,,CONSTANT,0
2026/09/01 17:23:43,20401344,01,MON?
2026/09/01 17:23:43,20401346,-10.7,,CONSTANT,0
2026/09/01 17:23:53,20411483,01,MON?
2026/09/01 17:23:53,20411484,-10.9,,CONSTANT,0
2026/09/01 17:24:03,20421624,01,MON?
2026/09/01 17:24:03,20421626,-9.8,,CONSTANT,0
2026/09/01 17:24:13,20431764,01,MON?
2026/09/01 17:24:13,20431766,-9.9,,CONSTANT,0
2026/09/01 17:24:23,20441904,01,MON?
2026/09/01 17:24:23,20441906,-10.7,,CONSTANT,0
2026/09/01 17:24:34,20452044,01,MON?
2026/09/01 17:24:34,20452046,-10.5,,CONSTANT,0
2026/09/01 17:24:44,20462184,01,MON?
2026/09/01 17:24:44,20462191,-10.8,,CONSTANT,0
2026/09/01 17:24:54,20472324,01,MON?
2026/09/01 17:24:54,20472331,-10.0,,CONSTANT,0
2026/09/01 17:25:04,20482463,01,MON?
2026/09/01 17:25:04,20482470,-10.2,,CONSTANT,0
2026/09/01 17:25:14,20492604,01,MON?
2026/09/01 17:25:14,20492611,-10.4,,CONSTANT,0
2026/09/01 17:25:24,20502743,01,MON?
2026/09/01 17:25:24,20502745,-10.9,,CONSTANT,0
2026/09/01 17:25:34,20512884,01,MON?
2026/09/01 17:25:34,20512885,-10.3,,CONSTANT,0
2026/09/01 17:25:45,20523024,01,MON?
2026/09/01 17:25:45,20523026,-9.4,,CONSTANT,0
2026/09/01 17:25:55,20533164,01,MON?
2026/09/01 17:25:55,20533166,-9.8,,CONSTANT,0
2026/09/01 17:26:05,20543305,01,MON?
2026/09/01 17:26:05,20543307,-10.8,,CONSTANT,0
2026/09/01 17:26:15,20553444,01,MON?
2026/09/01 17:26:15,20553446,-10.4,,CONSTANT,0
2026/09/01 17:26:25,20563584,01,MON?
2026/09/01 17:26:25,20563586,-10.2,,CONSTANT,0
2026/09/01 17:26:35,20573725,01,MON?
2026/09/01 17:26:35,20573727,-10.4,,CONSTANT,0
2026/09/01 17:26:45,20583865,01,MON?
2026/09/01 17:26:45,20583867,-9.3,,CONSTANT,0
2026/09/01 17:26:56,20594005,01,MON?
2026/09/01 17:26:56,20594006,-10.1,,CONSTANT,0
2026/09/01 17:27:06,20604144,01,MON?
2026/09/01 17:27:06,20604151,-10.7,,CONSTANT,0
2026/09/01 17:27:16,20614285,01,MON?
2026/09/01 17:27:16,20614292,-10.3,,CONSTANT,0
2026/09/01 17:27:26,20624424,01,MON?
2026/09/01 17:27:26,20624432,-10.2,,CONSTANT,0
2026/09/01 17:27:36,20634565,01,MON?
2026/09/01 17:27:36,20634572,-10.0,,CONSTANT,0
2026/09/01 17:27:46,20644705,01,MON?
2026/09/01 17:27:46,20644707,-11.0,,CONSTANT,0
2026/09/01 17:27:56,20654845,01,MON?
2026/09/01 17:27:56,20654847,-11.0,,CONSTANT,0
2026/09/01 17:28:07,20664985,01,MON?
2026/09/01 17:28:07,20664986,-9.4,,CONSTANT,0
2026/09/01 17:28:17,20675126,01,MON?
2026/09/01 17:28:17,20675128,-9.7,,CONSTANT,0
2026/09/01 17:28:27,20685266,01,MON?
2026/09/01 17:28:27,20685266,-9.8,,CONSTANT,0
2026/09/01 17:28:37,20695406,01,MON?
2026/09/01 17:28:37,20695408,-10.7,,CONSTANT,0
2026/09/01 17:28:47,20705546,01,MON?
2026/09/01 17:28:47,20705548,-9.7,,CONSTANT,0
2026/09/01 17:28:57,20715686,01,MON?
2026/09/01 17:28:57,20715688,-10.2,,CONSTANT,0
2026/09/01 17:29:07,20725826,01,MON?
2026/09/01 17:29:07,20725828,-10.5,,CONSTANT,0
2026/09/01 17:29:17,20735966,01,MON?
2026/09/01 17:29:17,20735968,-10.4,,CONSTANT,0
2026/09/01 17:29:28,20746106,01,MON?
2026/09/01 17:29:28,20746108,-10.2,,CONSTANT,0
2026/09/01 17:29:38,20756246,01,MON?
2026/09/01 17:29:38,20756251,-9.3,,CONSTANT,0
2026/09/01 17:29:48,20766386,01,MON?
2026/09/01 17:29:48,20766393,-10.8,,CONSTANT,0
2026/09/01 17:29:58,20776526,01,MON?
2026/09/01 17:29:58,20776533,-10.1,,CONSTANT,0
2026/09/01 17:30:08,20786666,01,MON?
2026/09/01 17:30:08,20786668,-10.4,,CONSTANT,0
2026/09/01 17:30:14,20792750,ÇoÇbÇ…ÇÊÇÈÅBÉâÉìÉvâ^ì]èIóπ
2026/09/01 17:30:14,20792751,01,TEMP,S-10.0
2026/09/01 17:30:14,20792753,OK:01,TEMP,S-10.0
2026/09/01 17:30:19,20797043,01,MON?
2026/09/01 17:30:19,20797048,-11.0,,CONSTANT,0
2026/09/01 17:30:29,20807186,01,MON?
2026/09/01 17:30:29,20807188,-9.8,,CONSTANT,0
2026/09/01 17:30:39,20817323,01,MON?
2026/09/01 17:30:39,20817324,-9.6,,CONSTANT,0
2026/09/01 17:30:49,20827475,01,MON?
2026/09/01 17:30:49,20827476,-10.2,,CONSTANT,0
2026/09/01 17:30:59,20837619,01,MON?
2026/09/01 17:30:59,20837619,-10.4,,CONSTANT,0
2026/09/01 17:31:09,20847759,01,MON?
2026/09/01 17:31:09,20847760,-9.8,,CONSTANT,0
2026/09/01 17:31:13,20851814,01,TEMP,S-10.0
2026/09/01 17:31:13,20851815,OK:01,TEMP,S-10.0
2026/09/01 17:31:13,20851816,01,MODE,CONSTANT
2026/09/01 17:31:13,20851817,OK:01,MODE,CONSTANT
2026/09/01 17:31:13,20851817,01,SET,REF1
2026/09/01 17:31:13,20851818,OK:01,SET,REF1
2026/09/01 17:31:15,20853840,01,TEMP,S-9.9
2026/09/01 17:31:15,20853841,OK:01,TEMP,S-9.9
2026/09/01 17:31:19,20857896,01,MON?
2026/09/01 17:31:19,20857897,-9.4,,CONSTANT,0
2026/09/01 17:31:21,20859931,01,TEMP,S-9.8
2026/09/01 17:31:21,20859932,OK:01,TEMP,S-9.8
2026/09/01 17:31:28,20866008,01,TEMP,S-9.7
2026/09/01 17:31:28,20866009,OK:01,TEMP,S-9.7
2026/09/01 17:31:30,20868036,01,MON?
2026/09/01 17:31:30,20868041,-9.9,,CONSTANT,0
2026/09/01 17:31:34,20872092,01,TEMP,S-9.6
2026/09/01 17:31:34,20872098,OK:01,TEMP,S-9.6
2026/09/01 17:31:40,20878176,01,MON?
2026/09/01 17:31:40,20878179,-10.0,,CONSTANT,0
2026/09/01 17:31:40,20878179,01,TEMP,S-9.5
2026/09/01 17:31:40,20878180,OK:01,TEMP,S-9.5
2026/09/01 17:31:46,20884263,01,TEMP,S-9.4
2026/09/01 17:31:46,20884267,OK:01,TEMP,S-9.4
2026/09/01 17:31:50,20888316,01,MON?
2026/09/01 17:31:50,20888317,-8.6,,CONSTANT,0
2026/09/01 17:31:52,20890345,01,TEMP,S-9.3
2026/09/01 17:31:52,20890349,OK:01,TEMP,S-9.3
2026/09/01 17:31:58,20896429,01,TEMP,S-9.2
2026/09/01 17:31:58,20896432,OK:01,TEMP,S-9.2
2026/09/01 17:32:00,20898456,01,MON?
2026/09/01 17:32:00,20898460,-9.1,,CONSTANT,0
2026/09/01 17:32:04,20902513,01,TEMP,S-9.1
2026/09/01 17:32:04,20902518,OK:01,TEMP,S-9.1
2026/09/01 17:32:10,20908597,01,MON?
2026/09/01 17:32:10,20908599,-8.5,,CONSTANT,0
2026/09/01 17:32:10,20908601,01,TEMP,S-9.0
2026/09/01 17:32:10,20908603,OK:01,TEMP,S-9.0
2026/09/01 17:32:16,20914680,01,TEMP,S-8.9
2026/09/01 17:32:16,20914681,OK:01,TEMP,S-8.9
2026/09/01 17:32:20,20918737,01,MON?
2026/09/01 17:32:20,20918741,-9.7,,CONSTANT,0
2026/09/01 17:32:22,20920765,01,TEMP,S-8.8
2026/09/01 17:32:22,20920766,OK:01,TEMP,S-8.8
2026/09/01 17:32:28,20926849,01,TEMP,S-8.7
2026/09/01 17:32:28,20926851,OK:01,TEMP,S-8.7
2026/09/01 17:32:30,20928876,01,MON?
2026/09/01 17:32:30,20928878,-9.7,,CONSTANT,0
2026/09/01 17:32:33,20931918,01,TEMP,S-8.6
2026/09/01 17:32:33,20931921,OK:01,TEMP,S-8.6
2026/09/01 17:32:40,20938003,01,TEMP,S-8.5
2026/09/01 17:32:40,20938004,OK:01,TEMP,S-8.5
2026/09/01 17:32:41,20939017,01,MON?
2026/09/01 17:32:41,20939018,-9.1,,CONSTANT,0
2026/09/01 17:32:46,20944088,01,TEMP,S-8.4
2026/09/01 17:32:46,20944091,OK:01,TEMP,S-8.4
2026/09/01 17:32:51,20949156,01,MON?
2026/09/01 17:32:51,20949159,-9.0,,CONSTANT,0
2026/09/01 17:32:52,20950171,01,TEMP,S-8.3
2026/09/01 17:32:52,20950172,OK:01,TEMP,S-8.3
2026/09/01 17:32:58,20956255,01,TEMP,S-8.2
2026/09/01 17:32:58,20956259,OK:01,TEMP,S-8.2
2026/09/01 17:33:01,20959298,01,MON?
2026/09/01 17:33:01,20959303,-7.3,,CONSTANT,0
2026/09/01 17:33:04,20962340,01,TEMP,S-8.1
2026/09/01 17:33:04,20962344,OK:01,TEMP,S-8.1
2026/09/01 17:33:10,20968423,01,TEMP,S-8.0
2026/09/01 17:33:10,20968429,OK:01,TEMP,S-8.0
2026/09/01 17:33:11,20969436,01,MON?
2026/09/01 17:33:11,20969437,-8.8,,CONSTANT,0
2026/09/01 17:33:16,20974507,01,TEMP,S-7.9
2026/09/01 17:33:16,20974510,OK:01,TEMP,S-7.9
2026/09/01 17:33:21,20979577,01,MON?
2026/09/01 17:33:21,20979581,-7.9,,CONSTANT,0
2026/09/01 17:33:22,20980591,01,TEMP,S-7.8
2026/09/01 17:33:22,20980599,OK:01,TEMP,S-7.8
2026/09/01 17:33:28,20986674,01,TEMP,S-7.7
2026/09/01 17:33:28,20986678,OK:01,TEMP,S-7.7
2026/09/01 17:33:31,20989716,01,MON?
2026/09/01 17:33:31,20989717,-8.3,,CONSTANT,0
2026/09/01 17:33:34,20992759,01,TEMP,S-7.6
2026/09/01 17:33:34,20992760,OK:01,TEMP,S-7.6
2026/09/01 17:33:40,20998843,01,TEMP,S-7.5
2026/09/01 17:33:40,20998845,OK:01,TEMP,S-7.5
2026/09/01 17:33:41,20999857,01,MON?
2026/09/01 17:33:41,20999858,-7.9,,CONSTANT,0
2026/09/01 17:33:45,21003913,01,TEMP,S-7.4
2026/09/01 17:33:45,21003915,OK:01,TEMP,S-7.4
2026/09/01 17:33:52,21009997,01,MON?
2026/09/01 17:33:52,21009998,-7.3,,CONSTANT,0
2026/09/01 17:33:52,21009999,01,TEMP,S-7.3
2026/09/01 17:33:52,21010000,OK:01,TEMP,S-7.3
2026/09/01 17:33:58,21016081,01,TEMP,S-7.2
2026/09/01 17:33:58,21016082,OK:01,TEMP,S-7.2
2026/09/01 17:34:02,21020137,01,MON?
2026/09/01 17:34:02,21020138,-6.7,,CONSTANT,0
2026/09/01 17:34:04,21022165,01,TEMP,S-7.1
2026/09/01 17:34:04,21022169,OK:01,TEMP,S-7.1
2026/09/01 17:34:10,21028249,01,TEMP,S-7.0
2026/09/01 17:34:10,21028252,OK:01,TEMP,S-7.0
2026/09/01 17:34:12,21030277,01,MON?
2026/09/01 17:34:12,21030284,-7.4,,CONSTANT,0
2026/09/01 17:34:16,21034333,01,TEMP,S-6.9
2026/09/01 17:34:16,21034338,OK:01,TEMP,S-6.9
2026/09/01 17:34:22,21040417,01,MON?
2026/09/01 17:34:22,21040420,-7.2,,CONSTANT,0
2026/09/01 17:34:22,21040421,01,TEMP,S-6.8
2026/09/01 17:34:22,21040422,OK:01,TEMP,S-6.8
2026/09/01 17:34:28,21046501,01,TEMP,S-6.7
2026/09/01 17:34:28,21046507,OK:01,TEMP,S-6.7
2026/09/01 17:34:32,21050558,01,MON?
2026/09/01 17:34:32,21050559,-7.2,,CONSTANT,0
2026/09/01 17:34:34,21052587,01,TEMP,S-6.6
2026/09/01 17:34:34,21052590,OK:01,TEMP,S-6.6
2026/09/01 17:34:40,21058669,01,TEMP,S-6.5
2026/09/01 17:34:40,21058672,OK:01,TEMP,S-6.5
2026/09/01 17:34:42,21060697,01,MON?
2026/09/01 17:34:42,21060698,-6.3,,CONSTANT,0
2026/09/01 17:34:46,21064755,01,TEMP,S-6.4
2026/09/01 17:34:46,21064760,OK:01,TEMP,S-6.4
2026/09/01 17:34:52,21070838,01,MON?
2026/09/01 17:34:52,21070840,-7.1,,CONSTANT,0
2026/09/01 17:34:52,21070841,01,TEMP,S-6.3
2026/09/01 17:34:52,21070843,OK:01,TEMP,S-6.3
2026/09/01 17:34:57,21075907,01,TEMP,S-6.2
2026/09/01 17:34:57,21075909,OK:01,TEMP,S-6.2
2026/09/01 17:35:02,21080978,01,MON?
2026/09/01 17:35:02,21080979,-7.0,,CONSTANT,0
2026/09/01 17:35:04,21081993,01,TEMP,S-6.1
2026/09/01 17:35:04,21081994,OK:01,TEMP,S-6.1
2026/09/01 17:35:10,21088075,01,TEMP,S-6.0
2026/09/01 17:35:10,21088079,OK:01,TEMP,S-6.0
2026/09/01 17:35:13,21091117,01,MON?
2026/09/01 17:35:13,21091121,-6.4,,CONSTANT,0
2026/09/01 17:35:16,21094160,01,TEMP,S-5.9
2026/09/01 17:35:16,21094160,OK:01,TEMP,S-5.9
2026/09/01 17:35:22,21100245,01,TEMP,S-5.8
2026/09/01 17:35:22,21100249,OK:01,TEMP,S-5.8
2026/09/01 17:35:23,21101259,01,MON?
2026/09/01 17:35:23,21101260,-5.0,,CONSTANT,0
2026/09/01 17:35:28,21106327,01,TEMP,S-5.7
2026/09/01 17:35:28,21106329,OK:01,TEMP,S-5.7
2026/09/01 17:35:33,21111398,01,MON?
2026/09/01 17:35:33,21111400,-6.4,,CONSTANT,0
2026/09/01 17:35:34,21112412,01,TEMP,S-5.6
2026/09/01 17:35:34,21112413,OK:01,TEMP,S-5.6
2026/09/01 17:35:40,21118497,01,TEMP,S-5.5
2026/09/01 17:35:40,21118499,OK:01,TEMP,S-5.5
2026/09/01 17:35:43,21121539,01,MON?
2026/09/01 17:35:43,21121540,-5.4,,CONSTANT,0
2026/09/01 17:35:46,21124580,01,TEMP,S-5.4
2026/09/01 17:35:46,21124581,OK:01,TEMP,S-5.4
2026/09/01 17:35:52,21130663,01,TEMP,S-5.3
2026/09/01 17:35:52,21130664,OK:01,TEMP,S-5.3
2026/09/01 17:35:53,21131677,01,MON?
2026/09/01 17:35:53,21131678,-4.4,,CONSTANT,0
2026/09/01 17:35:58,21136748,01,TEMP,S-5.2
2026/09/01 17:35:58,21136750,OK:01,TEMP,S-5.2
2026/09/01 17:36:03,21141818,01,MON?
2026/09/01 17:36:03,21141819,-5.7,,CONSTANT,0
2026/09/01 17:36:04,21142832,01,TEMP,S-5.1
2026/09/01 17:36:04,21142833,OK:01,TEMP,S-5.1
2026/09/01 17:36:10,21148915,01,TEMP,S-5.0
2026/09/01 17:36:10,21148917,OK:01,TEMP,S-5.0
2026/09/01 17:36:13,21151961,01,MON?
2026/09/01 17:36:13,21151962,-5.7,,CONSTANT,0
2026/09/01 17:36:16,21153986,01,TEMP,S-4.9
2026/09/01 17:36:16,21153986,OK:01,TEMP,S-4.9
2026/09/01 17:36:22,21160070,01,TEMP,S-4.8
2026/09/01 17:36:22,21160074,OK:01,TEMP,S-4.8
2026/09/01 17:36:24,21162098,01,MON?
2026/09/01 17:36:24,21162106,-4.1,,CONSTANT,0
2026/09/01 17:36:28,21166153,01,TEMP,S-4.7
2026/09/01 17:36:28,21166158,OK:01,TEMP,S-4.7
2026/09/01 17:36:34,21172238,01,MON?
2026/09/01 17:36:34,21172245,-4.0,,CONSTANT,0
2026/09/01 17:36:34,21172246,01,TEMP,S-4.6
2026/09/01 17:36:34,21172246,OK:01,TEMP,S-4.6
2026/09/01 17:36:40,21178322,01,TEMP,S-4.5
2026/09/01 17:36:40,21178327,OK:01,TEMP,S-4.5
2026/09/01 17:36:44,21182378,01,MON?
2026/09/01 17:36:44,21182379,-4.7,,CONSTANT,0
2026/09/01 17:36:46,21184405,01,TEMP,S-4.4
2026/09/01 17:36:46,21184415,OK:01,TEMP,S-4.4
2026/09/01 17:36:52,21190490,01,TEMP,S-4.3
2026/09/01 17:36:52,21190494,OK:01,TEMP,S-4.3
2026/09/01 17:36:54,21192518,01,MON?
2026/09/01 17:36:54,21192520,-5.2,,CONSTANT,0
2026/09/01 17:36:58,21196574,01,TEMP,S-4.2
2026/09/01 17:36:58,21196578,OK:01,TEMP,S-4.2
2026/09/01 17:37:04,21202661,01,MON?
2026/09/01 17:37:04,21202662,-3.2,,CONSTANT,0
2026/09/01 17:37:04,21202663,01,TEMP,S-4.1
2026/09/01 17:37:04,21202664,OK:01,TEMP,S-4.1
2026/09/01 17:37:10,21208743,01,TEMP,S-4.0
2026/09/01 17:37:10,21208744,OK:01,TEMP,S-4.0
2026/09/01 17:37:14,21212798,01,MON?
2026/09/01 17:37:14,21212802,-4.1,,CONSTANT,0
2026/09/01 17:37:16,21214826,01,TEMP,S-3.9
2026/09/01 17:37:16,21214828,OK:01,TEMP,S-3.9
2026/09/01 17:37:22,21220911,01,TEMP,S-3.8
2026/09/01 17:37:22,21220915,OK:01,TEMP,S-3.8
2026/09/01 17:37:24,21222939,01,MON?
2026/09/01 17:37:24,21222940,-2.8,,CONSTANT,0
2026/09/01 17:37:27,21225981,01,TEMP,S-3.7
2026/09/01 17:37:28,21225984,OK:01,TEMP,S-3.7
2026/09/01 17:37:34,21232066,01,TEMP,S-3.6
2026/09/01 17:37:34,21232067,OK:01,TEMP,S-3.6
2026/09/01 17:37:35,21233078,01,MON?
2026/09/01 17:37:35,21233079,-3.6,,CONSTANT,0
2026/09/01 17:37:40,21238149,01,TEMP,S-3.5
2026/09/01 17:37:40,21238152,OK:01,TEMP,S-3.5
2026/09/01 17:37:45,21243219,01,MON?
2026/09/01 17:37:45,21243225,-3.3,,CONSTANT,0
2026/09/01 17:37:46,21244232,01,TEMP,S-3.4
2026/09/01 17:37:46,21244233,OK:01,TEMP,S-3.4
2026/09/01 17:37:52,21250316,01,TEMP,S-3.3
2026/09/01 17:37:52,21250320,OK:01,TEMP,S-3.3
2026/09/01 17:37:55,21253358,01,MON?
2026/09/01 17:37:55,21253362,-3.1,,CONSTANT,0
2026/09/01 17:37:58,21256402,01,TEMP,S-3.2
2026/09/01 17:37:58,21256408,OK:01,TEMP,S-3.2
2026/09/01 17:38:04,21262484,01,TEMP,S-3.1
2026/09/01 17:38:04,21262489,OK:01,TEMP,S-3.1
2026/09/01 17:38:05,21263498,01,MON?
2026/09/01 17:38:05,21263499,-2.6,,CONSTANT,0
2026/09/01 17:38:10,21268569,01,TEMP,S-3.0
2026/09/01 17:38:10,21268569,OK:01,TEMP,S-3.0
2026/09/01 17:38:15,21273640,01,MON?
2026/09/01 17:38:15,21273644,-2.8,,CONSTANT,0
2026/09/01 17:38:16,21274656,01,TEMP,S-2.9
2026/09/01 17:38:16,21274657,OK:01,TEMP,S-2.9
2026/09/01 17:38:22,21280738,01,TEMP,S-2.8
2026/09/01 17:38:22,21280742,OK:01,TEMP,S-2.8
2026/09/01 17:38:25,21283778,01,MON?
2026/09/01 17:38:25,21283779,-1.8,,CONSTANT,0
2026/09/01 17:38:28,21286820,01,TEMP,S-2.7
2026/09/01 17:38:28,21286821,OK:01,TEMP,S-2.7
2026/09/01 17:38:34,21292905,01,TEMP,S-2.6
2026/09/01 17:38:34,21292906,OK:01,TEMP,S-2.6
2026/09/01 17:38:35,21293919,01,MON?
2026/09/01 17:38:35,21293920,-3.4,,CONSTANT,0
2026/09/01 17:38:39,21297977,01,TEMP,S-2.5
2026/09/01 17:38:39,21297978,OK:01,TEMP,S-2.5
2026/09/01 17:38:46,21304058,01,MON?
2026/09/01 17:38:46,21304059,-2.1,,CONSTANT,0
2026/09/01 17:38:46,21304060,01,TEMP,S-2.4
2026/09/01 17:38:46,21304060,OK:01,TEMP,S-2.4
2026/09/01 17:38:52,21310143,01,TEMP,S-2.3
2026/09/01 17:38:52,21310144,OK:01,TEMP,S-2.3
2026/09/01 17:38:56,21314199,01,MON?
2026/09/01 17:38:56,21314203,-2.8,,CONSTANT,0
2026/09/01 17:38:58,21316227,01,TEMP,S-2.2
2026/09/01 17:38:58,21316228,OK:01,TEMP,S-2.2
2026/09/01 17:39:04,21322310,01,TEMP,S-2.1
2026/09/01 17:39:04,21322311,OK:01,TEMP,S-2.1
2026/09/01 17:39:06,21324338,01,MON?
2026/09/01 17:39:06,21324345,-1.5,,CONSTANT,0
2026/09/01 17:39:10,21328395,01,TEMP,S-2.0
2026/09/01 17:39:10,21328398,OK:01,TEMP,S-2.0
2026/09/01 17:39:16,21334479,01,MON?
2026/09/01 17:39:16,21334485,-1.4,,CONSTANT,0
2026/09/01 17:39:16,21334485,01,TEMP,S-1.9
2026/09/01 17:39:16,21334486,OK:01,TEMP,S-1.9
2026/09/01 17:39:22,21340563,01,TEMP,S-1.8
2026/09/01 17:39:22,21340564,OK:01,TEMP,S-1.8
2026/09/01 17:39:26,21344619,01,MON?
2026/09/01 17:39:26,21344620,-0.8,,CONSTANT,0
2026/09/01 17:39:28,21346648,01,TEMP,S-1.7
2026/09/01 17:39:28,21346648,OK:01,TEMP,S-1.7
2026/09/01 17:39:34,21352731,01,TEMP,S-1.6
2026/09/01 17:39:34,21352732,OK:01,TEMP,S-1.6
2026/09/01 17:39:36,21354760,01,MON?
2026/09/01 17:39:36,21354761,-1.6,,CONSTANT,0
2026/09/01 17:39:40,21358816,01,TEMP,S-1.5
2026/09/01 17:39:40,21358816,OK:01,TEMP,S-1.5
2026/09/01 17:39:46,21364899,01,MON?
2026/09/01 17:39:46,21364901,-2.0,,CONSTANT,0
2026/09/01 17:39:46,21364903,01,TEMP,S-1.4
2026/09/01 17:39:46,21364904,OK:01,TEMP,S-1.4
2026/09/01 17:39:52,21370983,01,TEMP,S-1.3
2026/09/01 17:39:53,21370984,OK:01,TEMP,S-1.3
2026/09/01 17:39:57,21375039,01,MON?
2026/09/01 17:39:57,21375040,-0.5,,CONSTANT,0
2026/09/01 17:39:58,21376054,01,TEMP,S-1.2
2026/09/01 17:39:58,21376055,OK:01,TEMP,S-1.2
2026/09/01 17:40:04,21382138,01,TEMP,S-1.1
2026/09/01 17:40:04,21382141,OK:01,TEMP,S-1.1
2026/09/01 17:40:07,21385180,01,MON?
2026/09/01 17:40:07,21385182,-1.6,,CONSTANT,0
2026/09/01 17:40:10,21388222,01,TEMP,S-1.0
2026/09/01 17:40:10,21388225,OK:01,TEMP,S-1.0
2026/09/01 17:40:16,21394306,01,TEMP,S-0.9
2026/09/01 17:40:16,21394310,OK:01,TEMP,S-0.9
2026/09/01 17:40:17,21395322,01,MON?
2026/09/01 17:40:17,21395323,-1.9,,CONSTANT,0
2026/09/01 17:40:22,21400390,01,TEMP,S-0.8
2026/09/01 17:40:22,21400396,OK:01,TEMP,S-0.8
2026/09/01 17:40:27,21405459,01,MON?
2026/09/01 17:40:27,21405461,-0.1,,CONSTANT,0
2026/09/01 17:40:28,21406473,01,TEMP,S-0.7
2026/09/01 17:40:28,21406477,OK:01,TEMP,S-0.7
2026/09/01 17:40:34,21412559,01,TEMP,S-0.6
2026/09/01 17:40:34,21412563,OK:01,TEMP,S-0.6
2026/09/01 17:40:37,21415602,01,MON?
2026/09/01 17:40:37,21415603,0.1,,CONSTANT,0
2026/09/01 17:40:40,21418642,01,TEMP,S-0.5
2026/09/01 17:40:40,21418643,OK:01,TEMP,S-0.5
2026/09/01 17:40:46,21424726,01,TEMP,S-0.4
2026/09/01 17:40:46,21424726,OK:01,TEMP,S-0.4
2026/09/01 17:40:47,21425740,01,MON?
2026/09/01 17:40:47,21425740,-0.7,,CONSTANT,0
2026/09/01 17:40:52,21430811,01,TEMP,S-0.3
2026/09/01 17:40:52,21430812,OK:01,TEMP,S-0.3
2026/09/01 17:40:57,21435882,01,MON?
2026/09/01 17:40:57,21435883,-1.1,,CONSTANT,0
2026/09/01 17:40:58,21436896,01,TEMP,S-0.2
2026/09/01 17:40:58,21436899,OK:01,TEMP,S-0.2
2026/09/01 17:41:04,21442977,01,TEMP,S-0.1
2026/09/01 17:41:04,21442981,OK:01,TEMP,S-0.1
2026/09/01 17:41:08,21446019,01,MON?
2026/09/01 17:41:08,21446020,0.4,,CONSTANT,0
2026/09/01 17:41:10,21448048,01,TEMP,S0.0
2026/09/01 17:41:10,21448052,OK:01,TEMP,S0.0
2026/09/01 17:41:16,21454132,01,TEMP,S0.1
2026/09/01 17:41:16,21454136,OK:01,TEMP,S0.1
2026/09/01 17:41:18,21456160,01,MON?
2026/09/01 17:41:18,21456166,0.9,,CONSTANT,0
2026/09/01 17:41:22,21460215,01,TEMP,S0.2
2026/09/01 17:41:22,21460218,OK:01,TEMP,S0.2
2026/09/01 17:41:28,21466300,01,MON?
2026/09/01 17:41:28,21466306,1.2,,CONSTANT,0
2026/09/01 17:41:28,21466307,01,TEMP,S0.3
2026/09/01 17:41:28,21466307,OK:01,TEMP,S0.3
2026/09/01 17:41:34,21472384,01,TEMP,S0.4
2026/09/01 17:41:34,21472392,OK:01,TEMP,S0.4
2026/09/01 17:41:38,21476440,01,MON?
2026/09/01 17:41:38,21476446,1.0,,CONSTANT,0
2026/09/01 17:41:40,21478468,01,TEMP,S0.5
2026/09/01 17:41:40,21478472,OK:01,TEMP,S0.5
2026/09/01 17:41:46,21484552,01,TEMP,S0.6
2026/09/01 17:41:46,21484552,OK:01,TEMP,S0.6
2026/09/01 17:41:48,21486580,01,MON?
2026/09/01 17:41:48,21486582,1.4,,CONSTANT,0
2026/09/01 17:41:52,21490636,01,TEMP,S0.7
2026/09/01 17:41:52,21490637,OK:01,TEMP,S0.7
2026/09/01 17:41:58,21496720,01,MON?
2026/09/01 17:41:58,21496722,0.9,,CONSTANT,0
2026/09/01 17:41:58,21496724,01,TEMP,S0.8
2026/09/01 17:41:58,21496725,OK:01,TEMP,S0.8
2026/09/01 17:42:04,21502805,01,TEMP,S0.9
2026/09/01 17:42:04,21502806,OK:01,TEMP,S0.9
2026/09/01 17:42:08,21506861,01,MON?
2026/09/01 17:42:08,21506862,1.6,,CONSTANT,0
2026/09/01 17:42:10,21508889,01,TEMP,S1.0
2026/09/01 17:42:10,21508895,OK:01,TEMP,S1.0
2026/09/01 17:42:16,21514972,01,TEMP,S1.1
2026/09/01 17:42:16,21514976,OK:01,TEMP,S1.1
2026/09/01 17:42:19,21517001,01,MON?
2026/09/01 17:42:19,21517006,0.7,,CONSTANT,0
2026/09/01 17:42:23,21521056,01,TEMP,S1.2
2026/09/01 17:42:23,21521058,OK:01,TEMP,S1.2
2026/09/01 17:42:28,21526127,01,TEMP,S1.3
2026/09/01 17:42:28,21526127,OK:01,TEMP,S1.3
2026/09/01 17:42:29,21527141,01,MON?
2026/09/01 17:42:29,21527142,0.5,,CONSTANT,0
2026/09/01 17:42:34,21532210,01,TEMP,S1.4
2026/09/01 17:42:34,21532212,OK:01,TEMP,S1.4
2026/09/01 17:42:39,21537282,01,MON?
2026/09/01 17:42:39,21537283,1.5,,CONSTANT,0
2026/09/01 17:42:40,21538294,01,TEMP,S1.5
2026/09/01 17:42:40,21538295,OK:01,TEMP,S1.5
2026/09/01 17:42:46,21544378,01,TEMP,S1.6
2026/09/01 17:42:46,21544382,OK:01,TEMP,S1.6
2026/09/01 17:42:49,21547421,01,MON?
2026/09/01 17:42:49,21547427,2.0,,CONSTANT,0
2026/09/01 17:42:52,21550463,01,TEMP,S1.7
2026/09/01 17:42:52,21550463,OK:01,TEMP,S1.7
2026/09/01 17:42:58,21556547,01,TEMP,S1.8
2026/09/01 17:42:58,21556551,OK:01,TEMP,S1.8
2026/09/01 17:42:59,21557561,01,MON?
2026/09/01 17:42:59,21557563,2.1,,CONSTANT,0
2026/09/01 17:43:04,21562630,01,TEMP,S1.9
2026/09/01 17:43:04,21562630,OK:01,TEMP,S1.9
2026/09/01 17:43:09,21567701,01,MON?
2026/09/01 17:43:09,21567702,1.1,,CONSTANT,0
2026/09/01 17:43:10,21568715,01,TEMP,S2.0
2026/09/01 17:43:10,21568716,OK:01,TEMP,S2.0
2026/09/01 17:43:16,21574799,01,TEMP,S2.1
2026/09/01 17:43:16,21574805,OK:01,TEMP,S2.1
2026/09/01 17:43:19,21577840,01,MON?
2026/09/01 17:43:19,21577841,2.9,,CONSTANT,0
2026/09/01 17:43:22,21580882,01,TEMP,S2.2
2026/09/01 17:43:22,21580883,OK:01,TEMP,S2.2
2026/09/01 17:43:28,21586968,01,TEMP,S2.3
2026/09/01 17:43:28,21586969,OK:01,TEMP,S2.3
2026/09/01 17:43:29,21587984,01,MON?
2026/09/01 17:43:30,21587985,1.6,,CONSTANT,0
2026/09/01 17:43:35,21593052,01,TEMP,S2.4
2026/09/01 17:43:35,21593058,OK:01,TEMP,S2.4
2026/09/01 17:43:40,21598120,01,MON?
2026/09/01 17:43:40,21598122,1.7,,CONSTANT,0
2026/09/01 17:43:40,21598124,01,TEMP,S2.5
2026/09/01 17:43:40,21598125,OK:01,TEMP,S2.5
2026/09/01 17:43:46,21604204,01,TEMP,S2.6
2026/09/01 17:43:46,21604207,OK:01,TEMP,S2.6
2026/09/01 17:43:50,21608261,01,MON?
2026/09/01 17:43:50,21608267,3.6,,CONSTANT,0
2026/09/01 17:43:52,21610289,01,TEMP,S2.7
2026/09/01 17:43:52,21610293,OK:01,TEMP,S2.7
2026/09/01 17:43:58,21616373,01,TEMP,S2.8
2026/09/01 17:43:58,21616377,OK:01,TEMP,S2.8
2026/09/01 17:44:00,21618400,01,MON?
2026/09/01 17:44:00,21618406,3.8,,CONSTANT,0
2026/09/01 17:44:04,21622457,01,TEMP,S2.9
2026/09/01 17:44:04,21622459,OK:01,TEMP,S2.9
2026/09/01 17:44:10,21628541,01,MON?
2026/09/01 17:44:10,21628547,2.2,,CONSTANT,0
2026/09/01 17:44:10,21628548,01,TEMP,S3.0
2026/09/01 17:44:10,21628548,OK:01,TEMP,S3.0
2026/09/01 17:44:16,21634625,01,TEMP,S3.1
2026/09/01 17:44:16,21634626,OK:01,TEMP,S3.1
2026/09/01 17:44:20,21638680,01,MON?
2026/09/01 17:44:20,21638681,3.4,,CONSTANT,0
2026/09/01 17:44:22,21640709,01,TEMP,S3.2
2026/09/01 17:44:22,21640714,OK:01,TEMP,S3.2
2026/09/01 17:44:28,21646793,01,TEMP,S3.3
2026/09/01 17:44:28,21646796,OK:01,TEMP,S3.3
2026/09/01 17:44:30,21648821,01,MON?
2026/09/01 17:44:30,21648822,3.3,,CONSTANT,0
2026/09/01 17:44:34,21652877,01,TEMP,S3.4
2026/09/01 17:44:34,21652877,OK:01,TEMP,S3.4
2026/09/01 17:44:40,21658961,01,MON?
2026/09/01 17:44:40,21658962,3.6,,CONSTANT,0
2026/09/01 17:44:40,21658962,01,TEMP,S3.5
2026/09/01 17:44:40,21658963,OK:01,TEMP,S3.5
2026/09/01 17:44:47,21665046,01,TEMP,S3.6
2026/09/01 17:44:47,21665047,OK:01,TEMP,S3.6
2026/09/01 17:44:51,21669102,01,MON?
2026/09/01 17:44:51,21669104,2.7,,CONSTANT,0
2026/09/01 17:44:52,21670116,01,TEMP,S3.7
2026/09/01 17:44:52,21670120,OK:01,TEMP,S3.7
2026/09/01 17:44:58,21676200,01,TEMP,S3.8
2026/09/01 17:44:58,21676201,OK:01,TEMP,S3.8
2026/09/01 17:45:01,21679241,01,MON?
2026/09/01 17:45:01,21679246,4.7,,CONSTANT,0
2026/09/01 17:45:04,21682284,01,TEMP,S3.9
2026/09/01 17:45:04,21682285,OK:01,TEMP,S3.9
2026/09/01 17:45:10,21688368,01,TEMP,S4.0
2026/09/01 17:45:10,21688368,OK:01,TEMP,S4.0
2026/09/01 17:45:11,21689382,01,MON?
2026/09/01 17:45:11,21689383,3.9,,CONSTANT,0
2026/09/01 17:45:16,21694452,01,TEMP,S4.1
2026/09/01 17:45:16,21694453,OK:01,TEMP,S4.1
2026/09/01 17:45:21,21699524,01,MON?
2026/09/01 17:45:21,21699527,3.5,,CONSTANT,0
2026/09/01 17:45:22,21700536,01,TEMP,S4.2
2026/09/01 17:45:22,21700537,OK:01,TEMP,S4.2
2026/09/01 17:45:28,21706620,01,TEMP,S4.3
2026/09/01 17:45:28,21706624,OK:01,TEMP,S4.3
2026/09/01 17:45:31,21709665,01,MON?
2026/09/01 17:45:31,21709666,4.9,,CONSTANT,0
2026/09/01 17:45:34,21712705,01,TEMP,S4.4
2026/09/01 17:45:34,21712706,OK:01,TEMP,S4.4
2026/09/01 17:45:40,21718788,01,TEMP,S4.5
2026/09/01 17:45:40,21718789,OK:01,TEMP,S4.5
2026/09/01 17:45:41,21719803,01,MON?
2026/09/01 17:45:41,21719804,4.4,,CONSTANT,0
2026/09/01 17:45:46,21724872,01,TEMP,S4.6
2026/09/01 17:45:46,21724873,OK:01,TEMP,S4.6
2026/09/01 17:45:51,21729943,01,MON?
2026/09/01 17:45:51,21729949,4.2,,CONSTANT,0
2026/09/01 17:45:52,21730957,01,TEMP,S4.7
2026/09/01 17:45:52,21730958,OK:01,TEMP,S4.7
2026/09/01 17:45:59,21737040,01,TEMP,S4.8
2026/09/01 17:45:59,21737044,OK:01,TEMP,S4.8
2026/09/01 17:46:02,21740082,01,MON?
2026/09/01 17:46:02,21740083,5.1,,CONSTANT,0
2026/09/01 17:46:05,21743124,01,TEMP,S4.9
2026/09/01 17:46:05,21743128,OK:01,TEMP,S4.9
2026/09/01 17:46:10,21748195,01,TEMP,S5.0
2026/09/01 17:46:10,21748196,OK:01,TEMP,S5.0
2026/09/01 17:46:12,21750223,01,MON?
2026/09/01 17:46:12,21750228,5.5,,CONSTANT,0
2026/09/01 17:46:16,21754278,01,TEMP,S5.1
2026/09/01 17:46:16,21754281,OK:01,TEMP,S5.1
2026/09/01 17:46:22,21760361,01,MON?
2026/09/01 17:46:22,21760367,4.5,,CONSTANT,0
2026/09/01 17:46:22,21760367,01,TEMP,S5.2
2026/09/01 17:46:22,21760368,OK:01,TEMP,S5.2
2026/09/01 17:46:28,21766446,01,TEMP,S5.3
2026/09/01 17:46:28,21766449,OK:01,TEMP,S5.3
2026/09/01 17:46:32,21770502,01,MON?
2026/09/01 17:46:32,21770507,5.9,,CONSTANT,0
2026/09/01 17:46:34,21772530,01,TEMP,S5.4
2026/09/01 17:46:34,21772531,OK:01,TEMP,S5.4
2026/09/01 17:46:40,21778613,01,TEMP,S5.5
2026/09/01 17:46:40,21778615,OK:01,TEMP,S5.5
2026/09/01 17:46:42,21780642,01,MON?
2026/09/01 17:46:42,21780643,6.4,,CONSTANT,0
2026/09/01 17:46:46,21784698,01,TEMP,S5.6
2026/09/01 17:46:46,21784701,OK:01,TEMP,S5.6
2026/09/01 17:46:52,21790782,01,MON?
2026/09/01 17:46:52,21790782,6.5,,CONSTANT,0
2026/09/01 17:46:52,21790783,01,TEMP,S5.7
2026/09/01 17:46:52,21790784,OK:01,TEMP,S5.7
2026/09/01 17:46:58,21796866,01,TEMP,S5.8
2026/09/01 17:46:58,21796867,OK:01,TEMP,S5.8
2026/09/01 17:47:02,21800922,01,MON?
2026/09/01 17:47:02,21800924,6.0,,CONSTANT,0
2026/09/01 17:47:04,21802950,01,TEMP,S5.9
2026/09/01 17:47:04,21802951,OK:01,TEMP,S5.9
2026/09/01 17:47:11,21809034,01,TEMP,S6.0
2026/09/01 17:47:11,21809038,OK:01,TEMP,S6.0
2026/09/01 17:47:13,21811062,01,MON?
2026/09/01 17:47:13,21811064,6.5,,CONSTANT,0
2026/09/01 17:47:17,21815119,01,TEMP,S6.1
2026/09/01 17:47:17,21815124,OK:01,TEMP,S6.1
2026/09/01 17:47:22,21820188,01,TEMP,S6.2
2026/09/01 17:47:22,21820188,OK:01,TEMP,S6.2
2026/09/01 17:47:23,21821203,01,MON?
2026/09/01 17:47:23,21821204,5.5,,CONSTANT,0
2026/09/01 17:47:28,21826273,01,TEMP,S6.3
2026/09/01 17:47:28,21826277,OK:01,TEMP,S6.3
2026/09/01 17:47:33,21831343,01,MON?
2026/09/01 17:47:33,21831344,5.6,,CONSTANT,0
2026/09/01 17:47:34,21832358,01,TEMP,S6.4
2026/09/01 17:47:34,21832358,OK:01,TEMP,S6.4
2026/09/01 17:47:40,21838441,01,TEMP,S6.5
2026/09/01 17:47:40,21838444,OK:01,TEMP,S6.5
2026/09/01 17:47:43,21841482,01,MON?
2026/09/01 17:47:43,21841487,7.3,,CONSTANT,0
2026/09/01 17:47:46,21844524,01,TEMP,S6.6
2026/09/01 17:47:46,21844525,OK:01,TEMP,S6.6
2026/09/01 17:47:52,21850609,01,TEMP,S6.7
2026/09/01 17:47:52,21850610,OK:01,TEMP,S6.7
2026/09/01 17:47:53,21851624,01,MON?
2026/09/01 17:47:53,21851625,6.6,,CONSTANT,0
2026/09/01 17:47:58,21856694,01,TEMP,S6.8
2026/09/01 17:47:58,21856695,OK:01,TEMP,S6.8
2026/09/01 17:48:03,21861763,01,MON?
2026/09/01 17:48:03,21861764,7.8,,CONSTANT,0
2026/09/01 17:48:04,21862778,01,TEMP,S6.9
2026/09/01 17:48:04,21862779,OK:01,TEMP,S6.9
2026/09/01 17:48:10,21868862,01,TEMP,S7.0
2026/09/01 17:48:10,21868867,OK:01,TEMP,S7.0
2026/09/01 17:48:13,21871903,01,MON?
2026/09/01 17:48:13,21871904,6.2,,CONSTANT,0
2026/09/01 17:48:16,21874945,01,TEMP,S7.1
2026/09/01 17:48:16,21874946,OK:01,TEMP,S7.1
2026/09/01 17:48:23,21881029,01,TEMP,S7.2
2026/09/01 17:48:23,21881030,OK:01,TEMP,S7.2
2026/09/01 17:48:24,21882043,01,MON?
2026/09/01 17:48:24,21882044,6.8,,CONSTANT,0
2026/09/01 17:48:29,21887114,01,TEMP,S7.3
2026/09/01 17:48:29,21887118,OK:01,TEMP,S7.3
2026/09/01 17:48:34,21892185,01,MON?
2026/09/01 17:48:34,21892186,7.6,,CONSTANT,0
2026/09/01 17:48:35,21893196,01,TEMP,S7.4
2026/09/01 17:48:35,21893197,OK:01,TEMP,S7.4
2026/09/01 17:48:40,21898267,01,TEMP,S7.5
2026/09/01 17:48:40,21898271,OK:01,TEMP,S7.5
2026/09/01 17:48:44,21902324,01,MON?
2026/09/01 17:48:44,21902327,8.5,,CONSTANT,0
2026/09/01 17:48:46,21904352,01,TEMP,S7.6
2026/09/01 17:48:46,21904356,OK:01,TEMP,S7.6
2026/09/01 17:48:52,21910435,01,TEMP,S7.7
2026/09/01 17:48:52,21910439,OK:01,TEMP,S7.7
2026/09/01 17:48:54,21912462,01,MON?
2026/09/01 17:48:54,21912465,7.0,,CONSTANT,0
2026/09/01 17:48:58,21916518,01,TEMP,S7.8
2026/09/01 17:48:58,21916521,OK:01,TEMP,S7.8
2026/09/01 17:49:04,21922603,01,MON?
2026/09/01 17:49:04,21922605,8.6,,CONSTANT,0
2026/09/01 17:49:04,21922605,01,TEMP,S7.9
2026/09/01 17:49:04,21922606,OK:01,TEMP,S7.9
2026/09/01 17:49:10,21928687,01,TEMP,S8.0
2026/09/01 17:49:10,21928689,OK:01,TEMP,S8.0
2026/09/01 17:49:14,21932742,01,MON?
2026/09/01 17:49:14,21932743,8.4,,CONSTANT,0
2026/09/01 17:49:16,21934770,01,TEMP,S8.1
2026/09/01 17:49:16,21934770,OK:01,TEMP,S8.1
2026/09/01 17:49:22,21940855,01,TEMP,S8.2
2026/09/01 17:49:22,21940855,OK:01,TEMP,S8.2
2026/09/01 17:49:24,21942883,01,MON?
2026/09/01 17:49:24,21942886,7.3,,CONSTANT,0
2026/09/01 17:49:28,21946939,01,TEMP,S8.3
2026/09/01 17:49:28,21946939,OK:01,TEMP,S8.3
2026/09/01 17:49:35,21953022,01,MON?
2026/09/01 17:49:35,21953024,8.6,,CONSTANT,0
2026/09/01 17:49:35,21953025,01,TEMP,S8.4
2026/09/01 17:49:35,21953025,OK:01,TEMP,S8.4
2026/09/01 17:49:41,21959107,01,TEMP,S8.5
2026/09/01 17:49:41,21959109,OK:01,TEMP,S8.5
2026/09/01 17:49:45,21963163,01,MON?
2026/09/01 17:49:45,21963165,8.4,,CONSTANT,0
2026/09/01 17:49:47,21965191,01,TEMP,S8.6
2026/09/01 17:49:47,21965198,OK:01,TEMP,S8.6
2026/09/01 17:49:52,21970262,01,TEMP,S8.7
2026/09/01 17:49:52,21970266,OK:01,TEMP,S8.7
2026/09/01 17:49:55,21973304,01,MON?
2026/09/01 17:49:55,21973308,8.1,,CONSTANT,0
2026/09/01 17:49:58,21976346,01,TEMP,S8.8
2026/09/01 17:49:58,21976350,OK:01,TEMP,S8.8
2026/09/01 17:50:04,21982429,01,TEMP,S8.9
2026/09/01 17:50:04,21982431,OK:01,TEMP,S8.9
2026/09/01 17:50:05,21983443,01,MON?
2026/09/01 17:50:05,21983444,9.1,,CONSTANT,0
2026/09/01 17:50:10,21988513,01,TEMP,S9.0
2026/09/01 17:50:10,21988517,OK:01,TEMP,S9.0
2026/09/01 17:50:15,21993585,01,MON?
2026/09/01 17:50:15,21993586,9.9,,CONSTANT,0
2026/09/01 17:50:16,21994597,01,TEMP,S9.1
2026/09/01 17:50:16,21994599,OK:01,TEMP,S9.1
2026/09/01 17:50:22,22000681,01,TEMP,S9.2
2026/09/01 17:50:22,22000685,OK:01,TEMP,S9.2
2026/09/01 17:50:25,22003723,01,MON?
2026/09/01 17:50:25,22003725,9.8,,CONSTANT,0
2026/09/01 17:50:28,22006767,01,TEMP,S9.3
2026/09/01 17:50:28,22006768,OK:01,TEMP,S9.3
2026/09/01 17:50:34,22012849,01,TEMP,S9.4
2026/09/01 17:50:34,22012850,OK:01,TEMP,S9.4
2026/09/01 17:50:35,22013863,01,MON?
2026/09/01 17:50:35,22013865,9.1,,CONSTANT,0
2026/09/01 17:50:40,22018934,01,TEMP,S9.5
2026/09/01 17:50:40,22018935,OK:01,TEMP,S9.5
2026/09/01 17:50:46,22024003,01,MON?
2026/09/01 17:50:46,22024004,9.3,,CONSTANT,0
2026/09/01 17:50:47,22025019,01,TEMP,S9.6
2026/09/01 17:50:47,22025020,OK:01,TEMP,S9.6
2026/09/01 17:50:53,22031102,01,TEMP,S9.7
2026/09/01 17:50:53,22031106,OK:01,TEMP,S9.7
2026/09/01 17:50:56,22034144,01,MON?
2026/09/01 17:50:56,22034148,10.0,,CONSTANT,0
2026/09/01 17:50:59,22037186,01,TEMP,S9.8
2026/09/01 17:50:59,22037191,OK:01,TEMP,S9.8
2026/09/01 17:51:04,22042257,01,TEMP,S9.9
2026/09/01 17:51:04,22042258,OK:01,TEMP,S9.9
2026/09/01 17:51:06,22044285,01,MON?
2026/09/01 17:51:06,22044288,10.6,,CONSTANT,0
2026/09/01 17:51:10,22048341,01,TEMP,S10.0
2026/09/01 17:51:10,22048344,OK:01,TEMP,S10.0
2026/09/01 17:51:16,22054424,01,MON?
2026/09/01 17:51:16,22054426,9.9,,CONSTANT,0
2026/09/01 17:51:16,22054427,01,TEMP,S10.1
2026/09/01 17:51:16,22054427,OK:01,TEMP,S10.1
2026/09/01 17:51:22,22060509,01,TEMP,S10.2
2026/09/01 17:51:22,22060515,OK:01,TEMP,S10.2
2026/09/01 17:51:26,22064564,01,MON?
2026/09/01 17:51:26,22064567,10.8,,CONSTANT,0
2026/09/01 17:51:28,22066592,01,TEMP,S10.3
2026/09/01 17:51:28,22066593,OK:01,TEMP,S10.3
2026/09/01 17:51:34,22072676,01,TEMP,S10.4
2026/09/01 17:51:34,22072681,OK:01,TEMP,S10.4
2026/09/01 17:51:36,22074703,01,MON?
2026/09/01 17:51:36,22074704,10.6,,CONSTANT,0
2026/09/01 17:51:40,22078760,01,TEMP,S10.5
2026/09/01 17:51:40,22078760,OK:01,TEMP,S10.5
2026/09/01 17:51:46,22084844,01,MON?
2026/09/01 17:51:46,22084845,10.2,,CONSTANT,0
2026/09/01 17:51:46,22084846,01,TEMP,S10.6
2026/09/01 17:51:46,22084847,OK:01,TEMP,S10.6
2026/09/01 17:51:52,22090927,01,TEMP,S10.7
2026/09/01 17:51:52,22090928,OK:01,TEMP,S10.7
2026/09/01 17:51:56,22094984,01,MON?
2026/09/01 17:51:57,22094989,9.9,,CONSTANT,0
2026/09/01 17:51:59,22097012,01,TEMP,S10.8
2026/09/01 17:51:59,22097013,OK:01,TEMP,S10.8
2026/09/01 17:52:05,22103096,01,TEMP,S10.9
2026/09/01 17:52:05,22103100,OK:01,TEMP,S10.9
2026/09/01 17:52:07,22105124,01,MON?
2026/09/01 17:52:07,22105125,10.8,,CONSTANT,0
2026/09/01 17:52:11,22109179,01,TEMP,S11.0
2026/09/01 17:52:11,22109183,OK:01,TEMP,S11.0
2026/09/01 17:52:17,22115264,01,MON?
2026/09/01 17:52:17,22115265,10.7,,CONSTANT,0
2026/09/01 17:52:17,22115266,01,TEMP,S11.1
2026/09/01 17:52:17,22115266,OK:01,TEMP,S11.1
2026/09/01 17:52:22,22120334,01,TEMP,S11.2
2026/09/01 17:52:22,22120335,OK:01,TEMP,S11.2
2026/09/01 17:52:27,22125404,01,MON?
2026/09/01 17:52:27,22125408,10.5,,CONSTANT,0
2026/09/01 17:52:28,22126419,01,TEMP,S11.3
2026/09/01 17:52:28,22126421,OK:01,TEMP,S11.3
2026/09/01 17:52:34,22132502,01,TEMP,S11.4
2026/09/01 17:52:34,22132506,OK:01,TEMP,S11.4
2026/09/01 17:52:37,22135545,01,MON?
2026/09/01 17:52:37,22135545,11.2,,CONSTANT,0
2026/09/01 17:52:40,22138586,01,TEMP,S11.5
2026/09/01 17:52:40,22138587,OK:01,TEMP,S11.5
2026/09/01 17:52:46,22144671,01,TEMP,S11.6
2026/09/01 17:52:46,22144672,OK:01,TEMP,S11.6
2026/09/01 17:52:47,22145684,01,MON?
2026/09/01 17:52:47,22145684,12.1,,CONSTANT,0
2026/09/01 17:52:52,22150755,01,TEMP,S11.7
2026/09/01 17:52:52,22150756,OK:01,TEMP,S11.7
2026/09/01 17:52:57,22155824,01,MON?
2026/09/01 17:52:57,22155825,12.2,,CONSTANT,0
2026/09/01 17:52:58,22156838,01,TEMP,S11.8
2026/09/01 17:52:58,22156839,OK:01,TEMP,S11.8
2026/09/01 17:53:04,22162923,01,TEMP,S11.9
2026/09/01 17:53:04,22162927,OK:01,TEMP,S11.9
2026/09/01 17:53:07,22165965,01,MON?
2026/09/01 17:53:07,22165966,12.9,,CONSTANT,0
2026/09/01 17:53:11,22169006,01,TEMP,S12.0
2026/09/01 17:53:11,22169007,OK:01,TEMP,S12.0
2026/09/01 17:53:17,22175090,01,TEMP,S12.1
2026/09/01 17:53:17,22175090,OK:01,TEMP,S12.1
2026/09/01 17:53:18,22176105,01,MON?
2026/09/01 17:53:18,22176109,12.8,,CONSTANT,0
2026/09/01 17:53:23,22181175,01,TEMP,S12.2
2026/09/01 17:53:23,22181178,OK:01,TEMP,S12.2
2026/09/01 17:53:28,22186245,01,MON?
2026/09/01 17:53:28,22186246,12.2,,CONSTANT,0
2026/09/01 17:53:29,22187259,01,TEMP,S12.3
2026/09/01 17:53:29,22187260,OK:01,TEMP,S12.3
2026/09/01 17:53:34,22192329,01,TEMP,S12.4
2026/09/01 17:53:34,22192333,OK:01,TEMP,S12.4
2026/09/01 17:53:38,22196385,01,MON?
2026/09/01 17:53:38,22196389,13.2,,CONSTANT,0
2026/09/01 17:53:40,22198413,01,TEMP,S12.5
2026/09/01 17:53:40,22198416,OK:01,TEMP,S12.5
2026/09/01 17:53:46,22204498,01,TEMP,S12.6
2026/09/01 17:53:46,22204500,OK:01,TEMP,S12.6
2026/09/01 17:53:48,22206526,01,MON?
2026/09/01 17:53:48,22206527,12.5,,CONSTANT,0
2026/09/01 17:53:52,22210580,01,TEMP,S12.7
2026/09/01 17:53:52,22210583,OK:01,TEMP,S12.7
2026/09/01 17:53:58,22216666,01,MON?
2026/09/01 17:53:58,22216667,12.0,,CONSTANT,0
2026/09/01 17:53:58,22216667,01,TEMP,S12.8
2026/09/01 17:53:58,22216668,OK:01,TEMP,S12.8
2026/09/01 17:54:04,22222749,01,TEMP,S12.9
2026/09/01 17:54:04,22222750,OK:01,TEMP,S12.9
2026/09/01 17:54:08,22226805,01,MON?
2026/09/01 17:54:08,22226806,12.7,,CONSTANT,0
2026/09/01 17:54:10,22228832,01,TEMP,S13.0
2026/09/01 17:54:10,22228832,OK:01,TEMP,S13.0
2026/09/01 17:54:16,22234917,01,TEMP,S13.1
2026/09/01 17:54:16,22234917,OK:01,TEMP,S13.1
2026/09/01 17:54:18,22236945,01,MON?
2026/09/01 17:54:18,22236948,13.6,,CONSTANT,0
2026/09/01 17:54:23,22241001,01,TEMP,S13.2
2026/09/01 17:54:23,22241002,OK:01,TEMP,S13.2
2026/09/01 17:54:29,22247084,01,MON?
2026/09/01 17:54:29,22247085,13.7,,CONSTANT,0
2026/09/01 17:54:29,22247086,01,TEMP,S13.3
2026/09/01 17:54:29,22247086,OK:01,TEMP,S13.3
2026/09/01 17:54:35,22253169,01,TEMP,S13.4
2026/09/01 17:54:35,22253170,OK:01,TEMP,S13.4
2026/09/01 17:54:39,22257225,01,MON?
2026/09/01 17:54:39,22257226,12.9,,CONSTANT,0
2026/09/01 17:54:41,22259253,01,TEMP,S13.5
2026/09/01 17:54:41,22259253,OK:01,TEMP,S13.5
2026/09/01 17:54:47,22265337,01,TEMP,S13.6
2026/09/01 17:54:47,22265342,OK:01,TEMP,S13.6
2026/09/01 17:54:49,22267364,01,MON?
2026/09/01 17:54:49,22267365,14.4,,CONSTANT,0
2026/09/01 17:54:52,22270407,01,TEMP,S13.7
2026/09/01 17:54:52,22270408,OK:01,TEMP,S13.7
2026/09/01 17:54:58,22276491,01,TEMP,S13.8
2026/09/01 17:54:58,22276494,OK:01,TEMP,S13.8
2026/09/01 17:54:59,22277505,01,MON?
2026/09/01 17:54:59,22277506,14.1,,CONSTANT,0
2026/09/01 17:55:04,22282575,01,TEMP,S13.9
2026/09/01 17:55:04,22282576,OK:01,TEMP,S13.9
2026/09/01 17:55:09,22287646,01,MON?
2026/09/01 17:55:09,22287646,14.0,,CONSTANT,0
2026/09/01 17:55:10,22288659,01,TEMP,S14.0
2026/09/01 17:55:10,22288660,OK:01,TEMP,S14.0
2026/09/01 17:55:16,22294744,01,TEMP,S14.1
2026/09/01 17:55:16,22294753,OK:01,TEMP,S14.1
2026/09/01 17:55:19,22297786,01,MON?
2026/09/01 17:55:19,22297789,13.8,,CONSTANT,0
2026/09/01 17:55:22,22300828,01,TEMP,S14.2
2026/09/01 17:55:22,22300829,OK:01,TEMP,S14.2
2026/09/01 17:55:28,22306912,01,TEMP,S14.3
2026/09/01 17:55:28,22306913,OK:01,TEMP,S14.3
2026/09/01 17:55:29,22307926,01,MON?
2026/09/01 17:55:29,22307927,13.3,,CONSTANT,0
2026/09/01 17:55:35,22312995,01,TEMP,S14.4
2026/09/01 17:55:35,22312995,OK:01,TEMP,S14.4
2026/09/01 17:55:40,22318065,01,MON?
2026/09/01 17:55:40,22318066,15.2,,CONSTANT,0
2026/09/01 17:55:41,22319081,01,TEMP,S14.5
2026/09/01 17:55:41,22319083,OK:01,TEMP,S14.5
2026/09/01 17:55:47,22325165,01,TEMP,S14.6
2026/09/01 17:55:47,22325169,OK:01,TEMP,S14.6
2026/09/01 17:55:50,22328206,01,MON?
2026/09/01 17:55:50,22328207,13.9,,CONSTANT,0
2026/09/01 17:55:53,22331248,01,TEMP,S14.7
2026/09/01 17:55:53,22331251,OK:01,TEMP,S14.7
2026/09/01 17:55:59,22337332,01,TEMP,S14.8
2026/09/01 17:55:59,22337333,OK:01,TEMP,S14.8
2026/09/01 17:56:00,22338346,01,MON?
2026/09/01 17:56:00,22338347,14.4,,CONSTANT,0
2026/09/01 17:56:04,22342403,01,TEMP,S14.9
2026/09/01 17:56:04,22342407,OK:01,TEMP,S14.9
2026/09/01 17:56:10,22348486,01,MON?
2026/09/01 17:56:10,22348487,14.4,,CONSTANT,0
2026/09/01 17:56:10,22348487,01,TEMP,S15.0
2026/09/01 17:56:10,22348488,OK:01,TEMP,S15.0
2026/09/01 17:56:16,22354570,01,TEMP,S15.1
2026/09/01 17:56:16,22354571,OK:01,TEMP,S15.1
2026/09/01 17:56:20,22358627,01,MON?
2026/09/01 17:56:20,22358630,15.7,,CONSTANT,0
2026/09/01 17:56:22,22360654,01,TEMP,S15.2
2026/09/01 17:56:22,22360656,OK:01,TEMP,S15.2
2026/09/01 17:56:28,22366737,01,TEMP,S15.3
2026/09/01 17:56:28,22366738,OK:01,TEMP,S15.3
2026/09/01 17:56:30,22368766,01,MON?
2026/09/01 17:56:30,22368769,15.6,,CONSTANT,0
2026/09/01 17:56:34,22372822,01,TEMP,S15.4
2026/09/01 17:56:34,22372824,OK:01,TEMP,S15.4
2026/09/01 17:56:40,22378906,01,MON?
2026/09/01 17:56:40,22378907,15.1,,CONSTANT,0
2026/09/01 17:56:40,22378907,01,TEMP,S15.5
2026/09/01 17:56:40,22378908,OK:01,TEMP,S15.5
2026/09/01 17:56:47,22384989,01,TEMP,S15.6
2026/09/01 17:56:47,22384990,OK:01,TEMP,S15.6
2026/09/01 17:56:51,22389045,01,MON?
2026/09/01 17:56:51,22389045,16.6,,CONSTANT,0
2026/09/01 17:56:53,22391073,01,TEMP,S15.7
2026/09/01 17:56:53,22391074,OK:01,TEMP,S15.7
2026/09/01 17:56:59,22397158,01,TEMP,S15.8
2026/09/01 17:56:59,22397162,OK:01,TEMP,S15.8
2026/09/01 17:57:01,22399186,01,MON?
2026/09/01 17:57:01,22399189,15.8,,CONSTANT,0
2026/09/01 17:57:05,22403242,01,TEMP,S15.9
2026/09/01 17:57:05,22403245,OK:01,TEMP,S15.9
2026/09/01 17:57:11,22409326,01,MON?
2026/09/01 17:57:11,22409327,16.7,,CONSTANT,0
2026/09/01 17:57:11,22409327,01,TEMP,S16.0
2026/09/01 17:57:11,22409328,OK:01,TEMP,S16.0
2026/09/01 17:57:16,22414396,01,TEMP,S16.1
2026/09/01 17:57:16,22414397,OK:01,TEMP,S16.1
2026/09/01 17:57:21,22419466,01,MON?
2026/09/01 17:57:21,22419469,16.6,,CONSTANT,0
2026/09/01 17:57:22,22420480,01,TEMP,S16.2
2026/09/01 17:57:22,22420481,OK:01,TEMP,S16.2
2026/09/01 17:57:28,22426564,01,TEMP,S16.3
2026/09/01 17:57:28,22426569,OK:01,TEMP,S16.3
2026/09/01 17:57:31,22429606,01,MON?
2026/09/01 17:57:31,22429607,16.8,,CONSTANT,0
2026/09/01 17:57:34,22432648,01,TEMP,S16.4
2026/09/01 17:57:34,22432649,OK:01,TEMP,S16.4
2026/09/01 17:57:40,22438733,01,TEMP,S16.5
2026/09/01 17:57:40,22438734,OK:01,TEMP,S16.5
2026/09/01 17:57:41,22439746,01,MON?
2026/09/01 17:57:41,22439746,17.0,,CONSTANT,0
2026/09/01 17:57:46,22444816,01,TEMP,S16.6
2026/09/01 17:57:46,22444817,OK:01,TEMP,S16.6
2026/09/01 17:57:51,22449887,01,MON?
2026/09/01 17:57:51,22449887,17.4,,CONSTANT,0
2026/09/01 17:57:52,22450901,01,TEMP,S16.7
2026/09/01 17:57:52,22450903,OK:01,TEMP,S16.7
2026/09/01 17:57:59,22456986,01,TEMP,S16.8
2026/09/01 17:57:59,22456989,OK:01,TEMP,S16.8
2026/09/01 17:58:02,22460026,01,MON?
2026/09/01 17:58:02,22460029,17.3,,CONSTANT,0
2026/09/01 17:58:05,22463070,01,TEMP,S16.9
2026/09/01 17:58:05,22463074,OK:01,TEMP,S16.9
2026/09/01 17:58:11,22469153,01,TEMP,S17.0
2026/09/01 17:58:11,22469154,OK:01,TEMP,S17.0
2026/09/01 17:58:12,22470169,01,MON?
2026/09/01 17:58:12,22470170,16.9,,CONSTANT,0
2026/09/01 17:58:17,22475236,01,TEMP,S17.1
2026/09/01 17:58:17,22475240,OK:01,TEMP,S17.1
2026/09/01 17:58:22,22480308,01,MON?
2026/09/01 17:58:22,22480312,17.8,,CONSTANT,0
2026/09/01 17:58:23,22481322,01,TEMP,S17.2
2026/09/01 17:58:23,22481323,OK:01,TEMP,S17.2
2026/09/01 17:58:29,22487404,01,TEMP,S17.3
2026/09/01 17:58:29,22487411,OK:01,TEMP,S17.3
2026/09/01 17:58:32,22490446,01,MON?
2026/09/01 17:58:32,22490447,18.0,,CONSTANT,0
2026/09/01 17:58:34,22492475,01,TEMP,S17.4
2026/09/01 17:58:34,22492479,OK:01,TEMP,S17.4
2026/09/01 17:58:40,22498560,01,TEMP,S17.5
2026/09/01 17:58:40,22498564,OK:01,TEMP,S17.5
2026/09/01 17:58:42,22500587,01,MON?
2026/09/01 17:58:42,22500588,16.5,,CONSTANT,0
2026/09/01 17:58:46,22504642,01,TEMP,S17.6
2026/09/01 17:58:46,22504645,OK:01,TEMP,S17.6
2026/09/01 17:58:52,22510727,01,MON?
2026/09/01 17:58:52,22510727,17.0,,CONSTANT,0
2026/09/01 17:58:52,22510728,01,TEMP,S17.7
2026/09/01 17:58:52,22510728,OK:01,TEMP,S17.7
2026/09/01 17:58:58,22516812,01,TEMP,S17.8
2026/09/01 17:58:58,22516813,OK:01,TEMP,S17.8
2026/09/01 17:59:02,22520868,01,MON?
2026/09/01 17:59:02,22520872,18.4,,CONSTANT,0
2026/09/01 17:59:04,22522895,01,TEMP,S17.9
2026/09/01 17:59:04,22522895,OK:01,TEMP,S17.9
2026/09/01 17:59:10,22528979,01,TEMP,S18.0
2026/09/01 17:59:11,22528984,OK:01,TEMP,S18.0
2026/09/01 17:59:13,22531006,01,MON?
2026/09/01 17:59:13,22531007,17.8,,CONSTANT,0
2026/09/01 17:59:17,22535063,01,TEMP,S18.1
2026/09/01 17:59:17,22535064,OK:01,TEMP,S18.1
2026/09/01 17:59:23,22541147,01,MON?
2026/09/01 17:59:23,22541148,18.5,,CONSTANT,0
2026/09/01 17:59:23,22541148,01,TEMP,S18.2
2026/09/01 17:59:23,22541149,OK:01,TEMP,S18.2
2026/09/01 17:59:29,22547230,01,TEMP,S18.3
2026/09/01 17:59:29,22547231,OK:01,TEMP,S18.3
2026/09/01 17:59:33,22551287,01,MON?
2026/09/01 17:59:33,22551290,18.7,,CONSTANT,0
2026/09/01 17:59:35,22553315,01,TEMP,S18.4
2026/09/01 17:59:35,22553316,OK:01,TEMP,S18.4
2026/09/01 17:59:41,22559399,01,TEMP,S18.5
2026/09/01 17:59:41,22559403,OK:01,TEMP,S18.5
2026/09/01 17:59:43,22561427,01,MON?
2026/09/01 17:59:43,22561427,17.8,,CONSTANT,0
2026/09/01 17:59:46,22564468,01,TEMP,S18.6
2026/09/01 17:59:46,22564472,OK:01,TEMP,S18.6
2026/09/01 17:59:52,22570553,01,TEMP,S18.7
2026/09/01 17:59:52,22570554,OK:01,TEMP,S18.7
2026/09/01 17:59:53,22571567,01,MON?
2026/09/01 17:59:53,22571568,19.3,,CONSTANT,0
2026/09/01 17:59:58,22576637,01,TEMP,S18.8
2026/09/01 17:59:58,22576638,OK:01,TEMP,S18.8
