2026/09/02 2:00:00,51378695,01,TEMP,S70.8
2026/09/02 2:00:00,51378743,OK:01,TEMP,S70.8
2026/09/02 2:00:05,51383766,01,MON?
2026/09/02 2:00:05,51383768,71.6,,CONSTANT,0
2026/09/02 2:00:06,51384780,01,TEMP,S70.9
2026/09/02 2:00:06,51384782,OK:01,TEMP,S70.9
2026/09/02 2:00:12,51390864,01,TEMP,S71.0
2026/09/02 2:00:12,51390870,OK:01,TEMP,S71.0
2026/09/02 2:00:15,51393906,01,MON?
2026/09/02 2:00:15,51393908,71.7,,CONSTANT,0
2026/09/02 2:00:18,51396948,01,TEMP,S71.1
2026/09/02 2:00:18,51396950,OK:01,TEMP,S71.1
2026/09/02 2:00:24,51402018,01,TEMP,S71.2
2026/09/02 2:00:24,51402024,OK:01,TEMP,S71.2
2026/09/02 2:00:26,51404046,01,MON?
2026/09/02 2:00:26,51404048,71.4,,CONSTANT,0
2026/09/02 2:00:30,51408103,01,TEMP,S71.3
2026/09/02 2:00:30,51408109,OK:01,TEMP,S71.3
2026/09/02 2:00:36,51414187,01,MON?
2026/09/02 2:00:36,51414192,71.7,,CONSTANT,0
2026/09/02 2:00:36,51414194,01,TEMP,S71.4
2026/09/02 2:00:36,51414195,OK:01,TEMP,S71.4
2026/09/02 2:00:42,51420270,01,TEMP,S71.5
2026/09/02 2:00:42,51420276,OK:01,TEMP,S71.5
2026/09/02 2:00:46,51424326,01,MON?
2026/09/02 2:00:46,51424328,71.1,,CONSTANT,0
2026/09/02 2:00:48,51426355,01,TEMP,S71.6
2026/09/02 2:00:48,51426361,OK:01,TEMP,S71.6
2026/09/02 2:00:54,51432440,01,TEMP,S71.7
2026/09/02 2:00:54,51432446,OK:01,TEMP,S71.7
2026/09/02 2:00:56,51434468,01,MON?
2026/09/02 2:00:56,51434470,72.2,,CONSTANT,0
2026/09/02 2:01:00,51438523,01,TEMP,S71.8
2026/09/02 2:01:00,51438529,OK:01,TEMP,S71.8
2026/09/02 2:01:06,51444606,01,MON?
2026/09/02 2:01:06,51444608,71.9,,CONSTANT,0
2026/09/02 2:01:06,51444609,01,TEMP,S71.9
2026/09/02 2:01:06,51444611,OK:01,TEMP,S71.9
2026/09/02 2:01:12,51450692,01,TEMP,S72.0
2026/09/02 2:01:12,51450692,OK:01,TEMP,S72.0
2026/09/02 2:01:16,51454748,01,MON?
2026/09/02 2:01:16,51454748,72.1,,CONSTANT,0
2026/09/02 2:01:18,51456775,01,TEMP,S72.1
2026/09/02 2:01:18,51456777,OK:01,TEMP,S72.1
2026/09/02 2:01:24,51462859,01,TEMP,S72.2
2026/09/02 2:01:24,51462866,OK:01,TEMP,S72.2
2026/09/02 2:01:26,51464886,01,MON?
2026/09/02 2:01:26,51464888,71.8,,CONSTANT,0
2026/09/02 2:01:30,51468943,01,TEMP,S72.3
2026/09/02 2:01:30,51468944,OK:01,TEMP,S72.3
2026/09/02 2:01:36,51474013,01,TEMP,S72.4
2026/09/02 2:01:36,51474020,OK:01,TEMP,S72.4
2026/09/02 2:01:37,51475026,01,MON?
2026/09/02 2:01:37,51475028,72.0,,CONSTANT,0
2026/09/02 2:01:42,51480096,01,TEMP,S72.5
2026/09/02 2:01:42,51480103,OK:01,TEMP,S72.5
2026/09/02 2:01:47,51485168,01,MON?
2026/09/02 2:01:47,51485170,72.9,,CONSTANT,0
2026/09/02 2:01:48,51486181,01,TEMP,S72.6
2026/09/02 2:01:48,51486182,OK:01,TEMP,S72.6
2026/09/02 2:01:54,51492265,01,TEMP,S72.7
2026/09/02 2:01:54,51492272,OK:01,TEMP,S72.7
2026/09/02 2:01:57,51495306,01,MON?
2026/09/02 2:01:57,51495313,71.8,,CONSTANT,0
2026/09/02 2:02:00,51498348,01,TEMP,S72.8
2026/09/02 2:02:00,51498350,OK:01,TEMP,S72.8
2026/09/02 2:02:06,51504433,01,TEMP,S72.9
2026/09/02 2:02:06,51504439,OK:01,TEMP,S72.9
2026/09/02 2:02:07,51505447,01,MON?
2026/09/02 2:02:07,51505449,72.9,,CONSTANT,0
2026/09/02 2:02:12,51510517,01,TEMP,S73.0
2026/09/02 2:02:12,51510518,OK:01,TEMP,S73.0
2026/09/02 2:02:17,51515586,01,MON?
2026/09/02 2:02:17,51515586,73.4,,CONSTANT,0
2026/09/02 2:02:18,51516600,01,TEMP,S73.1
2026/09/02 2:02:18,51516600,OK:01,TEMP,S73.1
2026/09/02 2:02:24,51522685,01,TEMP,S73.2
2026/09/02 2:02:24,51522692,OK:01,TEMP,S73.2
2026/09/02 2:02:27,51525727,01,MON?
2026/09/02 2:02:27,51525729,73.3,,CONSTANT,0
2026/09/02 2:02:30,51528769,01,TEMP,S73.3
2026/09/02 2:02:30,51528771,OK:01,TEMP,S73.3
2026/09/02 2:02:36,51534852,01,TEMP,S73.4
2026/09/02 2:02:36,51534858,OK:01,TEMP,S73.4
2026/09/02 2:02:37,51535866,01,MON?
2026/09/02 2:02:37,51535868,72.9,,CONSTANT,0
2026/09/02 2:02:42,51540937,01,TEMP,S73.5
2026/09/02 2:02:42,51540939,OK:01,TEMP,S73.5
2026/09/02 2:02:48,51546007,01,MON?
2026/09/02 2:02:48,51546009,73.0,,CONSTANT,0
2026/09/02 2:02:49,51547021,01,TEMP,S73.6
2026/09/02 2:02:49,51547023,OK:01,TEMP,S73.6
2026/09/02 2:02:54,51552091,01,TEMP,S73.7
2026/09/02 2:02:54,51552097,OK:01,TEMP,S73.7
2026/09/02 2:02:58,51556148,01,MON?
2026/09/02 2:02:58,51556150,73.5,,CONSTANT,0
2026/09/02 2:03:00,51558175,01,TEMP,S73.8
2026/09/02 2:03:00,51558181,OK:01,TEMP,S73.8
2026/09/02 2:03:06,51564260,01,TEMP,S73.9
2026/09/02 2:03:06,51564267,OK:01,TEMP,S73.9
2026/09/02 2:03:08,51566288,01,MON?
2026/09/02 2:03:08,51566290,74.3,,CONSTANT,0
2026/09/02 2:03:12,51570343,01,TEMP,S74.0
2026/09/02 2:03:12,51570351,OK:01,TEMP,S74.0
2026/09/02 2:03:18,51576427,01,MON?
2026/09/02 2:03:18,51576434,73.9,,CONSTANT,0
2026/09/02 2:03:18,51576436,01,TEMP,S74.1
2026/09/02 2:03:18,51576437,OK:01,TEMP,S74.1
2026/09/02 2:03:24,51582512,01,TEMP,S74.2
2026/09/02 2:03:24,51582516,OK:01,TEMP,S74.2
2026/09/02 2:03:28,51586568,01,MON?
2026/09/02 2:03:28,51586570,74.0,,CONSTANT,0
2026/09/02 2:03:30,51588595,01,TEMP,S74.3
2026/09/02 2:03:30,51588602,OK:01,TEMP,S74.3
2026/09/02 2:03:36,51594680,01,TEMP,S74.4
2026/09/02 2:03:36,51594687,OK:01,TEMP,S74.4
2026/09/02 2:03:38,51596707,01,MON?
2026/09/02 2:03:38,51596709,73.6,,CONSTANT,0
2026/09/02 2:03:42,51600763,01,TEMP,S74.5
2026/09/02 2:03:42,51600770,OK:01,TEMP,S74.5
2026/09/02 2:03:48,51606848,01,MON?
2026/09/02 2:03:48,51606850,75.2,,CONSTANT,0
2026/09/02 2:03:48,51606851,01,TEMP,S74.6
2026/09/02 2:03:48,51606853,OK:01,TEMP,S74.6
2026/09/02 2:03:54,51612932,01,TEMP,S74.7
2026/09/02 2:03:54,51612934,OK:01,TEMP,S74.7
2026/09/02 2:03:59,51616988,01,MON?
2026/09/02 2:03:59,51616990,75.0,,CONSTANT,0
2026/09/02 2:04:01,51619015,01,TEMP,S74.8
2026/09/02 2:04:01,51619018,OK:01,TEMP,S74.8
2026/09/02 2:04:06,51624087,01,TEMP,S74.9
2026/09/02 2:04:06,51624089,OK:01,TEMP,S74.9
2026/09/02 2:04:09,51627128,01,MON?
2026/09/02 2:04:09,51627135,75.6,,CONSTANT,0
2026/09/02 2:04:12,51630171,01,TEMP,S75.0
2026/09/02 2:04:12,51630173,OK:01,TEMP,S75.0
2026/09/02 2:04:18,51636254,01,TEMP,S75.1
2026/09/02 2:04:18,51636262,OK:01,TEMP,S75.1
2026/09/02 2:04:19,51637268,01,MON?
2026/09/02 2:04:19,51637270,74.7,,CONSTANT,0
2026/09/02 2:04:24,51642338,01,TEMP,S75.2
2026/09/02 2:04:24,51642345,OK:01,TEMP,S75.2
2026/09/02 2:04:29,51647408,01,MON?
2026/09/02 2:04:29,51647410,74.8,,CONSTANT,0
2026/09/02 2:04:30,51648422,01,TEMP,S75.3
2026/09/02 2:04:30,51648422,OK:01,TEMP,S75.3
2026/09/02 2:04:36,51654505,01,TEMP,S75.4
2026/09/02 2:04:36,51654512,OK:01,TEMP,S75.4
2026/09/02 2:04:39,51657547,01,MON?
2026/09/02 2:04:39,51657549,76.3,,CONSTANT,0
2026/09/02 2:04:42,51660590,01,TEMP,S75.5
2026/09/02 2:04:42,51660592,OK:01,TEMP,S75.5
2026/09/02 2:04:48,51666674,01,TEMP,S75.6
2026/09/02 2:04:48,51666681,OK:01,TEMP,S75.6
2026/09/02 2:04:49,51667688,01,MON?
2026/09/02 2:04:49,51667690,75.0,,CONSTANT,0
2026/09/02 2:04:54,51672757,01,TEMP,S75.7
2026/09/02 2:04:54,51672759,OK:01,TEMP,S75.7
2026/09/02 2:04:59,51677828,01,MON?
2026/09/02 2:04:59,51677830,75.8,,CONSTANT,0
2026/09/02 2:05:00,51678842,01,TEMP,S75.8
2026/09/02 2:05:00,51678844,OK:01,TEMP,S75.8
2026/09/02 2:05:06,51684926,01,TEMP,S75.9
2026/09/02 2:05:06,51684934,OK:01,TEMP,S75.9
2026/09/02 2:05:09,51687968,01,MON?
2026/09/02 2:05:09,51687970,75.5,,CONSTANT,0
2026/09/02 2:05:13,51691010,01,TEMP,S76.0
2026/09/02 2:05:13,51691011,OK:01,TEMP,S76.0
2026/09/02 2:05:19,51697094,01,TEMP,S76.1
2026/09/02 2:05:19,51697100,OK:01,TEMP,S76.1
2026/09/02 2:05:20,51698108,01,MON?
2026/09/02 2:05:20,51698110,75.5,,CONSTANT,0
2026/09/02 2:05:24,51702164,01,TEMP,S76.2
2026/09/02 2:05:24,51702172,OK:01,TEMP,S76.2
2026/09/02 2:05:30,51708248,01,MON?
2026/09/02 2:05:30,51708252,76.1,,CONSTANT,0
2026/09/02 2:05:30,51708253,01,TEMP,S76.3
2026/09/02 2:05:30,51708254,OK:01,TEMP,S76.3
2026/09/02 2:05:36,51714333,01,TEMP,S76.4
2026/09/02 2:05:36,51714338,OK:01,TEMP,S76.4
2026/09/02 2:05:40,51718388,01,MON?
2026/09/02 2:05:40,51718390,77.1,,CONSTANT,0
2026/09/02 2:05:42,51720417,01,TEMP,S76.5
2026/09/02 2:05:42,51720424,OK:01,TEMP,S76.5
2026/09/02 2:05:48,51726501,01,TEMP,S76.6
2026/09/02 2:05:48,51726508,OK:01,TEMP,S76.6
2026/09/02 2:05:50,51728529,01,MON?
2026/09/02 2:05:50,51728531,77.5,,CONSTANT,0
2026/09/02 2:05:54,51732585,01,TEMP,S76.7
2026/09/02 2:05:54,51732592,OK:01,TEMP,S76.7
2026/09/02 2:06:00,51738669,01,MON?
2026/09/02 2:06:00,51738671,77.5,,CONSTANT,0
2026/09/02 2:06:00,51738674,01,TEMP,S76.8
2026/09/02 2:06:00,51738675,OK:01,TEMP,S76.8
2026/09/02 2:06:06,51744753,01,TEMP,S76.9
2026/09/02 2:06:06,51744755,OK:01,TEMP,S76.9
2026/09/02 2:06:10,51748810,01,MON?
2026/09/02 2:06:10,51748812,76.0,,CONSTANT,0
2026/09/02 2:06:12,51750837,01,TEMP,S77.0
2026/09/02 2:06:12,51750839,OK:01,TEMP,S77.0
2026/09/02 2:06:18,51756920,01,TEMP,S77.1
2026/09/02 2:06:18,51756927,OK:01,TEMP,S77.1
2026/09/02 2:06:20,51758949,01,MON?
2026/09/02 2:06:20,51758951,76.2,,CONSTANT,0
2026/09/02 2:06:25,51763005,01,TEMP,S77.2
2026/09/02 2:06:25,51763010,OK:01,TEMP,S77.2
2026/09/02 2:06:31,51769090,01,MON?
2026/09/02 2:06:31,51769092,76.7,,CONSTANT,0
2026/09/02 2:06:31,51769093,01,TEMP,S77.3
2026/09/02 2:06:31,51769095,OK:01,TEMP,S77.3
2026/09/02 2:06:36,51774159,01,TEMP,S77.4
2026/09/02 2:06:36,51774161,OK:01,TEMP,S77.4
2026/09/02 2:06:41,51779228,01,MON?
2026/09/02 2:06:41,51779229,78.0,,CONSTANT,0
2026/09/02 2:06:42,51780242,01,TEMP,S77.5
2026/09/02 2:06:42,51780242,OK:01,TEMP,S77.5
2026/09/02 2:06:48,51786328,01,TEMP,S77.6
2026/09/02 2:06:48,51786335,OK:01,TEMP,S77.6
2026/09/02 2:06:51,51789370,01,MON?
2026/09/02 2:06:51,51789377,76.6,,CONSTANT,0
2026/09/02 2:06:54,51792410,01,TEMP,S77.7
2026/09/02 2:06:54,51792412,OK:01,TEMP,S77.7
2026/09/02 2:07:00,51798495,01,TEMP,S77.8
2026/09/02 2:07:00,51798502,OK:01,TEMP,S77.8
2026/09/02 2:07:01,51799509,01,MON?
2026/09/02 2:07:01,51799511,77.3,,CONSTANT,0
2026/09/02 2:07:06,51804579,01,TEMP,S77.9
2026/09/02 2:07:06,51804581,OK:01,TEMP,S77.9
2026/09/02 2:07:11,51809648,01,MON?
2026/09/02 2:07:11,51809649,78.8,,CONSTANT,0
2026/09/02 2:07:12,51810662,01,TEMP,S78.0
2026/09/02 2:07:12,51810662,OK:01,TEMP,S78.0
2026/09/02 2:07:18,51816747,01,TEMP,S78.1
2026/09/02 2:07:18,51816754,OK:01,TEMP,S78.1
2026/09/02 2:07:21,51819789,01,MON?
2026/09/02 2:07:21,51819791,77.6,,CONSTANT,0
2026/09/02 2:07:24,51822831,01,TEMP,S78.2
2026/09/02 2:07:24,51822832,OK:01,TEMP,S78.2
2026/09/02 2:07:30,51828915,01,TEMP,S78.3
2026/09/02 2:07:30,51828917,OK:01,TEMP,S78.3
2026/09/02 2:07:31,51829928,01,MON?
2026/09/02 2:07:31,51829930,79.1,,CONSTANT,0
2026/09/02 2:07:37,51834999,01,TEMP,S78.4
2026/09/02 2:07:37,51835001,OK:01,TEMP,S78.4
2026/09/02 2:07:42,51840069,01,MON?
2026/09/02 2:07:42,51840070,78.6,,CONSTANT,0
2026/09/02 2:07:43,51841083,01,TEMP,S78.5
2026/09/02 2:07:43,51841085,OK:01,TEMP,S78.5
2026/09/02 2:07:49,51847167,01,TEMP,S78.6
2026/09/02 2:07:49,51847169,OK:01,TEMP,S78.6
2026/09/02 2:07:52,51850208,01,MON?
2026/09/02 2:07:52,51850210,79.4,,CONSTANT,0
2026/09/02 2:07:54,51852237,01,TEMP,S78.7
2026/09/02 2:07:54,51852244,OK:01,TEMP,S78.7
2026/09/02 2:08:00,51858321,01,TEMP,S78.8
2026/09/02 2:08:00,51858328,OK:01,TEMP,S78.8
2026/09/02 2:08:02,51860349,01,MON?
2026/09/02 2:08:02,51860350,78.3,,CONSTANT,0
2026/09/02 2:08:06,51864405,01,TEMP,S78.9
2026/09/02 2:08:06,51864412,OK:01,TEMP,S78.9
2026/09/02 2:08:12,51870489,01,MON?
2026/09/02 2:08:12,51870490,78.0,,CONSTANT,0
2026/09/02 2:08:12,51870492,01,TEMP,S79.0
2026/09/02 2:08:12,51870493,OK:01,TEMP,S79.0
2026/09/02 2:08:18,51876574,01,TEMP,S79.1
2026/09/02 2:08:18,51876576,OK:01,TEMP,S79.1
2026/09/02 2:08:22,51880629,01,MON?
2026/09/02 2:08:22,51880631,79.4,,CONSTANT,0
2026/09/02 2:08:24,51882657,01,TEMP,S79.2
2026/09/02 2:08:24,51882658,OK:01,TEMP,S79.2
2026/09/02 2:08:30,51888741,01,TEMP,S79.3
2026/09/02 2:08:30,51888748,OK:01,TEMP,S79.3
2026/09/02 2:08:32,51890770,01,MON?
2026/09/02 2:08:32,51890771,80.0,,CONSTANT,0
2026/09/02 2:08:36,51894825,01,TEMP,S79.4
2026/09/02 2:08:36,51894833,OK:01,TEMP,S79.4
2026/09/02 2:08:42,51900910,01,MON?
2026/09/02 2:08:42,51900911,78.9,,CONSTANT,0
2026/09/02 2:08:42,51900913,01,TEMP,S79.5
2026/09/02 2:08:42,51900914,OK:01,TEMP,S79.5
2026/09/02 2:08:49,51906995,01,TEMP,S79.6
2026/09/02 2:08:49,51906996,OK:01,TEMP,S79.6
2026/09/02 2:08:53,51911049,01,MON?
2026/09/02 2:08:53,51911049,78.8,,CONSTANT,0
2026/09/02 2:08:55,51913077,01,TEMP,S79.7
2026/09/02 2:08:55,51913077,OK:01,TEMP,S79.7
2026/09/02 2:09:01,51919161,01,TEMP,S79.8
2026/09/02 2:09:01,51919168,OK:01,TEMP,S79.8
2026/09/02 2:09:03,51921191,01,MON?
2026/09/02 2:09:03,51921193,79.2,,CONSTANT,0
2026/09/02 2:09:06,51924232,01,TEMP,S79.9
2026/09/02 2:09:06,51924239,OK:01,TEMP,S79.9
2026/09/02 2:09:12,51930316,01,TEMP,S80.0
2026/09/02 2:09:12,51930327,OK:01,TEMP,S80.0
2026/09/02 2:09:13,51931329,01,MON?
2026/09/02 2:09:13,51931331,80.0,,CONSTANT,0
2026/09/02 2:09:15,51933357,ÇoÇbÇ…ÇÊÇÈÅBÉâÉìÉvâ^ì]èIóπ
2026/09/02 2:09:15,51933361,01,TEMP,S80.0
2026/09/02 2:09:15,51933362,OK:01,TEMP,S80.0
2026/09/02 2:09:23,51941738,01,MON?
2026/09/02 2:09:23,51941739,80.6,,CONSTANT,0
2026/09/02 2:09:33,51951893,01,MON?
2026/09/02 2:09:33,51951894,79.7,,CONSTANT,0
2026/09/02 2:09:44,51962035,01,MON?
2026/09/02 2:09:44,51962037,79.9,,CONSTANT,0
2026/09/02 2:09:54,51972171,01,MON?
2026/09/02 2:09:54,51972175,80.5,,CONSTANT,0
2026/09/02 2:10:04,51982330,01,MON?
2026/09/02 2:10:04,51982332,80.5,,CONSTANT,0
2026/09/02 2:10:14,51992471,01,TEMP,S80.0
2026/09/02 2:10:14,51992472,OK:01,TEMP,S80.0
2026/09/02 2:10:14,51992478,01,MODE,CONSTANT
2026/09/02 2:10:14,51992480,OK:01,MODE,CONSTANT
2026/09/02 2:10:14,51992481,01,SET,REF1
2026/09/02 2:10:14,51992482,OK:01,SET,REF1
2026/09/02 2:10:15,51993481,01,MON?
2026/09/02 2:10:15,51993483,80.8,,CONSTANT,0
2026/09/02 2:10:25,52003620,01,MON?
2026/09/02 2:10:25,52003628,79.8,,CONSTANT,0
2026/09/02 2:10:35,52013762,01,MON?
2026/09/02 2:10:35,52013764,79.8,,CONSTANT,0
2026/09/02 2:10:45,52023901,01,MON?
2026/09/02 2:10:45,52023903,80.0,,CONSTANT,0
2026/09/02 2:10:56,52034042,01,MON?
2026/09/02 2:10:56,52034044,79.6,,CONSTANT,0
2026/09/02 2:11:06,52044181,01,MON?
2026/09/02 2:11:06,52044182,80.5,,CONSTANT,0
2026/09/02 2:11:16,52054320,01,MON?
2026/09/02 2:11:16,52054322,80.0,,CONSTANT,0
2026/09/02 2:11:26,52064461,01,MON?
2026/09/02 2:11:26,52064462,80.4,,CONSTANT,0
2026/09/02 2:11:36,52074600,01,MON?
2026/09/02 2:11:36,52074602,79.9,,CONSTANT,0
2026/09/02 2:11:46,52084741,01,MON?
2026/09/02 2:11:46,52084743,79.3,,CONSTANT,0
2026/09/02 2:11:56,52094880,01,MON?
2026/09/02 2:11:56,52094882,80.6,,CONSTANT,0
2026/09/02 2:12:07,52105021,01,MON?
2026/09/02 2:12:07,52105022,80.7,,CONSTANT,0
2026/09/02 2:12:17,52115161,01,MON?
2026/09/02 2:12:17,52115168,79.4,,CONSTANT,0
2026/09/02 2:12:27,52125302,01,MON?
2026/09/02 2:12:27,52125304,80.6,,CONSTANT,0
2026/09/02 2:12:37,52135442,01,MON?
2026/09/02 2:12:37,52135449,79.3,,CONSTANT,0
2026/09/02 2:12:47,52145582,01,MON?
2026/09/02 2:12:47,52145587,79.2,,CONSTANT,0
2026/09/02 2:12:57,52155726,01,MON?
2026/09/02 2:12:57,52155728,79.3,,CONSTANT,0
2026/09/02 2:13:07,52165862,01,MON?
2026/09/02 2:13:07,52165864,80.7,,CONSTANT,0
2026/09/02 2:13:18,52176001,01,MON?
2026/09/02 2:13:18,52176002,80.7,,CONSTANT,0
2026/09/02 2:13:28,52186143,01,MON?
2026/09/02 2:13:28,52186145,80.1,,CONSTANT,0
2026/09/02 2:13:38,52196282,01,MON?
2026/09/02 2:13:38,52196284,80.9,,CONSTANT,0
2026/09/02 2:13:48,52206422,01,MON?
2026/09/02 2:13:48,52206424,79.9,,CONSTANT,0
2026/09/02 2:13:58,52216561,01,MON?
2026/09/02 2:13:58,52216562,80.6,,CONSTANT,0
2026/09/02 2:14:08,52226702,01,MON?
2026/09/02 2:14:08,52226704,79.4,,CONSTANT,0
2026/09/02 2:14:18,52236842,01,MON?
2026/09/02 2:14:18,52236842,80.3,,CONSTANT,0
2026/09/02 2:14:28,52246982,01,MON?
2026/09/02 2:14:28,52246983,79.3,,CONSTANT,0
2026/09/02 2:14:39,52257122,01,MON?
2026/09/02 2:14:39,52257124,79.3,,CONSTANT,0
2026/09/02 2:14:49,52267262,01,MON?
2026/09/02 2:14:49,52267269,80.0,,CONSTANT,0
2026/09/02 2:14:59,52277402,01,MON?
2026/09/02 2:14:59,52277409,80.0,,CONSTANT,0
2026/09/02 2:15:09,52287542,01,MON?
2026/09/02 2:15:09,52287550,79.9,,CONSTANT,0
2026/09/02 2:15:19,52297682,01,MON?
2026/09/02 2:15:19,52297684,79.9,,CONSTANT,0
2026/09/02 2:15:29,52307823,01,MON?
2026/09/02 2:15:29,52307825,80.2,,CONSTANT,0
2026/09/02 2:15:39,52317962,01,MON?
2026/09/02 2:15:39,52317964,81.0,,CONSTANT,0
2026/09/02 2:15:50,52328103,01,MON?
2026/09/02 2:15:50,52328105,80.6,,CONSTANT,0
2026/09/02 2:16:00,52338243,01,MON?
2026/09/02 2:16:00,52338245,80.0,,CONSTANT,0
2026/09/02 2:16:10,52348384,01,MON?
2026/09/02 2:16:10,52348386,79.6,,CONSTANT,0
2026/09/02 2:16:20,52358523,01,MON?
2026/09/02 2:16:20,52358525,80.1,,CONSTANT,0
2026/09/02 2:16:30,52368663,01,MON?
2026/09/02 2:16:30,52368663,80.7,,CONSTANT,0
2026/09/02 2:16:40,52378803,01,MON?
2026/09/02 2:16:40,52378805,79.9,,CONSTANT,0
2026/09/02 2:16:50,52388942,01,MON?
2026/09/02 2:16:50,52388944,79.8,,CONSTANT,0
2026/09/02 2:17:01,52399083,01,MON?
2026/09/02 2:17:01,52399085,80.8,,CONSTANT,0
2026/09/02 2:17:11,52409222,01,MON?
2026/09/02 2:17:11,52409229,80.6,,CONSTANT,0
2026/09/02 2:17:21,52419363,01,MON?
2026/09/02 2:17:21,52419371,79.5,,CONSTANT,0
2026/09/02 2:17:31,52429503,01,MON?
2026/09/02 2:17:31,52429505,80.7,,CONSTANT,0
2026/09/02 2:17:41,52439644,01,MON?
2026/09/02 2:17:41,52439646,80.0,,CONSTANT,0
2026/09/02 2:17:51,52449783,01,MON?
2026/09/02 2:17:51,52449784,80.2,,CONSTANT,0
2026/09/02 2:18:01,52459924,01,MON?
2026/09/02 2:18:01,52459926,79.4,,CONSTANT,0
2026/09/02 2:18:12,52470064,01,MON?
2026/09/02 2:18:12,52470066,80.5,,CONSTANT,0
2026/09/02 2:18:22,52480203,01,MON?
2026/09/02 2:18:22,52480205,79.5,,CONSTANT,0
2026/09/02 2:18:32,52490343,01,MON?
2026/09/02 2:18:32,52490344,79.2,,CONSTANT,0
2026/09/02 2:18:42,52500484,01,MON?
2026/09/02 2:18:42,52500485,80.5,,CONSTANT,0
2026/09/02 2:18:52,52510624,01,MON?
2026/09/02 2:18:52,52510626,79.8,,CONSTANT,0
2026/09/02 2:19:02,52520764,01,MON?
2026/09/02 2:19:02,52520765,79.5,,CONSTANT,0
2026/09/02 2:19:12,52530903,01,MON?
2026/09/02 2:19:12,52530905,79.6,,CONSTANT,0
2026/09/02 2:19:23,52541044,01,MON?
2026/09/02 2:19:23,52541046,80.7,,CONSTANT,0
2026/09/02 2:19:33,52551184,01,MON?
2026/09/02 2:19:33,52551191,79.0,,CONSTANT,0
2026/09/02 2:19:43,52561324,01,MON?
2026/09/02 2:19:43,52561325,80.9,,CONSTANT,0
2026/09/02 2:19:53,52571464,01,MON?
2026/09/02 2:19:53,52571471,80.7,,CONSTANT,0
2026/09/02 2:20:03,52581604,01,MON?
2026/09/02 2:20:03,52581611,79.4,,CONSTANT,0
2026/09/02 2:20:13,52591744,01,MON?
2026/09/02 2:20:13,52591746,80.9,,CONSTANT,0
2026/09/02 2:20:14,52592759,ÇoÇbÇ…ÇÊÇÈÅBÉâÉìÉvâ^ì]èIóπ
2026/09/02 2:20:14,52592761,01,TEMP,S80.0
2026/09/02 2:20:14,52592767,OK:01,TEMP,S80.0
2026/09/02 2:20:23,52601980,01,MON?
2026/09/02 2:20:23,52601981,80.3,,CONSTANT,0
2026/09/02 2:20:34,52612121,01,MON?
2026/09/02 2:20:34,52612122,79.5,,CONSTANT,0
2026/09/02 2:20:44,52622261,01,MON?
2026/09/02 2:20:44,52622262,79.1,,CONSTANT,0
2026/09/02 2:20:54,52632401,01,MON?
2026/09/02 2:20:54,52632402,79.6,,CONSTANT,0
2026/09/02 2:21:04,52642541,01,MON?
2026/09/02 2:21:04,52642542,79.2,,CONSTANT,0
2026/09/02 2:21:14,52652681,01,TEMP,S80.0
2026/09/02 2:21:14,52652683,OK:01,TEMP,S80.0
2026/09/02 2:21:14,52652684,01,MODE,CONSTANT
2026/09/02 2:21:14,52652686,OK:01,MODE,CONSTANT
2026/09/02 2:21:14,52652687,01,SET,REF1
2026/09/02 2:21:14,52652689,OK:01,SET,REF1
2026/09/02 2:21:15,52653701,01,MON?
2026/09/02 2:21:15,52653702,80.7,,CONSTANT,0
2026/09/02 2:21:16,52654724,01,TEMP,S79.9
2026/09/02 2:21:16,52654726,OK:01,TEMP,S79.9
2026/09/02 2:21:22,52660794,01,TEMP,S79.8
2026/09/02 2:21:22,52660795,OK:01,TEMP,S79.8
2026/09/02 2:21:25,52663834,01,MON?
2026/09/02 2:21:25,52663835,80.6,,CONSTANT,0
2026/09/02 2:21:28,52666879,01,TEMP,S79.7
2026/09/02 2:21:28,52666885,OK:01,TEMP,S79.7
2026/09/02 2:21:34,52672963,01,TEMP,S79.6
2026/09/02 2:21:34,52672964,OK:01,TEMP,S79.6
2026/09/02 2:21:35,52673982,01,MON?
2026/09/02 2:21:35,52673984,79.2,,CONSTANT,0
2026/09/02 2:21:41,52679047,01,TEMP,S79.5
2026/09/02 2:21:41,52679055,OK:01,TEMP,S79.5
2026/09/02 2:21:46,52684116,01,MON?
2026/09/02 2:21:46,52684123,80.5,,CONSTANT,0
2026/09/02 2:21:47,52685148,01,TEMP,S79.4
2026/09/02 2:21:47,52685150,OK:01,TEMP,S79.4
2026/09/02 2:21:53,52691216,01,TEMP,S79.3
2026/09/02 2:21:53,52691222,OK:01,TEMP,S79.3
2026/09/02 2:21:56,52694258,01,MON?
2026/09/02 2:21:56,52694260,79.2,,CONSTANT,0
2026/09/02 2:21:59,52697296,01,TEMP,S79.2
2026/09/02 2:21:59,52697298,OK:01,TEMP,S79.2
2026/09/02 2:22:05,52703383,01,TEMP,S79.1
2026/09/02 2:22:05,52703390,OK:01,TEMP,S79.1
2026/09/02 2:22:06,52704402,01,MON?
2026/09/02 2:22:06,52704404,79.9,,CONSTANT,0
2026/09/02 2:22:11,52709468,01,TEMP,S79.0
2026/09/02 2:22:11,52709475,OK:01,TEMP,S79.0
2026/09/02 2:22:16,52714538,01,MON?
2026/09/02 2:22:16,52714545,78.6,,CONSTANT,0
2026/09/02 2:22:17,52715569,01,TEMP,S78.9
2026/09/02 2:22:17,52715571,OK:01,TEMP,S78.9
2026/09/02 2:22:23,52721634,01,TEMP,S78.8
2026/09/02 2:22:23,52721641,OK:01,TEMP,S78.8
2026/09/02 2:22:26,52724677,01,MON?
2026/09/02 2:22:26,52724678,78.9,,CONSTANT,0
2026/09/02 2:22:29,52727719,01,TEMP,S78.7
2026/09/02 2:22:29,52727720,OK:01,TEMP,S78.7
2026/09/02 2:22:34,52732789,01,TEMP,S78.6
2026/09/02 2:22:34,52732790,OK:01,TEMP,S78.6
2026/09/02 2:22:36,52734817,01,MON?
2026/09/02 2:22:36,52734818,78.5,,CONSTANT,0
2026/09/02 2:22:40,52738872,01,TEMP,S78.5
2026/09/02 2:22:40,52738873,OK:01,TEMP,S78.5
2026/09/02 2:22:46,52744962,01,MON?
2026/09/02 2:22:46,52744964,78.5,,CONSTANT,0
2026/09/02 2:22:46,52744965,01,TEMP,S78.4
2026/09/02 2:22:46,52744966,OK:01,TEMP,S78.4
2026/09/02 2:22:53,52751041,01,TEMP,S78.3
2026/09/02 2:22:53,52751042,OK:01,TEMP,S78.3
2026/09/02 2:22:57,52755096,01,MON?
2026/09/02 2:22:57,52755098,79.3,,CONSTANT,0
2026/09/02 2:22:59,52757124,01,TEMP,S78.2
2026/09/02 2:22:59,52757131,OK:01,TEMP,S78.2
2026/09/02 2:23:05,52763209,01,TEMP,S78.1
2026/09/02 2:23:05,52763217,OK:01,TEMP,S78.1
2026/09/02 2:23:07,52765235,01,MON?
2026/09/02 2:23:07,52765240,79.0,,CONSTANT,0
2026/09/02 2:23:11,52769293,01,TEMP,S78.0
2026/09/02 2:23:11,52769300,OK:01,TEMP,S78.0
2026/09/02 2:23:17,52775376,01,MON?
2026/09/02 2:23:17,52775383,77.9,,CONSTANT,0
2026/09/02 2:23:17,52775384,01,TEMP,S77.9
2026/09/02 2:23:17,52775386,OK:01,TEMP,S77.9
2026/09/02 2:23:23,52781461,01,TEMP,S77.8
2026/09/02 2:23:23,52781468,OK:01,TEMP,S77.8
2026/09/02 2:23:27,52785517,01,MON?
2026/09/02 2:23:27,52785519,78.4,,CONSTANT,0
2026/09/02 2:23:29,52787545,01,TEMP,S77.7
2026/09/02 2:23:29,52787551,OK:01,TEMP,S77.7
2026/09/02 2:23:35,52793629,01,TEMP,S77.6
2026/09/02 2:23:35,52793630,OK:01,TEMP,S77.6
2026/09/02 2:23:37,52795657,01,MON?
2026/09/02 2:23:37,52795659,77.8,,CONSTANT,0
2026/09/02 2:23:41,52799713,01,TEMP,S77.5
2026/09/02 2:23:41,52799714,OK:01,TEMP,S77.5
2026/09/02 2:23:46,52804784,01,TEMP,S77.4
2026/09/02 2:23:46,52804785,OK:01,TEMP,S77.4
2026/09/02 2:23:47,52805801,01,MON?
2026/09/02 2:23:47,52805802,77.4,,CONSTANT,0
2026/09/02 2:23:52,52810867,01,TEMP,S77.3
2026/09/02 2:23:52,52810874,OK:01,TEMP,S77.3
2026/09/02 2:23:57,52815937,01,MON?
2026/09/02 2:23:57,52815939,77.2,,CONSTANT,0
2026/09/02 2:23:58,52816966,01,TEMP,S77.2
2026/09/02 2:23:58,52816968,OK:01,TEMP,S77.2
2026/09/02 2:24:05,52823036,01,TEMP,S77.1
2026/09/02 2:24:05,52823037,OK:01,TEMP,S77.1
2026/09/02 2:24:08,52826077,01,MON?
2026/09/02 2:24:08,52826084,76.4,,CONSTANT,0
2026/09/02 2:24:11,52829119,01,TEMP,S77.0
2026/09/02 2:24:11,52829120,OK:01,TEMP,S77.0
2026/09/02 2:24:17,52835204,01,TEMP,S76.9
2026/09/02 2:24:17,52835210,OK:01,TEMP,S76.9
2026/09/02 2:24:18,52836220,01,MON?
2026/09/02 2:24:18,52836221,77.6,,CONSTANT,0
2026/09/02 2:24:23,52841288,01,TEMP,S76.8
2026/09/02 2:24:23,52841299,OK:01,TEMP,S76.8
2026/09/02 2:24:28,52846358,01,MON?
2026/09/02 2:24:28,52846364,76.2,,CONSTANT,0
2026/09/02 2:24:29,52847390,01,TEMP,S76.7
2026/09/02 2:24:29,52847392,OK:01,TEMP,S76.7
2026/09/02 2:24:35,52853452,01,TEMP,S76.6
2026/09/02 2:24:35,52853459,OK:01,TEMP,S76.6
2026/09/02 2:24:38,52856493,01,MON?
2026/09/02 2:24:38,52856500,76.7,,CONSTANT,0
2026/09/02 2:24:41,52859535,01,TEMP,S76.5
2026/09/02 2:24:41,52859537,OK:01,TEMP,S76.5
2026/09/02 2:24:47,52865620,01,TEMP,S76.4
2026/09/02 2:24:47,52865622,OK:01,TEMP,S76.4
2026/09/02 2:24:48,52866635,01,MON?
2026/09/02 2:24:48,52866637,76.7,,CONSTANT,0
2026/09/02 2:24:53,52871704,01,TEMP,S76.3
2026/09/02 2:24:53,52871706,OK:01,TEMP,S76.3
2026/09/02 2:24:58,52876773,01,MON?
2026/09/02 2:24:58,52876773,75.4,,CONSTANT,0
2026/09/02 2:24:59,52877787,01,TEMP,S76.2
2026/09/02 2:24:59,52877788,OK:01,TEMP,S76.2
2026/09/02 2:25:04,52882859,01,TEMP,S76.1
2026/09/02 2:25:04,52882866,OK:01,TEMP,S76.1
2026/09/02 2:25:08,52886914,01,MON?
2026/09/02 2:25:08,52886915,76.5,,CONSTANT,0
2026/09/02 2:25:10,52888942,01,TEMP,S76.0
2026/09/02 2:25:10,52888944,OK:01,TEMP,S76.0
2026/09/02 2:25:17,52895025,01,TEMP,S75.9
2026/09/02 2:25:17,52895025,OK:01,TEMP,S75.9
2026/09/02 2:25:19,52897053,01,MON?
2026/09/02 2:25:19,52897060,75.4,,CONSTANT,0
2026/09/02 2:25:23,52901110,01,TEMP,S75.8
2026/09/02 2:25:23,52901116,OK:01,TEMP,S75.8
2026/09/02 2:25:29,52907194,01,MON?
2026/09/02 2:25:29,52907201,75.8,,CONSTANT,0
2026/09/02 2:25:29,52907203,01,TEMP,S75.7
2026/09/02 2:25:29,52907204,OK:01,TEMP,S75.7
2026/09/02 2:25:35,52913277,01,TEMP,S75.6
2026/09/02 2:25:35,52913284,OK:01,TEMP,S75.6
2026/09/02 2:25:39,52917333,01,MON?
2026/09/02 2:25:39,52917334,75.3,,CONSTANT,0
2026/09/02 2:25:41,52919362,01,TEMP,S75.5
2026/09/02 2:25:41,52919364,OK:01,TEMP,S75.5
2026/09/02 2:25:47,52925446,01,TEMP,S75.4
2026/09/02 2:25:47,52925453,OK:01,TEMP,S75.4
2026/09/02 2:25:49,52927474,01,MON?
2026/09/02 2:25:49,52927480,75.6,,CONSTANT,0
2026/09/02 2:25:53,52931530,01,TEMP,S75.3
2026/09/02 2:25:53,52931537,OK:01,TEMP,S75.3
2026/09/02 2:25:59,52937614,01,MON?
2026/09/02 2:25:59,52937616,74.4,,CONSTANT,0
2026/09/02 2:25:59,52937617,01,TEMP,S75.2
2026/09/02 2:25:59,52937618,OK:01,TEMP,S75.2
2026/09/02 2:26:05,52943698,01,TEMP,S75.1
2026/09/02 2:26:05,52943700,OK:01,TEMP,S75.1
2026/09/02 2:26:09,52947754,01,MON?
2026/09/02 2:26:09,52947755,75.2,,CONSTANT,0
2026/09/02 2:26:11,52949782,01,TEMP,S75.0
2026/09/02 2:26:11,52949789,OK:01,TEMP,S75.0
2026/09/02 2:26:16,52954852,01,TEMP,S74.9
2026/09/02 2:26:16,52954853,OK:01,TEMP,S74.9
2026/09/02 2:26:19,52957894,01,MON?
2026/09/02 2:26:19,52957896,74.0,,CONSTANT,0
2026/09/02 2:26:22,52960936,01,TEMP,S74.8
2026/09/02 2:26:22,52960936,OK:01,TEMP,S74.8
2026/09/02 2:26:29,52967020,01,TEMP,S74.7
2026/09/02 2:26:29,52967020,OK:01,TEMP,S74.7
2026/09/02 2:26:30,52968034,01,MON?
2026/09/02 2:26:30,52968035,75.6,,CONSTANT,0
2026/09/02 2:26:35,52973104,01,TEMP,S74.6
2026/09/02 2:26:35,52973111,OK:01,TEMP,S74.6
2026/09/02 2:26:40,52978174,01,MON?
2026/09/02 2:26:40,52978179,75.5,,CONSTANT,0
2026/09/02 2:26:41,52979188,01,TEMP,S74.5
2026/09/02 2:26:41,52979190,OK:01,TEMP,S74.5
2026/09/02 2:26:47,52985272,01,TEMP,S74.4
2026/09/02 2:26:47,52985276,OK:01,TEMP,S74.4
2026/09/02 2:26:50,52988315,01,MON?
2026/09/02 2:26:50,52988322,75.2,,CONSTANT,0
2026/09/02 2:26:53,52991356,01,TEMP,S74.3
2026/09/02 2:26:53,52991357,OK:01,TEMP,S74.3
2026/09/02 2:26:59,52997441,01,TEMP,S74.2
2026/09/02 2:26:59,52997448,OK:01,TEMP,S74.2
2026/09/02 2:27:00,52998454,01,MON?
2026/09/02 2:27:00,52998456,74.9,,CONSTANT,0
2026/09/02 2:27:05,53003524,01,TEMP,S74.1
2026/09/02 2:27:05,53003532,OK:01,TEMP,S74.1
2026/09/02 2:27:10,53008596,01,MON?
2026/09/02 2:27:10,53008598,75.1,,CONSTANT,0
2026/09/02 2:27:11,53009609,01,TEMP,S74.0
2026/09/02 2:27:11,53009611,OK:01,TEMP,S74.0
2026/09/02 2:27:17,53015692,01,TEMP,S73.9
2026/09/02 2:27:17,53015696,OK:01,TEMP,S73.9
2026/09/02 2:27:20,53018735,01,MON?
2026/09/02 2:27:20,53018737,73.4,,CONSTANT,0
2026/09/02 2:27:23,53021777,01,TEMP,S73.8
2026/09/02 2:27:23,53021779,OK:01,TEMP,S73.8
2026/09/02 2:27:29,53027862,01,TEMP,S73.7
2026/09/02 2:27:29,53027864,OK:01,TEMP,S73.7
2026/09/02 2:27:30,53028875,01,MON?
2026/09/02 2:27:30,53028877,73.0,,CONSTANT,0
2026/09/02 2:27:34,53032931,01,TEMP,S73.6
2026/09/02 2:27:34,53032933,OK:01,TEMP,S73.6
2026/09/02 2:27:41,53039015,01,MON?
2026/09/02 2:27:41,53039017,72.6,,CONSTANT,0
2026/09/02 2:27:41,53039018,01,TEMP,S73.5
2026/09/02 2:27:41,53039020,OK:01,TEMP,S73.5
2026/09/02 2:27:47,53045100,01,TEMP,S73.4
2026/09/02 2:27:47,53045107,OK:01,TEMP,S73.4
2026/09/02 2:27:51,53049155,01,MON?
2026/09/02 2:27:51,53049157,73.7,,CONSTANT,0
2026/09/02 2:27:53,53051182,01,TEMP,S73.3
2026/09/02 2:27:53,53051189,OK:01,TEMP,S73.3
2026/09/02 2:27:59,53057266,01,TEMP,S73.2
2026/09/02 2:27:59,53057274,OK:01,TEMP,S73.2
2026/09/02 2:28:01,53059295,01,MON?
2026/09/02 2:28:01,53059302,73.5,,CONSTANT,0
2026/09/02 2:28:05,53063351,01,TEMP,S73.1
2026/09/02 2:28:05,53063358,OK:01,TEMP,S73.1
2026/09/02 2:28:11,53069435,01,MON?
2026/09/02 2:28:11,53069443,72.9,,CONSTANT,0
2026/09/02 2:28:11,53069444,01,TEMP,S73.0
2026/09/02 2:28:11,53069445,OK:01,TEMP,S73.0
2026/09/02 2:28:17,53075519,01,TEMP,S72.9
2026/09/02 2:28:17,53075526,OK:01,TEMP,S72.9
2026/09/02 2:28:21,53079575,01,MON?
2026/09/02 2:28:21,53079576,72.2,,CONSTANT,0
2026/09/02 2:28:23,53081603,01,TEMP,S72.8
2026/09/02 2:28:23,53081610,OK:01,TEMP,S72.8
2026/09/02 2:28:29,53087687,01,TEMP,S72.7
2026/09/02 2:28:29,53087688,OK:01,TEMP,S72.7
2026/09/02 2:28:31,53089714,01,MON?
2026/09/02 2:28:31,53089715,73.0,,CONSTANT,0
2026/09/02 2:28:35,53093771,01,TEMP,S72.6
2026/09/02 2:28:35,53093777,OK:01,TEMP,S72.6
2026/09/02 2:28:41,53099855,01,MON?
2026/09/02 2:28:41,53099856,73.0,,CONSTANT,0
2026/09/02 2:28:41,53099858,01,TEMP,S72.5
2026/09/02 2:28:41,53099859,OK:01,TEMP,S72.5
2026/09/02 2:28:46,53104925,01,TEMP,S72.4
2026/09/02 2:28:46,53104927,OK:01,TEMP,S72.4
2026/09/02 2:28:52,53109995,01,MON?
2026/09/02 2:28:52,53109996,71.5,,CONSTANT,0
2026/09/02 2:28:53,53111009,01,TEMP,S72.3
2026/09/02 2:28:53,53111010,OK:01,TEMP,S72.3
2026/09/02 2:28:59,53117093,01,TEMP,S72.2
2026/09/02 2:28:59,53117100,OK:01,TEMP,S72.2
2026/09/02 2:29:02,53120135,01,MON?
2026/09/02 2:29:02,53120142,71.9,,CONSTANT,0
2026/09/02 2:29:05,53123177,01,TEMP,S72.1
2026/09/02 2:29:05,53123184,OK:01,TEMP,S72.1
2026/09/02 2:29:11,53129262,01,TEMP,S72.0
2026/09/02 2:29:11,53129269,OK:01,TEMP,S72.0
2026/09/02 2:29:12,53130275,01,MON?
2026/09/02 2:29:12,53130277,73.0,,CONSTANT,0
2026/09/02 2:29:17,53135345,01,TEMP,S71.9
2026/09/02 2:29:17,53135354,OK:01,TEMP,S71.9
2026/09/02 2:29:22,53140416,01,MON?
2026/09/02 2:29:22,53140423,71.6,,CONSTANT,0
2026/09/02 2:29:23,53141429,01,TEMP,S71.8
2026/09/02 2:29:23,53141431,OK:01,TEMP,S71.8
2026/09/02 2:29:29,53147514,01,TEMP,S71.7
2026/09/02 2:29:29,53147521,OK:01,TEMP,S71.7
2026/09/02 2:29:32,53150555,01,MON?
2026/09/02 2:29:32,53150557,72.6,,CONSTANT,0
2026/09/02 2:29:35,53153598,01,TEMP,S71.6
2026/09/02 2:29:35,53153598,OK:01,TEMP,S71.6
2026/09/02 2:29:41,53159681,01,TEMP,S71.5
2026/09/02 2:29:41,53159683,OK:01,TEMP,S71.5
2026/09/02 2:29:42,53160696,01,MON?
2026/09/02 2:29:42,53160698,71.8,,CONSTANT,0
2026/09/02 2:29:47,53165766,01,TEMP,S71.4
2026/09/02 2:29:47,53165768,OK:01,TEMP,S71.4
2026/09/02 2:29:52,53170835,01,MON?
2026/09/02 2:29:52,53170837,72.0,,CONSTANT,0
2026/09/02 2:29:53,53171849,01,TEMP,S71.3
2026/09/02 2:29:53,53171851,OK:01,TEMP,S71.3
2026/09/02 2:29:59,53177934,01,TEMP,S71.2
2026/09/02 2:29:59,53177941,OK:01,TEMP,S71.2
2026/09/02 2:30:02,53180977,01,MON?
2026/09/02 2:30:02,53180979,70.3,,CONSTANT,0
2026/09/02 2:30:05,53183004,01,TEMP,S71.1
2026/09/02 2:30:05,53183005,OK:01,TEMP,S71.1
2026/09/02 2:30:11,53189088,01,TEMP,S71.0
2026/09/02 2:30:11,53189095,OK:01,TEMP,S71.0
2026/09/02 2:30:13,53191116,01,MON?
2026/09/02 2:30:13,53191123,71.7,,CONSTANT,0
2026/09/02 2:30:17,53195172,01,TEMP,S70.9
2026/09/02 2:30:17,53195180,OK:01,TEMP,S70.9
2026/09/02 2:30:23,53201256,01,MON?
2026/09/02 2:30:23,53201263,71.5,,CONSTANT,0
2026/09/02 2:30:23,53201265,01,TEMP,S70.8
2026/09/02 2:30:23,53201266,OK:01,TEMP,S70.8
2026/09/02 2:30:29,53207340,01,TEMP,S70.7
2026/09/02 2:30:29,53207347,OK:01,TEMP,S70.7
2026/09/02 2:30:33,53211395,01,MON?
2026/09/02 2:30:33,53211396,71.0,,CONSTANT,0
2026/09/02 2:30:35,53213423,01,TEMP,S70.6
2026/09/02 2:30:35,53213431,OK:01,TEMP,S70.6
2026/09/02 2:30:41,53219508,01,TEMP,S70.5
2026/09/02 2:30:41,53219512,OK:01,TEMP,S70.5
2026/09/02 2:30:43,53221536,01,MON?
2026/09/02 2:30:43,53221536,70.8,,CONSTANT,0
2026/09/02 2:30:47,53225592,01,TEMP,S70.4
2026/09/02 2:30:47,53225594,OK:01,TEMP,S70.4
2026/09/02 2:30:53,53231675,01,MON?
2026/09/02 2:30:53,53231682,69.8,,CONSTANT,0
2026/09/02 2:30:53,53231683,01,TEMP,S70.3
2026/09/02 2:30:53,53231684,OK:01,TEMP,S70.3
2026/09/02 2:30:59,53237760,01,TEMP,S70.2
2026/09/02 2:30:59,53237762,OK:01,TEMP,S70.2
2026/09/02 2:31:03,53241816,01,MON?
2026/09/02 2:31:03,53241818,70.5,,CONSTANT,0
2026/09/02 2:31:05,53243844,01,TEMP,S70.1
2026/09/02 2:31:05,53243851,OK:01,TEMP,S70.1
2026/09/02 2:31:11,53249928,01,TEMP,S70.0
2026/09/02 2:31:11,53249935,OK:01,TEMP,S70.0
2026/09/02 2:31:13,53251956,01,MON?
2026/09/02 2:31:13,53251958,70.1,,CONSTANT,0
2026/09/02 2:31:17,53254998,01,TEMP,S69.9
2026/09/02 2:31:17,53255005,OK:01,TEMP,S69.9
2026/09/02 2:31:23,53261082,01,TEMP,S69.8
2026/09/02 2:31:23,53261090,OK:01,TEMP,S69.8
2026/09/02 2:31:24,53262096,01,MON?
2026/09/02 2:31:24,53262097,69.2,,CONSTANT,0
2026/09/02 2:31:29,53267166,01,TEMP,S69.7
2026/09/02 2:31:29,53267168,OK:01,TEMP,S69.7
2026/09/02 2:31:34,53272237,01,MON?
2026/09/02 2:31:34,53272239,70.2,,CONSTANT,0
2026/09/02 2:31:35,53273251,01,TEMP,S69.6
2026/09/02 2:31:35,53273259,OK:01,TEMP,S69.6
2026/09/02 2:31:41,53279334,01,TEMP,S69.5
2026/09/02 2:31:41,53279346,OK:01,TEMP,S69.5
2026/09/02 2:31:44,53282377,01,MON?
2026/09/02 2:31:44,53282384,70.5,,CONSTANT,0
2026/09/02 2:31:47,53285419,01,TEMP,S69.4
2026/09/02 2:31:47,53285419,OK:01,TEMP,S69.4
2026/09/02 2:31:53,53291502,01,TEMP,S69.3
2026/09/02 2:31:53,53291509,OK:01,TEMP,S69.3
2026/09/02 2:31:54,53292516,01,MON?
2026/09/02 2:31:54,53292518,69.0,,CONSTANT,0
2026/09/02 2:31:59,53297587,01,TEMP,S69.2
2026/09/02 2:31:59,53297589,OK:01,TEMP,S69.2
2026/09/02 2:32:04,53302657,01,MON?
2026/09/02 2:32:04,53302659,68.6,,CONSTANT,0
2026/09/02 2:32:05,53303672,01,TEMP,S69.1
2026/09/02 2:32:05,53303674,OK:01,TEMP,S69.1
2026/09/02 2:32:11,53309755,01,TEMP,S69.0
2026/09/02 2:32:11,53309761,OK:01,TEMP,S69.0
2026/09/02 2:32:14,53312797,01,MON?
2026/09/02 2:32:14,53312799,68.8,,CONSTANT,0
2026/09/02 2:32:17,53315839,01,TEMP,S68.9
2026/09/02 2:32:17,53315840,OK:01,TEMP,S68.9
2026/09/02 2:32:23,53321924,01,TEMP,S68.8
2026/09/02 2:32:23,53321931,OK:01,TEMP,S68.8
2026/09/02 2:32:24,53322937,01,MON?
2026/09/02 2:32:24,53322938,68.5,,CONSTANT,0
2026/09/02 2:32:30,53328007,01,TEMP,S68.7
2026/09/02 2:32:30,53328009,OK:01,TEMP,S68.7
2026/09/02 2:32:35,53333077,01,MON?
2026/09/02 2:32:35,53333079,68.5,,CONSTANT,0
2026/09/02 2:32:35,53333080,01,TEMP,S68.6
2026/09/02 2:32:35,53333081,OK:01,TEMP,S68.6
2026/09/02 2:32:41,53339161,01,TEMP,S68.5
2026/09/02 2:32:41,53339168,OK:01,TEMP,S68.5
2026/09/02 2:32:45,53343217,01,MON?
2026/09/02 2:32:45,53343218,69.1,,CONSTANT,0
2026/09/02 2:32:47,53345246,01,TEMP,S68.4
2026/09/02 2:32:47,53345253,OK:01,TEMP,S68.4
2026/09/02 2:32:53,53351328,01,TEMP,S68.3
2026/09/02 2:32:53,53351331,OK:01,TEMP,S68.3
2026/09/02 2:32:55,53353356,01,MON?
2026/09/02 2:32:55,53353359,68.5,,CONSTANT,0
2026/09/02 2:32:59,53357414,01,TEMP,S68.2
2026/09/02 2:32:59,53357421,OK:01,TEMP,S68.2
2026/09/02 2:33:05,53363497,01,MON?
2026/09/02 2:33:05,53363499,67.2,,CONSTANT,0
2026/09/02 2:33:05,53363500,01,TEMP,S68.1
2026/09/02 2:33:05,53363501,OK:01,TEMP,S68.1
2026/09/02 2:33:11,53369580,01,TEMP,S68.0
2026/09/02 2:33:11,53369581,OK:01,TEMP,S68.0
2026/09/02 2:33:15,53373637,01,MON?
2026/09/02 2:33:15,53373639,68.6,,CONSTANT,0
2026/09/02 2:33:17,53375665,01,TEMP,S67.9
2026/09/02 2:33:17,53375672,OK:01,TEMP,S67.9
2026/09/02 2:33:23,53381749,01,TEMP,S67.8
2026/09/02 2:33:23,53381754,OK:01,TEMP,S67.8
2026/09/02 2:33:25,53383777,01,MON?
2026/09/02 2:33:25,53383779,67.2,,CONSTANT,0
2026/09/02 2:33:29,53387832,01,TEMP,S67.7
2026/09/02 2:33:29,53387839,OK:01,TEMP,S67.7
2026/09/02 2:33:35,53393917,01,MON?
2026/09/02 2:33:35,53393919,67.9,,CONSTANT,0
2026/09/02 2:33:35,53393920,01,TEMP,S67.6
2026/09/02 2:33:35,53393921,OK:01,TEMP,S67.6
2026/09/02 2:33:42,53400001,01,TEMP,S67.5
2026/09/02 2:33:42,53400001,OK:01,TEMP,S67.5
2026/09/02 2:33:46,53404057,01,MON?
2026/09/02 2:33:46,53404058,68.1,,CONSTANT,0
2026/09/02 2:33:47,53405071,01,TEMP,S67.4
2026/09/02 2:33:47,53405079,OK:01,TEMP,S67.4
2026/09/02 2:33:53,53411155,01,TEMP,S67.3
2026/09/02 2:33:53,53411162,OK:01,TEMP,S67.3
2026/09/02 2:33:56,53414197,01,MON?
2026/09/02 2:33:56,53414203,66.9,,CONSTANT,0
2026/09/02 2:33:59,53417239,01,TEMP,S67.2
2026/09/02 2:33:59,53417239,OK:01,TEMP,S67.2
2026/09/02 2:34:05,53423323,01,TEMP,S67.1
2026/09/02 2:34:05,53423330,OK:01,TEMP,S67.1
2026/09/02 2:34:06,53424336,01,MON?
2026/09/02 2:34:06,53424338,66.7,,CONSTANT,0
2026/09/02 2:34:11,53429408,01,TEMP,S67.0
2026/09/02 2:34:11,53429411,OK:01,TEMP,S67.0
2026/09/02 2:34:16,53434477,01,MON?
2026/09/02 2:34:16,53434479,67.7,,CONSTANT,0
2026/09/02 2:34:17,53435492,01,TEMP,S66.9
2026/09/02 2:34:17,53435500,OK:01,TEMP,S66.9
2026/09/02 2:34:23,53441575,01,TEMP,S66.8
2026/09/02 2:34:23,53441582,OK:01,TEMP,S66.8
2026/09/02 2:34:26,53444617,01,MON?
2026/09/02 2:34:26,53444619,67.3,,CONSTANT,0
2026/09/02 2:34:29,53447660,01,TEMP,S66.7
2026/09/02 2:34:29,53447662,OK:01,TEMP,S66.7
2026/09/02 2:34:35,53453744,01,TEMP,S66.6
2026/09/02 2:34:35,53453746,OK:01,TEMP,S66.6
2026/09/02 2:34:36,53454757,01,MON?
2026/09/02 2:34:36,53454759,66.5,,CONSTANT,0
2026/09/02 2:34:41,53459828,01,TEMP,S66.5
2026/09/02 2:34:41,53459830,OK:01,TEMP,S66.5
2026/09/02 2:34:46,53464898,01,MON?
2026/09/02 2:34:46,53464900,65.6,,CONSTANT,0
2026/09/02 2:34:47,53465912,01,TEMP,S66.4
2026/09/02 2:34:47,53465914,OK:01,TEMP,S66.4
2026/09/02 2:34:54,53471995,01,TEMP,S66.3
2026/09/02 2:34:54,53472002,OK:01,TEMP,S66.3
2026/09/02 2:34:57,53475038,01,MON?
2026/09/02 2:34:57,53475039,65.4,,CONSTANT,0
2026/09/02 2:35:00,53478080,01,TEMP,S66.2
2026/09/02 2:35:00,53478087,OK:01,TEMP,S66.2
2026/09/02 2:35:05,53483150,01,TEMP,S66.1
2026/09/02 2:35:05,53483151,OK:01,TEMP,S66.1
2026/09/02 2:35:07,53485177,01,MON?
2026/09/02 2:35:07,53485184,66.5,,CONSTANT,0
2026/09/02 2:35:11,53489234,01,TEMP,S66.0
2026/09/02 2:35:11,53489241,OK:01,TEMP,S66.0
2026/09/02 2:35:17,53495319,01,MON?
2026/09/02 2:35:17,53495326,66.0,,CONSTANT,0
2026/09/02 2:35:17,53495328,01,TEMP,S65.9
2026/09/02 2:35:17,53495329,OK:01,TEMP,S65.9
2026/09/02 2:35:23,53501402,01,TEMP,S65.8
2026/09/02 2:35:23,53501409,OK:01,TEMP,S65.8
2026/09/02 2:35:27,53505457,01,MON?
2026/09/02 2:35:27,53505459,65.3,,CONSTANT,0
2026/09/02 2:35:29,53507486,01,TEMP,S65.7
2026/09/02 2:35:29,53507493,OK:01,TEMP,S65.7
2026/09/02 2:35:35,53513571,01,TEMP,S65.6
2026/09/02 2:35:35,53513573,OK:01,TEMP,S65.6
2026/09/02 2:35:37,53515599,01,MON?
2026/09/02 2:35:37,53515600,65.2,,CONSTANT,0
2026/09/02 2:35:41,53519654,01,TEMP,S65.5
2026/09/02 2:35:41,53519661,OK:01,TEMP,S65.5
2026/09/02 2:35:47,53525737,01,MON?
2026/09/02 2:35:47,53525739,65.0,,CONSTANT,0
2026/09/02 2:35:47,53525740,01,TEMP,S65.4
2026/09/02 2:35:47,53525742,OK:01,TEMP,S65.4
2026/09/02 2:35:53,53531822,01,TEMP,S65.3
2026/09/02 2:35:53,53531824,OK:01,TEMP,S65.3
2026/09/02 2:35:57,53535878,01,MON?
2026/09/02 2:35:57,53535880,64.8,,CONSTANT,0
2026/09/02 2:35:59,53537906,01,TEMP,S65.2
2026/09/02 2:35:59,53537908,OK:01,TEMP,S65.2
2026/09/02 2:36:06,53543989,01,TEMP,S65.1
2026/09/02 2:36:06,53543996,OK:01,TEMP,S65.1
2026/09/02 2:36:08,53546017,01,MON?
2026/09/02 2:36:08,53546019,65.8,,CONSTANT,0
2026/09/02 2:36:12,53550074,01,TEMP,S65.0
2026/09/02 2:36:12,53550074,OK:01,TEMP,S65.0
2026/09/02 2:36:17,53555144,01,TEMP,S64.9
2026/09/02 2:36:17,53555146,OK:01,TEMP,S64.9
2026/09/02 2:36:18,53556158,01,MON?
2026/09/02 2:36:18,53556160,65.7,,CONSTANT,0
2026/09/02 2:36:23,53561228,01,TEMP,S64.8
2026/09/02 2:36:23,53561236,OK:01,TEMP,S64.8
2026/09/02 2:36:28,53566298,01,MON?
2026/09/02 2:36:28,53566300,63.9,,CONSTANT,0
2026/09/02 2:36:29,53567312,01,TEMP,S64.7
2026/09/02 2:36:29,53567314,OK:01,TEMP,S64.7
2026/09/02 2:36:35,53573396,01,TEMP,S64.6
2026/09/02 2:36:35,53573398,OK:01,TEMP,S64.6
2026/09/02 2:36:38,53576438,01,MON?
2026/09/02 2:36:38,53576439,65.0,,CONSTANT,0
2026/09/02 2:36:41,53579480,01,TEMP,S64.5
2026/09/02 2:36:41,53579487,OK:01,TEMP,S64.5
2026/09/02 2:36:47,53585565,01,TEMP,S64.4
2026/09/02 2:36:47,53585567,OK:01,TEMP,S64.4
2026/09/02 2:36:48,53586578,01,MON?
2026/09/02 2:36:48,53586580,64.0,,CONSTANT,0
2026/09/02 2:36:53,53591648,01,TEMP,S64.3
2026/09/02 2:36:53,53591655,OK:01,TEMP,S64.3
2026/09/02 2:36:58,53596718,01,MON?
2026/09/02 2:36:58,53596720,64.4,,CONSTANT,0
2026/09/02 2:36:59,53597732,01,TEMP,S64.2
2026/09/02 2:36:59,53597733,OK:01,TEMP,S64.2
2026/09/02 2:37:05,53603816,01,TEMP,S64.1
2026/09/02 2:37:05,53603818,OK:01,TEMP,S64.1
2026/09/02 2:37:08,53606858,01,MON?
2026/09/02 2:37:08,53606860,63.5,,CONSTANT,0
2026/09/02 2:37:11,53609900,01,TEMP,S64.0
2026/09/02 2:37:11,53609902,OK:01,TEMP,S64.0
2026/09/02 2:37:18,53615984,01,TEMP,S63.9
2026/09/02 2:37:18,53615984,OK:01,TEMP,S63.9
2026/09/02 2:37:19,53617000,01,MON?
2026/09/02 2:37:19,53617002,64.2,,CONSTANT,0
2026/09/02 2:37:24,53622068,01,TEMP,S63.8
2026/09/02 2:37:24,53622075,OK:01,TEMP,S63.8
2026/09/02 2:37:29,53627138,01,MON?
2026/09/02 2:37:29,53627147,62.8,,CONSTANT,0
2026/09/02 2:37:29,53627148,01,TEMP,S63.7
2026/09/02 2:37:29,53627149,OK:01,TEMP,S63.7
2026/09/02 2:37:35,53633222,01,TEMP,S63.6
2026/09/02 2:37:35,53633224,OK:01,TEMP,S63.6
2026/09/02 2:37:39,53637279,01,MON?
2026/09/02 2:37:39,53637281,64.4,,CONSTANT,0
2026/09/02 2:37:41,53639307,01,TEMP,S63.5
2026/09/02 2:37:41,53639309,OK:01,TEMP,S63.5
2026/09/02 2:37:47,53645391,01,TEMP,S63.4
2026/09/02 2:37:47,53645398,OK:01,TEMP,S63.4
2026/09/02 2:37:49,53647419,01,MON?
2026/09/02 2:37:49,53647421,63.5,,CONSTANT,0
2026/09/02 2:37:53,53651475,01,TEMP,S63.3
2026/09/02 2:37:53,53651482,OK:01,TEMP,S63.3
2026/09/02 2:37:59,53657559,01,MON?
2026/09/02 2:37:59,53657561,63.4,,CONSTANT,0
2026/09/02 2:37:59,53657562,01,TEMP,S63.2
2026/09/02 2:37:59,53657563,OK:01,TEMP,S63.2
2026/09/02 2:38:05,53663643,01,TEMP,S63.1
2026/09/02 2:38:05,53663645,OK:01,TEMP,S63.1
2026/09/02 2:38:09,53667699,01,MON?
2026/09/02 2:38:09,53667701,63.5,,CONSTANT,0
2026/09/02 2:38:11,53669727,01,TEMP,S63.0
2026/09/02 2:38:11,53669728,OK:01,TEMP,S63.0
2026/09/02 2:38:17,53675811,01,TEMP,S62.9
2026/09/02 2:38:17,53675813,OK:01,TEMP,S62.9
2026/09/02 2:38:19,53677839,01,MON?
2026/09/02 2:38:19,53677839,63.4,,CONSTANT,0
2026/09/02 2:38:23,53681894,01,TEMP,S62.8
2026/09/02 2:38:23,53681895,OK:01,TEMP,S62.8
2026/09/02 2:38:29,53687979,01,MON?
2026/09/02 2:38:29,53687980,63.5,,CONSTANT,0
2026/09/02 2:38:29,53687982,01,TEMP,S62.7
2026/09/02 2:38:29,53687983,OK:01,TEMP,S62.7
2026/09/02 2:38:36,53694063,01,TEMP,S62.6
2026/09/02 2:38:36,53694065,OK:01,TEMP,S62.6
2026/09/02 2:38:40,53698119,01,MON?
2026/09/02 2:38:40,53698121,62.0,,CONSTANT,0
2026/09/02 2:38:42,53700146,01,TEMP,S62.5
2026/09/02 2:38:42,53700153,OK:01,TEMP,S62.5
2026/09/02 2:38:47,53705217,01,TEMP,S62.4
2026/09/02 2:38:47,53705224,OK:01,TEMP,S62.4
2026/09/02 2:38:50,53708259,01,MON?
2026/09/02 2:38:50,53708261,61.9,,CONSTANT,0
2026/09/02 2:38:53,53711301,01,TEMP,S62.3
2026/09/02 2:38:53,53711308,OK:01,TEMP,S62.3
2026/09/02 2:38:59,53717385,01,TEMP,S62.2
2026/09/02 2:38:59,53717387,OK:01,TEMP,S62.2
2026/09/02 2:39:00,53718399,01,MON?
2026/09/02 2:39:00,53718401,62.9,,CONSTANT,0
2026/09/02 2:39:05,53723469,01,TEMP,S62.1
2026/09/02 2:39:05,53723476,OK:01,TEMP,S62.1
2026/09/02 2:39:10,53728539,01,MON?
2026/09/02 2:39:10,53728540,62.6,,CONSTANT,0
2026/09/02 2:39:11,53729553,01,TEMP,S62.0
2026/09/02 2:39:11,53729555,OK:01,TEMP,S62.0
2026/09/02 2:39:17,53735637,01,TEMP,S61.9
2026/09/02 2:39:17,53735639,OK:01,TEMP,S61.9
2026/09/02 2:39:20,53738680,01,MON?
2026/09/02 2:39:20,53738681,62.0,,CONSTANT,0
2026/09/02 2:39:23,53741722,01,TEMP,S61.8
2026/09/02 2:39:23,53741724,OK:01,TEMP,S61.8
2026/09/02 2:39:29,53747805,01,TEMP,S61.7
2026/09/02 2:39:29,53747805,OK:01,TEMP,S61.7
2026/09/02 2:39:30,53748820,01,MON?
2026/09/02 2:39:30,53748822,61.6,,CONSTANT,0
2026/09/02 2:39:35,53753889,01,TEMP,S61.6
2026/09/02 2:39:35,53753893,OK:01,TEMP,S61.6
2026/09/02 2:39:40,53758960,01,MON?
2026/09/02 2:39:40,53758962,61.1,,CONSTANT,0
2026/09/02 2:39:41,53759974,01,TEMP,S61.5
2026/09/02 2:39:41,53759976,OK:01,TEMP,S61.5
2026/09/02 2:39:48,53766057,01,TEMP,S61.4
2026/09/02 2:39:48,53766059,OK:01,TEMP,S61.4
2026/09/02 2:39:51,53769100,01,MON?
2026/09/02 2:39:51,53769107,60.9,,CONSTANT,0
2026/09/02 2:39:54,53772141,01,TEMP,S61.3
2026/09/02 2:39:54,53772148,OK:01,TEMP,S61.3
2026/09/02 2:39:59,53777213,01,TEMP,S61.2
2026/09/02 2:39:59,53777220,OK:01,TEMP,S61.2
2026/09/02 2:40:01,53779239,01,MON?
2026/09/02 2:40:01,53779240,60.3,,CONSTANT,0
2026/09/02 2:40:05,53783295,01,TEMP,S61.1
2026/09/02 2:40:05,53783303,OK:01,TEMP,S61.1
2026/09/02 2:40:11,53789380,01,MON?
2026/09/02 2:40:11,53789381,60.3,,CONSTANT,0
2026/09/02 2:40:11,53789383,01,TEMP,S61.0
2026/09/02 2:40:11,53789384,OK:01,TEMP,S61.0
2026/09/02 2:40:17,53795464,01,TEMP,S60.9
2026/09/02 2:40:17,53795466,OK:01,TEMP,S60.9
2026/09/02 2:40:21,53799520,01,MON?
2026/09/02 2:40:21,53799522,61.4,,CONSTANT,0
2026/09/02 2:40:23,53801547,01,TEMP,S60.8
2026/09/02 2:40:23,53801549,OK:01,TEMP,S60.8
2026/09/02 2:40:29,53807631,01,TEMP,S60.7
2026/09/02 2:40:29,53807633,OK:01,TEMP,S60.7
2026/09/02 2:40:31,53809660,01,MON?
2026/09/02 2:40:31,53809661,61.7,,CONSTANT,0
2026/09/02 2:40:35,53813717,01,TEMP,S60.6
2026/09/02 2:40:35,53813723,OK:01,TEMP,S60.6
2026/09/02 2:40:41,53819800,01,MON?
2026/09/02 2:40:41,53819802,60.6,,CONSTANT,0
2026/09/02 2:40:41,53819803,01,TEMP,S60.5
2026/09/02 2:40:41,53819804,OK:01,TEMP,S60.5
2026/09/02 2:40:47,53825883,01,TEMP,S60.4
2026/09/02 2:40:47,53825885,OK:01,TEMP,S60.4
2026/09/02 2:40:51,53829940,01,MON?
2026/09/02 2:40:51,53829942,60.9,,CONSTANT,0
2026/09/02 2:40:53,53831968,01,TEMP,S60.3
2026/09/02 2:40:53,53831970,OK:01,TEMP,S60.3
2026/09/02 2:41:00,53838051,01,TEMP,S60.2
2026/09/02 2:41:00,53838053,OK:01,TEMP,S60.2
2026/09/02 2:41:02,53840079,01,MON?
2026/09/02 2:41:02,53840086,60.4,,CONSTANT,0
2026/09/02 2:41:06,53844136,01,TEMP,S60.1
2026/09/02 2:41:06,53844143,OK:01,TEMP,S60.1
2026/09/02 2:41:12,53850220,01,MON?
2026/09/02 2:41:12,53850222,59.3,,CONSTANT,0
2026/09/02 2:41:12,53850223,01,TEMP,S60.0
2026/09/02 2:41:12,53850224,OK:01,TEMP,S60.0
2026/09/02 2:41:17,53855290,01,TEMP,S59.9
2026/09/02 2:41:17,53855300,OK:01,TEMP,S59.9
2026/09/02 2:41:22,53860359,01,MON?
2026/09/02 2:41:22,53860361,59.4,,CONSTANT,0
2026/09/02 2:41:23,53861373,01,TEMP,S59.8
2026/09/02 2:41:23,53861375,OK:01,TEMP,S59.8
2026/09/02 2:41:29,53867458,01,TEMP,S59.7
2026/09/02 2:41:29,53867460,OK:01,TEMP,S59.7
2026/09/02 2:41:32,53870500,01,MON?
2026/09/02 2:41:32,53870501,59.3,,CONSTANT,0
2026/09/02 2:41:35,53873542,01,TEMP,S59.6
2026/09/02 2:41:35,53873549,OK:01,TEMP,S59.6
2026/09/02 2:41:41,53879626,01,TEMP,S59.5
2026/09/02 2:41:41,53879627,OK:01,TEMP,S59.5
2026/09/02 2:41:42,53880640,01,MON?
2026/09/02 2:41:42,53880642,59.4,,CONSTANT,0
2026/09/02 2:41:47,53885710,01,TEMP,S59.4
2026/09/02 2:41:47,53885717,OK:01,TEMP,S59.4
2026/09/02 2:41:52,53890780,01,MON?
2026/09/02 2:41:52,53890782,60.1,,CONSTANT,0
2026/09/02 2:41:53,53891794,01,TEMP,S59.3
2026/09/02 2:41:53,53891796,OK:01,TEMP,S59.3
2026/09/02 2:41:59,53897879,01,TEMP,S59.2
2026/09/02 2:41:59,53897880,OK:01,TEMP,S59.2
2026/09/02 2:42:02,53900921,01,MON?
2026/09/02 2:42:02,53900923,58.9,,CONSTANT,0
2026/09/02 2:42:05,53903963,01,TEMP,S59.1
2026/09/02 2:42:05,53903970,OK:01,TEMP,S59.1
2026/09/02 2:42:12,53910046,01,TEMP,S59.0
2026/09/02 2:42:12,53910047,OK:01,TEMP,S59.0
2026/09/02 2:42:13,53911060,01,MON?
2026/09/02 2:42:13,53911067,59.0,,CONSTANT,0
2026/09/02 2:42:18,53916132,01,TEMP,S58.9
2026/09/02 2:42:18,53916139,OK:01,TEMP,S58.9
2026/09/02 2:42:23,53921201,01,MON?
2026/09/02 2:42:23,53921208,58.9,,CONSTANT,0
2026/09/02 2:42:24,53922214,01,TEMP,S58.8
2026/09/02 2:42:24,53922216,OK:01,TEMP,S58.8
2026/09/02 2:42:29,53927285,01,TEMP,S58.7
2026/09/02 2:42:29,53927292,OK:01,TEMP,S58.7
2026/09/02 2:42:33,53931341,01,MON?
2026/09/02 2:42:33,53931343,58.8,,CONSTANT,0
2026/09/02 2:42:35,53933369,01,TEMP,S58.6
2026/09/02 2:42:35,53933376,OK:01,TEMP,S58.6
2026/09/02 2:42:41,53939453,01,TEMP,S58.5
2026/09/02 2:42:41,53939453,OK:01,TEMP,S58.5
2026/09/02 2:42:43,53941481,01,MON?
2026/09/02 2:42:43,53941483,57.9,,CONSTANT,0
2026/09/02 2:42:47,53945537,01,TEMP,S58.4
2026/09/02 2:42:47,53945539,OK:01,TEMP,S58.4
2026/09/02 2:42:53,53951621,01,MON?
2026/09/02 2:42:53,53951623,58.2,,CONSTANT,0
2026/09/02 2:42:53,53951624,01,TEMP,S58.3
2026/09/02 2:42:53,53951625,OK:01,TEMP,S58.3
2026/09/02 2:42:59,53957705,01,TEMP,S58.2
2026/09/02 2:42:59,53957707,OK:01,TEMP,S58.2
2026/09/02 2:43:03,53961761,01,MON?
2026/09/02 2:43:03,53961762,57.9,,CONSTANT,0
2026/09/02 2:43:05,53963788,01,TEMP,S58.1
2026/09/02 2:43:05,53963790,OK:01,TEMP,S58.1
2026/09/02 2:43:11,53969874,01,TEMP,S58.0
2026/09/02 2:43:11,53969876,OK:01,TEMP,S58.0
2026/09/02 2:43:13,53971901,01,MON?
2026/09/02 2:43:13,53971903,58.6,,CONSTANT,0
2026/09/02 2:43:17,53975957,01,TEMP,S57.9
2026/09/02 2:43:17,53975959,OK:01,TEMP,S57.9
2026/09/02 2:43:24,53982041,01,MON?
2026/09/02 2:43:24,53982043,58.6,,CONSTANT,0
2026/09/02 2:43:24,53982044,01,TEMP,S57.8
2026/09/02 2:43:24,53982046,OK:01,TEMP,S57.8
2026/09/02 2:43:30,53988125,01,TEMP,S57.7
2026/09/02 2:43:30,53988132,OK:01,TEMP,S57.7
2026/09/02 2:43:34,53992181,01,MON?
2026/09/02 2:43:34,53992183,58.1,,CONSTANT,0
2026/09/02 2:43:36,53994209,01,TEMP,S57.6
2026/09/02 2:43:36,53994216,OK:01,TEMP,S57.6
2026/09/02 2:43:42,54000292,01,TEMP,S57.5
2026/09/02 2:43:42,54000299,OK:01,TEMP,S57.5
2026/09/02 2:43:44,54002321,01,MON?
2026/09/02 2:43:44,54002328,57.2,,CONSTANT,0
2026/09/02 2:43:47,54005363,01,TEMP,S57.4
2026/09/02 2:43:47,54005366,OK:01,TEMP,S57.4
2026/09/02 2:43:53,54011447,01,TEMP,S57.3
2026/09/02 2:43:53,54011454,OK:01,TEMP,S57.3
2026/09/02 2:43:54,54012461,01,MON?
2026/09/02 2:43:54,54012463,57.2,,CONSTANT,0
2026/09/02 2:43:59,54017530,01,TEMP,S57.2
2026/09/02 2:43:59,54017537,OK:01,TEMP,S57.2
2026/09/02 2:44:04,54022601,01,MON?
2026/09/02 2:44:04,54022603,57.2,,CONSTANT,0
2026/09/02 2:44:05,54023615,01,TEMP,S57.1
2026/09/02 2:44:05,54023617,OK:01,TEMP,S57.1
2026/09/02 2:44:11,54029699,01,TEMP,S57.0
2026/09/02 2:44:11,54029701,OK:01,TEMP,S57.0
2026/09/02 2:44:14,54032741,01,MON?
2026/09/02 2:44:14,54032743,56.7,,CONSTANT,0
2026/09/02 2:44:17,54035782,01,TEMP,S56.9
2026/09/02 2:44:17,54035789,OK:01,TEMP,S56.9
2026/09/02 2:44:23,54041867,01,TEMP,S56.8
2026/09/02 2:44:23,54041868,OK:01,TEMP,S56.8
2026/09/02 2:44:24,54042881,01,MON?
2026/09/02 2:44:24,54042883,56.9,,CONSTANT,0
2026/09/02 2:44:29,54047951,01,TEMP,S56.7
2026/09/02 2:44:29,54047958,OK:01,TEMP,S56.7
2026/09/02 2:44:35,54053021,01,MON?
2026/09/02 2:44:35,54053023,57.7,,CONSTANT,0
2026/09/02 2:44:36,54054036,01,TEMP,S56.6
2026/09/02 2:44:36,54054038,OK:01,TEMP,S56.6
2026/09/02 2:44:42,54060120,01,TEMP,S56.5
2026/09/02 2:44:42,54060128,OK:01,TEMP,S56.5
2026/09/02 2:44:45,54063161,01,MON?
2026/09/02 2:44:45,54063167,56.0,,CONSTANT,0
2026/09/02 2:44:48,54066203,01,TEMP,S56.4
2026/09/02 2:44:48,54066205,OK:01,TEMP,S56.4
2026/09/02 2:44:54,54072288,01,TEMP,S56.3
2026/09/02 2:44:54,54072290,OK:01,TEMP,S56.3
2026/09/02 2:44:55,54073302,01,MON?
2026/09/02 2:44:55,54073303,55.5,,CONSTANT,0
2026/09/02 2:44:59,54077357,01,TEMP,S56.2
2026/09/02 2:44:59,54077364,OK:01,TEMP,S56.2
2026/09/02 2:45:05,54083441,01,MON?
2026/09/02 2:45:05,54083443,56.5,,CONSTANT,0
2026/09/02 2:45:05,54083444,01,TEMP,S56.1
2026/09/02 2:45:05,54083445,OK:01,TEMP,S56.1
2026/09/02 2:45:11,54089526,01,TEMP,S56.0
2026/09/02 2:45:11,54089528,OK:01,TEMP,S56.0
2026/09/02 2:45:15,54093583,01,MON?
2026/09/02 2:45:15,54093585,55.1,,CONSTANT,0
2026/09/02 2:45:17,54095610,01,TEMP,S55.9
2026/09/02 2:45:17,54095612,OK:01,TEMP,S55.9
2026/09/02 2:45:23,54101693,01,TEMP,S55.8
2026/09/02 2:45:23,54101695,OK:01,TEMP,S55.8
2026/09/02 2:45:25,54103722,01,MON?
2026/09/02 2:45:25,54103724,55.2,,CONSTANT,0
2026/09/02 2:45:29,54107778,01,TEMP,S55.7
2026/09/02 2:45:29,54107778,OK:01,TEMP,S55.7
2026/09/02 2:45:35,54113861,01,MON?
2026/09/02 2:45:35,54113863,56.0,,CONSTANT,0
2026/09/02 2:45:35,54113864,01,TEMP,S55.6
2026/09/02 2:45:35,54113865,OK:01,TEMP,S55.6
2026/09/02 2:45:41,54119946,01,TEMP,S55.5
2026/09/02 2:45:41,54119948,OK:01,TEMP,S55.5
2026/09/02 2:45:46,54124002,01,MON?
2026/09/02 2:45:46,54124004,54.7,,CONSTANT,0
2026/09/02 2:45:48,54126030,01,TEMP,S55.4
2026/09/02 2:45:48,54126032,OK:01,TEMP,S55.4
2026/09/02 2:45:54,54132115,01,TEMP,S55.3
2026/09/02 2:45:54,54132122,OK:01,TEMP,S55.3
2026/09/02 2:45:56,54134142,01,MON?
2026/09/02 2:45:56,54134149,56.0,,CONSTANT,0
2026/09/02 2:46:00,54138197,01,TEMP,S55.2
2026/09/02 2:46:00,54138197,OK:01,TEMP,S55.2
2026/09/02 2:46:06,54144282,01,MON?
2026/09/02 2:46:06,54144289,55.3,,CONSTANT,0
2026/09/02 2:46:06,54144290,01,TEMP,S55.1
2026/09/02 2:46:06,54144292,OK:01,TEMP,S55.1
2026/09/02 2:46:12,54150366,01,TEMP,S55.0
2026/09/02 2:46:12,54150373,OK:01,TEMP,S55.0
2026/09/02 2:46:16,54154421,01,MON?
2026/09/02 2:46:16,54154427,54.2,,CONSTANT,0
2026/09/02 2:46:17,54155435,01,TEMP,S54.9
2026/09/02 2:46:17,54155436,OK:01,TEMP,S54.9
2026/09/02 2:46:23,54161520,01,TEMP,S54.8
2026/09/02 2:46:23,54161522,OK:01,TEMP,S54.8
2026/09/02 2:46:26,54164562,01,MON?
2026/09/02 2:46:26,54164564,55.3,,CONSTANT,0
2026/09/02 2:46:29,54167604,01,TEMP,S54.7
2026/09/02 2:46:29,54167605,OK:01,TEMP,S54.7
2026/09/02 2:46:35,54173687,01,TEMP,S54.6
2026/09/02 2:46:35,54173689,OK:01,TEMP,S54.6
2026/09/02 2:46:36,54174701,01,MON?
2026/09/02 2:46:36,54174703,54.1,,CONSTANT,0
2026/09/02 2:46:41,54179772,01,TEMP,S54.5
2026/09/02 2:46:41,54179774,OK:01,TEMP,S54.5
2026/09/02 2:46:46,54184842,01,MON?
2026/09/02 2:46:46,54184844,55.1,,CONSTANT,0
2026/09/02 2:46:47,54185856,01,TEMP,S54.4
2026/09/02 2:46:47,54185858,OK:01,TEMP,S54.4
2026/09/02 2:46:53,54191940,01,TEMP,S54.3
2026/09/02 2:46:53,54191943,OK:01,TEMP,S54.3
2026/09/02 2:46:56,54194982,01,MON?
2026/09/02 2:46:56,54194983,53.7,,CONSTANT,0
2026/09/02 2:47:00,54198024,01,TEMP,S54.2
2026/09/02 2:47:00,54198031,OK:01,TEMP,S54.2
2026/09/02 2:47:06,54204108,01,TEMP,S54.1
2026/09/02 2:47:06,54204114,OK:01,TEMP,S54.1
2026/09/02 2:47:07,54205122,01,MON?
2026/09/02 2:47:07,54205124,54.5,,CONSTANT,0
2026/09/02 2:47:12,54210192,01,TEMP,S54.0
2026/09/02 2:47:12,54210199,OK:01,TEMP,S54.0
2026/09/02 2:47:17,54215263,01,MON?
2026/09/02 2:47:17,54215270,53.1,,CONSTANT,0
2026/09/02 2:47:18,54216276,01,TEMP,S53.9
2026/09/02 2:47:18,54216278,OK:01,TEMP,S53.9
2026/09/02 2:47:24,54222360,01,TEMP,S53.8
2026/09/02 2:47:24,54222367,OK:01,TEMP,S53.8
2026/09/02 2:47:27,54225402,01,MON?
2026/09/02 2:47:27,54225409,53.1,,CONSTANT,0
2026/09/02 2:47:29,54227431,01,TEMP,S53.7
2026/09/02 2:47:29,54227433,OK:01,TEMP,S53.7
2026/09/02 2:47:35,54233514,01,TEMP,S53.6
2026/09/02 2:47:35,54233516,OK:01,TEMP,S53.6
2026/09/02 2:47:37,54235542,01,MON?
2026/09/02 2:47:37,54235544,53.6,,CONSTANT,0
2026/09/02 2:47:41,54239599,01,TEMP,S53.5
2026/09/02 2:47:41,54239600,OK:01,TEMP,S53.5
2026/09/02 2:47:47,54245682,01,MON?
2026/09/02 2:47:47,54245684,53.6,,CONSTANT,0
2026/09/02 2:47:47,54245685,01,TEMP,S53.4
2026/09/02 2:47:47,54245686,OK:01,TEMP,S53.4
2026/09/02 2:47:53,54251767,01,TEMP,S53.3
2026/09/02 2:47:53,54251769,OK:01,TEMP,S53.3
2026/09/02 2:47:57,54255822,01,MON?
2026/09/02 2:47:57,54255824,53.6,,CONSTANT,0
2026/09/02 2:47:59,54257851,01,TEMP,S53.2
2026/09/02 2:47:59,54257853,OK:01,TEMP,S53.2
2026/09/02 2:48:05,54263935,01,TEMP,S53.1
2026/09/02 2:48:05,54263937,OK:01,TEMP,S53.1
2026/09/02 2:48:07,54265964,01,MON?
2026/09/02 2:48:07,54265965,53.7,,CONSTANT,0
2026/09/02 2:48:12,54270020,01,TEMP,S53.0
2026/09/02 2:48:12,54270020,OK:01,TEMP,S53.0
2026/09/02 2:48:18,54276103,01,MON?
2026/09/02 2:48:18,54276105,53.9,,CONSTANT,0
2026/09/02 2:48:18,54276106,01,TEMP,S52.9
2026/09/02 2:48:18,54276108,OK:01,TEMP,S52.9
2026/09/02 2:48:24,54282188,01,TEMP,S52.8
2026/09/02 2:48:24,54282195,OK:01,TEMP,S52.8
2026/09/02 2:48:28,54286243,01,MON?
2026/09/02 2:48:28,54286245,53.6,,CONSTANT,0
2026/09/02 2:48:30,54288271,01,TEMP,S52.7
2026/09/02 2:48:30,54288278,OK:01,TEMP,S52.7
2026/09/02 2:48:36,54294354,01,TEMP,S52.6
2026/09/02 2:48:36,54294361,OK:01,TEMP,S52.6
2026/09/02 2:48:38,54296382,01,MON?
2026/09/02 2:48:38,54296389,52.2,,CONSTANT,0
2026/09/02 2:48:42,54300439,01,TEMP,S52.5
2026/09/02 2:48:42,54300447,OK:01,TEMP,S52.5
2026/09/02 2:48:47,54305509,01,TEMP,S52.4
2026/09/02 2:48:47,54305516,OK:01,TEMP,S52.4
2026/09/02 2:48:48,54306523,01,MON?
2026/09/02 2:48:48,54306525,52.3,,CONSTANT,0
2026/09/02 2:48:53,54311592,01,TEMP,S52.3
2026/09/02 2:48:53,54311601,OK:01,TEMP,S52.3
2026/09/02 2:48:58,54316663,01,MON?
2026/09/02 2:48:58,54316664,52.1,,CONSTANT,0
2026/09/02 2:48:59,54317677,01,TEMP,S52.2
2026/09/02 2:48:59,54317679,OK:01,TEMP,S52.2
2026/09/02 2:49:05,54323761,01,TEMP,S52.1
2026/09/02 2:49:05,54323762,OK:01,TEMP,S52.1
2026/09/02 2:49:08,54326803,01,MON?
2026/09/02 2:49:08,54326805,52.8,,CONSTANT,0
2026/09/02 2:49:11,54329845,01,TEMP,S52.0
2026/09/02 2:49:11,54329847,OK:01,TEMP,S52.0
2026/09/02 2:49:17,54335929,01,TEMP,S51.9
2026/09/02 2:49:17,54335931,OK:01,TEMP,S51.9
2026/09/02 2:49:18,54336943,01,MON?
2026/09/02 2:49:18,54336945,52.2,,CONSTANT,0
2026/09/02 2:49:24,54342013,01,TEMP,S51.8
2026/09/02 2:49:24,54342015,OK:01,TEMP,S51.8
2026/09/02 2:49:29,54347083,01,MON?
2026/09/02 2:49:29,54347089,51.4,,CONSTANT,0
2026/09/02 2:49:30,54348097,01,TEMP,S51.7
2026/09/02 2:49:30,54348099,OK:01,TEMP,S51.7
2026/09/02 2:49:36,54354181,01,TEMP,S51.6
2026/09/02 2:49:36,54354188,OK:01,TEMP,S51.6
2026/09/02 2:49:39,54357223,01,MON?
2026/09/02 2:49:39,54357230,51.1,,CONSTANT,0
2026/09/02 2:49:42,54360265,01,TEMP,S51.5
2026/09/02 2:49:42,54360271,OK:01,TEMP,S51.5
2026/09/02 2:49:48,54366350,01,TEMP,S51.4
2026/09/02 2:49:48,54366352,OK:01,TEMP,S51.4
2026/09/02 2:49:49,54367363,01,MON?
2026/09/02 2:49:49,54367365,52.4,,CONSTANT,0
2026/09/02 2:49:54,54372433,01,TEMP,S51.3
2026/09/02 2:49:54,54372441,OK:01,TEMP,S51.3
2026/09/02 2:49:59,54377503,01,MON?
2026/09/02 2:49:59,54377507,50.4,,CONSTANT,0
2026/09/02 2:49:59,54377508,01,TEMP,S51.2
2026/09/02 2:49:59,54377509,OK:01,TEMP,S51.2
2026/09/02 2:50:05,54383588,01,TEMP,S51.1
2026/09/02 2:50:05,54383590,OK:01,TEMP,S51.1
2026/09/02 2:50:09,54387644,01,MON?
2026/09/02 2:50:09,54387645,51.0,,CONSTANT,0
2026/09/02 2:50:11,54389672,01,TEMP,S51.0
2026/09/02 2:50:11,54389674,OK:01,TEMP,S51.0
2026/09/02 2:50:17,54395755,01,TEMP,S50.9
2026/09/02 2:50:17,54395757,OK:01,TEMP,S50.9
2026/09/02 2:50:19,54397784,01,MON?
2026/09/02 2:50:19,54397786,51.0,,CONSTANT,0
2026/09/02 2:50:23,54401839,01,TEMP,S50.8
2026/09/02 2:50:23,54401841,OK:01,TEMP,S50.8
2026/09/02 2:50:29,54407924,01,MON?
2026/09/02 2:50:29,54407926,50.3,,CONSTANT,0
2026/09/02 2:50:29,54407927,01,TEMP,S50.7
2026/09/02 2:50:29,54407929,OK:01,TEMP,S50.7
2026/09/02 2:50:36,54414008,01,TEMP,S50.6
2026/09/02 2:50:36,54414010,OK:01,TEMP,S50.6
2026/09/02 2:50:40,54418063,01,MON?
2026/09/02 2:50:40,54418064,51.2,,CONSTANT,0
2026/09/02 2:50:42,54420091,01,TEMP,S50.5
2026/09/02 2:50:42,54420095,OK:01,TEMP,S50.5
2026/09/02 2:50:48,54426176,01,TEMP,S50.4
2026/09/02 2:50:48,54426183,OK:01,TEMP,S50.4
2026/09/02 2:50:50,54428204,01,MON?
2026/09/02 2:50:50,54428211,50.8,,CONSTANT,0
2026/09/02 2:50:54,54432259,01,TEMP,S50.3
2026/09/02 2:50:54,54432267,OK:01,TEMP,S50.3
2026/09/02 2:51:00,54438344,01,MON?
2026/09/02 2:51:00,54438351,49.7,,CONSTANT,0
2026/09/02 2:51:00,54438353,01,TEMP,S50.2
2026/09/02 2:51:00,54438354,OK:01,TEMP,S50.2
2026/09/02 2:51:06,54444429,01,TEMP,S50.1
2026/09/02 2:51:06,54444436,OK:01,TEMP,S50.1
2026/09/02 2:51:10,54448483,01,MON?
2026/09/02 2:51:10,54448485,49.3,,CONSTANT,0
2026/09/02 2:51:11,54449498,01,TEMP,S50.0
2026/09/02 2:51:11,54449500,OK:01,TEMP,S50.0
2026/09/02 2:51:17,54455581,01,TEMP,S49.9
2026/09/02 2:51:17,54455583,OK:01,TEMP,S49.9
2026/09/02 2:51:20,54458624,01,MON?
2026/09/02 2:51:20,54458626,49.5,,CONSTANT,0
2026/09/02 2:51:23,54461666,01,TEMP,S49.8
2026/09/02 2:51:23,54461669,OK:01,TEMP,S49.8
2026/09/02 2:51:29,54467750,01,TEMP,S49.7
2026/09/02 2:51:29,54467752,OK:01,TEMP,S49.7
2026/09/02 2:51:30,54468763,01,MON?
2026/09/02 2:51:30,54468765,49.4,,CONSTANT,0
2026/09/02 2:51:35,54473834,01,TEMP,S49.6
2026/09/02 2:51:35,54473841,OK:01,TEMP,S49.6
2026/09/02 2:51:40,54478904,01,MON?
2026/09/02 2:51:40,54478906,49.4,,CONSTANT,0
2026/09/02 2:51:41,54479918,01,TEMP,S49.5
2026/09/02 2:51:41,54479920,OK:01,TEMP,S49.5
2026/09/02 2:51:48,54486002,01,TEMP,S49.4
2026/09/02 2:51:48,54486004,OK:01,TEMP,S49.4
2026/09/02 2:51:51,54489043,01,MON?
2026/09/02 2:51:51,54489050,48.8,,CONSTANT,0
2026/09/02 2:51:54,54492086,01,TEMP,S49.3
2026/09/02 2:51:54,54492093,OK:01,TEMP,S49.3
2026/09/02 2:52:00,54498170,01,TEMP,S49.2
2026/09/02 2:52:00,54498172,OK:01,TEMP,S49.2
2026/09/02 2:52:01,54499184,01,MON?
2026/09/02 2:52:01,54499186,50.2,,CONSTANT,0
2026/09/02 2:52:06,54504254,01,TEMP,S49.1
2026/09/02 2:52:06,54504258,OK:01,TEMP,S49.1
2026/09/02 2:52:11,54509324,01,MON?
2026/09/02 2:52:11,54509331,48.4,,CONSTANT,0
2026/09/02 2:52:12,54510338,01,TEMP,S49.0
2026/09/02 2:52:12,54510340,OK:01,TEMP,S49.0
2026/09/02 2:52:18,54516422,01,TEMP,S48.9
2026/09/02 2:52:18,54516429,OK:01,TEMP,S48.9
2026/09/02 2:52:21,54519465,01,MON?
2026/09/02 2:52:21,54519472,48.7,,CONSTANT,0
2026/09/02 2:52:24,54522506,01,TEMP,S48.8
2026/09/02 2:52:24,54522513,OK:01,TEMP,S48.8
2026/09/02 2:52:29,54527576,01,TEMP,S48.7
2026/09/02 2:52:29,54527578,OK:01,TEMP,S48.7
2026/09/02 2:52:31,54529605,01,MON?
2026/09/02 2:52:31,54529606,49.4,,CONSTANT,0
2026/09/02 2:52:35,54533660,01,TEMP,S48.6
2026/09/02 2:52:35,54533660,OK:01,TEMP,S48.6
2026/09/02 2:52:41,54539744,01,MON?
2026/09/02 2:52:41,54539745,48.2,,CONSTANT,0
2026/09/02 2:52:41,54539747,01,TEMP,S48.5
2026/09/02 2:52:41,54539748,OK:01,TEMP,S48.5
2026/09/02 2:52:47,54545829,01,TEMP,S48.4
2026/09/02 2:52:47,54545831,OK:01,TEMP,S48.4
2026/09/02 2:52:51,54549884,01,MON?
2026/09/02 2:52:51,54549886,49.0,,CONSTANT,0
2026/09/02 2:52:53,54551912,01,TEMP,S48.3
2026/09/02 2:52:53,54551913,OK:01,TEMP,S48.3
2026/09/02 2:53:00,54557997,01,TEMP,S48.2
2026/09/02 2:53:00,54557999,OK:01,TEMP,S48.2
2026/09/02 2:53:02,54560025,01,MON?
2026/09/02 2:53:02,54560032,47.6,,CONSTANT,0
2026/09/02 2:53:06,54564082,01,TEMP,S48.1
2026/09/02 2:53:06,54564089,OK:01,TEMP,S48.1
2026/09/02 2:53:12,54570165,01,MON?
2026/09/02 2:53:12,54570172,48.3,,CONSTANT,0
2026/09/02 2:53:12,54570174,01,TEMP,S48.0
2026/09/02 2:53:12,54570175,OK:01,TEMP,S48.0
2026/09/02 2:53:18,54576248,01,TEMP,S47.9
2026/09/02 2:53:18,54576252,OK:01,TEMP,S47.9
2026/09/02 2:53:22,54580306,01,MON?
2026/09/02 2:53:22,54580306,47.1,,CONSTANT,0
2026/09/02 2:53:24,54582333,01,TEMP,S47.8
2026/09/02 2:53:24,54582335,OK:01,TEMP,S47.8
2026/09/02 2:53:30,54588417,01,TEMP,S47.7
2026/09/02 2:53:30,54588424,OK:01,TEMP,S47.7
2026/09/02 2:53:32,54590444,01,MON?
2026/09/02 2:53:32,54590448,47.8,,CONSTANT,0
2026/09/02 2:53:36,54594500,01,TEMP,S47.6
2026/09/02 2:53:36,54594507,OK:01,TEMP,S47.6
2026/09/02 2:53:41,54599572,01,TEMP,S47.5
2026/09/02 2:53:41,54599572,OK:01,TEMP,S47.5
2026/09/02 2:53:42,54600586,01,MON?
2026/09/02 2:53:42,54600588,47.0,,CONSTANT,0
2026/09/02 2:53:47,54605654,01,TEMP,S47.4
2026/09/02 2:53:47,54605661,OK:01,TEMP,S47.4
2026/09/02 2:53:52,54610725,01,MON?
2026/09/02 2:53:52,54610727,47.3,,CONSTANT,0
2026/09/02 2:53:53,54611738,01,TEMP,S47.3
2026/09/02 2:53:53,54611740,OK:01,TEMP,S47.3
2026/09/02 2:53:59,54617823,01,TEMP,S47.2
2026/09/02 2:53:59,54617825,OK:01,TEMP,S47.2
2026/09/02 2:54:02,54620865,01,MON?
2026/09/02 2:54:02,54620867,46.5,,CONSTANT,0
2026/09/02 2:54:05,54623907,01,TEMP,S47.1
2026/09/02 2:54:05,54623915,OK:01,TEMP,S47.1
2026/09/02 2:54:12,54629991,01,TEMP,S47.0
2026/09/02 2:54:12,54629993,OK:01,TEMP,S47.0
2026/09/02 2:54:13,54631005,01,MON?
2026/09/02 2:54:13,54631007,46.9,,CONSTANT,0
2026/09/02 2:54:18,54636075,01,TEMP,S46.9
2026/09/02 2:54:18,54636082,OK:01,TEMP,S46.9
2026/09/02 2:54:23,54641148,01,MON?
2026/09/02 2:54:23,54641150,47.0,,CONSTANT,0
2026/09/02 2:54:24,54642159,01,TEMP,S46.8
2026/09/02 2:54:24,54642160,OK:01,TEMP,S46.8
2026/09/02 2:54:30,54648242,01,TEMP,S46.7
2026/09/02 2:54:30,54648249,OK:01,TEMP,S46.7
2026/09/02 2:54:33,54651285,01,MON?
2026/09/02 2:54:33,54651292,46.0,,CONSTANT,0
2026/09/02 2:54:36,54654327,01,TEMP,S46.6
2026/09/02 2:54:36,54654334,OK:01,TEMP,S46.6
2026/09/02 2:54:42,54660411,01,TEMP,S46.5
2026/09/02 2:54:42,54660412,OK:01,TEMP,S46.5
2026/09/02 2:54:43,54661425,01,MON?
2026/09/02 2:54:43,54661425,46.0,,CONSTANT,0
2026/09/02 2:54:48,54666495,01,TEMP,S46.4
2026/09/02 2:54:48,54666501,OK:01,TEMP,S46.4
2026/09/02 2:54:53,54671565,01,MON?
2026/09/02 2:54:53,54671567,47.1,,CONSTANT,0
2026/09/02 2:54:54,54672579,01,TEMP,S46.3
2026/09/02 2:54:54,54672581,OK:01,TEMP,S46.3
2026/09/02 2:54:59,54677649,01,TEMP,S46.2
2026/09/02 2:54:59,54677650,OK:01,TEMP,S46.2
2026/09/02 2:55:03,54681706,01,MON?
2026/09/02 2:55:03,54681708,46.4,,CONSTANT,0
2026/09/02 2:55:05,54683734,01,TEMP,S46.1
2026/09/02 2:55:05,54683735,OK:01,TEMP,S46.1
2026/09/02 2:55:11,54689817,01,TEMP,S46.0
2026/09/02 2:55:11,54689824,OK:01,TEMP,S46.0
2026/09/02 2:55:13,54691846,01,MON?
2026/09/02 2:55:13,54691848,45.3,,CONSTANT,0
2026/09/02 2:55:17,54695902,01,TEMP,S45.9
2026/09/02 2:55:17,54695904,OK:01,TEMP,S45.9
2026/09/02 2:55:24,54701987,01,MON?
2026/09/02 2:55:24,54701989,45.6,,CONSTANT,0
2026/09/02 2:55:24,54701990,01,TEMP,S45.8
2026/09/02 2:55:24,54701991,OK:01,TEMP,S45.8
2026/09/02 2:55:30,54708070,01,TEMP,S45.7
2026/09/02 2:55:30,54708077,OK:01,TEMP,S45.7
2026/09/02 2:55:34,54712125,01,MON?
2026/09/02 2:55:34,54712126,45.6,,CONSTANT,0
2026/09/02 2:55:36,54714154,01,TEMP,S45.6
2026/09/02 2:55:36,54714161,OK:01,TEMP,S45.6
2026/09/02 2:55:42,54720238,01,TEMP,S45.5
2026/09/02 2:55:42,54720240,OK:01,TEMP,S45.5
2026/09/02 2:55:44,54722266,01,MON?
2026/09/02 2:55:44,54722273,45.1,,CONSTANT,0
2026/09/02 2:55:48,54726321,01,TEMP,S45.4
2026/09/02 2:55:48,54726323,OK:01,TEMP,S45.4
2026/09/02 2:55:54,54732406,01,MON?
2026/09/02 2:55:54,54732413,45.8,,CONSTANT,0
2026/09/02 2:55:54,54732414,01,TEMP,S45.3
2026/09/02 2:55:54,54732416,OK:01,TEMP,S45.3
2026/09/02 2:56:00,54738491,01,TEMP,S45.2
2026/09/02 2:56:00,54738498,OK:01,TEMP,S45.2
2026/09/02 2:56:04,54742546,01,MON?
2026/09/02 2:56:04,54742548,45.8,,CONSTANT,0
2026/09/02 2:56:06,54744574,01,TEMP,S45.1
2026/09/02 2:56:06,54744581,OK:01,TEMP,S45.1
2026/09/02 2:56:11,54749644,01,TEMP,S45.0
2026/09/02 2:56:11,54749646,OK:01,TEMP,S45.0
2026/09/02 2:56:14,54752685,01,MON?
2026/09/02 2:56:14,54752687,45.9,,CONSTANT,0
2026/09/02 2:56:17,54755728,01,TEMP,S44.9
2026/09/02 2:56:17,54755729,OK:01,TEMP,S44.9
2026/09/02 2:56:23,54761813,01,TEMP,S44.8
2026/09/02 2:56:23,54761815,OK:01,TEMP,S44.8
2026/09/02 2:56:24,54762826,01,MON?
2026/09/02 2:56:24,54762828,43.9,,CONSTANT,0
2026/09/02 2:56:29,54767895,01,TEMP,S44.7
2026/09/02 2:56:29,54767897,OK:01,TEMP,S44.7
2026/09/02 2:56:34,54772966,01,MON?
2026/09/02 2:56:34,54772968,44.8,,CONSTANT,0
2026/09/02 2:56:35,54773980,01,TEMP,S44.6
2026/09/02 2:56:35,54773982,OK:01,TEMP,S44.6
2026/09/02 2:56:42,54780064,01,TEMP,S44.5
2026/09/02 2:56:42,54780066,OK:01,TEMP,S44.5
2026/09/02 2:56:45,54783105,01,MON?
2026/09/02 2:56:45,54783109,45.0,,CONSTANT,0
2026/09/02 2:56:48,54786147,01,TEMP,S44.4
2026/09/02 2:56:48,54786149,OK:01,TEMP,S44.4
2026/09/02 2:56:54,54792232,01,TEMP,S44.3
2026/09/02 2:56:54,54792234,OK:01,TEMP,S44.3
2026/09/02 2:56:55,54793246,01,MON?
2026/09/02 2:56:55,54793246,44.4,,CONSTANT,0
2026/09/02 2:57:00,54798316,01,TEMP,S44.2
2026/09/02 2:57:00,54798320,OK:01,TEMP,S44.2
2026/09/02 2:57:05,54803385,01,MON?
2026/09/02 2:57:05,54803392,45.1,,CONSTANT,0
2026/09/02 2:57:06,54804400,01,TEMP,S44.1
2026/09/02 2:57:06,54804401,OK:01,TEMP,S44.1
2026/09/02 2:57:12,54810484,01,TEMP,S44.0
2026/09/02 2:57:12,54810491,OK:01,TEMP,S44.0
2026/09/02 2:57:15,54813526,01,MON?
2026/09/02 2:57:15,54813528,44.0,,CONSTANT,0
2026/09/02 2:57:18,54816568,01,TEMP,S43.9
2026/09/02 2:57:18,54816569,OK:01,TEMP,S43.9
2026/09/02 2:57:24,54822651,01,TEMP,S43.8
2026/09/02 2:57:24,54822653,OK:01,TEMP,S43.8
2026/09/02 2:57:25,54823666,01,MON?
2026/09/02 2:57:25,54823668,43.1,,CONSTANT,0
2026/09/02 2:57:29,54827722,01,TEMP,S43.7
2026/09/02 2:57:29,54827724,OK:01,TEMP,S43.7
2026/09/02 2:57:35,54833806,01,MON?
2026/09/02 2:57:35,54833808,43.1,,CONSTANT,0
2026/09/02 2:57:35,54833809,01,TEMP,S43.6
2026/09/02 2:57:35,54833810,OK:01,TEMP,S43.6
2026/09/02 2:57:41,54839890,01,TEMP,S43.5
2026/09/02 2:57:41,54839892,OK:01,TEMP,S43.5
2026/09/02 2:57:45,54843946,01,MON?
2026/09/02 2:57:45,54843948,42.5,,CONSTANT,0
2026/09/02 2:57:47,54845974,01,TEMP,S43.4
2026/09/02 2:57:47,54845976,OK:01,TEMP,S43.4
2026/09/02 2:57:54,54852059,01,TEMP,S43.3
2026/09/02 2:57:54,54852061,OK:01,TEMP,S43.3
2026/09/02 2:57:56,54854086,01,MON?
2026/09/02 2:57:56,54854093,42.7,,CONSTANT,0
2026/09/02 2:58:00,54858143,01,TEMP,S43.2
2026/09/02 2:58:00,54858145,OK:01,TEMP,S43.2
2026/09/02 2:58:06,54864226,01,MON?
2026/09/02 2:58:06,54864232,42.3,,CONSTANT,0
2026/09/02 2:58:06,54864234,01,TEMP,S43.1
2026/09/02 2:58:06,54864235,OK:01,TEMP,S43.1
2026/09/02 2:58:12,54870311,01,TEMP,S43.0
2026/09/02 2:58:12,54870317,OK:01,TEMP,S43.0
2026/09/02 2:58:16,54874367,01,MON?
2026/09/02 2:58:16,54874368,42.6,,CONSTANT,0
2026/09/02 2:58:18,54876396,01,TEMP,S42.9
2026/09/02 2:58:18,54876403,OK:01,TEMP,S42.9
2026/09/02 2:58:24,54882478,01,TEMP,S42.8
2026/09/02 2:58:24,54882484,OK:01,TEMP,S42.8
2026/09/02 2:58:26,54884506,01,MON?
2026/09/02 2:58:26,54884508,42.3,,CONSTANT,0
2026/09/02 2:58:30,54888563,01,TEMP,S42.7
2026/09/02 2:58:30,54888565,OK:01,TEMP,S42.7
2026/09/02 2:58:36,54894648,01,MON?
2026/09/02 2:58:36,54894650,43.2,,CONSTANT,0
2026/09/02 2:58:36,54894651,01,TEMP,S42.6
2026/09/02 2:58:36,54894652,OK:01,TEMP,S42.6
2026/09/02 2:58:41,54899717,01,TEMP,S42.5
2026/09/02 2:58:41,54899719,OK:01,TEMP,S42.5
2026/09/02 2:58:46,54904786,01,MON?
2026/09/02 2:58:46,54904788,43.1,,CONSTANT,0
2026/09/02 2:58:47,54905801,01,TEMP,S42.4
2026/09/02 2:58:47,54905803,OK:01,TEMP,S42.4
2026/09/02 2:58:53,54911886,01,TEMP,S42.3
2026/09/02 2:58:53,54911888,OK:01,TEMP,S42.3
2026/09/02 2:58:56,54914927,01,MON?
2026/09/02 2:58:56,54914929,42.2,,CONSTANT,0
2026/09/02 2:58:59,54917969,01,TEMP,S42.2
2026/09/02 2:58:59,54917971,OK:01,TEMP,S42.2
2026/09/02 2:59:06,54924052,01,TEMP,S42.1
2026/09/02 2:59:06,54924052,OK:01,TEMP,S42.1
2026/09/02 2:59:07,54925066,01,MON?
2026/09/02 2:59:07,54925067,42.2,,CONSTANT,0
2026/09/02 2:59:12,54930137,01,TEMP,S42.0
2026/09/02 2:59:12,54930139,OK:01,TEMP,S42.0
2026/09/02 2:59:17,54935207,01,MON?
2026/09/02 2:59:17,54935214,42.8,,CONSTANT,0
2026/09/02 2:59:18,54936221,01,TEMP,S41.9
2026/09/02 2:59:18,54936222,OK:01,TEMP,S41.9
2026/09/02 2:59:24,54942304,01,TEMP,S41.8
2026/09/02 2:59:24,54942311,OK:01,TEMP,S41.8
2026/09/02 2:59:27,54945346,01,MON?
2026/09/02 2:59:27,54945352,42.0,,CONSTANT,0
2026/09/02 2:59:30,54948389,01,TEMP,S41.7
2026/09/02 2:59:30,54948391,OK:01,TEMP,S41.7
2026/09/02 2:59:36,54954473,01,TEMP,S41.6
2026/09/02 2:59:36,54954480,OK:01,TEMP,S41.6
2026/09/02 2:59:37,54955487,01,MON?
2026/09/02 2:59:37,54955489,40.7,,CONSTANT,0
2026/09/02 2:59:42,54960556,01,TEMP,S41.5
2026/09/02 2:59:42,54960557,OK:01,TEMP,S41.5
2026/09/02 2:59:47,54965627,01,MON?
2026/09/02 2:59:47,54965628,40.9,,CONSTANT,0
2026/09/02 2:59:48,54966641,01,TEMP,S41.4
2026/09/02 2:59:48,54966642,OK:01,TEMP,S41.4
2026/09/02 2:59:54,54972725,01,TEMP,S41.3
2026/09/02 2:59:54,54972730,OK:01,TEMP,S41.3
2026/09/02 2:59:57,54975767,01,MON?
2026/09/02 2:59:57,54975769,42.1,,CONSTANT,0
2026/09/02 2:59:59,54977795,01,TEMP,S41.2
2026/09/02 2:59:59,54977797,OK:01,TEMP,S41.2
